12-01 16:22:00.488  5505  5672 I TestRunner: started: testUserInformationSubmission(com.example.princeproject.EditProfileActivityTest)
12-01 16:22:00.489  5634  5634 I StoryServiceApplication: [#CMH#] Story Service is Ready!!
12-01 16:22:00.490  5634  5634 I StaticBroadcastReceiver: [#CMH#] Action received  android.intent.action.PACKAGE_DATA_CLEARED
12-01 16:22:00.500   775   775 D Zygote  : Forked child process 5683
12-01 16:22:00.501  1113  1476 I libprocessgroup: Successfully killed process cgroup uid 10415 pid 29817 in 0ms
12-01 16:22:00.501  5505  5672 W Settings: Setting always_finish_activities has moved from android.provider.Settings.System to android.provider.Settings.Global, returning read-only value.
12-01 16:22:00.521  1113  1899 D SemNscXgbMsL1: Probability - Cloud gaming: [0.03579779]
12-01 16:22:00.521  1113  1899 D SemNscXgbMsL1: Probability - Real time: [0.015054702]
12-01 16:22:00.521  1113  1899 D SemNscXgbMsL1: Probability - Non real time: [0.8305291]
12-01 16:22:00.521  1113  1899 D SemNscXgbMsL1: 1 sample inference time: 0.925521 msecs
12-01 16:22:00.522  1113  1899 D SemNscXgbL2Rt: L2 RT 1 sample inference time: 1.008646 msecs
12-01 16:22:00.523  1113  2786 I SemDvfsHyPerManager: acquire hyper - AMS_APP_SWITCH/1113@34, type = -999
12-01 16:22:00.523  1113  3058 D PkgPredictorService-IpmAdcpController: create a new DexPreloadTask pkg:com.example.princeproject  path:/data/app/~~Ak5Ii_DXfobPIoh48ih8LA==/com.example.princeproject-hHqgwYwBrLa2E81MNCDSHg==
12-01 16:22:00.523  1113  1899 D SemNscXgbL2Nrt: L2 NRT 1 sample inference time: 0.817656 msecs
12-01 16:22:00.524   860   935 I HYPER-HAL: [RequestManager.cpp]acquire(): Acquired ID : 658412  [1113 / 34]    HINT : AMS_APP_SWITCH    list :
12-01 16:22:00.524   956  3021 I SurfaceFlinger: id=3677 createSurf (0x0),-1 flag=24004, Task=1722#0
12-01 16:22:00.525  6687  6687 I SemDvfsHyPerManager: acquire hyper - APP_START_SHORT/6687@14, type = -999
12-01 16:22:00.528   860   935 I HYPER-HAL: [RequestManager.cpp]acquire(): Acquired ID : 22455065  [6687 / 14]    HINT : APP_START    list : [TIMEOUT / 1500]
12-01 16:22:00.530   775   775 I Zygote  : Process 29817 exited due to signal 9 (Killed)
12-01 16:22:00.531   956  3021 I SurfaceFlinger: id=3678 createSurf (0x0),-1 flag=80004, ActivityRecord{c7813b4 u0 com.example.princeproject/.MainActivity t1722}#0
12-01 16:22:00.532  5683  5683 E oid.apps.photo: Not starting debugger since process cannot load the jdwp agent.
12-01 16:22:00.535  5683  5683 E USNET   : USNET: appName: com.google.android.apps.photos
12-01 16:22:00.535   773   783 E statsd  : Predicate -7037417284711607308 dropping data for dimension key (10)0x2010101->10605[I] (10)0x30000->*launch*[S]
12-01 16:22:00.535  5683  5683 D ProcessState: Binder ioctl to enable oneway spam detection failed: Invalid argument
12-01 16:22:00.536   773   783 E statsd  : Predicate 5980654721335871649 dropping data for dimension key (10)0x2010101->10605[I] (10)0x30000->*launch*[S]
12-01 16:22:00.537  1113  7224 I SemDvfsHyPerManager: acquire hyper - AMS_APP_LAUNCH/1113@21, type = -999
12-01 16:22:00.537   860   935 I HYPER-HAL: [RequestManager.cpp]acquire(): Acquired ID : 643566  [1113 / 21]    HINT : AMS_APP_LAUNCH    list :
12-01 16:22:00.537  5683  5683 D ActivityThread: setConscryptValidator
12-01 16:22:00.537  5683  5683 D ActivityThread: setConscryptValidator - put
12-01 16:22:00.539  6687  6687 I SemDvfsHyPerManager: acquire hyper - APP_START/6687@15, type = -999
12-01 16:22:00.539  7409  7409 I BaseActivity: removeActivityFlags, flags : 16
12-01 16:22:00.540  7409  7409 I BaseActivity: removeActivityFlags, flags : 6
12-01 16:22:00.540  7409  7409 I DragController: endDrag
12-01 16:22:00.540  7409  7409 W LauncherAppWidgetHost: setShouldListenFlag, mFlags:15 flag:resume on:false isFront:false
12-01 16:22:00.540   860   935 I HYPER-HAL: [RequestManager.cpp]acquire(): Acquired ID : 22461768  [6687 / 15]    HINT : APP_START    list :
12-01 16:22:00.541  7409  7409 I DecorView: notifyKeepScreenOnChanged: keepScreenOn=false
12-01 16:22:00.541  7409  7409 I SPayUpdater: updateSpayHandler launcher activity is paused false
12-01 16:22:00.542  7409  7409 I BlurOperator: progress = 1.0, mBlurProgress = 1.0, forced = true, mForced = false
12-01 16:22:00.542  7409  7409 I BlurOperator: mSetTime = 1733092492682, currentTimeMs = 1733095320541
12-01 16:22:00.542  7409  7409 I BlurOperator: blurAmount = 0.125, mBgBlurAmount = 0.125, show = true, mPreBlur = 0.125, mDuration = 1
12-01 16:22:00.548  1113  2121 D InputDispatcher: Focused application set to (0): c7813b4
12-01 16:22:00.553  1113  1792 D InputTransport: Input channel constructed: '4633995', fd=1138
12-01 16:22:00.553  1113  1792 D InputTransport: Input channel constructed: '4633995', fd=1139
12-01 16:22:00.553  1113  1792 D InputTransport: Input channel constructed: '4633995', fd=1140
12-01 16:22:00.556   956  3021 I SurfaceFlinger: id=3679 createSurf (0x0),-1 flag=80004, 4633995 Splash Screen com.example.princeproject#0
12-01 16:22:00.557  1113  1792 D InputTransport: Input channel destroyed: '4633995', fd=1140
12-01 16:22:00.558  1113  2121 V WindowManager: Relayout Window{5873368 u0 com.sec.android.app.launcher/com.sec.android.app.launcher.activities.LauncherActivity}: viewVisibility=0 req=1440x3040 d0
12-01 16:22:00.558  2004  2119 I ViewRootImpl@5c5a043[princeproject]: setView = android.widget.FrameLayout@2cbd6c0 TM=true
12-01 16:22:00.559  3118  3118 D HidDeviceService: handleMessage(): msg.what=8
12-01 16:22:00.559  1113  2121 V WindowManager: Relayout hash=5873368, pid=7409: mAttrs={(0,0)(fillxfill) sim={adjust=nothing} layoutInDisplayCutoutMode=shortEdges ty=BASE_APPLICATION fmt=TRANSPARENT wanim=0x10302f2
12-01 16:22:00.559  1113  2121 V WindowManager:   fl=81910100
12-01 16:22:00.559  1113  2121 V WindowManager:   pfl=1e020040
12-01 16:22:00.559  1113  2121 V WindowManager:   vsysui=1700
12-01 16:22:00.559  1113  2121 V WindowManager:   bhv=SHOW_TRANSIENT_BARS_BY_SWIPE
12-01 16:22:00.559  1113  2121 V WindowManager:   fitSides= naviIconColor=0}
12-01 16:22:00.561  1113  7222 V WindowManager: Relayout Window{4633995 u0 Splash Screen com.example.princeproject}: viewVisibility=0 req=1440x3040 d0
12-01 16:22:00.561  7409  7409 I ViewRootImpl@560f361[LauncherActivity]: Relayout returned: old=(0,0,1440,3040) new=(0,0,1440,3040) req=(1440,3040)0 dur=6 res=0x1 s={true -5476376616494699872} ch=false fn=18
12-01 16:22:00.561   956  3021 I SurfaceFlinger: id=3680 createSurf (1440x3040),-3 flag=40004, Splash Screen com.example.princeproject$_2004#0
12-01 16:22:00.562  5505  5703 D OpenGLRenderer: RenderThread::requireGlContext()
12-01 16:22:00.563  1113  7222 V WindowManager: Relayout hash=4633995, pid=2004: mAttrs={(0,0)(fillxfill) sim={adjust=pan} ty=APPLICATION_STARTING fmt=TRANSLUCENT wanim=0x1030303
12-01 16:22:00.563  1113  7222 V WindowManager:   fl=81030118
12-01 16:22:00.563  1113  7222 V WindowManager:   pfl=36000010
12-01 16:22:00.563  1113  7222 V WindowManager:   bhv=DEFAULT
12-01 16:22:00.563  1113  7222 V WindowManager:   fitSides= naviIconColor=0}
12-01 16:22:00.564  2004  2119 I ViewRootImpl@5c5a043[princeproject]: Relayout returned: old=(0,0,1440,3040) new=(0,0,1440,3040) req=(1440,3040)0 dur=3 res=0x7 s={true -5476376616495284112} ch=true fn=-1
12-01 16:22:00.565  2004  2215 D OpenGLRenderer: eglCreateWindowSurface
12-01 16:22:00.565  2004  2119 I ViewRootImpl@5c5a043[princeproject]: [DP] dp(1) 0 android.view.ViewRootImpl.reportNextDraw:11374 android.view.ViewRootImpl.performTraversals:4167 android.view.ViewRootImpl.doTraversal:2893
12-01 16:22:00.568  2004  2215 I BufferQueueProducer: [ViewRootImpl@5c5a043[princeproject]#190(BLAST Consumer)190](id:7d4000000be,api:1,p:2004,c:2004) queueBuffer: queued for the first time.
12-01 16:22:00.570  2004  2119 I ViewRootImpl@5c5a043[princeproject]: [DP] pdf(0) 0 android.view.ViewRootImpl.lambda$addFrameCompleteCallbackIfNeeded$3$ViewRootImpl:4969 android.view.ViewRootImpl$$ExternalSyntheticLambda16.run:6 android.os.Handler.handleCallback:938
12-01 16:22:00.570  2004  2119 I ViewRootImpl@5c5a043[princeproject]: [DP] rdf()
12-01 16:22:00.570  2004  2119 D ViewRootImpl@5c5a043[princeproject]: reportDrawFinished (fn: -1)
12-01 16:22:00.571  5505  5703 I AdrenoGLES-0: QUALCOMM build                   : 3dad7f8ed7, I593c16c433
12-01 16:22:00.571  5505  5703 I AdrenoGLES-0: Build Date                       : 10/01/21
12-01 16:22:00.571  5505  5703 I AdrenoGLES-0: OpenGL ES Shader Compiler Version: EV031.32.02.02
12-01 16:22:00.571  5505  5703 I AdrenoGLES-0: Local Branch                     :
12-01 16:22:00.571  5505  5703 I AdrenoGLES-0: Remote Branch                    : refs/tags/AU_LINUX_ANDROID_LA.UM.9.1.R1.11.00.00.604.073
12-01 16:22:00.571  5505  5703 I AdrenoGLES-0: Remote Branch                    : NONE
12-01 16:22:00.571  5505  5703 I AdrenoGLES-0: Reconstruct Branch               : NOTHING
12-01 16:22:00.571  5505  5703 I AdrenoGLES-0: Build Config                     : S P 10.0.7 AArch64
12-01 16:22:00.571  5505  5703 I AdrenoGLES-0: Driver Path                      : /vendor/lib64/egl/libGLESv2_adreno.so
12-01 16:22:00.572  1113  2121 D InputDispatcher: Focus left window (0): 5873368 com.sec.android.app.launcher/com.sec.android.app.launcher.activities.LauncherActivity
12-01 16:22:00.573  7409  7409 I ViewRootImpl@560f361[LauncherActivity]: MSG_WINDOW_FOCUS_CHANGED 0 1
12-01 16:22:00.573  7409  7409 I BaseActivity: removeActivityFlags, flags : 8
12-01 16:22:00.574   956  3021 I SurfaceFlinger: id=3681 createSurf (0x0),-1 flag=24000, Surface(name=Task=1)/@0x39c8b24 - animation-leash of app_transition#0
12-01 16:22:00.578  2004  2004 D FullscreenTaskListener: Fullscreen Task Appeared: #1722, caller=com.android.wm.shell.ShellTaskOrganizer.onTaskAppeared:387 com.android.wm.shell.ShellTaskOrganizer.onTaskAppeared:376 android.window.TaskOrganizer$1.lambda$onTaskAppeared$4$TaskOrganizer$1:297
12-01 16:22:00.579   956  3021 I SurfaceFlinger: id=3682 createSurf (0x0),-1 flag=24004, Surface(name=Task=1722)/@0x19c7c62 - animation-leash of app_transition#0
12-01 16:22:00.581   956  3021 I SurfaceFlinger: id=3683 createSurf (0x0),-1 flag=24000, Surface(name=ec3730b StatusBar)/@0x5513739 - animation-leash of insets_animation#1
12-01 16:22:00.582   956  3021 I SurfaceFlinger: id=3684 createSurf (0x0),-1 flag=24000, Surface(name=3912437 NavigationBar0)/@0x4d30f2c - animation-leash of insets_animation#1
12-01 16:22:00.585  7409  7965 I TouchInteractionService: onSystemUiStateChanged, stateFlags : 131072
12-01 16:22:00.588   956   956 I Layer   : id=3674 removedFromDrawingState Surface(name=ec3730b StatusBar)/@0x5513739 - animation-leash of insets_animation#0 (122)
12-01 16:22:00.588   956   956 I Layer   : id=3675 removedFromDrawingState Surface(name=3912437 NavigationBar0)/@0x4d30f2c - animation-leash of insets_animation#0 (122)
12-01 16:22:00.593  5505  5703 I AdrenoGLES-0: PFP: 0x016ee190, ME: 0x00000000
12-01 16:22:00.600  1113  3064 W NetlinkSocket: maximum read
12-01 16:22:00.605  5683  5683 D CompatibilityChangeReporter: Compat change id reported: 171979766; UID 10273; state: ENABLED
12-01 16:22:00.605  3118  3118 D HidDeviceService: handleMessage(): msg.what=8
12-01 16:22:00.606  1113  1437 I SemPersonaManager: SecureFolder personaId = 150
12-01 16:22:00.610  1113  1437 D EnterpriseDeviceManagerService: isMdmAdminPresentInternal() : MDM Admin Found - com.samsung.android.knox.containercore
12-01 16:22:00.611   956   956 D SurfaceFlinger: Display 4630947232161729153 HWC layers:
12-01 16:22:00.611   956   956 D SurfaceFlinger:      CLIENT | 0xb400006e3290bad0 | 0100 | RGBx_8888    |    0.0    1.0 1079.0 2279.0 |    0    0 1440 3040 | Wallpaper BBQ wrapper#0
12-01 16:22:00.611   956   956 D SurfaceFlinger:      CLIENT |              | 0000 |  Unknown  |    0.0    0.0    0.0    0.0 |    0    0 1440 3040 | OneUiHome-BlurLayer#0 (backgroundBlurRadius)
12-01 16:22:00.611   956   956 D SurfaceFlinger:      DEVICE | 0xb400006e328ed5f0 | 0100 | RGBA_8888    |    0.0    0.0 1440.0 3040.0 |    0    0 1440 3040 | com.sec.android.app.launcher/com.sec[...].activities.LauncherActivity$_7409#0
12-01 16:22:00.611   956   956 D SurfaceFlinger:      DEVICE | 0xb400006e328db440 | 0100 | RGBA_8888    |    0.0    0.0 1440.0 3040.0 |  101  213 1339 2827 | Splash Screen com.example.princeproject$_2004#0
12-01 16:22:00.611   956   956 D SurfaceFlinger:      DEVICE | 0xb400006e32912010 | 0100 | RGBA_8888    |    0.0    0.0 1440.0  150.0 |    0    0 1440  150 | StatusBar$_2004#0
12-01 16:22:00.611   956   956 D SurfaceFlinger:      DEVICE | 0xb400006e32908d40 | 0100 | RGBA_8888    |    0.0    0.0   67.0  441.0 | 1373  665 1440 1106 | com.samsung.android.app.cocktailbars[...]rservice.CocktailBarService$_16650#0
12-01 16:22:00.611   956   956 D SurfaceFlinger:      DEVICE | 0xb400006e32907630 | 0100 | RGBA_
12-01 16:22:00.611   956   956 D SurfaceFlinger: 8888    |    0.0    0.0  518.0   53.0 |  922 2987 1440 3040 | SGestureOverlayWindow$_7409#0
12-01 16:22:00.611   956   956 D SurfaceFlinger:      DEVICE | 0xb400006e328df2b0 | 0100 | RGBA_8888    |    0.0    0.0 1440.0  168.0 |    0 2872 1440 3040 | NavigationBar0$_2004#0
12-01 16:22:00.611   956   956 D SurfaceFlinger:
12-01 16:22:00.614  7409  7409 I BadgeRenderer: Invalid count : 0
12-01 16:22:00.615  1113  3064 W NetlinkSocket: maximum read
12-01 16:22:00.615  1113  3064 W NetlinkSocket: maximum read
12-01 16:22:00.615  1113  3064 W NetlinkSocket: maximum read
12-01 16:22:00.615  1113  3064 W NetlinkSocket: maximum read
12-01 16:22:00.615  7409  7409 I BadgeRenderer: Invalid count : 0
12-01 16:22:00.615  7409  7409 I BadgeRenderer: Invalid count : 0
12-01 16:22:00.616  7409  7409 I BadgeRenderer: Invalid count : 0
12-01 16:22:00.616  7409  7409 I BadgeRenderer: Invalid count : 0
12-01 16:22:00.616  7409  7409 I BadgeRenderer: Invalid count : 0
12-01 16:22:00.619  7409  7409 W SGestureOverlayWindow: setVisibilityGestureOverlayWindow, visibility = 0
12-01 16:22:00.619   956  3021 I SurfaceFlinger: id=3675 Removed Surface(name=3912437 NavigationBar0)/@0x4d30f2c - animation-leash of insets_animation#0 (122)
12-01 16:22:00.619  7409  7409 I TouchInteractionService: onSystemUiFlagsChanged, userUnlocked
12-01 16:22:00.619   956  3021 I SurfaceFlinger: id=3674 Removed Surface(name=ec3730b StatusBar)/@0x5513739 - animation-leash of insets_animation#0 (122)
12-01 16:22:00.619  5505  5703 D OpenGLRenderer: RenderThread::setGrContext()
12-01 16:22:00.621   956   956 E SurfaceFlinger: Attempt to update InputPolicyFlags without permission ACCESS_SURFACE_FLINGER
12-01 16:22:00.621  1113  3064 W NetlinkSocket: maximum read
12-01 16:22:00.622   956   956 I Layer   : id=3675 Destroyed Surface(name=3912437 NavigationBar0)/@0x4d30f2c - animation-leash of insets_animation#0
12-01 16:22:00.622   956   956 I Layer   : id=3674 Destroyed Surface(name=ec3730b StatusBar)/@0x5513739 - animation-leash of insets_animation#0
12-01 16:22:00.622  1113  3064 W NetlinkSocket: maximum read
12-01 16:22:00.624 16650 16650 I Utils   : HomePackage : com.sec.android.app.launcher, resumePackageName : com.example.princeproject
12-01 16:22:00.624  5505  5505 D AppCompatDelegate: Checking for metadata for AppLocalesMetadataHolderService : Service not found
12-01 16:22:00.624  1113  1920 D NetdEventListenerService: DNS Requested by : 140, 1000, 0
12-01 16:22:00.629  5505  5505 D LifecycleMonitor: Lifecycle status change: com.example.princeproject.MainActivity@637017f in: PRE_ON_CREATE
12-01 16:22:00.629  1113  3064 W NetlinkSocket: maximum read
12-01 16:22:00.630  1113  3064 W NetlinkSocket: maximum read
12-01 16:22:00.630  5505  5505 V ActivityScenario: Activity lifecycle changed event received but ignored because the reported transition was not ON_CREATE while the last known transition was PRE_ON_CREATE
12-01 16:22:00.651  5505  5505 I DecorView: [INFO] isPopOver=false, config=true
12-01 16:22:00.651  5505  5505 I DecorView: updateCaptionType >> DecorView@7dc9a49[], isFloating=false, isApplication=true, hasWindowControllerCallback=true, hasWindowDecorCaption=false
12-01 16:22:00.651  5505  5505 D DecorView: setCaptionType = 0, this = DecorView@7dc9a49[]
12-01 16:22:00.651  1113  3064 W NetlinkSocket: maximum read
12-01 16:22:00.651  1113  3064 W NetlinkSocket: maximum read
12-01 16:22:00.651  7409  7965 I RecentModel: onTaskStackChangedBackground
12-01 16:22:00.652  7409  7965 I RecentTasksList: getTaskKeys, numTasks :3 callback : com.android.quickstep.-$$Lambda$RecentsModel$k1Mm-BV64Bc89eJHYugywZmW_Js@4fdf0a7
12-01 16:22:00.653  7409  7609 I RecentTasksList: loadTasksInBackground() task id : 1684
12-01 16:22:00.653  7409  7609 I RecentTasksList: loadTasksInBackground() task id : 1717
12-01 16:22:00.653  7409  7609 I RecentTasksList: loadTasksInBackground() task id : 1722
12-01 16:22:00.659  5505  5505 I DecorView: getCurrentDensityDpi: from real metrics. densityDpi=560 msg=resources_loaded
12-01 16:22:00.662  1113  3064 W NetlinkSocket: maximum read
12-01 16:22:00.662  1113  3064 W NetlinkSocket: maximum read
12-01 16:22:00.662  1113  3064 W NetlinkSocket: maximum read
12-01 16:22:00.662  1113  3064 W NetlinkSocket: maximum read
12-01 16:22:00.667  6687  6890 I SemDvfsHyPerManager: acquire hyper - BaseTABoost/6687@17, type = 1090523139
12-01 16:22:00.667   860   935 I HYPER-HAL: [RequestManager.cpp]acquire(): Acquired ID : 22475177  [6687 / 17]    HINT :      list : [TABoost / 1]
12-01 16:22:00.670  5505  5505 W e.princeprojec: Accessing hidden method Landroid/view/ViewGroup;->makeOptionalFitsSystemWindows()V (unsupported, reflection, allowed)
12-01 16:22:00.712  5505  5505 D CompatibilityChangeReporter: Compat change id reported: 171228096; UID 10605; state: ENABLED
12-01 16:22:00.721  5683  5683 W oid.apps.photo: Entry not found
12-01 16:22:00.726  5683  5683 W oid.apps.photo: Entry not found
12-01 16:22:00.728  5683  5683 W oid.apps.photo: Entry not found
12-01 16:22:00.741  5683  5683 W oid.apps.photo: JIT profile information will not be recorded: profile file does not exist.
12-01 16:22:00.741  5683  5683 W oid.apps.photo: JIT profile information will not be recorded: profile file does not exist.
12-01 16:22:00.741  5683  5683 W oid.apps.photo: JIT profile information will not be recorded: profile file does not exist.
12-01 16:22:00.774  5683  5683 V GraphicsEnvironment: ANGLE Developer option for 'com.google.android.apps.photos' set to: 'default'
12-01 16:22:00.774  5683  5683 V GraphicsEnvironment: App is not on the allowlist for updatable production driver.
12-01 16:22:00.776  5505  5717 D ConnectivityManager: StackLog: [android.net.ConnectivityManager.sendRequestForNetwork(ConnectivityManager.java:3925)] [android.net.ConnectivityManager.registerDefaultNetworkCallbackForUid(ConnectivityManager.java:4489)] [android.net.ConnectivityManager.registerDefaultNetworkCallback(ConnectivityManager.java:4456)] [android.net.ConnectivityManager.registerDefaultNetworkCallback(ConnectivityManager.java:4430)] [com.google.firebase.firestore.remote.AndroidConnectivityMonitor.configureNetworkMonitoring(AndroidConnectivityMonitor.java:87)] [com.google.firebase.firestore.remote.AndroidConnectivityMonitor.<init>(AndroidConnectivityMonitor.java:64)] [com.google.firebase.firestore.remote.RemoteComponenetProvider.createConnectivityMonitor(RemoteComponenetProvider.java:94)] [com.google.firebase.firestore.remote.RemoteComponenetProvider.initialize(RemoteComponenetProvider.java:41)] [com.google.firebase.firestore.core.ComponentProvider.initialize(ComponentProvider.java:158)] [com.google.firebase.firestore.core.FirestoreClient.initialize(FirestoreClient.java:284)] [com.google.firebase.firestore.core.FirestoreClient.lambda$new$0$com-google-firebase-firestore-core-FirestoreClient(FirestoreClient.java:109)] [com.google.firebase.firestore.core.FirestoreClient$$ExternalSyntheticLambda10.run(D8$$SyntheticClass:0)] [com.google.firebase.firestore.util.AsyncQueue.lambda$enqueue$2(AsyncQueue.java:445)] [com.google.firebase.firestore.util.AsyncQueue$$ExternalSyntheticLambda4.call(D8$$SyntheticClass:0)] [com.google.firebase.firestore.util.AsyncQueue$SynchronizedShutdownAwareExecutor.lambda$executeAndReportResult$1(AsyncQueue.java:330)] [com.google.firebase.firestore.util.AsyncQueue$SynchronizedShutdownAwareExecutor$$ExternalSyntheticLambda2.run(D8$$SyntheticClass:0)] [java.util.concurrent.Executors$RunnableAdapter.call(Executors.java:462)] [java.util.concurrent.FutureTask.run(FutureTask.java:266)] [java.util.concurrent.ScheduledThreadPoolExecutor$ScheduledFutureTask.run(ScheduledThreadPoolExecutor.java:301)] [java.util.concurrent.ThreadPoolExecutor.runWorker(ThreadPoolExecutor.java:1167)] [java.util.concurrent.ThreadPoolExecutor$Worker.run(ThreadPoolExecutor.java:641)] [com.google.firebase.firestore.util.AsyncQueue$SynchronizedShutdownAwareExecutor$DelayedStartFactory.run(AsyncQueue.java:235)] [java.lang.Thread.run(Thread.java:920)]
12-01 16:22:00.776  5683  5683 D NetworkSecurityConfig: No Network Security Config specified, using platform default
12-01 16:22:00.777  1113  2121 D ConnectivityService: requestNetwork for uid/pid:10605/5505 activeRequest: null callbackRequest: 6823 [NetworkRequest [ REQUEST id=6824, [ Capabilities: INTERNET&NOT_RESTRICTED&TRUSTED&NOT_VCN_MANAGED Uid: 10605 RequestorUid: 10605 RequestorPkg: com.example.princeproject] ]] callback flags: 0 priority: 2147483647
12-01 16:22:00.777  1113  1835 D ConnectivityService: NetworkReassignment :
12-01 16:22:00.777  1113  1835 D ConnectivityService:   6824 : null → 140
12-01 16:22:00.777  1113  1835 D ConnectivityService:    accepting network in place of null
12-01 16:22:00.779  1113  1825 D WifiNetworkFactory: got request NetworkRequest [ REQUEST id=6824, [ Capabilities: INTERNET&NOT_RESTRICTED&TRUSTED&NOT_VCN_MANAGED Uid: 10605 RequestorUid: 10605 RequestorPkg: com.example.princeproject] ]
12-01 16:22:00.779  1113  1825 D UntrustedWifiNetworkFactory: got request NetworkRequest [ REQUEST id=6824, [ Capabilities: INTERNET&NOT_RESTRICTED&TRUSTED&NOT_VCN_MANAGED Uid: 10605 RequestorUid: 10605 RequestorPkg: com.example.princeproject] ]
12-01 16:22:00.779  1113  1825 D OemPaidWifiNetworkFactory: got request NetworkRequest [ REQUEST id=6824, [ Capabilities: INTERNET&NOT_RESTRICTED&TRUSTED&NOT_VCN_MANAGED Uid: 10605 RequestorUid: 10605 RequestorPkg: com.example.princeproject] ]
12-01 16:22:00.779  5505  5718 W DynamiteModule: Local module descriptor class for com.google.android.gms.providerinstaller.dynamite not found.
12-01 16:22:00.785  5683  5683 D NetworkSecurityConfig: No Network Security Config specified, using platform default
12-01 16:22:00.786  5505  5505 D LifecycleMonitor: Lifecycle status change: com.example.princeproject.MainActivity@637017f in: CREATED
12-01 16:22:00.786  5505  5505 V ActivityScenario: Update currentActivityStage to CREATED, currentActivity=com.example.princeproject.MainActivity@637017f
12-01 16:22:00.787 29757 30063 W ProviderHelper: Unknown dynamite feature providerinstaller.dynamite
12-01 16:22:00.789  5505  5718 I DynamiteModule: Considering local module com.google.android.gms.providerinstaller.dynamite:0 and remote module com.google.android.gms.providerinstaller.dynamite:0
12-01 16:22:00.789  5505  5718 W ProviderInstaller: Failed to load providerinstaller module: No acceptable module com.google.android.gms.providerinstaller.dynamite found. Local version is 0 and remote version is 0.
12-01 16:22:00.790  5505  5505 D LifecycleMonitor: Lifecycle status change: com.example.princeproject.MainActivity@637017f in: STARTED
12-01 16:22:00.791  5505  5505 V ActivityScenario: Update currentActivityStage to STARTED, currentActivity=com.example.princeproject.MainActivity@637017f
12-01 16:22:00.793  5505  5505 D LifecycleMonitor: Lifecycle status change: com.example.princeproject.MainActivity@637017f in: RESUMED
12-01 16:22:00.794  5505  5505 V ActivityScenario: Update currentActivityStage to RESUMED, currentActivity=com.example.princeproject.MainActivity@637017f
12-01 16:22:00.807  1113  2402 D InputTransport: Input channel constructed: 'd7279c3', fd=1149
12-01 16:22:00.807  1113  2402 D InputTransport: Input channel constructed: 'd7279c3', fd=1151
12-01 16:22:00.807  1113  2402 D InputTransport: Input channel constructed: 'd7279c3', fd=1152
12-01 16:22:00.809   956  1083 I SurfaceFlinger: id=3685 createSurf (0x0),-1 flag=80004, d7279c3 com.example.princeproject/com.example.princeproject.MainActivity#0
12-01 16:22:00.810  1113  2402 D InputTransport: Input channel destroyed: 'd7279c3', fd=1152
12-01 16:22:00.811  5505  5718 W ProviderInstaller: Failed to report request stats: com.google.android.gms.common.security.ProviderInstallerImpl.reportRequestStats [class android.content.Context, long, long]
12-01 16:22:00.812  5505  5505 I ViewRootImpl@3521172[MainActivity]: setView = com.android.internal.policy.DecorView@7dc9a49 TM=true
12-01 16:22:00.814  1113  1562 D AnalyticsContainerHandler: handleMessage : { when=0 what=1 target=com.android.server.knox.KnoxAnalyticsContainer$AnalyticsHandler }
12-01 16:22:00.819  5505  5718 V NativeCrypto: Registering com/google/android/gms/org/conscrypt/NativeCrypto's 305 native methods...
12-01 16:22:00.836  1113  1903 W SemWifiTransportLayerUtils: getApplicationCategory - IOException com.example.princeproject
12-01 16:22:00.836  1113  1903 W System.err: java.io.FileNotFoundException: https://play.google.com/store/apps/details?id=com.example.princeproject&hl=en
12-01 16:22:00.836  1113  1903 W System.err: 	at com.android.okhttp.internal.huc.HttpURLConnectionImpl.getInputStream(HttpURLConnectionImpl.java:255)
12-01 16:22:00.836  1113  1903 W System.err: 	at com.android.okhttp.internal.huc.DelegatingHttpsURLConnection.getInputStream(DelegatingHttpsURLConnection.java:211)
12-01 16:22:00.836  1113  1903 W System.err: 	at com.android.okhttp.internal.huc.HttpsURLConnectionImpl.getInputStream(HttpsURLConnectionImpl.java:30)
12-01 16:22:00.836  1113  1903 W System.err: 	at com.samsung.android.server.wifi.tcp.SemWifiTransportLayerUtils.getApplicationCategory(SemWifiTransportLayerUtils.java:104)
12-01 16:22:00.836  1113  1903 W System.err: 	at com.samsung.android.server.wifi.tcp.SemWifiTransportLayerMonitor$TcpMonitorHandler.handleMessage(SemWifiTransportLayerMonitor.java:241)
12-01 16:22:00.836  1113  1903 W System.err: 	at android.os.Handler.dispatchMessage(Handler.java:106)
12-01 16:22:00.836  1113  1903 W System.err: 	at android.os.Looper.loopOnce(Looper.java:226)
12-01 16:22:00.836  1113  1903 W System.err: 	at android.os.Looper.loop(Looper.java:313)
12-01 16:22:00.836  1113  1903 W System.err: 	at android.os.HandlerThread.run(HandlerThread.java:67)
12-01 16:22:00.836  1113  2121 V WindowManager: Relayout Window{d7279c3 u0 com.example.princeproject/com.example.princeproject.MainActivity}: viewVisibility=0 req=1440x3040 d0
12-01 16:22:00.836  1113  1903 D SemWifiTransportLayerMonitor.TcpMonitorHandler: MSG_SAVE_PACKAGE_INFO
12-01 16:22:00.836  1113  1903 D SemWifiTransportLayerFileManager: saveWifiPackageInfoToFile
12-01 16:22:00.836  1113  1903 D SemWifiTransportLayerFileManager: writeWifiPackageInfoList
12-01 16:22:00.837   956  1083 I SurfaceFlinger: id=3686 createSurf (1x1),-3 flag=40004, com.example.princeproject/com.example.princeproject.MainActivity$_5505#0
12-01 16:22:00.837  5505  5726 W e.princeprojec: Accessing hidden method Ldalvik/system/VMStack;->getStackClass2()Ljava/lang/Class; (unsupported, reflection, allowed)
12-01 16:22:00.840   956  1083 I SurfaceFlinger: id=3687 createSurf (0x0),-1 flag=24000, Surface(name=ec3730b StatusBar)/@0x5513739 - animation-leash of insets_animation#0
12-01 16:22:00.842   956  1083 I SurfaceFlinger: id=3688 createSurf (0x0),-1 flag=24000, Surface(name=3912437 NavigationBar0)/@0x4d30f2c - animation-leash of insets_animation#0
12-01 16:22:00.844  1113  2121 V WindowManager: Relayout hash=d7279c3, pid=5505: mAttrs={(0,0)(fillxfill) sim={adjust=resize forwardNavigation} layoutInDisplayCutoutMode=always ty=BASE_APPLICATION wanim=0x1030303
12-01 16:22:00.844  1113  2121 V WindowManager:   fl=81810100
12-01 16:22:00.844  1113  2121 V WindowManager:   pfl=16020040
12-01 16:22:00.844  1113  2121 V WindowManager:   bhv=DEFAULT
12-01 16:22:00.844  1113  2121 V WindowManager:   fitSides= naviIconColor=0}
12-01 16:22:00.846  5505  5718 W e.princeprojec: Accessing hidden method Ljava/security/spec/ECParameterSpec;->getCurveName()Ljava/lang/String; (unsupported, reflection, allowed)
12-01 16:22:00.847   956  1083 W ServiceManager: Permission failure: android.permission.ACCESS_SURFACE_FLINGER from uid=10605 pid=5505
12-01 16:22:00.847   956  1083 D PermissionCache: checking android.permission.ACCESS_SURFACE_FLINGER for uid=10605 => denied (314 us)
12-01 16:22:00.847   956  1083 W ServiceManager: Permission failure: android.permission.ROTATE_SURFACE_FLINGER from uid=10605 pid=5505
12-01 16:22:00.847   956  1083 D PermissionCache: checking android.permission.ROTATE_SURFACE_FLINGER for uid=10605 => denied (210 us)
12-01 16:22:00.848  5505  5505 I ViewRootImpl@3521172[MainActivity]: Relayout returned: old=(0,0,1440,3040) new=(0,0,1440,3040) req=(1440,3040)0 dur=10 res=0x7 s={true -5476376616495754992} ch=true fn=-1
12-01 16:22:00.850   844 22617 I SDM     : HWCDisplay::GetColorModeCount: Supported color mode count = 3
12-01 16:22:00.850   844 22617 I SDM     : HWCDisplay::GetColorModes: Color mode = 0 is supported
12-01 16:22:00.850   844 22617 I SDM     : HWCDisplay::GetColorModes: Color mode = 7 is supported
12-01 16:22:00.850   844 22617 I SDM     : HWCDisplay::GetColorModes: Color mode = 9 is supported
12-01 16:22:00.851  5505  5703 D hw-ProcessState: Binder ioctl to enable oneway spam detection failed: Invalid argument
12-01 16:22:00.851  5505  5703 D OpenGLRenderer: eglCreateWindowSurface
12-01 16:22:00.861  5505  5718 I ProviderInstaller: Installed default security provider GmsCore_OpenSSL
12-01 16:22:00.871   956   956 I Layer   : id=3683 removedFromDrawingState Surface(name=ec3730b StatusBar)/@0x5513739 - animation-leash of insets_animation#1 (124)
12-01 16:22:00.872   956   956 I Layer   : id=78 removedFromDrawingState ec3730b StatusBar#0 (124)
12-01 16:22:00.872   956   956 I Layer   : id=91 removedFromDrawingState StatusBar$_2004#0 (124)
12-01 16:22:00.872   956   956 I Layer   : id=78 addToCurrentState ec3730b StatusBar#0 (124)
12-01 16:22:00.872   956   956 I Layer   : id=91 addToCurrentState StatusBar$_2004#0 (124)
12-01 16:22:00.872   956   956 I Layer   : id=3684 removedFromDrawingState Surface(name=3912437 NavigationBar0)/@0x4d30f2c - animation-leash of insets_animation#1 (124)
12-01 16:22:00.875   956  1083 I SurfaceFlinger: id=3684 Removed Surface(name=3912437 NavigationBar0)/@0x4d30f2c - animation-leash of insets_animation#1 (124)
12-01 16:22:00.875   956  1083 I SurfaceFlinger: id=3683 Removed Surface(name=ec3730b StatusBar)/@0x5513739 - animation-leash of insets_animation#1 (124)
12-01 16:22:00.876  1113  2402 D InputDispatcher: Focus request (0): d7279c3 com.example.princeproject/com.example.princeproject.MainActivity but waiting because NOT_VISIBLE
12-01 16:22:00.888   956   956 I Layer   : id=3684 Destroyed Surface(name=3912437 NavigationBar0)/@0x4d30f2c - animation-leash of insets_animation#1
12-01 16:22:00.888   956   956 I Layer   : id=3683 Destroyed Surface(name=ec3730b StatusBar)/@0x5513739 - animation-leash of insets_animation#1
12-01 16:22:00.906  5505  5718 D ConnectivityManager: StackLog: [android.net.ConnectivityManager.sendRequestForNetwork(ConnectivityManager.java:3925)] [android.net.ConnectivityManager.registerDefaultNetworkCallbackForUid(ConnectivityManager.java:4489)] [android.net.ConnectivityManager.registerDefaultNetworkCallback(ConnectivityManager.java:4456)] [android.net.ConnectivityManager.registerDefaultNetworkCallback(ConnectivityManager.java:4430)] [io.grpc.android.AndroidChannelBuilder$AndroidChannel.configureNetworkMonitoring(AndroidChannelBuilder.java:217)] [io.grpc.android.AndroidChannelBuilder$AndroidChannel.<init>(AndroidChannelBuilder.java:198)] [io.grpc.android.AndroidChannelBuilder.build(AndroidChannelBuilder.java:169)] [com.google.firebase.firestore.remote.GrpcCallProvider.initChannel(GrpcCallProvider.java:116)] [com.google.firebase.firestore.remote.GrpcCallProvider.lambda$initChannelTask$6$com-google-firebase-firestore-remote-GrpcCallProvider(GrpcCallProvider.java:242)] [com.google.firebase.firestore.remote.GrpcCallProvider$$ExternalSyntheticLambda4.call(D8$$SyntheticClass:0)] [com.google.android.gms.tasks.zzz.run(com.google.android.gms:play-services-tasks@@18.1.0:1)] [com.google.firebase.firestore.util.ThrottledForwardingExecutor.lambda$execute$0$com-google-firebase-firestore-util-ThrottledForwardingExecutor(ThrottledForwardingExecutor.java:54)] [com.google.firebase.firestore.util.ThrottledForwardingExecutor$$ExternalSyntheticLambda0.run(D8$$SyntheticClass:0)] [java.util.concurrent.ThreadPoolExecutor.runWorker(ThreadPoolExecutor.java:1167)] [java.util.concurrent.ThreadPoolExecutor$Worker.run(ThreadPoolExecutor.java:641)] [java.lang.Thread.run(Thread.java:920)]
12-01 16:22:00.907  1113  2402 D ConnectivityService: requestNetwork for uid/pid:10605/5505 activeRequest: null callbackRequest: 6825 [NetworkRequest [ REQUEST id=6826, [ Capabilities: INTERNET&NOT_RESTRICTED&TRUSTED&NOT_VCN_MANAGED Uid: 10605 RequestorUid: 10605 RequestorPkg: com.example.princeproject] ]] callback flags: 0 priority: 2147483647
12-01 16:22:00.908  1113  1835 D ConnectivityService: NetworkReassignment :
12-01 16:22:00.908  1113  1835 D ConnectivityService:   6826 : null → 140
12-01 16:22:00.908  1113  1835 D ConnectivityService:    accepting network in place of null
12-01 16:22:00.909  1113  1825 D WifiNetworkFactory: got request NetworkRequest [ REQUEST id=6826, [ Capabilities: INTERNET&NOT_RESTRICTED&TRUSTED&NOT_VCN_MANAGED Uid: 10605 RequestorUid: 10605 RequestorPkg: com.example.princeproject] ]
12-01 16:22:00.910  1113  1825 D UntrustedWifiNetworkFactory: got request NetworkRequest [ REQUEST id=6826, [ Capabilities: INTERNET&NOT_RESTRICTED&TRUSTED&NOT_VCN_MANAGED Uid: 10605 RequestorUid: 10605 RequestorPkg: com.example.princeproject] ]
12-01 16:22:00.910  1113  1825 D OemPaidWifiNetworkFactory: got request NetworkRequest [ REQUEST id=6826, [ Capabilities: INTERNET&NOT_RESTRICTED&TRUSTED&NOT_VCN_MANAGED Uid: 10605 RequestorUid: 10605 RequestorPkg: com.example.princeproject] ]
12-01 16:22:00.922  5505  5505 D AbsListView:  in onLayout changed
12-01 16:22:00.923  2004  3041 D WallpaperService: dispatchAppVisibility onVisibilityChanged(): false
12-01 16:22:00.924  7409  7409 I ViewRootImpl@560f361[LauncherActivity]: handleAppVisibility mAppVisible=true visible=false
12-01 16:22:00.924  2004  2004 D WallpaperService: reportVisibility onVisibilityChanged visible: false
12-01 16:22:00.924 16650 16650 I Utils   : isCurrentUser current = 0, ownerId = 0
12-01 16:22:00.925 16650 16650 I TrayVisibilityController: getComputedTrayVisible : keyguardState = 1
12-01 16:22:00.925 16650 16650 I TrayVisibilityController: updateTrayVisible: State=1 visible=1 mCurrentVisible=1 specificMode=0
12-01 16:22:00.925 16650 16650 I TrayStateController: onNotifyUpdateTray: state=0
12-01 16:22:00.925  2004  2206 I ImageWallpaper:  onVisibilityChanged false , 0
12-01 16:22:00.928  5505  5505 I ViewRootImpl@3521172[MainActivity]: [DP] dp(1) 1 android.view.ViewRootImpl.reportNextDraw:11374 android.view.ViewRootImpl.performTraversals:4167 android.view.ViewRootImpl.doTraversal:2893
12-01 16:22:00.938   956   956 I Layer   : id=3681 removedFromDrawingState Surface(name=Task=1)/@0x39c8b24 - animation-leash of app_transition#0 (122)
12-01 16:22:00.938   956   956 I Layer   : id=3682 removedFromDrawingState Surface(name=Task=1722)/@0x19c7c62 - animation-leash of app_transition#0 (122)
12-01 16:22:00.939   956   956 I SurfaceFlinger: id=3682 Removed Surface(name=Task=1722)/@0x19c7c62 - animation-leash of app_transition#0 (122)
12-01 16:22:00.939   956   956 I SurfaceFlinger: id=3681 Removed Surface(name=Task=1)/@0x39c8b24 - animation-leash of app_transition#0 (122)
12-01 16:22:00.939   956   956 I Layer   : id=3681 Destroyed Surface(name=Task=1)/@0x39c8b24 - animation-leash of app_transition#0
12-01 16:22:00.939   956   956 I Layer   : id=3682 Destroyed Surface(name=Task=1722)/@0x19c7c62 - animation-leash of app_transition#0
12-01 16:22:00.940  1113  3064 W NetlinkSocket: maximum read
12-01 16:22:00.941  1113  2121 V WindowManager: Relayout Window{5873368 u0 com.sec.android.app.launcher/com.sec.android.app.launcher.activities.LauncherActivity}: viewVisibility=8 req=1440x3040 d0
12-01 16:22:00.943  1113  2121 V WindowManager: Relayout hash=5873368, pid=7409: mAttrs={(0,0)(fillxfill) sim={adjust=nothing} layoutInDisplayCutoutMode=shortEdges ty=BASE_APPLICATION fmt=TRANSPARENT wanim=0x10302f2
12-01 16:22:00.943  1113  2121 V WindowManager:   fl=81910100
12-01 16:22:00.943  1113  2121 V WindowManager:   pfl=1e020040
12-01 16:22:00.943  1113  2121 V WindowManager:   vsysui=1700
12-01 16:22:00.943  1113  2121 V WindowManager:   bhv=SHOW_TRANSIENT_BARS_BY_SWIPE
12-01 16:22:00.943  1113  2121 V WindowManager:   fitSides= naviIconColor=0}
12-01 16:22:00.944   956   956 D SurfaceFlinger: Display 4630947232161729153 HWC layers:
12-01 16:22:00.944   956   956 D SurfaceFlinger:      DEVICE | 0xb400006e328db440 | 0100 | RGBA_8888    |    0.0    0.0 1440.0 3040.0 |    0    0 1440 3040 | Splash Screen com.example.princeproject$_2004#0
12-01 16:22:00.944   956   956 D SurfaceFlinger:      DEVICE | 0xb400006e32912010 | 0100 | RGBA_8888    |    0.0    0.0 1440.0  150.0 |    0    0 1440  150 | StatusBar$_2004#0
12-01 16:22:00.944   956   956 D SurfaceFlinger:      DEVICE | 0xb400006e32908d40 | 0100 | RGBA_8888    |    0.0    0.0   67.0  441.0 | 1373  665 1440 1106 | com.samsung.android.app.cocktailbars[...]rservice.CocktailBarService$_16650#0
12-01 16:22:00.944   956   956 D SurfaceFlinger:      DEVICE | 0xb400006e32907630 | 0100 | RGBA_8888    |    0.0    0.0  518.0   53.0 |  922 2987 1440 3040 | SGestureOverlayWindow$_7409#0
12-01 16:22:00.944   956   956 D SurfaceFlinger:      DEVICE | 0xb400006e328df2b0 | 0100 | RGBA_8888    |    0.0    0.0 1440.0  168.0 |    0 2872 1440 3040 | NavigationBar0$_2004#0
12-01 16:22:00.944   956   956 D SurfaceFlinger:
12-01 16:22:00.944  7409  7409 I ViewRootImpl@560f361[LauncherActivity]: Relayout returned: old=(0,0,1440,3040) new=(0,0,1440,3040) req=(1440,3040)8 dur=3 res=0x5 s={false 0} ch=true fn=19
12-01 16:22:00.964  1113  1920 D NetdEventListenerService: DNS Requested by : 140, 10605, 0
12-01 16:22:00.989  1113  1920 D NetdEventListenerService: DNS Requested by : 140, 10605, 0
12-01 16:22:01.023  1113  1899 D SemNscXgbMsL1: Probability - Cloud gaming: [0.005303711]
12-01 16:22:01.023  1113  1899 D SemNscXgbMsL1: Probability - Real time: [0.07719346]
12-01 16:22:01.023  1113  1899 D SemNscXgbMsL1: Probability - Non real time: [0.94686025]
12-01 16:22:01.023  1113  1899 D SemNscXgbMsL1: 1 sample inference time: 0.355833 msecs
12-01 16:22:01.024  1113  1899 D SemNscXgbL2Rt: L2 RT 1 sample inference time: 0.397605 msecs
12-01 16:22:01.024  1113  1899 D SemNscXgbL2Nrt: L2 NRT 1 sample inference time: 0.378906 msecs
12-01 16:22:01.039  5683  5692 I oid.apps.photo: Method exceeds compiler instruction limit: 19151 in void ajoi.<clinit>()
12-01 16:22:01.046  5505  5703 I BufferQueueProducer: [ViewRootImpl@3521172[MainActivity]#0(BLAST Consumer)0](id:158100000000,api:1,p:5505,c:5505) queueBuffer: queued for the first time.
12-01 16:22:01.049  5505  5505 I ViewRootImpl@3521172[MainActivity]: [DP] pdf(0) 1 android.view.ViewRootImpl.lambda$addFrameCompleteCallbackIfNeeded$3$ViewRootImpl:4969 android.view.ViewRootImpl$$ExternalSyntheticLambda16.run:6 android.os.Handler.handleCallback:938
12-01 16:22:01.049  5505  5505 I ViewRootImpl@3521172[MainActivity]: [DP] rdf()
12-01 16:22:01.049  5505  5505 D ViewRootImpl@3521172[MainActivity]: reportDrawFinished (fn: -1)
12-01 16:22:01.051   956  3021 I SurfaceFlinger: id=3689 createSurf (0x0),-1 flag=24000, Surface(name=d7279c3 com.example.princeproject/com.example.princeproject.MainActivity)/@0xa5559b3 - animation-leash of starting_reveal#0
12-01 16:22:01.054  1113  2121 I SemDvfsHyPerManager: acquire hyper - AMS_RESUME_TAIL/1113@22, type = -999
12-01 16:22:01.054  1113  2121 I SemDvfsHyPerManager: acquire hyper - AMS_ACT_LAZY/1113@23, type = -999
12-01 16:22:01.054   860   935 I HYPER-HAL: [RequestManager.cpp]acquire(): Acquired ID : 644702  [1113 / 22]    HINT : AMS_RESUME_TAIL    list :
12-01 16:22:01.055  1113  1430 I PkgPredictorService-SecIpmManagerServiceImpl: reportToNAP uid:10605 com.example.princeproject/com.example.princeproject.MainActivity thisTime:538
12-01 16:22:01.055  7409  7409 I ViewRootImpl@560f361[LauncherActivity]: stopped(true) old=false
12-01 16:22:01.055  5505  5725 E GoogleApiManager: Failed to get service from broker.
12-01 16:22:01.055  5505  5725 E GoogleApiManager: java.lang.SecurityException: Unknown calling package name 'com.google.android.gms'.
12-01 16:22:01.055  5505  5725 E GoogleApiManager: 	at android.os.Parcel.createExceptionOrNull(Parcel.java:2438)
12-01 16:22:01.055  5505  5725 E GoogleApiManager: 	at android.os.Parcel.createException(Parcel.java:2422)
12-01 16:22:01.055  5505  5725 E GoogleApiManager: 	at android.os.Parcel.readException(Parcel.java:2405)
12-01 16:22:01.055  5505  5725 E GoogleApiManager: 	at android.os.Parcel.readException(Parcel.java:2347)
12-01 16:22:01.055  5505  5725 E GoogleApiManager: 	at aomo.a(:com.google.android.gms@244731029@24.47.31 (190400-699374330):36)
12-01 16:22:01.055  5505  5725 E GoogleApiManager: 	at aokv.z(:com.google.android.gms@244731029@24.47.31 (190400-699374330):143)
12-01 16:22:01.055  5505  5725 E GoogleApiManager: 	at ansc.run(:com.google.android.gms@244731029@24.47.31 (190400-699374330):54)
12-01 16:22:01.055  5505  5725 E GoogleApiManager: 	at android.os.Handler.handleCallback(Handler.java:938)
12-01 16:22:01.055  5505  5725 E GoogleApiManager: 	at android.os.Handler.dispatchMessage(Handler.java:99)
12-01 16:22:01.055  5505  5725 E GoogleApiManager: 	at buro.mv(:com.google.android.gms@244731029@24.47.31 (190400-699374330):1)
12-01 16:22:01.055  5505  5725 E GoogleApiManager: 	at buro.dispatchMessage(:com.google.android.gms@244731029@24.47.31 (190400-699374330):5)
12-01 16:22:01.055  5505  5725 E GoogleApiManager: 	at android.os.Looper.loopOnce(Looper.java:226)
12-01 16:22:01.055  5505  5725 E GoogleApiManager: 	at android.os.Looper.loop(Looper.java:313)
12-01 16:22:01.055  5505  5725 E GoogleApiManager: 	at android.os.HandlerThread.run(HandlerThread.java:67)
12-01 16:22:01.056  1113  3058 D PkgPredictorService-IpmAdcpController: com.example.princeproject become forground, dex profile begin
12-01 16:22:01.056   956   956 E SurfaceFlinger: Attempt to update InputPolicyFlags without permission ACCESS_SURFACE_FLINGER
12-01 16:22:01.056   860   935 I HYPER-HAL: [RequestManager.cpp]acquire(): Acquired ID : 645839  [1113 / 23]    HINT : AMS_ACT_LAZY    list :
12-01 16:22:01.056  7409  7409 I BaseActivity: removeActivityFlags, flags : 17
12-01 16:22:01.057  2004  2894 I ViewRootImpl@5c5a043[princeproject]: mWNT: t = android.view.SurfaceControl$Transaction@e26ab3e fN = 2 android.view.SyncRtSurfaceTransactionApplier.applyTransaction:94 android.view.SyncRtSurfaceTransactionApplier.lambda$scheduleApply$0$SyncRtSurfaceTransactionApplier:71 android.view.SyncRtSurfaceTransactionApplier$$ExternalSyntheticLambda0.onFrameDraw:4
12-01 16:22:01.057  2004  2894 I ViewRootImpl@5c5a043[princeproject]: mWNT: merge t to BBQ
12-01 16:22:01.057  2004  2894 I ViewRootImpl@5c5a043[princeproject]: mWNT: t = android.view.SurfaceControl$Transaction@e97fd9f fN = 2 android.view.SyncRtSurfaceTransactionApplier.applyTransaction:94 android.view.SyncRtSurfaceTransactionApplier.lambda$scheduleApply$0$SyncRtSurfaceTransactionApplier:71 android.view.SyncRtSurfaceTransactionApplier$$ExternalSyntheticLambda0.onFrameDraw:4
12-01 16:22:01.057  2004  2894 I ViewRootImpl@5c5a043[princeproject]: mWNT: merge t to BBQ
12-01 16:22:01.058  7409  7409 W LauncherAppWidgetHost: setShouldListenFlag, mFlags:7 flag:start on:false isFront:false
12-01 16:22:01.059  1113  2402 I AppWidgetServiceImpl: stopListening callbacks : null
12-01 16:22:01.059  7409  7609 I IMM_LC  : hsifw() - flags=0, caller=android.view.inputmethod.InputMethodManager.hideSoftInputFromWindow:1846 android.view.inputmethod.InputMethodManager.hideSoftInputFromWindow:1815 com.android.launcher3.util.UiThreadHelper$UiCallbacks.handleMessage:103 android.os.Handler.dispatchMessage:102 android.os.Looper.loopOnce:226
12-01 16:22:01.059   773   783 E statsd  : Predicate -7037417284711607308 dropping data for dimension key (10)0x2010101->10605[I] (10)0x30000->*launch*[S]
12-01 16:22:01.059  7409  7609 I IMM_LC  : hideSoftInputFromWindow - mService.hideSoftInput
12-01 16:22:01.059  1113  3047 I PkgPredictorService-NapClassifier: it's ready to run
12-01 16:22:01.059  1113  2121 D InputDispatcher: Focus entered window (0): d7279c3 com.example.princeproject/com.example.princeproject.MainActivity
12-01 16:22:01.059  5505  5505 I ViewRootImpl@3521172[MainActivity]: MSG_WINDOW_FOCUS_CHANGED 1 1
12-01 16:22:01.059   773   783 E statsd  : Predicate 5980654721335871649 dropping data for dimension key (10)0x2010101->10605[I] (10)0x30000->*launch*[S]
12-01 16:22:01.061  5505  5748 W e.princeprojec: Accessing hidden field Ljava/net/Socket;->impl:Ljava/net/SocketImpl; (unsupported, reflection, allowed)
12-01 16:22:01.061   860   935 I HYPER-HAL: [RequestManager.cpp]releaseLocked(): Released ID : 658412
12-01 16:22:01.062   956   956 D SurfaceFlinger: Display 4630947232161729153 HWC layers:
12-01 16:22:01.062   956   956 D SurfaceFlinger:      DEVICE | 0xb400006e32910360 | 0102 | RGBA_8888    |    0.0    0.0 1440.0 3040.0 |    0    0 1440 3040 | com.example.princeproject/com.example.princeproject.MainActivity$_5505#0
12-01 16:22:01.062   956   956 D SurfaceFlinger:      DEVICE | 0xb400006e328db440 | 0100 | RGBA_8888    |    0.0    0.0 1440.0 3040.0 |    0    0 1440 3040 | Splash Screen com.example.princeproject$_2004#0
12-01 16:22:01.062   956   956 D SurfaceFlinger:      DEVICE | 0xb400006e32912010 | 0100 | RGBA_8888    |    0.0    0.0 1440.0  150.0 |    0    0 1440  150 | StatusBar$_2004#0
12-01 16:22:01.062   956   956 D SurfaceFlinger:      DEVICE | 0xb400006e32908d40 | 0100 | RGBA_8888    |    0.0    0.0   67.0  441.0 | 1373  665 1440 1106 | com.samsung.android.app.cocktailbars[...]rservice.CocktailBarService$_16650#0
12-01 16:22:01.062   956   956 D SurfaceFlinger:      DEVICE | 0xb400006e32907630 | 0100 | RGBA_8888    |    0.0    0.0  518.0   53.0 |  922 2987 1440 3040 | SGestureOverlayWindow$_7409#0
12-01 16:22:01.062   956   956 D SurfaceFlinger:      DEVICE | 0xb400006e328df2b0 | 0100 | RGBA_8888    |    0.0    0.0 1440.0  168.0 |    0 2872 1440 3040 | NavigationBar0$_2004#0
12-01 16:22:01.062   956   956 D SurfaceFlinger:
12-01 16:22:01.063  5505  5505 D InputMethodManager: startInputInner - Id : 0
12-01 16:22:01.063  5505  5505 I InputMethodManager: startInputInner - mService.startInputOrWindowGainedFocus
12-01 16:22:01.064  7409  7409 W LauncherAppWidgetHost: stopListening, mFlags:2 isFront:false
12-01 16:22:01.064  7409  7409 W Launcher.NotificationListener: removeNotificationsChangedListener
12-01 16:22:01.064  7409  7409 I BadgeCountUpdaterImpl: onNotificationsChangedDisConnected
12-01 16:22:01.064  7409  7409 I Launcher.NotificationListener: unregisterObserver, this is not notificationService!!
12-01 16:22:01.064  7409  7609 I LiveIconUpdateEventHandler: LiveIcon onStop
12-01 16:22:01.065  5505  5672 W FileTestStorage: Output properties is not supported.
12-01 16:22:01.066  5505  5672 E AndroidXTracer: enableTracing failed. You may need to upgrade your androidx.tracing:tracing version
12-01 16:22:01.066  5505  5672 E AndroidXTracer: java.lang.NoSuchMethodError: No static method forceEnableAppTracing()V in class Landroidx/tracing/Trace; or its super classes (declaration of 'androidx.tracing.Trace' appears in /data/app/~~Ak5Ii_DXfobPIoh48ih8LA==/com.example.princeproject-hHqgwYwBrLa2E81MNCDSHg==/base.apk)
12-01 16:22:01.066  5505  5672 E AndroidXTracer: 	at androidx.test.platform.tracing.AndroidXTracer.enableTracing(AndroidXTracer.java:57)
12-01 16:22:01.066  5505  5672 E AndroidXTracer: 	at androidx.test.platform.tracing.Tracing.<init>(Tracing.java:53)
12-01 16:22:01.066  5505  5672 E AndroidXTracer: 	at androidx.test.platform.tracing.Tracing.<clinit>(Tracing.java:49)
12-01 16:22:01.066  5505  5672 E AndroidXTracer: 	at androidx.test.platform.tracing.Tracing.getInstance(Tracing.java:62)
12-01 16:22:01.066  5505  5672 E AndroidXTracer: 	at androidx.test.espresso.base.BaseLayerModule.providesTracing(BaseLayerModule.java:190)
12-01 16:22:01.066  5505  5672 E AndroidXTracer: 	at androidx.test.espresso.base.BaseLayerModule_ProvidesTracingFactory.providesTracing(BaseLayerModule_ProvidesTracingFactory.java:37)
12-01 16:22:01.066  5505  5672 E AndroidXTracer: 	at androidx.test.espresso.base.BaseLayerModule_ProvidesTracingFactory.get(BaseLayerModule_ProvidesTracingFactory.java:29)
12-01 16:22:01.066  5505  5672 E AndroidXTracer: 	at androidx.test.espresso.base.BaseLayerModule_ProvidesTracingFactory.get(BaseLayerModule_ProvidesTracingFactory.java:11)
12-01 16:22:01.066  5505  5672 E AndroidXTracer: 	at androidx.test.espresso.core.internal.deps.dagger.internal.DoubleCheck.get(DoubleCheck.java:47)
12-01 16:22:01.066  5505  5672 E AndroidXTracer: 	at androidx.test.espresso.base.IdlingResourceRegistry_Factory.get(IdlingResourceRegistry_Factory.java:34)
12-01 16:22:01.066  5505  5672 E AndroidXTracer: 	at androidx.test.espresso.base.IdlingResourceRegistry_Factory.get(IdlingResourceRegistry_Factory.java:12)
12-01 16:22:01.066  5505  5672 E AndroidXTracer: 	at androidx.test.espresso.core.internal.deps.dagger.internal.DoubleCheck.get(DoubleCheck.java:47)
