12-01 16:22:12.715  1113  1796 I InputDispatcher: Delivering key to (5505): action: 0x0 (0), f=0x8, m=0x0, d=0, '59188c3'
12-01 16:22:12.715  1113  2207 D PackageManager: setEnabledSetting : userId = 0 packageName = com.samsung.android.samsungpass cmp = com.samsung.android.samsungpass.launcher.EntryLauncherJPN newState = 2 callingPackage = 10129/com.samsung.android.samsungpass
12-01 16:22:12.716  7295  7295 I HBD     : a skip onKeyDown as physical keyboard not connected
12-01 16:22:12.716  7295  7295 I HBD     : HoneyBoardService onKeyDown r:5fcbec91 consumed:false
12-01 16:22:12.716  5505  5505 I ViewRootImpl@95f91c6[MainActivity]: ViewPostIme key 0
12-01 16:22:12.716  1113  2207 D PackageManager: setEnabledSetting : userId = 0 packageName = com.samsung.android.samsungpass cmp = com.samsung.android.samsungpass.launcher.SearchableActivity newState = 2 callingPackage = 10129/com.samsung.android.samsungpass
12-01 16:22:12.717  6036  6036 I [PASS][CMN]WalletUtil: getWalletMigrated : false
12-01 16:22:12.717  6036  6036 I [PASS][SPASS]IconUtils: setComponentEnabledSetting : true, walletMigrated : false
12-01 16:22:12.721 16650 16650 I Edge.badge: updateBadge item = android:-1 1
12-01 16:22:12.722  7417  7417 I NotificationListener: Received new notification
12-01 16:22:12.722 28570 28570 I Routine@Core[3.5.02.25]: PreloadNotificationListenerService: onNotificationPosted: StatusBarNotification(pkg=android user=UserHandle{-1} id=8 tag=null key=-1|android|8|null|1000: Notification(channel=VIRTUAL_KEYBOARD shortcut=null contentView=null vibrate=null sound=null defaults=0x0 flags=0x2 color=0x00000000 category=sys vis=PRIVATE semFlags=0x0 semPriority=0 semMissedCount=0))
12-01 16:22:12.722 28570 28570 E Routine@Core[3.5.02.25]: PreloadNotificationListenerService: onNotificationPosted: sInstance is null
12-01 16:22:12.722  7409  7409 I Launcher.NotificationListener: onNotificationPosted : android number : 0
12-01 16:22:12.722  7417  8468 I NotificationPipeline: Processing new notification: -1|android|8|null|1000
12-01 16:22:12.722  7417  8468 W BridgeModeModel: Not started, default to bridging
12-01 16:22:12.722  7417  8468 E Notification4Water_NB: WatchFactory.getWatch-lastConnectedNodeId is null
12-01 16:22:12.723  7417  8468 W Notification4Water_NB: NotificationBridgeCallback.onNotificationPosted-never connected before
12-01 16:22:12.725  1113  6888 D PackageManager: setEnabledSetting : userId = 0 packageName = com.samsung.android.samsungpass cmp = com.samsung.android.samsungpass.launcher.EntryLauncher newState = 1 callingPackage = 10129/com.samsung.android.samsungpass
12-01 16:22:12.727  1113  6888 D PackageManager: setEnabledSetting : userId = 0 packageName = com.samsung.android.samsungpass cmp = com.samsung.android.samsungpass.launcher.EntryLauncherJPN newState = 2 callingPackage = 10129/com.samsung.android.samsungpass
12-01 16:22:12.729  1113  6888 D PackageManager: setEnabledSetting : userId = 0 packageName = com.samsung.android.samsungpass cmp = com.samsung.android.samsungpass.launcher.SearchableActivity newState = 2 callingPackage = 10129/com.samsung.android.samsungpass
12-01 16:22:12.731  7295  7295 I HBD     : bd ous -  9 ,  9 ,  10 ,  10 ,  -1 ,  -1
12-01 16:22:12.732  1113  6888 D InputDispatcher: Inject key (5505): action=1, f=0x8, d=-1, time=70452192000000
12-01 16:22:12.733  6036  6036 I SemDesktopModeManager: registerListener: wa.a@beb6007
12-01 16:22:12.733  6036  6036 I MockDeskModeManager:  isDeskMode : false
12-01 16:22:12.733  6036  6036 I MockDeskModeManager: Adding Desktop State change Listeners
12-01 16:22:12.734  1113  1796 I InputDispatcher: Delivering key to (5505): action: 0x1 (0), f=0x8, m=0x0, d=0, '59188c3'
12-01 16:22:12.735  2004  2004 D InterruptionStateProvider: No bubble up: not allowed to bubble: -1|android|8|null|1000
12-01 16:22:12.736  2004  2004 D InterruptionStateProvider: No heads up: unimportant notification: -1|android|8|null|1000
12-01 16:22:12.736  2004  2169 D PeopleSpaceWidgetMgr: Sbn doesn't contain valid PeopleTileKey: null/-1/android
12-01 16:22:12.738  7295  7295 I HBD     : al EBD cm f 1
12-01 16:22:12.738  7295  7295 I HBD     : HoneyBoardService onKeyUp r:126bf42e consumed:false
12-01 16:22:12.739  5505  5505 I ViewRootImpl@95f91c6[MainActivity]: ViewPostIme key 1
12-01 16:22:12.741  1113  2139 D InputDispatcher: Inject key (5505): action=0, f=0x8, d=-1, time=70452201000000
12-01 16:22:12.741  1113  1796 I InputDispatcher: Delivering key to (5505): action: 0x0 (0), f=0x8, m=0x0, d=0, '59188c3'
12-01 16:22:12.741  7295  7295 I HBD     : a skip onKeyDown as physical keyboard not connected
12-01 16:22:12.742  7295  7295 I HBD     : HoneyBoardService onKeyDown r:3da18669 consumed:false
12-01 16:22:12.742  5505  5505 I ViewRootImpl@95f91c6[MainActivity]: ViewPostIme key 0
12-01 16:22:12.745   956   956 E SurfaceFlinger: Attempt to update InputPolicyFlags without permission ACCESS_SURFACE_FLINGER
12-01 16:22:12.749  7295  7295 I HBD     : bd ous -  10 ,  10 ,  11 ,  11 ,  -1 ,  -1
12-01 16:22:12.750  1113  2139 D InputDispatcher: Inject key (5505): action=1, f=0x8, d=-1, time=70452210000000
12-01 16:22:12.750  6036  6036 I SmpLog  : [SMP] init. D:false P:FCM_PRIMARY_MODE A:a
12-01 16:22:12.751  1113  1796 I InputDispatcher: Delivering key to (5505): action: 0x1 (0), f=0x8, m=0x0, d=0, '59188c3'
12-01 16:22:12.757  7295  7295 I HBD     : al EBD cm f 1
12-01 16:22:12.757  7295  7295 I HBD     : HoneyBoardService onKeyUp r:1712b134 consumed:false
12-01 16:22:12.758  5505  5505 I ViewRootImpl@95f91c6[MainActivity]: ViewPostIme key 1
12-01 16:22:12.759  1113  2139 D InputDispatcher: Inject key (5505): action=0, f=0x8, d=-1, time=70452220000000
12-01 16:22:12.760  6036  6089 I SmpLog  : [SMP] Test mode: false, v:3.3.2.2, com.samsung.android.samsungpass
12-01 16:22:12.760  1113  1796 I InputDispatcher: Delivering key to (5505): action: 0x0 (0), f=0x8, m=0x0, d=0, '59188c3'
12-01 16:22:12.760  7295  7295 I HBD     : a skip onKeyDown as physical keyboard not connected
12-01 16:22:12.761  7295  7295 I HBD     : HoneyBoardService onKeyDown r:3f9ee1cc consumed:false
12-01 16:22:12.761  5505  5505 I ViewRootImpl@95f91c6[MainActivity]: ViewPostIme key 0
12-01 16:22:12.761   956   956 E SurfaceFlinger: Attempt to update InputPolicyFlags without permission ACCESS_SURFACE_FLINGER
12-01 16:22:12.762  6036  6092 I [PASS][CMN]WalletUtil: getWalletMigrated : false
12-01 16:22:12.762  6036  6089 I SmpLog  : [SMP] ptype:fcm, token:...VS (152), D:false, U:null, S:true, M:null, P:FCM_PRIMARY_MODE
12-01 16:22:12.762  6036  6092 I [PASS][CMN]SamsungAnalyticsLog: initializeSamsungAnalytics
12-01 16:22:12.763  6036  6092 I [PASS][CMN]WalletUtil: getWalletMigrated : false
12-01 16:22:12.764  6036  6036 I [AUTHFW][PSDK]PassOperation: initialize
12-01 16:22:12.764  6036  6036 I [AUTHFW][PSDK]PassServiceConnection: bindService
12-01 16:22:12.766  6036  6092 I DIAGMON_SDK[605060]: DiagMonAgent type: 2
12-01 16:22:12.767  6036  6092 I DIAGMON_SDK[605060][p595fm8rxk] : generated SR object
12-01 16:22:12.767  6036  6092 I [PASS][SPASS]SPassApplication: AndroidThreeTen initialized
12-01 16:22:12.770  1113  2619 D InputDispatcher: Inject key (5505): action=1, f=0x8, d=-1, time=70452230000000
12-01 16:22:12.770  1113  1796 I InputDispatcher: Delivering key to (5505): action: 0x1 (0), f=0x8, m=0x0, d=0, '59188c3'
12-01 16:22:12.771  6036  6036 I [PASS][SPASS]FrameworkUtils: isInitialized : true
12-01 16:22:12.771  6036  6036 I [PASS][SPASS]PassFramework: ISU
12-01 16:22:12.771  6036  6036 I [PASS][SPASS]FrameworkUtils: isSignedUp - true
12-01 16:22:12.772  6036  6036 I [PASS][SPASS]ServicePolicyManager: isDigitalKeyBlocked : false 31 / SM-G973W
12-01 16:22:12.772  6036  6036 I [PASS][SPASS]SamsungAccountHelper: SamsungAccountHelper creator !!
12-01 16:22:12.772  6687  6687 I SemDvfsHyPerManager: acquire hyper - TABoost/6687@18, type = 1090523139
12-01 16:22:12.773   860   935 I HYPER-HAL: [RequestManager.cpp]releaseLocked(): Released ID : 22481883
12-01 16:22:12.773   860   935 I HYPER-HAL: [RequestManager.cpp]acquire(): Acquired ID : 22481883  [6687 / 18]    HINT :      list : [TABoost / 30] [TIMEOUT / 1500]
12-01 16:22:12.775   775   775 D Zygote  : Forked child process 6097
12-01 16:22:12.776   694   694 W keymaster_tee: [WRN]begin req PARAMS: A32 B2 P64
12-01 16:22:12.776  7295  7295 I HBD     : bd ous -  11 ,  11 ,  12 ,  12 ,  -1 ,  -1
12-01 16:22:12.778   956   956 E SurfaceFlinger: Attempt to update InputPolicyFlags without permission ACCESS_SURFACE_FLINGER
12-01 16:22:12.779   694   694 D keymaster_swd: keymaster_swd [WRN] (swd_run_cb:251) swd_begin() returns 0
12-01 16:22:12.780   692   705 I keystore2: keystore2::security_level: In create_operation. Success to create IKeystoreOperation. 10129, None
12-01 16:22:12.782   694   694 D keymaster_swd: keymaster_swd [WRN] (swd_run_cb:251) swd_update() returns 0
12-01 16:22:12.786  7295  7295 I HBD     : al EBD cm f 1
12-01 16:22:12.787  7295  7295 I HBD     : HoneyBoardService onKeyUp r:66581357 consumed:false
12-01 16:22:12.788  5505  5505 I ViewRootImpl@95f91c6[MainActivity]: ViewPostIme key 1
12-01 16:22:12.788  6036  6089 I SmpLog  : [SMP] SEND BR : smp init success
12-01 16:22:12.788   694   694 D keymaster_swd: keymaster_swd [WRN] (swd_run_cb:251) swd_finish() returns 0
12-01 16:22:12.789  1113  2139 D InputDispatcher: Inject key (5505): action=0, f=0x8, d=-1, time=70452250000000
12-01 16:22:12.790  1113  1796 I InputDispatcher: Delivering key to (5505): action: 0x0 (0), f=0x8, m=0x0, d=0, '59188c3'
12-01 16:22:12.790  7295  7295 I HBD     : a skip onKeyDown as physical keyboard not connected
12-01 16:22:12.790  7295  7295 I HBD     : HoneyBoardService onKeyDown r:a8f412a8 consumed:false
12-01 16:22:12.791  5505  5505 I ViewRootImpl@95f91c6[MainActivity]: ViewPostIme key 0
12-01 16:22:12.791  6036  6036 I [PASS][SPASS]SamsungAccountHelper: Getting SA CC runtime: CA
12-01 16:22:12.797   694   694 W keymaster_tee: [WRN]begin req PARAMS: A32 B2 P64
12-01 16:22:12.797  7295  7295 I HBD     : bd ous -  12 ,  12 ,  13 ,  13 ,  -1 ,  -1
12-01 16:22:12.798  2004  2004 D QS      : setQSExpansion 0.0 -191.625
12-01 16:22:12.798  2004  2004 D QS      : setQSExpansion 0.0 -191.625
12-01 16:22:12.801   694   694 D keymaster_swd: keymaster_swd [WRN] (swd_run_cb:251) swd_begin() returns 0
12-01 16:22:12.801   692   705 I keystore2: keystore2::security_level: In create_operation. Success to create IKeystoreOperation. 10129, None
12-01 16:22:12.802  2004  2004 D IndicatorGardenInputProperty: updateRotation() prv:-1 >> new:0
12-01 16:22:12.802  2004  2004 D DeviceState: getDeviceResolutionPixelSize - currentDensity = 560 deviceDensity = 560 initialDisplaySizeFactor = 1440 currentDisplaySizeFactor = 1440 initialDisplayDensity = 560 proportionalDensity = 560 proportionalPixel = 88
12-01 16:22:12.802  2004  2004 D DeviceState: getDeviceResolutionPixelSize - currentDensity = 560 deviceDensity = 560 initialDisplaySizeFactor = 1440 currentDisplaySizeFactor = 1440 initialDisplayDensity = 560 proportionalDensity = 560 proportionalPixel = 36
12-01 16:22:12.802  2004  2004 D DeviceState: getDeviceResolutionPixelSize - currentDensity = 560 deviceDensity = 560 initialDisplaySizeFactor = 1440 currentDisplaySizeFactor = 1440 initialDisplayDensity = 560 proportionalDensity = 560 proportionalPixel = 33
12-01 16:22:12.802  2004  2004 E IndicatorGardenAlgorithmBasicCutout: NOT MATCH !!!! resourceHeight:150, cutoutHeight:149 ([IndicatorGardenInputProperty]  Rotation(0-0,90-1,180-2,270-3)0, Density:3.5, ScreenWidthSize:1440, CoverSidePadding:0, mIndicatorGardenCenterOffset:15, mCameraCutoutCropSize:0, mGardenPaddingStart:28, mIndicatorCornerPadding:88, mCameraSidePadding:36, mCameraTopMargin:33, DpCutout:DisplayCutout{insets=Rect(0, 149 - 0, 0) waterfall=Insets{left=0, top=0, right=0, bottom=0} boundingRect={Bounds=[Rect(0, 0 - 0, 0), Rect(1237, 0 - 1440, 149), Rect(0, 0 - 0, 0), Rect(0, 0 - 0, 0)]} cutoutPathParserInfo={CutoutPathParserInfo{displayWidth=1440 displayHeight=3040 density={3.5} cutoutSpec={M 0,0 H -58 V 42.57142857142857 H 0 V 0 Z @dp @right} rotation={0} scale={1.0}}}})
12-01 16:22:12.802  2004  2004 E IndicatorGardenAlgorithmBasicCutout: NOT MATCH !!!! resourceHeight:150, cutoutHeight:149 ([IndicatorGardenInputProperty]  Rotation(0-0,90-1,180-2,270-3)0, Density:3.5, ScreenWidthSize:1440, CoverSidePadding:0, mIndicatorGardenCenterOffset:15, mCameraCutoutCropSize:0, mGardenPaddingStart:28, mIndicatorCornerPadding:88, mCameraSidePadding:36, mCameraTopMargin:33, DpCutout:DisplayCutout{insets=Rect(0, 149 - 0, 0) waterfall=Insets{left=0, top=0, right=0, bottom=0} boundingRect={Bounds=[Rect(0, 0 - 0, 0), Rect(1237, 0 - 1440, 149), Rect(0, 0 - 0, 0), Rect(0, 0 - 0, 0)]} cutoutPathParserInfo={CutoutPathParserInfo{displayWidth=1440 displayHeight=3040 density={3.5} cutoutSpec={M 0,0 H -58 V 42.57142857142857 H 0 V 0 Z @dp @right} rotation={0} scale={1.0}}}})
12-01 16:22:12.803   694   694 D keymaster_swd: keymaster_swd [WRN] (swd_run_cb:251) swd_update() returns 0
12-01 16:22:12.803  7295  7295 I HBD     : al EBD cm f 1
12-01 16:22:12.804  1113  2139 D InputDispatcher: Inject key (5505): action=1, f=0x8, d=-1, time=70452263000000
12-01 16:22:12.805  1113  1796 I InputDispatcher: Delivering key to (5505): action: 0x1 (0), f=0x8, m=0x0, d=0, '59188c3'
12-01 16:22:12.806  7295  7295 I HBD     : HoneyBoardService onKeyUp r:abe364af consumed:false
12-01 16:22:12.806  5505  5505 I ViewRootImpl@95f91c6[MainActivity]: ViewPostIme key 1
12-01 16:22:12.806   694   694 D keymaster_swd: keymaster_swd [WRN] (swd_run_cb:251) swd_finish() returns 0
12-01 16:22:12.808  1113  2139 D InputDispatcher: Inject key (5505): action=0, f=0x8, d=-1, time=70452268000000
12-01 16:22:12.808  1113  1796 I InputDispatcher: Delivering key to (5505): action: 0x0 (0), f=0x8, m=0x0, d=0, '59188c3'
12-01 16:22:12.809  6036  6036 I [PASS][SPASS]ServicePolicyManager: isUpdatable : policy updated 2 hours ago. 1733087635746
12-01 16:22:12.809  6036  6036 I [PASS][SPASS]ServicePolicyManager: updateServicePolicy : SACountryCode(CA-), modelName(SM-G973W), salesCode(SJR), appVersion(4.2.03.1), isUpdatable(false)
12-01 16:22:12.809  7295  7295 I HBD     : a skip onKeyDown as physical keyboard not connected
12-01 16:22:12.810  7295  7295 I HBD     : HoneyBoardService onKeyDown r:5fcdd1d8 consumed:false
12-01 16:22:12.810  5505  5505 I ViewRootImpl@95f91c6[MainActivity]: ViewPostIme key 0
12-01 16:22:12.811   956   956 E SurfaceFlinger: Attempt to update InputPolicyFlags without permission ACCESS_SURFACE_FLINGER
12-01 16:22:12.818  7295  7295 I HBD     : bd ous -  13 ,  13 ,  14 ,  14 ,  -1 ,  -1
12-01 16:22:12.818   694   694 W keymaster_tee: [WRN]begin req PARAMS: A32 B2 P64
12-01 16:22:12.822   694   694 D keymaster_swd: keymaster_swd [WRN] (swd_run_cb:251) swd_begin() returns 0
12-01 16:22:12.823   692  2407 I keystore2: keystore2::security_level: In create_operation. Success to create IKeystoreOperation. 10129, None
12-01 16:22:12.823  6097  6097 E .android.authf: Not starting debugger since process cannot load the jdwp agent.
12-01 16:22:12.822  1113  2139 D InputDispatcher: Inject key (5505): action=1, f=0x8, d=-1, time=70452278000000
12-01 16:22:12.823  1113  1796 I InputDispatcher: Delivering key to (5505): action: 0x1 (0), f=0x8, m=0x0, d=0, '59188c3'
12-01 16:22:12.824  7295  7295 I HBD     : al EBD cm f 1
12-01 16:22:12.824  6097  6097 E USNET   : USNET: appName: com.samsung.android.authfw
12-01 16:22:12.824  7295  7295 I HBD     : HoneyBoardService onKeyUp r:df99d947 consumed:false
12-01 16:22:12.824   694   694 D keymaster_swd: keymaster_swd [WRN] (swd_run_cb:251) swd_update() returns 0
12-01 16:22:12.824  5505  5505 I ViewRootImpl@95f91c6[MainActivity]: ViewPostIme key 1
12-01 16:22:12.825  6097  6097 D ProcessState: Binder ioctl to enable oneway spam detection failed: Invalid argument
12-01 16:22:12.826  6097  6097 D ActivityThread: setConscryptValidator
12-01 16:22:12.827  6097  6097 D ActivityThread: setConscryptValidator - put
12-01 16:22:12.827   694   694 D keymaster_swd: keymaster_swd [WRN] (swd_run_cb:251) swd_finish() returns 0
12-01 16:22:12.827  6036  6036 I [PASS][SPASS]ServicePolicyManager: isUpdatable : policy updated 2 hours ago. 1733087635746
12-01 16:22:12.827  6036  6036 I [PASS][SPASS]SPassApplication: updateServicePolicy false
12-01 16:22:12.828  6036  6036 W [PASS][CMN]PackageUtil: Can not find package [com.samsung.android.spaymini]
12-01 16:22:12.828   956   956 E SurfaceFlinger: Attempt to update InputPolicyFlags without permission ACCESS_SURFACE_FLINGER
12-01 16:22:12.828  5505  5505 I ViewInteraction: Performing 'single click' action on view an instance of android.widget.TextView and view.getText() with or without transformation to match: is "Confirm"
12-01 16:22:12.832  1113  2619 D InputDispatcher: Inject motion (5505): action=0x0, time=70452292000000, f=0x0, d=0
12-01 16:22:12.833  1113  1796 I InputDispatcher: Delivering touch to (2004): action: 0x4, f=0x0, d=0, '3912437', t=0
12-01 16:22:12.833  1113  1796 I InputDispatcher: Delivering touch to (5505): action: 0x0, f=0x0, d=0, '59188c3', t=0 +(-37,-188)
12-01 16:22:12.833  7409  7409 W TouchInteractionService: onInputEvent, inputConsumer = com.android.quickstep.-$$Lambda$InputConsumer$cayMJybMMyH-XvJ76yEWjWeqQUo@5c7d165
12-01 16:22:12.833  5505  5505 I ViewRootImpl@95f91c6[MainActivity]: ViewPostIme pointer 0
12-01 16:22:12.837  3118  3118 D HidDeviceService: handleMessage(): msg.what=8
12-01 16:22:12.838  6097  6097 D CompatibilityChangeReporter: Compat change id reported: 171979766; UID 5278; state: ENABLED
12-01 16:22:12.838  6036  6036 I [PASS][PASS]PassService: onBind:SamsungPassService
12-01 16:22:12.840  6000  6000 I [PASS][SDK]d: onServiceConnected
12-01 16:22:12.840  1113  2139 I AssistStructure: Flattened final assist data: 3440 bytes, containing 4 windows, 23 views
12-01 16:22:12.841  6036  6036 I [PASS][SPASS]SmpEventReceiver: onReceive com.samsung.android.sdk.smp.smpInitResult
12-01 16:22:12.841  6036  6036 I [PASS][SPASS]SmpEventReceiver: smp init success
12-01 16:22:12.842  6000  6000 I [SPAF]AutofillHints: findFromEditText() / entry [editTextName], hint [Name] => username
12-01 16:22:12.842  6000  6000 W [SPAF]AutofillHints: Valid autofill hint: [username]
12-01 16:22:12.842  6000  6000 I [SPAF]MetadataCollect: Add: 8, editTextName
12-01 16:22:12.842  6000  6000 I [SPAF]AutofillHints: findFromEditText() / entry [editTextEmail], hint [Email] => username
12-01 16:22:12.842  6000  6000 W [SPAF]AutofillHints: Valid autofill hint: [username]
12-01 16:22:12.842  6000  6000 I [SPAF]MetadataCollect: Add: 8, editTextEmail
12-01 16:22:12.842  6000  6000 I [SPAF]AutofillHints: findFromEditText() / entry [editTextPhone], hint [Phone] => username
12-01 16:22:12.842  6000  6000 W [SPAF]AutofillHints: Valid autofill hint: [username]
12-01 16:22:12.842  6000  6000 I [SPAF]MetadataCollect: Add: 8, editTextPhone
12-01 16:22:12.843  6000  6000 W [SPAF]AutofillHints: Valid autofill hint: [username]
12-01 16:22:12.843  6000  6000 E [SPAF]AutofillService: No valid parsed autofill fields
12-01 16:22:12.843  6000  6000 I [SPAF]PassController: Pass initialize duration: 424 - Successful
12-01 16:22:12.868 26733 26733 I SSS:AugmentedAutofillService: AugmentedAutofillService: onFillRequest()
12-01 16:22:12.871 26733 26733 I SSS:HintsManager: getEntityTypeFromResourceMap map: com.example.princeproject.MainActivity_com.example.princeproject_editTextName, value: null
12-01 16:22:12.871  1113  6888 I AssistStructure: Flattened final assist data: 3440 bytes, containing 4 windows, 23 views
12-01 16:22:12.872 26733 26733 I SSS: CustomAssistStructure: Time Test - tree creation time: 0 mS
12-01 16:22:12.872 26733 26733 I SSS:AssistStructureParser: Setting hint '3' on 1073741834
12-01 16:22:12.872 26733 26733 I SSS:AssistStructureParser: addAutofillableFields: Trying to fetch hint from parent and siblings
12-01 16:22:12.872 26733 26733 I SSS:AssistStructureParser: getHintFromParentAndSiblings() called with: fields = [{}], node = [android.app.assist.AssistStructure$ViewNode@fc5e0c], nodeCustom = [com.samsung.android.smartsuggestions.extservice.assist.AssistNodeCustom@fc133c2], viewId = [1073741825]
12-01 16:22:12.872 26733 26733 I SSS:AssistStructureParser: getHintFromParentAndSiblings() called with: fields = [{}], node = [android.app.assist.AssistStructure$ViewNode@fc5e0c], nodeCustom = [com.samsung.android.smartsuggestions.extservice.assist.AssistNodeCustom@d1455d3], viewId = [1073741825]
12-01 16:22:12.872 26733 26733 I SSS:AssistStructureParser: getHintFromParentAndSiblings - stop recursion. Parent: android.app.assist.AssistStructure$ViewNode@67ce3e0, AutoFillable Children: [1073741825, 1073741826, 1073741827, 1073741828]
12-01 16:22:12.872 26733 26733 I SSS:AssistStructureParser: Setting hint '1' on 1073741826
12-01 16:22:12.873 26733 26733 I SSS:AssistStructureParser: Setting hint '4' on 1073741827
12-01 16:22:12.873 26733 26733 I SSS:AssistStructureParser: addAutofillableFields: Trying to fetch hint from parent and siblings
12-01 16:22:12.873 26733 26733 I SSS:AssistStructureParser: getHintFromParentAndSiblings() called with: fields = [{}], node = [android.app.assist.AssistStructure$ViewNode@a5f765b], nodeCustom = [com.samsung.android.smartsuggestions.extservice.assist.AssistNodeCustom@8010510], viewId = [1073741828]
12-01 16:22:12.873 26733 26733 I SSS:AssistStructureParser: getHintFromParentAndSiblings() called with: fields = [{}], node = [android.app.assist.AssistStructure$ViewNode@a5f765b], nodeCustom = [com.samsung.android.smartsuggestions.extservice.assist.AssistNodeCustom@d1455d3], viewId = [1073741828]
12-01 16:22:12.873 26733 26733 I SSS:AssistStructureParser: getHintFromParentAndSiblings - stop recursion. Parent: android.app.assist.AssistStructure$ViewNode@67ce3e0, AutoFillable Children: [1073741825, 1073741826, 1073741827, 1073741828]
12-01 16:22:12.873 26733 26733 I SSS:AugmentedAutofillService: AssistStructureParser Hint: 0
12-01 16:22:12.873 26733 26733 I SSS:AugmentedAutofillService: onFillRequest() fail: hint not found
12-01 16:22:12.873  1113  6888 D InputDispatcher: Inject motion (5505): action=0x1, time=70452334000000, f=0x0, d=0
12-01 16:22:12.874  1113  1796 I InputDispatcher: Delivering touch to (5505): action: 0x1, f=0x0, d=0, '59188c3', t=0 +(-37,-188)
12-01 16:22:12.874  5505  5505 I ViewRootImpl@95f91c6[MainActivity]: ViewPostIme pointer 1
12-01 16:22:12.874  7409  7409 W TouchInteractionService: reset
12-01 16:22:12.878   956   956 I Layer   : id=3726 removedFromDrawingState PopupWindow:2ba4b3c$_5505#0 (129)
12-01 16:22:12.878   956   956 I Layer   : id=3724 removedFromDrawingState 57e065d PopupWindow:2ba4b3c#0 (129)
12-01 16:22:12.878   956   956 I Layer   : id=3732 removedFromDrawingState Surface(name=57e065d PopupWindow:2ba4b3c)/@0xb2c6664 - animation-leash of window_animation#0 (129)
12-01 16:22:12.879   956   956 I Layer   : id=3727 removedFromDrawingState PopupWindow:df36441$_5505#0 (129)
12-01 16:22:12.879   956   956 I Layer   : id=3725 removedFromDrawingState 133f3a0 PopupWindow:df36441#0 (129)
12-01 16:22:12.879   956   956 I Layer   : id=3733 removedFromDrawingState Surface(name=133f3a0 PopupWindow:df36441)/@0xe9c97f6 - animation-leash of window_animation#0 (129)
12-01 16:22:12.879   956   956 I SurfaceFlinger: id=3725 Removed 133f3a0 PopupWindow:df36441#0 (129)
12-01 16:22:12.879   956   956 I SurfaceFlinger: id=3727 Removed PopupWindow:df36441$_5505#0 (129)
12-01 16:22:12.879   956   956 I SurfaceFlinger: id=3724 Removed 57e065d PopupWindow:2ba4b3c#0 (129)
12-01 16:22:12.879   956   956 I SurfaceFlinger: id=3726 Removed PopupWindow:2ba4b3c$_5505#0 (129)
12-01 16:22:12.879   956   956 I SurfaceFlinger: id=3733 Removed Surface(name=133f3a0 PopupWindow:df36441)/@0xe9c97f6 - animation-leash of window_animation#0 (129)
12-01 16:22:12.879   956   956 I SurfaceFlinger: id=3732 Removed Surface(name=57e065d PopupWindow:2ba4b3c)/@0xb2c6664 - animation-leash of window_animation#0 (129)
12-01 16:22:12.880   956   956 I Layer   : id=3732 Destroyed Surface(name=57e065d PopupWindow:2ba4b3c)/@0xb2c6664 - animation-leash of window_animation#0
12-01 16:22:12.880   956   956 I Layer   : id=3724 Destroyed 57e065d PopupWindow:2ba4b3c#0
12-01 16:22:12.880   956   956 I Layer   : id=3733 Destroyed Surface(name=133f3a0 PopupWindow:df36441)/@0xe9c97f6 - animation-leash of window_animation#0
12-01 16:22:12.880   956   956 I Layer   : id=3725 Destroyed 133f3a0 PopupWindow:df36441#0
12-01 16:22:12.881  7295  7295 I HBD     : HoneyBoardService onInlineSuggestionsResponse
12-01 16:22:12.884   956   956 I Layer   : id=3727 Destroyed PopupWindow:df36441$_5505#0
12-01 16:22:12.884   956   956 I Layer   : id=3726 Destroyed PopupWindow:2ba4b3c$_5505#0
12-01 16:22:12.889   956   956 D SurfaceFlinger: Display 4630947232161729153 HWC layers:
12-01 16:22:12.889   956   956 D SurfaceFlinger:      DEVICE | 0xb400006e32910360 | 0102 | RGBA_8888    |    0.0    0.0 1440.0 3040.0 |    0    0 1440 3040 | com.example.princeproject/com.example.princeproject.MainActivity$_5505#0
12-01 16:22:12.889   956   956 D SurfaceFlinger:  SOLID_COLOR |              | 0000 |  Unknown  |    0.0    0.0    0.0    0.0 |    0    0 1440 3040 | Dim Layer for - Task=1722#0
12-01 16:22:12.889   956   956 D SurfaceFlinger:      DEVICE | 0xb400006e328db830 | 0100 | RGBA_8888    |   75.0    0.0 1515.0 1830.0 |    0   76 1440 1906 | com.example.princeproject/com.example.princeproject.MainActivity$_5505#1
12-01 16:22:12.889   956   956 D SurfaceFlinger:      DEVICE | 0xb400006e32907480 | 0100 | RGBA_8888    |    0.0    0.0 1440.0 2890.0 |    0  150 1440 3040 | InputMethod$_7295#0
12-01 16:22:12.889   956   956 D SurfaceFlinger:      DEVICE | 0xb400006e329087a0 | 0100 | RGBA_8888    |    0.0    0.0 1440.0  150.0 |    0    0 1440  150 | StatusBar$_2004#0
12-01 16:22:12.889   956   956 D SurfaceFlinger:      DEVICE | 0xb400006e32908d40 | 0100 | RGBA_8888    |    0.0    0.0   67.0  441.0 | 1373  665 1440 1106 | com.samsung.android.app.cocktailbars[...]rservice.CocktailBarService$_16650#0
12-01 16:22:12.889   956   956 D SurfaceFlinger:      DEVICE | 0xb400006e3290b1d0 | 0100 | RGBA_
12-01 16:22:12.889   956   956 D SurfaceFlinger: 8888    |    0.0    0.0  703.0  154.0 |  368 2609 1071 2763 | Toast$_2004#0
12-01 16:22:12.889   956   956 D SurfaceFlinger:      DEVICE | 0xb400006e32907630 | 0100 | RGBA_8888    |    0.0    0.0  518.0   53.0 |  922 2987 1440 3040 | SGestureOverlayWindow$_7409#0
12-01 16:22:12.889   956   956 D SurfaceFlinger:      DEVICE | 0xb400006e32912f40 | 0100 | RGBA_8888    |    0.0    0.0 1440.0  168.0 |    0 2872 1440 3040 | NavigationBar0$_2004#0
12-01 16:22:12.889   956   956 D SurfaceFlinger:
12-01 16:22:12.890  5505  5505 W UiControllerImpl: ignoring signal of: MOTION_INJECTION_HAS_COMPLETED from previous generation: 103 current generation: 104
12-01 16:22:12.895   956   956 E SurfaceFlinger: Attempt to update InputPolicyFlags without permission ACCESS_SURFACE_FLINGER
12-01 16:22:12.900   956  1083 I SurfaceFlinger: id=3734 createSurf (0x0),-1 flag=80004, WindowToken{cc2f0e8 android.os.Binder@2daa0b}#0
12-01 16:22:12.906  1113  3064 W NetlinkSocket: maximum read
12-01 16:22:12.906  5505  5672 D HardwareRendererCompat: Failed to reflectively call HardwareRenderer#isDrawingEnabled. It probably doesn't exist on this platform. Returning true.
12-01 16:22:12.907  5505  5672 I HardwareRendererCompat: Failed to reflectively call HardwareRenderer#setDrawingEnabled.  It probably doesn't exist on this platform. Ignoring.
12-01 16:22:12.908  1113  3075 W LocationManagerService: onFreezeStateChanged, uid[10075]=false
12-01 16:22:12.908  3118 26546 W BtGatt.GattService: unfreezeScan() - No AppScanStats found with uid: 10075
12-01 16:22:12.908   774 13783 E TrafficController: FREECESS
12-01 16:22:12.910  1113  3064 W NetlinkSocket: maximum read
12-01 16:22:12.910  1113  3064 W NetlinkSocket: maximum read
12-01 16:22:12.912   956   956 E SurfaceFlinger: Attempt to update InputPolicyFlags without permission ACCESS_SURFACE_FLINGER
12-01 16:22:12.913 18247 18247 I Water:WatchSettings: SettingsCompanion.Talkback is on : false isFirstOn : true
12-01 16:22:12.914  6097  6097 I [AUTHFW][PASS]AuthFwApp:  onCreate
12-01 16:22:12.928  6097  6097 I [AUTHFW][TZ]TzAppAsset: AFD
12-01 16:22:12.928   956   956 E SurfaceFlinger: Attempt to update InputPolicyFlags without permission ACCESS_SURFACE_FLINGER
12-01 16:22:12.928  6097  6097 I [AUTHFW][TZ]TzAppAsset: Found
12-01 16:22:12.928  6097  6097 I [AUTHFW][TZ]TzApp: Start using TzAppAsset as TzApp
12-01 16:22:12.928 24996 25026 I aljb    : NGA disabled since it's running Panthera and at least one a11y feature is on.
12-01 16:22:12.929  6097  6097 I [AUTHFW][TZ]TzAppAsset: AFD
12-01 16:22:12.930 24996 25026 I aljb    : (REDACTED) Nga state changed to %s
12-01 16:22:12.930  6097  6097 I SAMgr_AM: ta is null
12-01 16:22:12.930 24996 25026 I aljb    : (REDACTED) isTngActive=%s
12-01 16:22:12.930  5505  5505 D DeviceCapture: Found 2 global views to redraw
12-01 16:22:12.936  6097  6097 I android_os_HwBinder: HwBinder: Starting thread pool for getting: vendor.samsung.hardware.authfw@1.0::ISehAuthenticationFramework/default
12-01 16:22:12.939  5505  5505 I forceRedraw: FrameCommitCallback complete
12-01 16:22:12.941 24996  6132 I absd    : (REDACTED) Successfully received auth token for scope: %s in time %d ms
12-01 16:22:12.941 24996  6133 I absd    : (REDACTED) Successfully received auth token for scope: %s in time %d ms
12-01 16:22:12.945   956   956 E SurfaceFlinger: Attempt to update InputPolicyFlags without permission ACCESS_SURFACE_FLINGER
12-01 16:22:12.945   956   956 E SurfaceFlinger: Attempt to update InputPolicyFlags without permission ACCESS_SURFACE_FLINGER
12-01 16:22:12.949  5505  5505 I forceRedraw: FrameCommitCallback complete
12-01 16:22:12.954 24996  6135 I absd    : (REDACTED) Successfully received auth token for scope: %s in time %d ms
12-01 16:22:12.957 13224 13263 I tgt     : (REDACTED) Nga on-device enabled based on TNG:MA active state: %b
12-01 16:22:12.957 13224 13263 I tgt     : (REDACTED) Nga on-device enabled based on TNG:MA active state: %b
12-01 16:22:12.962   956   956 E SurfaceFlinger: Attempt to update InputPolicyFlags without permission ACCESS_SURFACE_FLINGER
12-01 16:22:12.965 10663 10663 I vendor.samsung.hardware.authfw@1.0-TlcProxyAuthnr: init
12-01 16:22:12.974  5435  5486 D hw-ProcessState: Binder ioctl to enable oneway spam detection failed: Invalid argument
12-01 16:22:12.978   956   956 E SurfaceFlinger: Attempt to update InputPolicyFlags without permission ACCESS_SURFACE_FLINGER
12-01 16:22:12.992 10663 10663 I vendor.samsung.hardware.authfw@1.0-TlcProxyAuthnr: process
12-01 16:22:12.992 10663 10663 I tlcFidoAuthnr: process start.
12-01 16:22:12.992 10663 10663 I tlcFidoAuthnr: process start. state:1
12-01 16:22:12.992 10663 10663 I tlcFidoAuthnr: processPass start. state:2
12-01 16:22:12.993  6097  6097 I SAMgr_HS: ret: true, 22
12-01 16:22:12.993 10663 10663 I vendor.samsung.hardware.authfw@1.0-TlcProxyAuthnr: terminate
12-01 16:22:12.993 10663 10663 I tlcFidoAuthnr: terminateFido start.
12-01 16:22:12.993 10663 10663 I tlcFidoAuthnr: terminateFido start. state:1
12-01 16:22:12.994  6097  6097 I [AUTHFW][TZ]TzApp: TAD - Use assets
12-01 16:22:12.995  6097  6097 I [PASS][SDK]SamsungPassService: initialize()
12-01 16:22:12.995  6097  6138 I [AUTHFW][TZ]TzUtil: idt start
12-01 16:22:12.995   956   956 E SurfaceFlinger: Attempt to update InputPolicyFlags without permission ACCESS_SURFACE_FLINGER
12-01 16:22:12.995  6097  6138 I [AUTHFW][TZ]TzAppAsset: AFD
12-01 16:22:12.996  6097  6097 I [PASS][SDK]h: bind
12-01 16:22:13.000  6097  6097 I [AUTHFW][PASS]PassService: personaId : 0
12-01 16:22:13.000   614  1499 I servicemanager: Adding 'u:r:platform_app:s0:c512,c768' service (com.samsung.android.pass.IPassService:6097)
12-01 16:22:13.001  6097  6097 I [AUTHFW][PASS]PassService: onBind:PassOperation
12-01 16:22:13.003  6036  6036 I [AUTHFW][PSDK]PassServiceConnection: onServiceConnected
12-01 16:22:13.004  6097  6138 I SAMgr_AM: ta is null
12-01 16:22:13.005  6097  6097 I [PASS][SDK]h: onServiceConnected
12-01 16:22:13.005  6097  6097 I [AUTHFW][PASS]AuthFwApp: Samsung Pass Service is connected
12-01 16:22:13.006  6036  6036 I [PASS][SPASS]SPassApplication: pass connected
12-01 16:22:13.012   956   956 E SurfaceFlinger: Attempt to update InputPolicyFlags without permission ACCESS_SURFACE_FLINGER
12-01 16:22:13.021  5610  5610 D BoundBrokerSvc: onUnbind: Intent { act=com.google.android.gms.measurement.START pkg=com.google.android.gms }
12-01 16:22:13.024 10663 10663 I vendor.samsung.hardware.authfw@1.0-TlcProxyAuthnr: init
12-01 16:22:13.027 24996  6131 I absd    : (REDACTED) Successfully received auth token for scope: %s in time %d ms
12-01 16:22:13.028   956   956 E SurfaceFlinger: Attempt to update InputPolicyFlags without permission ACCESS_SURFACE_FLINGER
12-01 16:22:13.040  5435  6141 D SemCscFeature: Encoded
12-01 16:22:13.041  5435  6141 D OpenGLRenderer: RenderThread::requireGlContext()
12-01 16:22:13.043  5435  6141 D libEGL  : loaded /vendor/lib64/egl/libEGL_adreno.so
12-01 16:22:13.045   956   956 E SurfaceFlinger: Attempt to update InputPolicyFlags without permission ACCESS_SURFACE_FLINGER
12-01 16:22:13.049 10663 10663 I vendor.samsung.hardware.authfw@1.0-TlcProxyAuthnr: process
12-01 16:22:13.049 10663 10663 I tlcFidoAuthnr: process start.
12-01 16:22:13.049 10663 10663 I tlcFidoAuthnr: process start. state:1
12-01 16:22:13.049 10663 10663 I tlcFidoAuthnr: processPass start. state:2
12-01 16:22:13.050  6097  6138 I SAMgr_HS: ret: true, 10
12-01 16:22:13.051 10663 10663 I vendor.samsung.hardware.authfw@1.0-TlcProxyAuthnr: terminate
12-01 16:22:13.051 10663 10663 I tlcFidoAuthnr: terminateFido start.
12-01 16:22:13.051 10663 10663 I tlcFidoAuthnr: terminateFido start. state:1
12-01 16:22:13.055  1113  2619 D IcccManagerService: IcccManagerService() - Valid Caller
12-01 16:22:13.060   615   615 I hwservicemanager: Since vendor.samsung.hardware.tlc.iccc@1.0::ISehIccc/default is not registered, trying to start it as a lazy HAL.
12-01 16:22:13.062   956   956 E SurfaceFlinger: Attempt to update InputPolicyFlags without permission ACCESS_SURFACE_FLINGER
12-01 16:22:13.063   615   615 I hwservicemanager: Since vendor.samsung.hardware.tlc.iccc@1.0::ISehIccc/default is not registered, trying to start it as a lazy HAL.
12-01 16:22:13.064  1113  2619 I HidlServiceManagement: getService: Trying again for vendor.samsung.hardware.tlc.iccc@1.0::ISehIccc/default...
12-01 16:22:13.073  5435  6141 D libEGL  : loaded /vendor/lib64/egl/libGLESv1_CM_adreno.so
12-01 16:22:13.077  5435  6141 D libEGL  : loaded /vendor/lib64/egl/libGLESv2_adreno.so
12-01 16:22:13.078   956   956 E SurfaceFlinger: Attempt to update InputPolicyFlags without permission ACCESS_SURFACE_FLINGER
12-01 16:22:13.095   956   956 E SurfaceFlinger: Attempt to update InputPolicyFlags without permission ACCESS_SURFACE_FLINGER
12-01 16:22:13.099  5435  6141 E libEGL  : dlopen("libSEC_EGL.so") failed: dlopen failed: library "libSEC_EGL.so" not found
12-01 16:22:13.101  5435  6141 I AdrenoGLES-0: QUALCOMM build                   : 3dad7f8ed7, I593c16c433
12-01 16:22:13.101  5435  6141 I AdrenoGLES-0: Build Date                       : 10/01/21
12-01 16:22:13.101  5435  6141 I AdrenoGLES-0: OpenGL ES Shader Compiler Version: EV031.32.02.02
12-01 16:22:13.101  5435  6141 I AdrenoGLES-0: Local Branch                     :
12-01 16:22:13.101  5435  6141 I AdrenoGLES-0: Remote Branch                    : refs/tags/AU_LINUX_ANDROID_LA.UM.9.1.R1.11.00.00.604.073
12-01 16:22:13.101  5435  6141 I AdrenoGLES-0: Remote Branch                    : NONE
12-01 16:22:13.101  5435  6141 I AdrenoGLES-0: Reconstruct Branch               : NOTHING
12-01 16:22:13.102  5435  6141 I AdrenoGLES-0: Build Config                     : S P 10.0.7 AArch64
12-01 16:22:13.102  5435  6141 I AdrenoGLES-0: Driver Path                      : /vendor/lib64/egl/libGLESv2_adreno.so
12-01 16:22:13.105  5435  6141 I AdrenoGLES-0: PFP: 0x016ee190, ME: 0x00000000
12-01 16:22:13.109  5435  6141 D OpenGLRenderer: RenderThread::setGrContext()
12-01 16:22:13.112   956   956 E SurfaceFlinger: Attempt to update InputPolicyFlags without permission ACCESS_SURFACE_FLINGER
12-01 16:22:13.129   956   956 E SurfaceFlinger: Attempt to update InputPolicyFlags without permission ACCESS_SURFACE_FLINGER
12-01 16:22:13.136  6144  6144 E HidlServiceManagement: Process age: process started in future: 688406390 after 70452597
12-01 16:22:13.136  6144  6144 I HidlServiceManagement: Removing namespace from process name vendor.samsung.hardware.tlc.iccc@1.0-service to iccc@1.0-service.
12-01 16:22:13.139  6144  6144 I TZ_ICCC_initialize_TLC: process = tz_iccc, process_strlen = 7
12-01 16:22:13.140   615   615 I hw-BpHwBinder: onLastStrongRef automatically unlinking death recipients
12-01 16:22:13.140  6144  6144 E ion     : ioctl c0044901 failed with code -1: Inappropriate ioctl for device
12-01 16:22:13.146   956   956 E SurfaceFlinger: Attempt to update InputPolicyFlags without permission ACCESS_SURFACE_FLINGER
12-01 16:22:13.162   956   956 E SurfaceFlinger: Attempt to update InputPolicyFlags without permission ACCESS_SURFACE_FLINGER
12-01 16:22:13.179   956   956 E SurfaceFlinger: Attempt to update InputPolicyFlags without permission ACCESS_SURFACE_FLINGER
12-01 16:22:13.179  5505  5505 I DeviceCapture: got bitmap, returning
12-01 16:22:13.179  5505  5505 I HardwareRendererCompat: Failed to reflectively call HardwareRenderer#setDrawingEnabled.  It probably doesn't exist on this platform. Ignoring.
12-01 16:22:13.184  5505  5672 D FileTestStorage: openOutputFile from /sdcard/Android/media/com.example.princeproject/additional_test_output/view-op-error-1.png
12-01 16:22:13.195   956   956 E SurfaceFlinger: Attempt to update InputPolicyFlags without permission ACCESS_SURFACE_FLINGER
12-01 16:22:13.212   956   956 E SurfaceFlinger: Attempt to update InputPolicyFlags without permission ACCESS_SURFACE_FLINGER
12-01 16:22:13.215  6144  6147 I TZ_ICCC_device_status_TLC: Trustlet response is completed
12-01 16:22:13.216  6144  6147 I TZ_ICCC_device_status_TLC: returning in the end of the method
12-01 16:22:13.216  6144  6147 I ICCC_HIDL_SERVICE: HIDL server return from ICCC ICCC_device_status api
12-01 16:22:13.216  1113  2619 I ICCC_HIDL_CLIENT: ICCC_device_status service returned success
12-01 16:22:13.216  1113  2619 I system_server: ICCC - Success to get_device_status TZ ICCC, comp_type = 2 and ret = 0
12-01 16:22:13.224  6614  8446 W MediaProvider: isAppCloneUserPair for user 0: false
12-01 16:22:13.229   956   956 E SurfaceFlinger: Attempt to update InputPolicyFlags without permission ACCESS_SURFACE_FLINGER
12-01 16:22:13.245   956   956 E SurfaceFlinger: Attempt to update InputPolicyFlags without permission ACCESS_SURFACE_FLINGER
12-01 16:22:13.262   956   956 E SurfaceFlinger: Attempt to update InputPolicyFlags without permission ACCESS_SURFACE_FLINGER
12-01 16:22:13.279   956   956 E SurfaceFlinger: Attempt to update InputPolicyFlags without permission ACCESS_SURFACE_FLINGER
12-01 16:22:13.296   956   956 E SurfaceFlinger: Attempt to update InputPolicyFlags without permission ACCESS_SURFACE_FLINGER
12-01 16:22:13.311  8311  8667 W ExifInterface: Invalid image: ExifInterface got an unsupported image format file(ExifInterface supports JPEG and some RAW image formats only) or a corrupted JPEG file to ExifInterface.
12-01 16:22:13.311  8311  8667 W ExifInterface: java.io.IOException: Encountered corrupt PNG file.
12-01 16:22:13.311  8311  8667 W ExifInterface: 	at android.media.ExifInterface.getPngAttributes(ExifInterface.java:3432)
12-01 16:22:13.311  8311  8667 W ExifInterface: 	at android.media.ExifInterface.loadAttributes(ExifInterface.java:2009)
12-01 16:22:13.311  8311  8667 W ExifInterface: 	at android.media.ExifInterface.<init>(ExifInterface.java:1641)
12-01 16:22:13.311  8311  8667 W ExifInterface: 	at android.media.ExifInterface.<init>(ExifInterface.java:1592)
12-01 16:22:13.311  8311  8667 W ExifInterface: 	at com.samsung.android.providers.media.scan.MediaParser.getDateTimeOriginal(MediaParser.java:404)
12-01 16:22:13.311  8311  8667 W ExifInterface: 	at com.samsung.android.providers.media.scan.MediaParser.computeDateMetadata(MediaParser.java:386)
12-01 16:22:13.311  8311  8667 W ExifInterface: 	at com.samsung.android.providers.media.sync.MediaSync.upsert(MediaSync.java:434)
12-01 16:22:13.311  8311  8667 W ExifInterface: 	at com.samsung.android.providers.media.sync.MediaSync.loadInternal(MediaSync.java:394)
12-01 16:22:13.311  8311  8667 W ExifInterface: 	at com.samsung.android.providers.media.sync.MediaSync.load(MediaSync.java:335)
12-01 16:22:13.311  8311  8667 W ExifInterface: 	at com.samsung.android.providers.media.sync.MediaSync.access$200(MediaSync.java:88)
12-01 16:22:13.311  8311  8667 W ExifInterface: 	at com.samsung.android.providers.media.sync.MediaSync$SyncTask.run(MediaSync.java:486)
12-01 16:22:13.311  8311  8667 W ExifInterface: 	at android.os.Handler.handleCallback(Handler.java:938)
12-01 16:22:13.311  8311  8667 W ExifInterface: 	at android.os.Handler.dispatchMessage(Handler.java:99)
12-01 16:22:13.311  8311  8667 W ExifInterface: 	at android.os.Looper.loopOnce(Looper.java:226)
12-01 16:22:13.311  8311  8667 W ExifInterface: 	at android.os.Looper.loop(Looper.java:313)
12-01 16:22:13.311  8311  8667 W ExifInterface: 	at android.os.HandlerThread.run(HandlerThread.java:67)
12-01 16:22:13.312   956   956 E SurfaceFlinger: Attempt to update InputPolicyFlags without permission ACCESS_SURFACE_FLINGER
12-01 16:22:13.346   956   956 E SurfaceFlinger: Attempt to update InputPolicyFlags without permission ACCESS_SURFACE_FLINGER
12-01 16:22:13.362   956   956 E SurfaceFlinger: Attempt to update InputPolicyFlags without permission ACCESS_SURFACE_FLINGER
12-01 16:22:13.375  8311  8667 D MediaSync: loaded: 127ms, 1
12-01 16:22:13.379   956   956 E SurfaceFlinger: Attempt to update InputPolicyFlags without permission ACCESS_SURFACE_FLINGER
12-01 16:22:13.396   956   956 E SurfaceFlinger: Attempt to update InputPolicyFlags without permission ACCESS_SURFACE_FLINGER
12-01 16:22:13.412   956   956 E SurfaceFlinger: Attempt to update InputPolicyFlags without permission ACCESS_SURFACE_FLINGER
12-01 16:22:13.429   956   956 E SurfaceFlinger: Attempt to update InputPolicyFlags without permission ACCESS_SURFACE_FLINGER
12-01 16:22:13.446   956   956 E SurfaceFlinger: Attempt to update InputPolicyFlags without permission ACCESS_SURFACE_FLINGER
12-01 16:22:13.451  1113  7250 I SemDvfsHyPerManager: acquire hyper - AMS_ACT_START/1113@20, type = -999
12-01 16:22:13.453   860   935 I HYPER-HAL: [RequestManager.cpp]acquire(): Acquired ID : 642431  [1113 / 20]    HINT : AMS_ACT_START    list :
12-01 16:22:13.454   956  1012 I SurfaceFlinger: id=3735 createSurf (0x0),-1 flag=80004, ActivityRecord{9e685e1 u0 com.example.princeproject/androidx.test.core.app.InstrumentationActivityInvoker$EmptyActivity t1722}#0
12-01 16:22:13.460   773   783 E statsd  : Predicate -7037417284711607308 dropping data for dimension key (10)0x2010101->10605[I] (10)0x30000->*launch*[S]
12-01 16:22:13.462   773   783 E statsd  : Predicate 5980654721335871649 dropping data for dimension key (10)0x2010101->10605[I] (10)0x30000->*launch*[S]
12-01 16:22:13.463   956   956 E SurfaceFlinger: Attempt to update InputPolicyFlags without permission ACCESS_SURFACE_FLINGER
12-01 16:22:13.465  1113  1437 D PersonaActivityHelper: Activity not in resumed state, do not run immediate lock
12-01 16:22:13.466  5505  5505 D LifecycleMonitor: Lifecycle status change: com.example.princeproject.MainActivity@637017f in: PAUSED
12-01 16:22:13.467  5505  5505 V ActivityScenario: Update currentActivityStage to PAUSED, currentActivity=com.example.princeproject.MainActivity@637017f
12-01 16:22:13.471  1113  7250 D InputDispatcher: Focused application set to (0): 9e685e1
12-01 16:22:13.480   956   956 E SurfaceFlinger: Attempt to update InputPolicyFlags without permission ACCESS_SURFACE_FLINGER
12-01 16:22:13.490   956   956 I Layer   : id=3736 Destroyed Screenshot Parent
12-01 16:22:13.493   956  1083 I SurfaceFlinger: id=3737 createSurf (0x0),1 flag=40004, IME-snapshot-surface#0
12-01 16:22:13.496   956  1083 I SurfaceFlinger: id=3738 createSurf (0x0),-1 flag=24000, Surface(name=ec3730b StatusBar)/@0x5513739 - animation-leash of insets_animation#0
12-01 16:22:13.496   956   956 E SurfaceFlinger: Attempt to update InputPolicyFlags without permission ACCESS_SURFACE_FLINGER
12-01 16:22:13.505  1113  1437 I SemPersonaManager: SecureFolder personaId = 150
12-01 16:22:13.509  5505  5505 D LifecycleMonitor: Lifecycle status change: androidx.test.core.app.InstrumentationActivityInvoker$EmptyActivity@ccb93fc in: PRE_ON_CREATE
12-01 16:22:13.509  1113  1437 D EnterpriseDeviceManagerService: isMdmAdminPresentInternal() : MDM Admin Found - com.samsung.android.knox.containercore
12-01 16:22:13.510  5505  5505 V ActivityScenario: Activity lifecycle changed event received but ignored because the intent does not match. startActivityIntent=Intent { act=android.intent.action.MAIN cat=[android.intent.category.LAUNCHER] flg=0x10008000 cmp=com.example.princeproject/.MainActivity }, activity.getIntent()=Intent { act=android.intent.action.MAIN cat=[android.intent.category.LAUNCHER] flg=0x10000000 cmp=com.example.princeproject/androidx.test.core.app.InstrumentationActivityInvoker$EmptyActivity }, activity=androidx.test.core.app.InstrumentationActivityInvoker$EmptyActivity@ccb93fc
12-01 16:22:13.512   956   956 I Layer   : id=3717 removedFromDrawingState Surface(name=ec3730b StatusBar)/@0x5513739 - animation-leash of insets_animation#1 (127)
12-01 16:22:13.512   956   956 E SurfaceFlinger: Attempt to update InputPolicyFlags without permission ACCESS_SURFACE_FLINGER
12-01 16:22:13.513 16650 16650 I Utils   : HomePackage : com.sec.android.app.launcher, resumePackageName : com.example.princeproject
12-01 16:22:13.517  5505  5505 I DecorView: [INFO] isPopOver=false, config=true
12-01 16:22:13.517  5505  5505 I DecorView: updateCaptionType >> DecorView@db33132[], isFloating=false, isApplication=true, hasWindowControllerCallback=true, hasWindowDecorCaption=false
12-01 16:22:13.517  5505  5505 D DecorView: setCaptionType = 0, this = DecorView@db33132[]
12-01 16:22:13.519  5505  5505 I DecorView: getCurrentDensityDpi: from real metrics. densityDpi=560 msg=resources_loaded
12-01 16:22:13.521  5505  5505 D LifecycleMonitor: Lifecycle status change: androidx.test.core.app.InstrumentationActivityInvoker$EmptyActivity@ccb93fc in: CREATED
12-01 16:22:13.522  5505  5505 V ActivityScenario: Activity lifecycle changed event received but ignored because the intent does not match. startActivityIntent=Intent { act=android.intent.action.MAIN cat=[android.intent.category.LAUNCHER] flg=0x10008000 cmp=com.example.princeproject/.MainActivity }, activity.getIntent()=Intent { act=android.intent.action.MAIN cat=[android.intent.category.LAUNCHER] flg=0x10000000 cmp=com.example.princeproject/androidx.test.core.app.InstrumentationActivityInvoker$EmptyActivity }, activity=androidx.test.core.app.InstrumentationActivityInvoker$EmptyActivity@ccb93fc
12-01 16:22:13.522   956   956 D SurfaceFlinger: Display 4630947232161729153 HWC layers:
12-01 16:22:13.522   956   956 D SurfaceFlinger:      DEVICE | 0xb400006e328e5f40 | 0102 | RGBA_8888    |    0.0    0.0 1440.0 3040.0 |    0    0 1440 3040 | com.example.princeproject/com.example.princeproject.MainActivity$_5505#0
12-01 16:22:13.522   956   956 D SurfaceFlinger:  SOLID_COLOR |              | 0000 |  Unknown  |    0.0    0.0    0.0    0.0 |    0    0 1440 3040 | Dim Layer for - Task=1722#0
12-01 16:22:13.522   956   956 D SurfaceFlinger:      DEVICE | 0xb400006e328ff9e0 | 0100 | RGBA_8888    |   75.0    0.0 1515.0 1830.0 |    0   76 1440 1906 | com.example.princeproject/com.example.princeproject.MainActivity$_5505#1
12-01 16:22:13.522   956   956 D SurfaceFlinger:      DEVICE | 0xb400006e328fddc0 | 0000 | RGBA_8888    |    0.0    0.0 1440.0 2890.0 |    0  150 1440 3040 | IME-snapshot-surface#0
12-01 16:22:13.522   956   956 D SurfaceFlinger:      DEVICE | 0xb400006e328df340 | 0100 | RGBA_8888    |    0.0    0.0 1440.0 2890.0 |    0  150 1440 3040 | InputMethod$_7295#0
12-01 16:22:13.522   956   956 D SurfaceFlinger:      DEVICE | 0xb400006e32912010 | 0100 | RGBA_8888    |    0.0    0.0 1440.0  150.0 |    0    0 1440  150 | StatusBar$_2004#0
12-01 16:22:13.522   956   956 D SurfaceFlinger:      DEVICE | 0xb400006e32908d40 | 0100 | RGBA_8888    |    0.0    0.0   67.0  441.0 | 1373  665 1440
12-01 16:22:13.522   956   956 D SurfaceFlinger: 1106 | com.samsung.android.app.cocktailbars[...]rservice.CocktailBarService$_16650#0
12-01 16:22:13.522   956   956 D SurfaceFlinger:      DEVICE | 0xb400006e3290b1d0 | 0100 | RGBA_8888    |    0.0    0.0  703.0  154.0 |  368 2609 1071 2763 | Toast$_2004#0
12-01 16:22:13.522   956   956 D SurfaceFlinger:      DEVICE | 0xb400006e32907630 | 0100 | RGBA_8888    |    0.0    0.0  518.0   53.0 |  922 2987 1440 3040 | SGestureOverlayWindow$_7409#0
12-01 16:22:13.522   956   956 D SurfaceFlinger:      DEVICE | 0xb400006e32912f40 | 0100 | RGBA_8888    |    0.0    0.0 1440.0  168.0 |    0 2872 1440 3040 | NavigationBar0$_2004#0
12-01 16:22:13.522   956   956 D SurfaceFlinger:
12-01 16:22:13.524  5505  5505 D LifecycleMonitor: Lifecycle status change: androidx.test.core.app.InstrumentationActivityInvoker$EmptyActivity@ccb93fc in: STARTED
