12-01 16:22:01.424  5683  5752 D ConnectivityManager: StackLog: [android.net.ConnectivityManager.sendRequestForNetwork(ConnectivityManager.java:3925)] [android.net.ConnectivityManager.registerDefaultNetworkCallbackForUid(ConnectivityManager.java:4489)] [android.net.ConnectivityManager.registerDefaultNetworkCallback(ConnectivityManager.java:4456)] [android.net.ConnectivityManager.registerDefaultNetworkCallback(ConnectivityManager.java:4430)] [bg$$ExternalSyntheticApiModelOutline1.m(D8$$SyntheticClass:60)] [lkd.b(PG:32)] [lkh.b(PG:22)] [lji.h(PG:9)] [ljf.a(PG:1)] [_6.<init>(PG:98)] [_1273.<init>(PG:1)] [ljt.a(PG:7)] [ljv.b(PG:84)] [kxi.d(PG:5)] [_1218.w(PG:1)] [yat.a(PG:6)] [lva.aK(PG:1898)] [lva.c(PG:234)] [lva.b(PG:2)] [azik.D(PG:62)] [azik.k(PG:8)] [azik.h(PG:4)] [oyn.run(PG:525)] [awyb.call(PG:3)] [awxy.call(PG:3)] [awyr.call(PG:9)] [awyi.run(PG:61)] [java.util.concurrent.ThreadPoolExecutor.runWorker(ThreadPoolExecutor.java:1167)] [java.util.concurrent.ThreadPoolExecutor$Worker.run(ThreadPoolExecutor.java:641)] [java.lang.Thread.run(Thread.java:920)] [awxs.run(PG:6)]
12-01 16:22:01.425  1113  7224 D ConnectivityService: requestNetwork for uid/pid:10273/5683 activeRequest: null callbackRequest: 6827 [NetworkRequest [ REQUEST id=6828, [ Capabilities: INTERNET&NOT_RESTRICTED&TRUSTED&NOT_VCN_MANAGED Uid: 10273 RequestorUid: 10273 RequestorPkg: com.google.android.apps.photos] ]] callback flags: 0 priority: 2147483647
12-01 16:22:01.426  1113  1835 D ConnectivityService: NetworkReassignment :
12-01 16:22:01.426  1113  1835 D ConnectivityService:   6828 : null → 140
12-01 16:22:01.426  1113  1835 D ConnectivityService:    accepting network in place of null
12-01 16:22:01.427  1113  1825 D WifiNetworkFactory: got request NetworkRequest [ REQUEST id=6828, [ Capabilities: INTERNET&NOT_RESTRICTED&TRUSTED&NOT_VCN_MANAGED Uid: 10273 RequestorUid: 10273 RequestorPkg: com.google.android.apps.photos] ]
12-01 16:22:01.427  1113  1825 D UntrustedWifiNetworkFactory: got request NetworkRequest [ REQUEST id=6828, [ Capabilities: INTERNET&NOT_RESTRICTED&TRUSTED&NOT_VCN_MANAGED Uid: 10273 RequestorUid: 10273 RequestorPkg: com.google.android.apps.photos] ]
12-01 16:22:01.427  1113  1825 D OemPaidWifiNetworkFactory: got request NetworkRequest [ REQUEST id=6828, [ Capabilities: INTERNET&NOT_RESTRICTED&TRUSTED&NOT_VCN_MANAGED Uid: 10273 RequestorUid: 10273 RequestorPkg: com.google.android.apps.photos] ]
12-01 16:22:01.429  5803  5803 I libc    : SetHeapTaggingLevel: tag level set to 0
12-01 16:22:01.440   956   956 E SurfaceFlinger: Attempt to update InputPolicyFlags without permission ACCESS_SURFACE_FLINGER
12-01 16:22:01.448  5803  5803 E .filterprovide: Not starting debugger since process cannot load the jdwp agent.
12-01 16:22:01.450  5803  5803 E USNET   : USNET: appName: com.samsung.android.provider.filterprovider
12-01 16:22:01.450  5803  5803 D ProcessState: Binder ioctl to enable oneway spam detection failed: Invalid argument
12-01 16:22:01.452  5803  5803 D ActivityThread: setConscryptValidator
12-01 16:22:01.452  5803  5803 D ActivityThread: setConscryptValidator - put
12-01 16:22:01.457   956   956 E SurfaceFlinger: Attempt to update InputPolicyFlags without permission ACCESS_SURFACE_FLINGER
12-01 16:22:01.465  5803  5803 D CompatibilityChangeReporter: Compat change id reported: 171979766; UID 1000; state: DISABLED
12-01 16:22:01.465 24996 24996 I cinf    : onStop
12-01 16:22:01.473   956   956 E SurfaceFlinger: Attempt to update InputPolicyFlags without permission ACCESS_SURFACE_FLINGER
12-01 16:22:01.490   956   956 E SurfaceFlinger: Attempt to update InputPolicyFlags without permission ACCESS_SURFACE_FLINGER
12-01 16:22:01.507   956   956 E SurfaceFlinger: Attempt to update InputPolicyFlags without permission ACCESS_SURFACE_FLINGER
12-01 16:22:01.515  1113  1476 I libprocessgroup: Successfully killed process cgroup uid 10061 pid 3081 in 5ms
12-01 16:22:01.523 31636 31636 I GOS:App : onTrimMemory 60
12-01 16:22:01.524   956   956 E SurfaceFlinger: Attempt to update InputPolicyFlags without permission ACCESS_SURFACE_FLINGER
12-01 16:22:01.524  1113  1899 D SemNscXgbMsL1: Probability - Cloud gaming: [0.018188184]
12-01 16:22:01.524  1113  1899 D SemNscXgbMsL1: Probability - Real time: [0.043741625]
12-01 16:22:01.524  1113  1899 D SemNscXgbMsL1: Probability - Non real time: [0.95798147]
12-01 16:22:01.524  1113  1899 D SemNscXgbMsL1: 1 sample inference time: 0.264166 msecs
12-01 16:22:01.525  1113  1899 D SemNscXgbL2Rt: L2 RT 1 sample inference time: 0.345312 msecs
12-01 16:22:01.525  1113  1899 D SemNscXgbL2Nrt: L2 NRT 1 sample inference time: 0.307448 msecs
12-01 16:22:01.540   775   775 I Zygote  : Process 3081 exited due to signal 9 (Killed)
12-01 16:22:01.540   956   956 E SurfaceFlinger: Attempt to update InputPolicyFlags without permission ACCESS_SURFACE_FLINGER
12-01 16:22:01.543   860  5699 I HYPER-HAL: [RequestManager.cpp]releaseLocked(): Released ID : 643566
12-01 16:22:01.545  1113  1476 I libprocessgroup: Successfully killed process cgroup uid 9510097 pid 3591 in 0ms
12-01 16:22:01.548  7409  7609 I QuickstepModelDelegate: Widget predictions updated
12-01 16:22:01.554  7409  7610 I WidgetsPredictionUpdateTask: execute(), info: PendingAddWidgetInfo(id=-1 type=WIDGET container=# com.android.launcher3.logger.LauncherAtom$ContainerInfo@7ba6f targetComponent=ComponentInfo{com.android.chrome/org.chromium.chrome.browser.quickactionsearchwidget.QuickActionSearchWidgetProvider$QuickActionSearchWidgetProviderDino} screen=-1 cell(-1,-1) span(2,2) minSpan(2,2) rank=0 rankOfList=-1 user=UserHandle{0} title=null hidden=0 screenType=0 componentName=ComponentInfo{com.android.chrome/org.chromium.chrome.browser.quickactionsearchwidget.QuickActionSearchWidgetProvider$QuickActionSearchWidgetProviderDino}), info: PendingAddWidgetInfo(id=-1 type=WIDGET container=# com.android.launcher3.logger.LauncherAtom$ContainerInfo@7ba6f targetComponent=ComponentInfo{com.android.vending/com.google.android.finsky.rubiks.cubes.widget.ContentForwardWidgetProvider} screen=-1 cell(-1,-1) span(4,2) minSpan(2,1) rank=0 rankOfList=-1 user=UserHandle{0} title=null hidden=0 screenType=0 componentName=ComponentInfo{com.android.vending/com.google.android.finsky.rubiks.cubes.widget.ContentForwardWidgetProvider}), info: PendingAddWidgetInfo(id=-1 type=WIDGET container=# com.android.launcher3.logger.LauncherAtom$ContainerInfo@7ba6f targetComponent=ComponentInfo{com.whatsapp/com.whatsapp.appwidget.WidgetProvider} screen=-1 cell(-1,-1) span(4,2) minSpan(1,1) rank=0 rankOfList=-1 user=UserHandle{0} title=null hidden=0 screenType=0 componentName=ComponentInfo{com.whatsapp/com.whatsapp.appwidget.WidgetProvider}), info: PendingAddWidgetInfo(id=-1 type=WIDGET container=# com.android.launcher3.logger.LauncherAtom$ContainerInfo@7ba6f targetComponent=ComponentInfo{com.google.android.youtube/com.google.android.apps.youtube.app.widget.YtQuickActionsWidgetProvider} screen=-1 cell(-1,-1) span(4,2) minSpan(3,1) rank=0 rankOfList=-1 user=UserHandle{0} title=null hidden=0 screenType=0 componentName=ComponentInfo{com.google.android.youtube/com.google.android.apps.youtube.app.widget.YtQuickActionsWidgetProvider}), info: PendingAddWidgetInfo(id=-1 type=WIDGET container=# com.android.launcher3.logger.LauncherAtom$ContainerInfo@7ba6f targetComponent=ComponentInfo{com.google.android.apps.photos/com.google.android.apps.photos.widget.WidgetProvider} screen=-1 cell(-1,-1) span(2,2) minSpan(1,2) rank=0 rankOfList=-1 user=UserHandle{0} title=null hidden=0 screenType=0 componentName=ComponentInfo{com.google.android.apps.photos/com.google.android.apps.photos.widget.WidgetProvider}), info: PendingAddWidgetInfo(id=-1 type=WIDGET container=# com.android.launcher3.logger.LauncherAtom$ContainerInfo@7ba6f targetComponent=ComponentInfo{com.microsoft.office.outlook/com.acompli.acompli.AgendaWidgetProvider} screen=-1 cell(-1,-1) span(3,3) minSpan(2,2) rank=0 rankOfList=-1 user=UserHandle{0} title=null hidden=0 screenType=0 componentName=ComponentInfo{com.microsoft.office.outlook/com.acompli.acompli.AgendaWidgetProvider}), info: PendingAddWidgetInfo(id=-1 type=WIDGET container=# com.android.launcher3.logger.LauncherAtom$ContainerInfo@7ba6f targetComponent=ComponentInfo{com.spotify.music/com.spotify.proactiveplatforms.npvwidget.NpvWidgetProvider} screen=-1 cell(-1,-1) span(4,2) minSpan(2,2) rank=0 rankOfList=-1 user=UserHandle{0} title=null hidden=0 screenType=0 componentName=ComponentInfo{com.spotify.music/com.spotify.proactiveplatforms.npvwidget.NpvWidgetProvider}), info: PendingAddWidgetInfo(id=-1 type=WIDGET container=# com.android.launcher3.logger.LauncherAtom$ContainerInfo@7ba6f targetComponent=ComponentInfo{com.google.android.contacts/com.google.android.apps.contacts.widget.singlecontact.SingleContactWidgetProvider} screen=-1 cell(-1,-1) span(2,2) minSpan(1,1) rank=0 rankOfList=-1 user=UserHandle{0} title=null hidden=0 screenType=0 componentName=ComponentInfo{com.google.android.contacts/com.google.android.apps.contacts.widget.singlecontact.SingleContactWidgetProvider}), info: PendingAddWidgetInfo(id=-1 type=WIDGET container=# com.android.launcher3.logger.LauncherAtom$ContainerInfo@7ba6f targetComponent=ComponentInfo{com.google.android.calendar/com.andr
12-01 16:22:01.557   956   956 E SurfaceFlinger: Attempt to update InputPolicyFlags without permission ACCESS_SURFACE_FLINGER
12-01 16:22:01.570   775   775 I Zygote  : Process 3591 exited due to signal 9 (Killed)
12-01 16:22:01.574   956   956 E SurfaceFlinger: Attempt to update InputPolicyFlags without permission ACCESS_SURFACE_FLINGER
12-01 16:22:01.577  5505  5505 I ViewInteraction: Checking 'MatchesViewAssertion{viewMatcher=(view has effective visibility <VISIBLE> and view.getGlobalVisibleRect() to return non-empty rectangle)}' assertion on view an instance of android.widget.TextView and view.getText() with or without transformation to match: is "Edit Profile"
12-01 16:22:01.579  5803  5803 I FILP/FilterProvider: db version : 56
12-01 16:22:01.587  5803  5803 I FILP/FilterProvider: versionName : 5.2.21, DB version : 56
12-01 16:22:01.590   956   956 E SurfaceFlinger: Attempt to update InputPolicyFlags without permission ACCESS_SURFACE_FLINGER
12-01 16:22:01.594  5803  5803 I FILP/i  : CscFeature : IntroNoSimLock
12-01 16:22:01.597  5803  5803 I FILP/i  : existTBFilters : false
12-01 16:22:01.598  5803  5803 I FILP/i  : Preload Filter Version : 5
12-01 16:22:01.598  5803  5803 I FILP/i  : One UI version : 40100
12-01 16:22:01.598  5803  5803 I FILP/h  : storeThirdPartyExternalFilters
12-01 16:22:01.607   956   956 E SurfaceFlinger: Attempt to update InputPolicyFlags without permission ACCESS_SURFACE_FLINGER
12-01 16:22:01.619  1113  1734 I SensorService: [REARLIGHT] lux value : 36, code value : 179
12-01 16:22:01.624   956   956 E SurfaceFlinger: Attempt to update InputPolicyFlags without permission ACCESS_SURFACE_FLINGER
12-01 16:22:01.638  5803  5803 I FILP/h  : storeThirdPartyExternalFilters effectName :sunset, id : 13
12-01 16:22:01.638  5803  5803 I FILP/h  : installFilters
12-01 16:22:01.639  5493  5801 I SCS@AiSearch user 0: (k) Schema: name: com.samsung.android.contacts , Major version: 30 , Minor version: 0
12-01 16:22:01.641   956   956 E SurfaceFlinger: Attempt to update InputPolicyFlags without permission ACCESS_SURFACE_FLINGER
12-01 16:22:01.641  5803  5803 I FILP/h  : loadExternalFilter count : 13
12-01 16:22:01.647  5493  5801 I SCS@AiSearch user 0: (k) Schema: name: com.android.settings , Major version: 4 , Minor version: 0
12-01 16:22:01.650  5493  5801 I SCS@AiSearch user 0: (k) Schema: name: com.samsung.android.apps , Major version: 31 , Minor version: 0
12-01 16:22:01.653  5505  5505 V Toast   : show: caller = com.example.princeproject.ProfilePage.ProfileFragment.lambda$getUserInfo$5$com-example-princeproject-ProfilePage-ProfileFragment:220
12-01 16:22:01.653  5505  5505 V Toast   : show: focusDisplayId = 0, isFocusInDesktop = false mCustomDisplayId=-1 isDexDualMode=false
12-01 16:22:01.653  5505  5505 V Toast   : show: isActivityContext = true
12-01 16:22:01.653  5493  5801 I SCS@AiSearch user 0: (k) Schema: name: com.samsung.android.calendar , Major version: 11 , Minor version: 0
12-01 16:22:01.656   956  3016 I SurfaceFlinger: id=3696 createSurf (0x0),-1 flag=80004, WindowToken{fb42e52 android.os.Binder@a5532dd}#0
12-01 16:22:01.657  5493  5801 I SCS@AiSearch user 0: (k) Schema: name: logs.call , Major version: 15 , Minor version: 0
12-01 16:22:01.657   956   956 E SurfaceFlinger: Attempt to update InputPolicyFlags without permission ACCESS_SURFACE_FLINGER
12-01 16:22:01.660  5505  5505 V Toast   : show: caller = com.example.princeproject.MainActivity.lambda$checkUser$1$com-example-princeproject-MainActivity:125
12-01 16:22:01.660  5505  5505 V Toast   : show: focusDisplayId = 0, isFocusInDesktop = false mCustomDisplayId=-1 isDexDualMode=false
12-01 16:22:01.660  5505  5505 V Toast   : show: isActivityContext = true
12-01 16:22:01.663   956  1083 I SurfaceFlinger: id=3697 createSurf (0x0),-1 flag=80004, WindowToken{c846a20 android.os.Binder@b40e523}#0
12-01 16:22:01.674  5803  5803 I FILP/PackageIntentReceiver: action : com.samsung.android.provider.filterprovider.INTENT_PACKAGE_ADDED
12-01 16:22:01.674   956   956 E SurfaceFlinger: Attempt to update InputPolicyFlags without permission ACCESS_SURFACE_FLINGER
12-01 16:22:01.675  5803  5803 I FILP/PackageIntentReceiver: pkgName : com.example.princeproject
12-01 16:22:01.676  5803  5803 E FILP/PackageIntentReceiver: This package is not a effect filter
12-01 16:22:01.678  5493  5801 I SCS@AiSearch user 0: (k) Schema: name: com.google.android.providers.media , Major version: 17 , Minor version: 0
12-01 16:22:01.678  5505  5505 V Toast   : show: caller = com.example.princeproject.ProfilePage.ProfileFragment.lambda$loadOrganizedEvents$6$com-example-princeproject-ProfilePage-ProfileFragment:258
12-01 16:22:01.678  5505  5505 V Toast   : show: focusDisplayId = 0, isFocusInDesktop = false mCustomDisplayId=-1 isDexDualMode=false
12-01 16:22:01.678  5505  5505 V Toast   : show: isActivityContext = true
12-01 16:22:01.680  5493  5801 I SCS@AiSearch user 0: (k) Schema: name: analogy , Major version: 12 , Minor version: 0
12-01 16:22:01.682  5493  5801 I SCS@AiSearch user 0: (k) Schema: name: synonym , Major version: 4 , Minor version: 0
12-01 16:22:01.684  5493  5801 I SCS@AiSearch user 0: (k) Schema: name: correlated , Major version: 4 , Minor version: 0
12-01 16:22:01.684   956  1083 I SurfaceFlinger: id=3698 createSurf (0x0),-1 flag=80004, WindowToken{530e095 android.os.Binder@896084c}#0
12-01 16:22:01.685  5493  5801 I SCS@AiSearch user 0: (k) Schema: name: ranking , Major version: 1 , Minor version: 0
12-01 16:22:01.686   775   775 D Zygote  : Forked child process 5826
12-01 16:22:01.688  5505  5505 V Toast   : show: caller = com.example.princeproject.ProfilePage.ProfileFragment.lambda$loadOrganizedEvents$6$com-example-princeproject-ProfilePage-ProfileFragment:258
12-01 16:22:01.689  5505  5505 V Toast   : show: focusDisplayId = 0, isFocusInDesktop = false mCustomDisplayId=-1 isDexDualMode=false
12-01 16:22:01.689  5505  5505 V Toast   : show: isActivityContext = true
12-01 16:22:01.689  1113  1476 I libprocessgroup: Successfully killed process cgroup uid 1000 pid 30345 in 5ms
12-01 16:22:01.691   956   956 E SurfaceFlinger: Attempt to update InputPolicyFlags without permission ACCESS_SURFACE_FLINGER
12-01 16:22:01.692   956  1013 I SurfaceFlinger: id=3699 createSurf (0x0),-1 flag=80004, WindowToken{415d38 android.os.Binder@44bd59b}#0
12-01 16:22:01.707   956   956 E SurfaceFlinger: Attempt to update InputPolicyFlags without permission ACCESS_SURFACE_FLINGER
12-01 16:22:01.716  5683  5821 D CompatibilityChangeReporter: Compat change id reported: 170233598; UID 10273; state: DISABLED
12-01 16:22:01.716   775   775 I Zygote  : Process 30345 exited due to signal 9 (Killed)
12-01 16:22:01.716  5826  5826 E s:datacollecto: Not starting debugger since process cannot load the jdwp agent.
12-01 16:22:01.717  1113  3047 D PkgPredictorService-IpmNapPreloadController: app:0_&_com.android.settings die, remove from <launchTime:2024-12-01 16:22:00 hour:16 day:1 previous:[com.example.princeproject, com.example.princeproject, com.example.princeproject] running:com.example.princeproject/com.example.princeproject.MainActivity apkVersion:1.0 userId:0 screenOrientation:1 wifi:3 bt:12 predictTime:0 launching Time:538 predicted:true prediction:[0_&_com.example.princeproject, 0_&_com.android.settings, 0_&_com.android.chrome] preloaded:false preloading:[0_&_com.example.princeproject, 0_&_com.android.settings, 0_&_com.android.chrome]>
12-01 16:22:01.724   956   956 E SurfaceFlinger: Attempt to update InputPolicyFlags without permission ACCESS_SURFACE_FLINGER
12-01 16:22:01.725  5826  5826 E USNET   : USNET: appName: com.samsung.android.smartsuggestions:datacollector
12-01 16:22:01.725  5826  5826 D ProcessState: Binder ioctl to enable oneway spam detection failed: Invalid argument
12-01 16:22:01.727  5826  5826 D ActivityThread: setConscryptValidator
12-01 16:22:01.728  5826  5826 D ActivityThread: setConscryptValidator - put
12-01 16:22:01.741   956   956 E SurfaceFlinger: Attempt to update InputPolicyFlags without permission ACCESS_SURFACE_FLINGER
12-01 16:22:01.753  5826  5826 D CompatibilityChangeReporter: Compat change id reported: 171979766; UID 10128; state: DISABLED
12-01 16:22:01.765   854  3384 I sensors-hal: handle_sns_client_event:660, [0][196] accel_sample [ 0.175,  0.033,  9.758] 688394852771821
12-01 16:22:01.818   854  3374 I sensors-hal: handle_sns_std_sensor_event:319, [SSC_LIGHT] P lux:45 mode:2 copr:101 br:179
12-01 16:22:01.858   956   956 I Layer   : id=3695 removedFromDrawingState Surface(name=983d5f4 Toast)/@0xe1fef8c - animation-leash of window_animation#0 (125)
12-01 16:22:01.858   956   956 I SurfaceFlinger: id=3695 Removed Surface(name=983d5f4 Toast)/@0xe1fef8c - animation-leash of window_animation#0 (125)
12-01 16:22:01.858   956   956 I Layer   : id=3695 Destroyed Surface(name=983d5f4 Toast)/@0xe1fef8c - animation-leash of window_animation#0
12-01 16:22:01.895  5493  5801 I SCS@AiSearch user 0: (IndexSearcherManager) Searcher created successfully. pkg: com.samsung.android.apps
12-01 16:22:01.978  5826  5826 W SSS:    : [SSS:App] onCreate, type: release, pName: com.samsung.android.smartsuggestions:datacollector
12-01 16:22:01.979  5826  5826 W SSS:    : [SSS:App] onCreate, done
12-01 16:22:01.984  5826  5848 I DIAGMON_SDK[605054]: DiagMonAgent type: 2
12-01 16:22:01.985  5826  5848 I DIAGMON_SDK[605054][lwoc1pz74b] : generated SR object
12-01 16:22:01.986  5826  5848 I SALogger: After SA logging initialization completed
12-01 16:22:01.994  5547  5547 I Finsky:background: [2] xvv.onTrimMemory(11): Memory trim requested to level 60
12-01 16:22:01.999 31636 31658 I GOS:GameServiceReceiver: Task.doInBackground(), action : com.samsung.android.intent.action.PACKAGE_INSTALL_STARTED
12-01 16:22:02.000 31636 31658 I GOS:GameServiceReceiver:  PkgInstallStarted for com.example.princeproject.test UserID : 0
12-01 16:22:02.010 31636  5856 I GOS:GameIntentService: onHandleIntent. GameIntentService. type: 15, pkgName: null
12-01 16:22:02.012 31636  5856 W GOS:RequestHeader: tryToAddMcc(), can't find mcc
12-01 16:22:02.012 31636  5856 W GOS:RequestHeader: tryToAddMnc(), can't find mnc
12-01 16:22:02.027  1113  1899 D SemNscXgbMsL1: Probability - Cloud gaming: [0.0014743719]
12-01 16:22:02.027  1113  1899 D SemNscXgbMsL1: Probability - Real time: [0.5192941]
12-01 16:22:02.028  1113  1899 D SemNscXgbMsL1: Probability - Non real time: [0.8485806]
12-01 16:22:02.028  1113  1899 D SemNscXgbMsL1: 1 sample inference time: 1.30401 msecs
12-01 16:22:02.028   860  5685 I HYPER-HAL: [RequestManager.cpp]releaseLocked(): Released ID : 22455065
12-01 16:22:02.029  1113  1899 D SemNscXgbL2Rt: L2 RT 1 sample inference time: 1.606667 msecs
12-01 16:22:02.030  4002  4002 I Finsky  : [2] aalu.i(1): aalu - Received: android.intent.action.PACKAGE_CHANGED, [3QYGbRnAsHPTp6JOZG95VbczkDwLXSN3CqyeWRcWzN0]
12-01 16:22:02.031  1113  1899 D SemNscXgbL2Nrt: L2 NRT 1 sample inference time: 1.249636 msecs
12-01 16:22:02.046  4002  4043 I Finsky  : [8187] mfd.a(47): AIM: AppInfoManager-Perf > OnDeviceAppInfo > cacheHitCount=1, cacheMissCount=0. Missed  in cache (limit 10) : []
12-01 16:22:02.046  4002  4043 I Finsky  : [8187] lkl.apply(1117): AIM: Got app ownership map. App counts: . Unique apps: 0
12-01 16:22:02.046  4002  4043 E Finsky  : [8187] adui.s(51): [Counters] attempted to use a non-positive increment for: 4752
12-01 16:22:02.047  4002  4043 E Finsky  : [8187] adui.s(51): [Counters] attempted to use a non-positive increment for: 4753
12-01 16:22:02.050  4002  4002 I Finsky  : [2] mdg.f(7): AIM: AppInfoCacheUpdater -> invalidating apps: [com.example.princeproject]
12-01 16:22:02.050  4002  4002 I Finsky  : [2] mdv.c(19): AIM: AppInfoManager-Perf > getApps > called for 1 apps
12-01 16:22:02.057  4002  4002 I Finsky  : [2] xvv.onTrimMemory(11): Memory trim requested to level 40
12-01 16:22:02.057  4002  4002 I Finsky  : [2] aceq.accept(139): Flushing in-memory image cache
12-01 16:22:02.059  4002  4047 I Finsky  : [8191] mfd.a(47): AIM: AppInfoManager-Perf > OnDeviceAppInfo > cacheHitCount=0, cacheMissCount=1. Missed  in cache (limit 10) : [com.example.princeproject]
12-01 16:22:02.062  4002  4039 I Finsky  : [8183] lkl.apply(1117): AIM: Got app ownership map. App counts: . Unique apps: 0
12-01 16:22:02.062  4002  4039 E Finsky  : [8183] adui.s(51): [Counters] attempted to use a non-positive increment for: 4752
12-01 16:22:02.063  4002  4039 E Finsky  : [8183] adui.s(51): [Counters] attempted to use a non-positive increment for: 4753
12-01 16:22:02.066  4002  4601 I Finsky  : [8248] qgk.accept(78): Wrote row to frosting DB: 75292
12-01 16:22:02.068  4449  4449 I Finsky:background: [2] xvv.onTrimMemory(11): Memory trim requested to level 40
12-01 16:22:02.082 29757  4587 I Fitness : (REDACTED) OnPackageChangedOperation got intent: %s
12-01 16:22:02.095 31636  5856 I GOS:GameIntentService: onPackageChanged(). extras: Bundle[{changeType=2, userId=0, type=15, packageName=com.example.princeproject.test}]
12-01 16:22:02.095 31636  5856 I GOS:GameIntentService: onPackageChanged(). changeType(INSTALL_STARTED), pkgName(com.example.princeproject.test), UserHandle(0), userId(0), Installed(true)
12-01 16:22:02.099  4002  4043 I Finsky  : [8187] mey.a(219): AIM: AppInfoManager-Perf > ItemModel > CacheSize=135, cacheHitCount=0, cacheMissCount=0, total appsWithNoServerDataCount=7. Missed  in cache (limit 10) : []
12-01 16:22:02.111  1113  1920 D NetdEventListenerService: DNS Requested by : 140, 10085, 0
12-01 16:22:02.114   775   775 D Zygote  : Forked child process 5864
12-01 16:22:02.115   773   783 E statsd  : Predicate -7037417284711607308 dropping data for dimension key (10)0x2010101->10587[I] (10)0x30000->Icing[S]
12-01 16:22:02.117   773   783 E statsd  : Predicate 5980654721335871649 dropping data for dimension key (10)0x2010101->10587[I] (10)0x30000->Icing[S]
12-01 16:22:02.119 29757  4589 I Fitness : (REDACTED) FitCleanupIntentOperation received Intent %s
12-01 16:22:02.121  4002  4601 I Finsky  : [8248] qgk.accept(78): Wrote row to frosting DB: 75293
12-01 16:22:02.121  5864  5864 I libc    : SetHeapTaggingLevel: tag level set to 0
12-01 16:22:02.122  4002  4043 I Finsky  : [8187] mey.a(219): AIM: AppInfoManager-Perf > ItemModel > CacheSize=135, cacheHitCount=0, cacheMissCount=0, total appsWithNoServerDataCount=7. Missed  in cache (limit 10) : []
12-01 16:22:02.131   773   783 E statsd  : Predicate -7037417284711607308 dropping data for dimension key (10)0x2010101->10587[I] (10)0x30000->Icing[S]
12-01 16:22:02.131   773   783 E statsd  : Predicate 5980654721335871649 dropping data for dimension key (10)0x2010101->10587[I] (10)0x30000->Icing[S]
12-01 16:22:02.143  5864  5864 E id.app.taskedg: Not starting debugger since process cannot load the jdwp agent.
12-01 16:22:02.144  5864  5864 E USNET   : USNET: appName: com.samsung.android.app.taskedge
12-01 16:22:02.145  5864  5864 D ProcessState: Binder ioctl to enable oneway spam detection failed: Invalid argument
12-01 16:22:02.147  5610 29520 I Icing   : Indexing com.google.android.gms-apps from com.google.android.gms
12-01 16:22:02.149  5864  5864 D ActivityThread: setConscryptValidator
12-01 16:22:02.149  5864  5864 D ActivityThread: setConscryptValidator - put
12-01 16:22:02.151  5610 29520 I Icing   : Indexing done com.google.android.gms-apps
12-01 16:22:02.169  3118  3118 D HidDeviceService: handleMessage(): msg.what=8
12-01 16:22:02.177  5864  5864 D CompatibilityChangeReporter: Compat change id reported: 171979766; UID 10149; state: DISABLED
12-01 16:22:02.200  4002  4047 I Finsky  : [8191] lds.accept(131): AIM: AppInfoManager-Perf > getApps > data collection finished
12-01 16:22:02.201  4002  4047 I Finsky  : [8191] mds.run(973): AIM: AppInfoManager-Perf > maybeDestroyAppInfoManager is called. actives = 0
12-01 16:22:02.344 31636 31658 I GOS:GameServiceReceiver: Task.doInBackground(), action : android.intent.action.PACKAGE_CHANGED
12-01 16:22:02.350  1113  1476 I libprocessgroup: Successfully killed process cgroup uid 1000 pid 20152 in 11ms
12-01 16:22:02.372   775   775 D Zygote  : Forked child process 5887
12-01 16:22:02.404   775   775 I Zygote  : Process 20152 exited due to signal 9 (Killed)
12-01 16:22:02.411  5887  5887 E .apps.nbu.file: Not starting debugger since process cannot load the jdwp agent.
12-01 16:22:02.412  5887  5887 E USNET   : USNET: appName: com.google.android.apps.nbu.files
12-01 16:22:02.413  5887  5887 D ProcessState: Binder ioctl to enable oneway spam detection failed: Invalid argument
12-01 16:22:02.415  5887  5887 D ActivityThread: setConscryptValidator
12-01 16:22:02.415  5887  5887 D ActivityThread: setConscryptValidator - put
12-01 16:22:02.417  3118  3118 D HidDeviceService: handleMessage(): msg.what=8
12-01 16:22:02.443  5887  5887 D CompatibilityChangeReporter: Compat change id reported: 171979766; UID 10316; state: ENABLED
12-01 16:22:02.532  1113  1899 D SemNscXgbMsL1: Probability - Cloud gaming: [0.0014233699]
12-01 16:22:02.533  1113  1899 D SemNscXgbMsL1: Probability - Real time: [0.5234046]
12-01 16:22:02.533  1113  1899 D SemNscXgbMsL1: Probability - Non real time: [0.6546913]
12-01 16:22:02.533  1113  1899 D SemNscXgbMsL1: 1 sample inference time: 1.389896 msecs
12-01 16:22:02.535  1113  1899 D SemNscXgbL2Rt: L2 RT 1 sample inference time: 1.422344 msecs
12-01 16:22:02.536  1113  1899 D SemNscXgbL2Nrt: L2 NRT 1 sample inference time: 1.23302 msecs
12-01 16:22:02.549  4002  4012 W System  : A resource failed to call close.
12-01 16:22:02.550  4002  4012 W System  : A resource failed to call close.
12-01 16:22:02.566  5887  5887 W .apps.nbu.file: Entry not found
12-01 16:22:02.569  5887  5887 W .apps.nbu.file: Entry not found
12-01 16:22:02.571  5887  5887 W .apps.nbu.file: Entry not found
12-01 16:22:02.585  5887  5887 W .apps.nbu.file: JIT profile information will not be recorded: profile file does not exist.
12-01 16:22:02.585  5887  5887 W .apps.nbu.file: JIT profile information will not be recorded: profile file does not exist.
12-01 16:22:02.586  5887  5887 W .apps.nbu.file: JIT profile information will not be recorded: profile file does not exist.
12-01 16:22:02.605  5887  5887 V GraphicsEnvironment: ANGLE Developer option for 'com.google.android.apps.nbu.files' set to: 'default'
12-01 16:22:02.605  5887  5887 V GraphicsEnvironment: App is not on the allowlist for updatable production driver.
12-01 16:22:02.607  5887  5887 D NetworkSecurityConfig: Using Network Security Config from resource network_security_config debugBuild: false
12-01 16:22:02.620  5887  5887 D NetworkSecurityConfig: Using Network Security Config from resource network_security_config debugBuild: false
12-01 16:22:02.640   860  5758 I HYPER-HAL: [RequestManager.cpp]releaseLocked(): Released ID : 22481883
12-01 16:22:02.696 31636  5856 I GOS:SystemEventReactor: addPkgDataFromServer(), use server category: unknown
12-01 16:22:02.699 31636  5856 I GOS:SystemEventReactor: addPkgDataFromServer(), A package was added : com.example.princeproject.test as unknown
12-01 16:22:02.717 31636  5856 I GOS:GameIntentService: onHandleIntent. GameIntentService. type: 15, pkgName: null
12-01 16:22:02.718 31636  5856 I GOS:GameIntentService: onPackageChanged(). extras: Bundle[{type=15, packageName=com.example.princeproject}]
12-01 16:22:02.718 31636  5856 I GOS:GameIntentService: onPackageChanged(). changeType(ENABLED), pkgName(com.example.princeproject), UserHandle(0), userId(0), Installed(true)
12-01 16:22:02.720  5887  5915 W .apps.nbu.file: ClassLoaderContext classpath size mismatch. expected=12, found=0 (DLC[];PCL[base.apk*989935066:base.apk!classes2.dex*697566524:base.apk!classes3.dex*362896870:base.apk!classes4.dex*1209410009:base.apk!classes5.dex*3739362450:base.apk!classes6.dex*3788410841:base.apk!classes7.dex*3452461072:base.apk!classes8.dex*3869520491:base.apk!classes9.dex*4031792005:base.apk!classes10.dex*2330980917:base.apk!classes11.dex*2032206320:base.apk!classes12.dex*3728473688]{PCL[/system/framework/org.apache.http.legacy.jar*128607898]#PCL[/system/framework/com.android.media.remotedisplay.jar*3472798122]#PCL[/system/framework/com.android.location.provider.jar*3633238673]#PCL[/system/framework/org.apache.http.legacy.jar*128607898]} | DLC[];PCL[])
12-01 16:22:02.743  1113  1476 I libprocessgroup: Successfully killed process cgroup uid 10238 pid 4197 in 5ms
12-01 16:22:02.780  4002  4002 I Finsky  : [2] aoin.a(31): VerifyApps: Device wide unknown source restriction updated
12-01 16:22:02.804  5887  5922 I FA      : App measurement initialized, version: 110013
12-01 16:22:02.804  5887  5922 I FA      : To enable debug logging run: adb shell setprop log.tag.FA VERBOSE
12-01 16:22:02.805  5887  5922 I FA      : To enable faster debug mode event logging run:
12-01 16:22:02.805  5887  5922 I FA      :   adb shell setprop debug.firebase.analytics.app com.google.android.apps.nbu.files
12-01 16:22:02.814  4231  4231 I Finsky  : [2] aoin.a(31): VerifyApps: Device wide unknown source restriction updated
12-01 16:22:02.822   775   775 I Zygote  : Process 4197 exited due to signal 9 (Killed)
12-01 16:22:02.824  1113  1734 I SensorService: [REARLIGHT] lux value : 46, code value : 179
12-01 16:22:02.839  1113  1476 I libprocessgroup: Successfully killed process cgroup uid 10157 pid 3784 in 0ms
12-01 16:22:02.845  7409  7610 I SessionCommitReceiver: onReceive() intent.getAction : android.content.pm.action.SESSION_COMMITTED
12-01 16:22:02.845  7409  7610 W SessionCommitReceiver: onReceive() !isEnabled()
12-01 16:22:02.851  3118  3118 D HidDeviceService: handleMessage(): msg.what=8
12-01 16:22:02.890  3118  3118 D HidDeviceService: handleMessage(): msg.what=8
12-01 16:22:02.916  5803  5803 I FILP/PackageIntentReceiver: action : com.samsung.android.provider.filterprovider.INTENT_PACKAGE_ADDED
12-01 16:22:02.916  5803  5803 I FILP/PackageIntentReceiver: pkgName : com.example.princeproject.test
12-01 16:22:02.917  5803  5803 E FILP/PackageIntentReceiver: This package is not a effect filter
12-01 16:22:02.921   775   775 I Zygote  : Process 3784 exited due to signal 9 (Killed)
12-01 16:22:02.953  5610  3942 D AdvertisingIdClient: AdvertisingIdClient already created.
12-01 16:22:02.959  4002  4002 I Finsky  : [2] aalu.i(1): aalu - Received: android.intent.action.PACKAGE_CHANGED, [Mm_rJC7FzYjC06nPmsMo72xN6c-IrfjLuMBTotNhByg]
12-01 16:22:02.966  5610  3942 D AdvertisingIdClient: AdvertisingIdClient is not bounded. Starting to bind it...
12-01 16:22:02.983  4002  4039 I Finsky  : [8183] mfd.a(47): AIM: AppInfoManager-Perf > OnDeviceAppInfo > cacheHitCount=1, cacheMissCount=0. Missed  in cache (limit 10) : []
12-01 16:22:02.984  4002  4039 I Finsky  : [8183] lkl.apply(1117): AIM: Got app ownership map. App counts: . Unique apps: 0
12-01 16:22:02.984  4002  4039 E Finsky  : [8183] adui.s(51): [Counters] attempted to use a non-positive increment for: 4752
12-01 16:22:02.984  4002  4039 E Finsky  : [8183] adui.s(51): [Counters] attempted to use a non-positive increment for: 4753
12-01 16:22:02.985  4002  4002 I Finsky  : [2] mdg.f(7): AIM: AppInfoCacheUpdater -> invalidating apps: [com.example.princeproject.test]
12-01 16:22:02.986  4002  4002 I Finsky  : [2] mdv.c(19): AIM: AppInfoManager-Perf > getApps > called for 1 apps
12-01 16:22:02.987  4002  4050 I Finsky  : [8194] mfd.a(47): AIM: AppInfoManager-Perf > OnDeviceAppInfo > cacheHitCount=0, cacheMissCount=1. Missed  in cache (limit 10) : [com.example.princeproject.test]
12-01 16:22:02.996  4002  4039 I Finsky  : [8183] lkl.apply(1117): AIM: Got app ownership map. App counts: . Unique apps: 0
12-01 16:22:02.996  4002  4039 E Finsky  : [8183] adui.s(51): [Counters] attempted to use a non-positive increment for: 4752
12-01 16:22:02.998  5610  3942 D AdvertisingIdClient: AdvertisingIdClient is bounded
12-01 16:22:03.001  5610  3942 W AdvertisingIdSettings: Package com.google.android.apps.nbu.files failed Ad Id permission check. Apps that target Android SDK 33 or higher should declare com.google.android.gms.permission.AD_ID in the app manifest to access Ad Id.
12-01 16:22:03.001  5610  3942 I AdvertisingIdClient: shouldSendLog 687294253
12-01 16:22:03.001  5610  3942 I AdvertisingIdClient: GetInfoInternal elapse 36ms
12-01 16:22:03.005  4002  4039 E Finsky  : [8183] adui.s(51): [Counters] attempted to use a non-positive increment for: 4753
12-01 16:22:03.010  4002  4601 I Finsky  : [8248] qgk.accept(78): Wrote row to frosting DB: 75294
12-01 16:22:03.022  4002  4050 I Finsky  : [8194] mey.a(219): AIM: AppInfoManager-Perf > ItemModel > CacheSize=135, cacheHitCount=0, cacheMissCount=0, total appsWithNoServerDataCount=7. Missed  in cache (limit 10) : []
12-01 16:22:03.022  4002  4601 I Finsky  : [8248] qgk.accept(78): Wrote row to frosting DB: 75295
12-01 16:22:03.038  1113  1899 D SemNscXgbMsL1: Probability - Cloud gaming: [0.0018460003]
12-01 16:22:03.039  1113  1899 D SemNscXgbMsL1: Probability - Real time: [0.12892358]
12-01 16:22:03.039  1113  1899 D SemNscXgbMsL1: Probability - Non real time: [0.7420703]
12-01 16:22:03.039  1113  1899 D SemNscXgbMsL1: 1 sample inference time: 1.475417 msecs
12-01 16:22:03.041  1113  1899 D SemNscXgbL2Rt: L2 RT 1 sample inference time: 1.376459 msecs
12-01 16:22:03.042  1113  1899 D SemNscXgbL2Nrt: L2 NRT 1 sample inference time: 1.155677 msecs
12-01 16:22:03.051 29757  4587 I Fitness : (REDACTED) OnPackageChangedOperation got intent: %s
12-01 16:22:03.062  4002  4039 I Finsky  : [8183] mey.a(219): AIM: AppInfoManager-Perf > ItemModel > CacheSize=135, cacheHitCount=0, cacheMissCount=0, total appsWithNoServerDataCount=7. Missed  in cache (limit 10) : []
12-01 16:22:03.066  4002  4039 I Finsky  : [8183] lds.accept(131): AIM: AppInfoManager-Perf > getApps > data collection finished
12-01 16:22:03.066  4002  4039 I Finsky  : [8183] mds.run(973): AIM: AppInfoManager-Perf > maybeDestroyAppInfoManager is called. actives = 0
12-01 16:22:03.080 29757  4589 I Fitness : (REDACTED) FitCleanupIntentOperation received Intent %s
12-01 16:22:03.083   860  5754 I HYPER-HAL: [RequestManager.cpp]releaseLocked(): Released ID : 1914946
12-01 16:22:03.130 31636 31658 I GOS:GameServiceReceiver: Task.doInBackground(), action : android.intent.action.PACKAGE_CHANGED
12-01 16:22:03.138  3118  3118 D HidDeviceService: handleMessage(): msg.what=8
12-01 16:22:03.160 31636  5938 I GOS:GameIntentService: onHandleIntent. GameIntentService. type: 15, pkgName: null
12-01 16:22:03.164 31636  5938 W GOS:RequestHeader: tryToAddMcc(), can't find mcc
12-01 16:22:03.164 31636  5938 W GOS:RequestHeader: tryToAddMnc(), can't find mnc
12-01 16:22:03.173   773   783 E statsd  : Predicate -7037417284711607308 dropping data for dimension key (10)0x2010101->10588[I] (10)0x30000->Icing[S]
12-01 16:22:03.174   773   783 E statsd  : Predicate 5980654721335871649 dropping data for dimension key (10)0x2010101->10588[I] (10)0x30000->Icing[S]
12-01 16:22:03.175   773   783 E statsd  : Predicate -7037417284711607308 dropping data for dimension key (10)0x2010101->10588[I] (10)0x30000->Icing[S]
12-01 16:22:03.175   773   783 E statsd  : Predicate 5980654721335871649 dropping data for dimension key (10)0x2010101->10588[I] (10)0x30000->Icing[S]
12-01 16:22:03.181  5610 29520 I Icing   : Indexing com.google.android.gms-apps from com.google.android.gms
12-01 16:22:03.183  5610 29520 I Icing   : Indexing done com.google.android.gms-apps
12-01 16:22:03.241 31636  5938 I GOS:GameIntentService: onPackageChanged(). extras: Bundle[{type=15, packageName=com.example.princeproject.test}]
12-01 16:22:03.242 31636  5938 I GOS:GameIntentService: onPackageChanged(). changeType(ENABLED), pkgName(com.example.princeproject.test), UserHandle(0), userId(0), Installed(true)
12-01 16:22:03.281  5493  5801 I g       : BloomFilterSize:- 2259189
12-01 16:22:03.337  5493  5801 I AppClassifier: Category not present in BloomFilter, Checking in Manifest:- com.example.princeproject
12-01 16:22:03.340  5493  5801 I AppClassifier: Category not found in BF and Manifest for pkg :- com.example.princeproject
12-01 16:22:03.351  5493  5801 I SCS@AiSearch user 0: (IndexManager) [androidx.work-2] entering in updateIndex():
12-01 16:22:03.352  5493  5801 I SCS@AiSearch user 0: (IndexManager) [UPDATE] index=com.samsung.android.apps, size=1, documents=[com.example.princeproject@0@com.example.princeproject.MainActivity]
12-01 16:22:03.352  5493  5801 I SCS@AiSearch user 0: (IndexManager) [androidx.work-2] entering in updateDocumentList():  index: com.samsung.android.apps, updateList.size:1
12-01 16:22:03.352  5493  5801 I SCS@AiSearch user 0: (IndexManager) getIndexWriter(): indexName com.samsung.android.apps
12-01 16:22:03.372  5493  5801 I SCS@AiSearch user 0: (NeuralPhoneticsPredictor) isNeuralPhonetics :false inputLanguage: english
12-01 16:22:03.418  1113  1734 I SensorService: [REARLIGHT] lux value : 48, code value : 179
12-01 16:22:03.544  1113  1899 D SemNscXgbMsL1: Probability - Cloud gaming: [0.0018180002]
12-01 16:22:03.545  1113  1899 D SemNscXgbMsL1: Probability - Real time: [0.0788769]
12-01 16:22:03.545  1113  1899 D SemNscXgbMsL1: Probability - Non real time: [0.9480017]
12-01 16:22:03.545  1113  1899 D SemNscXgbMsL1: 1 sample inference time: 1.47349 msecs
12-01 16:22:03.547  1113  1899 D SemNscXgbL2Rt: L2 RT 1 sample inference time: 1.594375 msecs
12-01 16:22:03.548  1113  1899 D SemNscXgbL2Nrt: L2 NRT 1 sample inference time: 1.428177 msecs
12-01 16:22:03.625  2004  2215 D OpenGLRenderer: setSurface called with nullptr
12-01 16:22:03.625  2004  2215 D OpenGLRenderer: setSurface() destroyed EGLSurface
12-01 16:22:03.625  2004  2215 D OpenGLRenderer: destroyEglSurface
12-01 16:22:03.625   956  3021 I SurfaceFlinger: id=3700 createSurf (0x0),-1 flag=24000, Surface(name=983d5f4 Toast)/@0xe1fef8c - animation-leash of window_animation#0
12-01 16:22:03.626  2004  2004 I ViewRootImpl@9f25fee[Toast]: dispatchDetachedFromWindow
12-01 16:22:03.632  1113  1792 D InputTransport: Input channel destroyed: '983d5f4', fd=925
12-01 16:22:03.632  1113  1792 W InputManager-JNI: Input channel object '983d5f4 Toast (client)' was disposed without first being removed with the input manager!
12-01 16:22:03.632  1113  1792 D InputTransport: Input channel destroyed: '983d5f4', fd=976
12-01 16:22:03.636  2004  2004 D InputTransport: Input channel destroyed: '983d5f4', fd=224
12-01 16:22:03.648  2004  2004 V ToastPresenter: sipHeight = -53
12-01 16:22:03.650  2004  2004 V ToastPresenter: Text: Nikh in android.widget.ToastPresenter@50ac325
12-01 16:22:03.655  1113  1792 D InputTransport: Input channel constructed: '490147d', fd=597
12-01 16:22:03.655  1113  1792 D InputTransport: Input channel constructed: '490147d', fd=917
12-01 16:22:03.655  1113  1792 D InputTransport: Input channel constructed: '490147d', fd=925
12-01 16:22:03.657   956  1013 I SurfaceFlinger: id=3701 createSurf (0x0),-1 flag=80004, 490147d Toast#0
12-01 16:22:03.659  1113  1792 D InputTransport: Input channel destroyed: '490147d', fd=925
12-01 16:22:03.660  2004  2004 I ViewRootImpl@8004d08[Toast]: setView = android.widget.LinearLayout@bc96ca1 TM=true
12-01 16:22:03.664  1113  2742 V WindowManager: Relayout Window{490147d u0 Toast}: viewVisibility=0 req=450x154 d0
12-01 16:22:03.665   956  3021 I SurfaceFlinger: id=3702 createSurf (1x1),-3 flag=40004, Toast$_2004#1
12-01 16:22:03.671  1113  2742 V WindowManager: Relayout hash=490147d, pid=2004: mAttrs={(0,224)(wrapxwrap) gr=BOTTOM CENTER sim={adjust=pan} ty=TOAST fmt=TRANSLUCENT wanim=0x1030004
12-01 16:22:03.671  1113  2742 V WindowManager:   fl=1000098
12-01 16:22:03.671  1113  2742 V WindowManager:   pfl=32000000
12-01 16:22:03.671  1113  2742 V WindowManager:   bhv=DEFAULT
12-01 16:22:03.671  1113  2742 V WindowManager:   fitTypes=STATUS_BARS NAVIGATION_BARS CAPTION_BAR
12-01 16:22:03.671  1113  2742 V WindowManager:   fitIgnoreVis naviIconColor=0}
12-01 16:22:03.673  2004  2004 I ViewRootImpl@8004d08[Toast]: Relayout returned: old=(0,150,1440,2987) new=(495,2609,945,2763) req=(450,154)0 dur=9 res=0x7 s={true -5476376616492947152} ch=true fn=-1
12-01 16:22:03.674  2004  2215 D OpenGLRenderer: eglCreateWindowSurface
12-01 16:22:03.674  2004  2004 I ViewRootImpl@8004d08[Toast]: [DP] dp(1) 0 android.view.ViewRootImpl.reportNextDraw:11374 android.view.ViewRootImpl.performTraversals:4167 android.view.ViewRootImpl.doTraversal:2893
12-01 16:22:03.681  2004  2215 I BufferQueueProducer: [ViewRootImpl@8004d08[Toast]#192(BLAST Consumer)192](id:7d4000000c0,api:1,p:2004,c:2004) queueBuffer: queued for the first time.
12-01 16:22:03.685  2004  2004 I ViewRootImpl@8004d08[Toast]: [DP] pdf(0) 0 android.view.ViewRootImpl.lambda$addFrameCompleteCallbackIfNeeded$3$ViewRootImpl:4969 android.view.ViewRootImpl$$ExternalSyntheticLambda16.run:6 android.os.Handler.handleCallback:938
12-01 16:22:03.685  2004  2004 I ViewRootImpl@8004d08[Toast]: [DP] rdf()
12-01 16:22:03.685  2004  2004 D ViewRootImpl@8004d08[Toast]: reportDrawFinished (fn: -1)
12-01 16:22:03.688   956  1013 I SurfaceFlinger: id=3703 createSurf (0x0),-1 flag=24004, Surface(name=490147d Toast)/@0xf0e7b79 - animation-leash of window_animation#0
12-01 16:22:03.733   956   956 D SurfaceFlinger: Display 4630947232161729153 HWC layers:
12-01 16:22:03.733   956   956 D SurfaceFlinger:      DEVICE | 0xb400006e328e5f40 | 0102 | RGBA_8888    |    0.0    0.0 1440.0 3040.0 |    0    0 1440 3040 | com.example.princeproject/com.example.princeproject.MainActivity$_5505#0
12-01 16:22:03.733   956   956 D SurfaceFlinger:      DEVICE | 0xb400006e32912010 | 0100 | RGBA_8888    |    0.0    0.0 1440.0  150.0 |    0    0 1440  150 | StatusBar$_2004#0
12-01 16:22:03.733   956   956 D SurfaceFlinger:      DEVICE | 0xb400006e32908d40 | 0100 | RGBA_8888    |    0.0    0.0   67.0  441.0 | 1373  665 1440 1106 | com.samsung.android.app.cocktailbars[...]rservice.CocktailBarService$_16650#0
12-01 16:22:03.733   956   956 D SurfaceFlinger:      DEVICE | 0xb400006e328da1b0 | 0100 | RGBA_8888    |    0.0    0.0  664.0  154.0 |  388 2609 1052 2763 | Toast$_2004#0
12-01 16:22:03.733   956   956 D SurfaceFlinger:      DEVICE | 0xb400006e32910bd0 | 0100 | RGBA_8888    |    0.0    0.0  450.0  154.0 |  495 2609  945 2763 | Toast$_2004#1
12-01 16:22:03.733   956   956 D SurfaceFlinger:      DEVICE | 0xb400006e32907630 | 0100 | RGBA_8888    |    0.0    0.0  518.0   53.0 |  922 2987 1440 3040 | SGestureOverlayWindow$_7409#0
12-01 16:22:03.733   956   956 D SurfaceFlinger:      DEVICE | 0xb400006e328df2b0 | 0100 | RGBA_8888    |    0.0    0.0 1440.0  168.0 |    0 2872 1440
12-01 16:22:03.733   956   956 D SurfaceFlinger: 3040 | NavigationBar0$_2004#0
12-01 16:22:03.733   956   956 D SurfaceFlinger:
12-01 16:22:03.765   854  3384 I sensors-hal: handle_sns_client_event:660, [0][207] accel_sample [ 0.179,  0.032,  9.756] 688396982276301
12-01 16:22:03.941  5493  5801 W SCS@AiSearch user 0: (TransliterationPropertyHelper) There is no matched LangType with en, Will use latin as default
12-01 16:22:03.941  5493  5801 I SCS@AiSearch user 0: (TransliterationAnalyzer) Property=TransliterationProperty{mInputLanguage='la', mOutputLanguage='la', mCategory='app', mNoNeedTransliteration='true'}
12-01 16:22:03.941  5493  5801 I SCS@AiSearch user 0: (TransliterationAnalyzer) Does not need transliteration. Will do nothing
12-01 16:22:03.950  5493  5801 I SCS@AiSearch user 0: (IndexManager) [UPDATE] Done indexName: com.samsung.android.apps updateList.size():1
12-01 16:22:03.951  5493  5801 I SCS@AiSearch user 0: (IndexSearcherManager) [androidx.work-2] entering in refreshSearcherManager():  refreshSearcherManager for pkg com.samsung.android.apps
12-01 16:22:04.002  5493  5801 I SCS@AiSearch user 0: (IndexSearcherManager) [androidx.work-2] leaving from refreshSearcherManager():
12-01 16:22:04.002  5493  5801 I SCS@AiSearch user 0: (IndexManager) [androidx.work-2] leaving from updateIndex, result = true():
12-01 16:22:04.002  5493  5801 I SCS@AiSearch user 0: (AppsDataObserver) [androidx.work-2] leaving from execute():  result is true
12-01 16:22:04.002  5493  5801 I SCS@AiSearch user 0: (AppsDataWorker) [androidx.work-2] leaving from doWork():
12-01 16:22:04.003  5493  5944 I SCS@AiSearch user 0: (IndexManager) [pool-12-thread-1] entering in commitIndexWriter():
12-01 16:22:04.005  5493  5607 I WM-WorkerWrapper: Worker result SUCCESS for Work [ id=51b96597-07a4-4e2b-930a-bdd7631a182f, tags={ com.samsung.android.scs.ai.search.scheduling.workers.AppsDataWorker, CMD_SCAN } ]
12-01 16:22:04.018  1113  1734 I SensorService: [REARLIGHT] lux value : 46, code value : 179
12-01 16:22:04.051  1113  1899 D SemNscXgbMsL1: Probability - Cloud gaming: [0.0015928298]
12-01 16:22:04.051  1113  1899 D SemNscXgbMsL1: Probability - Real time: [0.04112004]
12-01 16:22:04.052  1113  1899 D SemNscXgbMsL1: Probability - Non real time: [0.93383396]
12-01 16:22:04.052  1113  1899 D SemNscXgbMsL1: 1 sample inference time: 1.496823 msecs
12-01 16:22:04.053  1113  1899 D SemNscXgbL2Rt: L2 RT 1 sample inference time: 1.567968 msecs
12-01 16:22:04.055  1113  1899 D SemNscXgbL2Nrt: L2 NRT 1 sample inference time: 1.30375 msecs
12-01 16:22:04.130  5493  5944 I SCS@AiSearch user 0: (IndexManager) [pool-12-thread-1] leaving from commitIndexWriter():
12-01 16:22:04.138  1113  1476 I libprocessgroup: Successfully killed process cgroup uid 10333 pid 3462 in 10ms
12-01 16:22:04.167   956   956 D SurfaceFlinger: Display 4630947232161729153 HWC layers:
12-01 16:22:04.167   956   956 D SurfaceFlinger:      DEVICE | 0xb400006e328e5f40 | 0102 | RGBA_8888    |    0.0    0.0 1440.0 3040.0 |    0    0 1440 3040 | com.example.princeproject/com.example.princeproject.MainActivity$_5505#0
12-01 16:22:04.167   956   956 D SurfaceFlinger:      DEVICE | 0xb400006e32912010 | 0100 | RGBA_8888    |    0.0    0.0 1440.0  150.0 |    0    0 1440  150 | StatusBar$_2004#0
12-01 16:22:04.167   956   956 D SurfaceFlinger:      DEVICE | 0xb400006e32908d40 | 0100 | RGBA_8888    |    0.0    0.0   67.0  441.0 | 1373  665 1440 1106 | com.samsung.android.app.cocktailbars[...]rservice.CocktailBarService$_16650#0
12-01 16:22:04.167   956   956 D SurfaceFlinger:      DEVICE | 0xb400006e32910bd0 | 0100 | RGBA_8888    |    0.0    0.0  450.0  154.0 |  495 2609  945 2763 | Toast$_2004#1
12-01 16:22:04.167   956   956 D SurfaceFlinger:      DEVICE | 0xb400006e32907630 | 0100 | RGBA_8888    |    0.0    0.0  518.0   53.0 |  922 2987 1440 3040 | SGestureOverlayWindow$_7409#0
12-01 16:22:04.167   956   956 D SurfaceFlinger:      DEVICE | 0xb400006e328df2b0 | 0100 | RGBA_8888    |    0.0    0.0 1440.0  168.0 |    0 2872 1440 3040 | NavigationBar0$_2004#0
12-01 16:22:04.167   956   956 D SurfaceFlinger:
12-01 16:22:04.179   956   956 I Layer   : id=3700 removedFromDrawingState Surface(name=983d5f4 Toast)/@0xe1fef8c - animation-leash of window_animation#0 (128)
12-01 16:22:04.179   956   956 I Layer   : id=3694 removedFromDrawingState Toast$_2004#0 (128)
12-01 16:22:04.179   956   956 I Layer   : id=3693 removedFromDrawingState 983d5f4 Toast#0 (128)
12-01 16:22:04.179   956   956 I Layer   : id=3692 removedFromDrawingState WindowToken{4efe33a android.os.Binder@59c8a65}#0 (128)
12-01 16:22:04.180   956   956 I SurfaceFlinger: id=3692 Removed WindowToken{4efe33a android.os.Binder@59c8a65}#0 (128)
12-01 16:22:04.180   956   956 I SurfaceFlinger: id=3693 Removed 983d5f4 Toast#0 (128)
12-01 16:22:04.180   956   956 I SurfaceFlinger: id=3700 Removed Surface(name=983d5f4 Toast)/@0xe1fef8c - animation-leash of window_animation#0 (128)
12-01 16:22:04.180   956   956 I SurfaceFlinger: id=3694 Removed Toast$_2004#0 (128)
12-01 16:22:04.180   956   956 I Layer   : id=3692 Destroyed WindowToken{4efe33a android.os.Binder@59c8a65}#0
12-01 16:22:04.180   956   956 I Layer   : id=3700 Destroyed Surface(name=983d5f4 Toast)/@0xe1fef8c - animation-leash of window_animation#0
12-01 16:22:04.180   956   956 I Layer   : id=3693 Destroyed 983d5f4 Toast#0
12-01 16:22:04.180   956   956 I Layer   : id=3694 Destroyed Toast$_2004#0
12-01 16:22:04.212   956   956 I Layer   : id=3703 removedFromDrawingState Surface(name=490147d Toast)/@0xf0e7b79 - animation-leash of window_animation#0 (124)
12-01 16:22:04.212   956   956 I SurfaceFlinger: id=3703 Removed Surface(name=490147d Toast)/@0xf0e7b79 - animation-leash of window_animation#0 (124)
12-01 16:22:04.213   956   956 I Layer   : id=3703 Destroyed Surface(name=490147d Toast)/@0xf0e7b79 - animation-leash of window_animation#0
12-01 16:22:04.250  1113  1792 D ConnectivityService: ConnectivityService NetworkRequestInfo binderDied(uid/pid:10333/3462, android.os.BinderProxy@3b416ed)
12-01 16:22:04.250  1113  1173 D ConnectivityService: ConnectivityService NetworkRequestInfo binderDied(uid/pid:10333/3462, android.os.BinderProxy@a7e0fb3)
