12-01 16:22:10.295 29757  4018 E NetworkScheduler.TED: Unable to bind to task service: ComponentInfo{com.google.android.gms/com.google.android.gms.threadnetwork.service.firstparty.BorderRouterSyncBoundService}
12-01 16:22:10.297 29757  4426 I NetworkScheduler.Stats: (REDACTED) Task %s/%s finished executing. cause:%s result: %s elapsed_millis: %s uptime_millis: %s exec_start_elapsed_seconds: %s
12-01 16:22:10.323 29757  4426 I NetworkScheduler.Stats: (REDACTED) Task %s/%s started execution. cause:%s exec_start_elapsed_seconds: %s
12-01 16:22:10.338 29757  3007 I NetworkScheduler.Stats: (REDACTED) Task %s/%s started execution. cause:%s exec_start_elapsed_seconds: %s
12-01 16:22:10.342  5610 32507 I PlayGamesServices[GamesSyncAdapter]: Starting sync for a14444e2
12-01 16:22:10.344  5610 32507 I PlayGamesServices[GamesSyncAdapter]: Sync duration for a14444e2: 1
12-01 16:22:10.345  5610 29520 I PlayGamesServices[GamesSyncAdapter]: Starting sync for 117bca9f
12-01 16:22:10.350  5610 29520 I PlayGamesServices[GamesSyncAdapter]: Sync duration for 117bca9f: 4
12-01 16:22:10.352  5610 32507 W PlayGamesServices[DataBroker]: No player ID found when refreshing
12-01 16:22:10.352  5610 32507 W PlayGamesServices[DataBroker]: No player ID found when refreshing
12-01 16:22:10.362  5610 29520 W PlayGamesServices[DataBroker]: No player ID found when refreshing
12-01 16:22:10.362  5610 29520 W PlayGamesServices[DataBroker]: No player ID found when refreshing
12-01 16:22:10.363  5610 29520 W PlayGamesServices[DataBroker]: No player ID found when refreshing
12-01 16:22:10.364  5610 32507 W PlayGamesServices[DataBroker]: No player ID found when refreshing
12-01 16:22:10.366 29757  4018 I NetworkScheduler.Stats: (REDACTED) Task %s/%s finished executing. cause:%s result: %s elapsed_millis: %s uptime_millis: %s exec_start_elapsed_seconds: %s
12-01 16:22:10.391 29757  4018 I NetworkScheduler.Stats: (REDACTED) Task %s/%s finished executing. cause:%s result: %s elapsed_millis: %s uptime_millis: %s exec_start_elapsed_seconds: %s
12-01 16:22:10.618  1113  1734 I SensorService: [REARLIGHT] lux value : 47, code value : 179
12-01 16:22:10.809  5963  5963 W dex2oat64: ART APEX data files are untrusted.
12-01 16:22:10.826   854  3374 I sensors-hal: handle_sns_std_sensor_event:319, [SSC_LIGHT] P lux:50 mode:2 copr:101 br:179
12-01 16:22:10.851  5505  5725 E GoogleApiManager: Failed to get service from broker.
12-01 16:22:10.851  5505  5725 E GoogleApiManager: java.lang.SecurityException: Unknown calling package name 'com.google.android.gms'.
12-01 16:22:10.851  5505  5725 E GoogleApiManager: 	at android.os.Parcel.createExceptionOrNull(Parcel.java:2438)
12-01 16:22:10.851  5505  5725 E GoogleApiManager: 	at android.os.Parcel.createException(Parcel.java:2422)
12-01 16:22:10.851  5505  5725 E GoogleApiManager: 	at android.os.Parcel.readException(Parcel.java:2405)
12-01 16:22:10.851  5505  5725 E GoogleApiManager: 	at android.os.Parcel.readException(Parcel.java:2347)
12-01 16:22:10.851  5505  5725 E GoogleApiManager: 	at aomo.a(:com.google.android.gms@244731029@24.47.31 (190400-699374330):36)
12-01 16:22:10.851  5505  5725 E GoogleApiManager: 	at aokv.z(:com.google.android.gms@244731029@24.47.31 (190400-699374330):143)
12-01 16:22:10.851  5505  5725 E GoogleApiManager: 	at ansc.run(:com.google.android.gms@244731029@24.47.31 (190400-699374330):54)
12-01 16:22:10.851  5505  5725 E GoogleApiManager: 	at android.os.Handler.handleCallback(Handler.java:938)
12-01 16:22:10.851  5505  5725 E GoogleApiManager: 	at android.os.Handler.dispatchMessage(Handler.java:99)
12-01 16:22:10.851  5505  5725 E GoogleApiManager: 	at buro.mv(:com.google.android.gms@244731029@24.47.31 (190400-699374330):1)
12-01 16:22:10.851  5505  5725 E GoogleApiManager: 	at buro.dispatchMessage(:com.google.android.gms@244731029@24.47.31 (190400-699374330):5)
12-01 16:22:10.851  5505  5725 E GoogleApiManager: 	at android.os.Looper.loopOnce(Looper.java:226)
12-01 16:22:10.851  5505  5725 E GoogleApiManager: 	at android.os.Looper.loop(Looper.java:313)
12-01 16:22:10.851  5505  5725 E GoogleApiManager: 	at android.os.HandlerThread.run(HandlerThread.java:67)
12-01 16:22:10.919  5505  5505 E Notifications: Listen failed:
12-01 16:22:10.919  5505  5505 E Notifications: com.google.firebase.firestore.FirebaseFirestoreException: FAILED_PRECONDITION: The query requires an index. You can create it here: https://console.firebase.google.com/v1/r/project/princeproject-aaklmn/firestore/indexes?create_composite=Clpwcm9qZWN0cy9wcmluY2Vwcm9qZWN0LWFha2xtbi9kYXRhYmFzZXMvKGRlZmF1bHQpL2NvbGxlY3Rpb25Hcm91cHMvbm90aWZpY2F0aW9ucy9pbmRleGVzL18QARoKCgZ1c2VySWQQARoNCgl0aW1lc3RhbXAQAhoMCghfX25hbWVfXxAC
12-01 16:22:10.919  5505  5505 E Notifications: 	at com.google.firebase.firestore.util.Util.exceptionFromStatus(Util.java:113)
12-01 16:22:10.919  5505  5505 E Notifications: 	at com.google.firebase.firestore.core.EventManager.onError(EventManager.java:247)
12-01 16:22:10.919  5505  5505 E Notifications: 	at com.google.firebase.firestore.core.SyncEngine.removeAndCleanupTarget(SyncEngine.java:642)
12-01 16:22:10.919  5505  5505 E Notifications: 	at com.google.firebase.firestore.core.SyncEngine.handleRejectedListen(SyncEngine.java:478)
12-01 16:22:10.919  5505  5505 E Notifications: 	at com.google.firebase.firestore.core.MemoryComponentProvider$RemoteStoreCallback.handleRejectedListen(MemoryComponentProvider.java:125)
12-01 16:22:10.919  5505  5505 E Notifications: 	at com.google.firebase.firestore.remote.RemoteStore.processTargetError(RemoteStore.java:596)
12-01 16:22:10.919  5505  5505 E Notifications: 	at com.google.firebase.firestore.remote.RemoteStore.handleWatchChange(RemoteStore.java:479)
12-01 16:22:10.919  5505  5505 E Notifications: 	at com.google.firebase.firestore.remote.RemoteStore.access$100(RemoteStore.java:60)
12-01 16:22:10.919  5505  5505 E Notifications: 	at com.google.firebase.firestore.remote.RemoteStore$1.onWatchChange(RemoteStore.java:188)
12-01 16:22:10.919  5505  5505 E Notifications: 	at com.google.firebase.firestore.remote.WatchStream.onNext(WatchStream.java:114)
12-01 16:22:10.919  5505  5505 E Notifications: 	at com.google.firebase.firestore.remote.WatchStream.onNext(WatchStream.java:38)
12-01 16:22:10.919  5505  5505 E Notifications: 	at com.google.firebase.firestore.remote.AbstractStream$StreamObserver.lambda$onNext$1$com-google-firebase-firestore-remote-AbstractStream$StreamObserver(AbstractStream.java:126)
12-01 16:22:10.919  5505  5505 E Notifications: 	at com.google.firebase.firestore.remote.AbstractStream$StreamObserver$$ExternalSyntheticLambda0.run(D8$$SyntheticClass:0)
12-01 16:22:10.919  5505  5505 E Notifications: 	at com.google.firebase.firestore.remote.AbstractStream$CloseGuardedRunner.run(AbstractStream.java:67)
12-01 16:22:10.919  5505  5505 E Notifications: 	at com.google.firebase.firestore.remote.AbstractStream$StreamObserver.onNext(AbstractStream.java:113)
12-01 16:22:10.919  5505  5505 E Notifications: 	at com.google.firebase.firestore.remote.FirestoreChannel$1.onMessage(FirestoreChannel.java:162)
12-01 16:22:10.919  5505  5505 E Notifications: 	at io.grpc.internal.DelayedClientCall$DelayedListener.onMessage(DelayedClientCall.java:473)
12-01 16:22:10.919  5505  5505 E Notifications: 	at io.grpc.internal.ClientCallImpl$ClientStreamListenerImpl$1MessagesAvailable.runInternal(ClientCallImpl.java:667)
12-01 16:22:10.919  5505  5505 E Notifications: 	at io.grpc.internal.ClientCallImpl$ClientStreamListenerImpl$1MessagesAvailable.runInContext(ClientCallImpl.java:654)
12-01 16:22:10.919  5505  5505 E Notifications: 	at io.grpc.internal.ContextRunnable.run(ContextRunnable.java:37)
12-01 16:22:10.919  5505  5505 E Notifications: 	at io.grpc.internal.SerializingExecutor.run(SerializingExecutor.java:133)
12-01 16:22:10.919  5505  5505 E Notifications: 	at java.util.concurrent.Executors$RunnableAdapter.call(Executors.java:462)
12-01 16:22:10.919  5505  5505 E Notifications: 	at java.util.concurrent.FutureTask.run(FutureTask.java:266)
12-01 16:22:10.919  5505  5505 E Notifications: 	at java.util.concurrent.ScheduledThreadPoolExecutor$ScheduledFutureTask.run(ScheduledThreadPoolExecutor.java:301)
12-01 16:22:10.919  5505  5505 E Notifications: 	at java.util.concurrent.ThreadPoolExecutor.runWorker(ThreadPoolExecutor.java:1167)
12-01 16:22:10.919  5505  5505 E Notifications: 	at java.util.concurrent.ThreadPoolExecutor$Worker.run(ThreadPoolExecutor.java:641)
12-01 16:22:10.919  5505  5505 E Notifications: 	at com.google.firebase.firestore.util.AsyncQueue$SynchronizedShutdownAwareExecutor$DelayedStartFactory.run(AsyncQueue.java:235)
12-01 16:22:10.919  5505  5505 E Notifications: 	at java.lang.Thread.run(Thread.java:920)
12-01 16:22:10.919  5505  5505 E Notifications: Caused by: io.grpc.StatusException: FAILED_PRECONDITION: The query requires an index. You can create it here: https://console.firebase.google.com/v1/r/project/princeproject-aaklmn/firestore/indexes?create_composite=Clpwcm9qZWN0cy9wcmluY2Vwcm9qZWN0LWFha2xtbi9kYXRhYmFzZXMvKGRlZmF1bHQpL2NvbGxlY3Rpb25Hcm91cHMvbm90aWZpY2F0aW9ucy9pbmRleGVzL18QARoKCgZ1c2VySWQQARoNCgl0aW1lc3RhbXAQAhoMCghfX25hbWVfXxAC
12-01 16:22:10.919  5505  5505 E Notifications: 	at io.grpc.Status.asException(Status.java:541)
12-01 16:22:10.919  5505  5505 E Notifications: 	at com.google.firebase.firestore.util.Util.exceptionFromStatus(Util.java:111)
12-01 16:22:10.919  5505  5505 E Notifications: 	... 27 more
12-01 16:22:10.921  5610  5610 D BoundBrokerSvc: onUnbind: Intent { act=com.google.android.gms.feedback.internal.IFeedbackService dat=chimera-action: cmp=com.google.android.gms/.chimera.GmsBoundBrokerService }
12-01 16:22:10.921  5505  5717 W Firestore: (25.1.1) [Firestore]: Listen for Query(target=Query(notifications where userId==9620cce4e7c896f8 order by -timestamp, -__name__);limitType=LIMIT_TO_FIRST) failed: Status{code=FAILED_PRECONDITION, description=The query requires an index. You can create it here: https://console.firebase.google.com/v1/r/project/princeproject-aaklmn/firestore/indexes?create_composite=Clpwcm9qZWN0cy9wcmluY2Vwcm9qZWN0LWFha2xtbi9kYXRhYmFzZXMvKGRlZmF1bHQpL2NvbGxlY3Rpb25Hcm91cHMvbm90aWZpY2F0aW9ucy9pbmRleGVzL18QARoKCgZ1c2VySWQQARoNCgl0aW1lc3RhbXAQAhoMCghfX25hbWVfXxAC, cause=null}
12-01 16:22:10.995  5963  5981 W dex2oat64: Accessing hidden method Landroid/icu/text/DateFormat$HourCycle;->values()[Landroid/icu/text/DateFormat$HourCycle; (blocked, linking, denied)
12-01 16:22:10.996  5963  5963 W dex2oat64: Accessing hidden method Landroid/icu/text/DateTimePatternGenerator;->getDefaultHourCycle()Landroid/icu/text/DateFormat$HourCycle; (blocked, linking, denied)
12-01 16:22:10.996  5963  5981 W dex2oat64: Accessing hidden field Landroid/icu/text/DateFormat$HourCycle;->HOUR_CYCLE_11:Landroid/icu/text/DateFormat$HourCycle; (blocked, linking, denied)
12-01 16:22:10.996  5963  5981 W dex2oat64: Accessing hidden field Landroid/icu/text/DateFormat$HourCycle;->HOUR_CYCLE_12:Landroid/icu/text/DateFormat$HourCycle; (blocked, linking, denied)
12-01 16:22:10.996  5963  5981 W dex2oat64: Accessing hidden field Landroid/icu/text/DateFormat$HourCycle;->HOUR_CYCLE_23:Landroid/icu/text/DateFormat$HourCycle; (blocked, linking, denied)
12-01 16:22:10.996  5963  5981 W dex2oat64: Accessing hidden field Landroid/icu/text/DateFormat$HourCycle;->HOUR_CYCLE_24:Landroid/icu/text/DateFormat$HourCycle; (blocked, linking, denied)
12-01 16:22:10.996  5963  5981 W dex2oat64: Accessing hidden field Landroid/icu/text/DateFormat$HourCycle;->HOUR_CYCLE_12:Landroid/icu/text/DateFormat$HourCycle; (blocked, linking, denied)
12-01 16:22:10.996  5963  5981 W dex2oat64: Accessing hidden field Landroid/icu/text/DateFormat$HourCycle;->HOUR_CYCLE_24:Landroid/icu/text/DateFormat$HourCycle; (blocked, linking, denied)
12-01 16:22:10.996  5963  5981 W dex2oat64: Accessing hidden field Landroid/icu/text/DateFormat$HourCycle;->HOUR_CYCLE_23:Landroid/icu/text/DateFormat$HourCycle; (blocked, linking, denied)
12-01 16:22:10.996  5963  5981 W dex2oat64: Accessing hidden field Landroid/icu/text/DateFormat$HourCycle;->HOUR_CYCLE_24:Landroid/icu/text/DateFormat$HourCycle; (blocked, linking, denied)
12-01 16:22:10.996  5963  5963 W dex2oat64: Accessing hidden method Landroid/icu/number/NumberFormatterSettings;->usage(Ljava/lang/String;)Landroid/icu/number/NumberFormatterSettings; (blocked, linking, denied)
12-01 16:22:10.997  5963  5963 W dex2oat64: Accessing hidden method Landroid/icu/number/FormattedNumber;->getOutputUnit()Landroid/icu/util/MeasureUnit; (blocked, linking, denied)
12-01 16:22:10.998  5963  5963 W dex2oat64: Accessing hidden method Landroid/icu/util/MeasureUnit;->getIdentifier()Ljava/lang/String; (blocked, linking, denied)
12-01 16:22:11.026 29757 29757 D BoundBrokerSvc: onUnbind: Intent { act=com.google.android.gms.icing.LIGHTWEIGHT_INDEX_SERVICE dat=chimera-action: cmp=com.google.android.gms/.chimera.PersistentApiService }
12-01 16:22:11.107   774 13783 E TrafficController: FREECESS
12-01 16:22:11.111  1113  3075 W LocationManagerService: onFreezeStateChanged, uid[10075]=true
12-01 16:22:11.218  1113  1734 I SensorService: [REARLIGHT] lux value : 49, code value : 179
12-01 16:22:11.406   956  3016 I SurfaceFlinger: id=3712 createSurf (0x0),-1 flag=24000, Surface(name=93172a9 Toast)/@0x3b3555c - animation-leash of window_animation#0
12-01 16:22:11.407  2004  2215 D OpenGLRenderer: setSurface called with nullptr
12-01 16:22:11.407  2004  2215 D OpenGLRenderer: setSurface() destroyed EGLSurface
12-01 16:22:11.407  2004  2215 D OpenGLRenderer: destroyEglSurface
12-01 16:22:11.408  2004  2004 I ViewRootImpl@ebe28aa[Toast]: dispatchDetachedFromWindow
12-01 16:22:11.413  1113  2402 D InputTransport: Input channel destroyed: '93172a9', fd=597
12-01 16:22:11.413  1113  2402 W InputManager-JNI: Input channel object '93172a9 Toast (client)' was disposed without first being removed with the input manager!
12-01 16:22:11.413  1113  2402 D InputTransport: Input channel destroyed: '93172a9', fd=917
12-01 16:22:11.416  2004  2004 D InputTransport: Input channel destroyed: '93172a9', fd=251
12-01 16:22:11.439  2004  2004 V ToastPresenter: sipHeight = -53
12-01 16:22:11.440  2004  2004 V ToastPresenter: Text: Oo e in android.widget.ToastPresenter@72e2576
12-01 16:22:11.448  1113  2619 D InputTransport: Input channel constructed: 'eab42c5', fd=597
12-01 16:22:11.448  1113  2619 D InputTransport: Input channel constructed: 'eab42c5', fd=794
12-01 16:22:11.448  1113  2619 D InputTransport: Input channel constructed: 'eab42c5', fd=917
12-01 16:22:11.449   956  1013 I SurfaceFlinger: id=3713 createSurf (0x0),-1 flag=80004, eab42c5 Toast#0
12-01 16:22:11.451  1113  2619 D InputTransport: Input channel destroyed: 'eab42c5', fd=917
12-01 16:22:11.452  2004  2004 I ViewRootImpl@8c54c4d[Toast]: setView = android.widget.LinearLayout@9cf2302 TM=true
12-01 16:22:11.457  1113  2619 V WindowManager: Relayout Window{eab42c5 u0 Toast}: viewVisibility=0 req=703x154 d0
12-01 16:22:11.457   956  1013 I SurfaceFlinger: id=3714 createSurf (1x1),-3 flag=40004, Toast$_2004#0
12-01 16:22:11.464  1113  2619 V WindowManager: Relayout hash=eab42c5, pid=2004: mAttrs={(0,224)(wrapxwrap) gr=BOTTOM CENTER sim={adjust=pan} ty=TOAST fmt=TRANSLUCENT wanim=0x1030004
12-01 16:22:11.464  1113  2619 V WindowManager:   fl=1000098
12-01 16:22:11.464  1113  2619 V WindowManager:   pfl=32000000
12-01 16:22:11.464  1113  2619 V WindowManager:   bhv=DEFAULT
12-01 16:22:11.464  1113  2619 V WindowManager:   fitTypes=STATUS_BARS NAVIGATION_BARS CAPTION_BAR
12-01 16:22:11.464  1113  2619 V WindowManager:   fitIgnoreVis naviIconColor=0}
12-01 16:22:11.467  2004  2004 I ViewRootImpl@8c54c4d[Toast]: Relayout returned: old=(0,150,1440,2987) new=(368,2609,1071,2763) req=(703,154)0 dur=10 res=0x7 s={true -5476376616492947152} ch=true fn=-1
12-01 16:22:11.469  2004  2215 D OpenGLRenderer: eglCreateWindowSurface
12-01 16:22:11.469  2004  2004 I ViewRootImpl@8c54c4d[Toast]: [DP] dp(1) 0 android.view.ViewRootImpl.reportNextDraw:11374 android.view.ViewRootImpl.performTraversals:4167 android.view.ViewRootImpl.doTraversal:2893
12-01 16:22:11.475  2004  2215 I BufferQueueProducer: [ViewRootImpl@8c54c4d[Toast]#195(BLAST Consumer)195](id:7d4000000c3,api:1,p:2004,c:2004) queueBuffer: queued for the first time.
12-01 16:22:11.481  2004  2004 I ViewRootImpl@8c54c4d[Toast]: [DP] pdf(0) 0 android.view.ViewRootImpl.lambda$addFrameCompleteCallbackIfNeeded$3$ViewRootImpl:4969 android.view.ViewRootImpl$$ExternalSyntheticLambda16.run:6 android.os.Handler.handleCallback:938
12-01 16:22:11.481  2004  2004 I ViewRootImpl@8c54c4d[Toast]: [DP] rdf()
12-01 16:22:11.481  2004  2004 D ViewRootImpl@8c54c4d[Toast]: reportDrawFinished (fn: -1)
12-01 16:22:11.483   956  3016 I SurfaceFlinger: id=3715 createSurf (0x0),-1 flag=24004, Surface(name=eab42c5 Toast)/@0x5540928 - animation-leash of window_animation#0
12-01 16:22:11.529   956   956 D SurfaceFlinger: Display 4630947232161729153 HWC layers:
12-01 16:22:11.529   956   956 D SurfaceFlinger:      DEVICE | 0xb400006e328e5f40 | 0102 | RGBA_8888    |    0.0    0.0 1440.0 3040.0 |    0    0 1440 3040 | com.example.princeproject/com.example.princeproject.MainActivity$_5505#0
12-01 16:22:11.529   956   956 D SurfaceFlinger:      DEVICE | 0xb400006e328d91f0 | 0100 | RGBA_8888    |    0.0    0.0 1440.0  150.0 |    0    0 1440  150 | StatusBar$_2004#0
12-01 16:22:11.529   956   956 D SurfaceFlinger:      DEVICE | 0xb400006e32908d40 | 0100 | RGBA_8888    |    0.0    0.0   67.0  441.0 | 1373  665 1440 1106 | com.samsung.android.app.cocktailbars[...]rservice.CocktailBarService$_16650#0
12-01 16:22:11.529   956   956 D SurfaceFlinger:      DEVICE | 0xb400006e328f0890 | 0100 | RGBA_8888    |    0.0    0.0  703.0  154.0 |  368 2609 1071 2763 | Toast$_2004#1
12-01 16:22:11.529   956   956 D SurfaceFlinger:      DEVICE | 0xb400006e3290b1d0 | 0100 | RGBA_8888    |    0.0    0.0  703.0  154.0 |  368 2609 1071 2763 | Toast$_2004#0
12-01 16:22:11.529   956   956 D SurfaceFlinger:      DEVICE | 0xb400006e32907630 | 0100 | RGBA_8888    |    0.0    0.0  518.0   53.0 |  922 2987 1440 3040 | SGestureOverlayWindow$_7409#0
12-01 16:22:11.529   956   956 D SurfaceFlinger:      DEVICE | 0xb400006e328df2b0 | 0100 | RGBA_8888    |    0.0    0.0 1440.0  168.0 |    0 2872 1440
12-01 16:22:11.529   956   956 D SurfaceFlinger: 3040 | NavigationBar0$_2004#0
12-01 16:22:11.529   956   956 D SurfaceFlinger:
12-01 16:22:11.588  5505  5505 I ViewInteraction: Performing 'single click' action on view view.getId() is <2131296444/com.example.princeproject:id/editProfileButton>
12-01 16:22:11.596  1113  2619 D InputDispatcher: Inject motion (5505): action=0x0, time=70451056000000, f=0x0, d=0
12-01 16:22:11.597  1113  1796 I InputDispatcher: Delivering touch to (2004): action: 0x4, f=0x0, d=0, '3912437', t=0
12-01 16:22:11.597  1113  1796 I InputDispatcher: Delivering touch to (5505): action: 0x0, f=0x0, d=0, 'd7279c3', t=0
12-01 16:22:11.598  5505  5505 I ViewRootImpl@3521172[MainActivity]: ViewPostIme pointer 0
12-01 16:22:11.598  7409  7409 W TouchInteractionService: onInputEvent, inputConsumer = com.android.quickstep.-$$Lambda$InputConsumer$cayMJybMMyH-XvJ76yEWjWeqQUo@5c7d165
12-01 16:22:11.599  6687  6687 I SemDvfsHyPerManager: acquire hyper - TABoost/6687@18, type = 1090523139
12-01 16:22:11.600   860   935 I HYPER-HAL: [RequestManager.cpp]acquire(): Acquired ID : 22481883  [6687 / 18]    HINT :      list : [TABoost / 30] [TIMEOUT / 1500]
12-01 16:22:11.636  1113  2619 D InputDispatcher: Inject motion (5505): action=0x1, time=70451096000000, f=0x0, d=0
12-01 16:22:11.636  1113  1796 I InputDispatcher: Delivering touch to (5505): action: 0x1, f=0x0, d=0, 'd7279c3', t=0
12-01 16:22:11.636  5505  5505 I ViewRootImpl@3521172[MainActivity]: ViewPostIme pointer 1
12-01 16:22:11.637  7409  7409 W TouchInteractionService: reset
12-01 16:22:11.676   956   956 E SurfaceFlinger: Attempt to update InputPolicyFlags without permission ACCESS_SURFACE_FLINGER
12-01 16:22:11.692   956   956 E SurfaceFlinger: Attempt to update InputPolicyFlags without permission ACCESS_SURFACE_FLINGER
12-01 16:22:11.709   956   956 E SurfaceFlinger: Attempt to update InputPolicyFlags without permission ACCESS_SURFACE_FLINGER
12-01 16:22:11.713  5505  5505 I Dialog  : mIsDeviceDefault = false, mIsSamsungBasicInteraction = false, isMetaDataInActivity = false
12-01 16:22:11.716  5505  5505 I DecorView: [INFO] isPopOver=false, config=false
12-01 16:22:11.716  5505  5505 I DecorView: updateCaptionType >> DecorView@7dd9e3e[], isFloating=true, isApplication=true, hasWindowControllerCallback=false, hasWindowDecorCaption=false
12-01 16:22:11.716  5505  5505 D DecorView: setCaptionType = 0, this = DecorView@7dd9e3e[]
12-01 16:22:11.722  5963  5963 I dex2oat64: dex2oat took 2.553s (3.858s cpu) (threads: 6) arena alloc=0B (0B) java alloc=14MB (15662304B) native alloc=3354KB (3434736B) free=94MB (99139136B)
12-01 16:22:11.725  5505  5505 D ScrollView: initGoToTop
12-01 16:22:11.726   956   956 E SurfaceFlinger: Attempt to update InputPolicyFlags without permission ACCESS_SURFACE_FLINGER
12-01 16:22:11.730  5505  5505 D ScrollView: initGoToTop
12-01 16:22:11.742   956   956 E SurfaceFlinger: Attempt to update InputPolicyFlags without permission ACCESS_SURFACE_FLINGER
12-01 16:22:11.749  1113  2402 D InputTransport: Input channel constructed: '59188c3', fd=917
12-01 16:22:11.749  1113  2402 D InputTransport: Input channel constructed: '59188c3', fd=921
12-01 16:22:11.749  1113  2402 D InputTransport: Input channel constructed: '59188c3', fd=925
12-01 16:22:11.750   956  1013 I SurfaceFlinger: id=3716 createSurf (0x0),-1 flag=80004, 59188c3 com.example.princeproject/com.example.princeproject.MainActivity#0
12-01 16:22:11.754   956  1013 I SurfaceFlinger: id=3717 createSurf (0x0),-1 flag=24000, Surface(name=ec3730b StatusBar)/@0x5513739 - animation-leash of insets_animation#1
12-01 16:22:11.755   956  1083 I SurfaceFlinger: id=3718 createSurf (0x0),-1 flag=24000, Surface(name=3912437 NavigationBar0)/@0x4d30f2c - animation-leash of insets_animation#1
12-01 16:22:11.756  1113  2402 D InputTransport: Input channel destroyed: '59188c3', fd=925
12-01 16:22:11.758  5505  5505 I ViewRootImpl@95f91c6[MainActivity]: setView = com.android.internal.policy.DecorView@7dd9e3e TM=true
12-01 16:22:11.759   956   956 E SurfaceFlinger: Attempt to update InputPolicyFlags without permission ACCESS_SURFACE_FLINGER
12-01 16:22:11.776   956   956 I Layer   : id=3687 removedFromDrawingState Surface(name=ec3730b StatusBar)/@0x5513739 - animation-leash of insets_animation#0 (128)
12-01 16:22:11.776   956   956 I Layer   : id=78 removedFromDrawingState ec3730b StatusBar#0 (128)
12-01 16:22:11.776   956   956 I Layer   : id=91 removedFromDrawingState StatusBar$_2004#0 (128)
12-01 16:22:11.776   956   956 I Layer   : id=78 addToCurrentState ec3730b StatusBar#0 (128)
12-01 16:22:11.776   956   956 I Layer   : id=91 addToCurrentState StatusBar$_2004#0 (128)
12-01 16:22:11.776   956   956 I Layer   : id=3688 removedFromDrawingState Surface(name=3912437 NavigationBar0)/@0x4d30f2c - animation-leash of insets_animation#0 (128)
12-01 16:22:11.776   956   956 E SurfaceFlinger: Attempt to update InputPolicyFlags without permission ACCESS_SURFACE_FLINGER
12-01 16:22:11.792  1148  4090 V installd: DexInv: --- END '/data/app/~~Ak5Ii_DXfobPIoh48ih8LA==/com.example.princeproject-hHqgwYwBrLa2E81MNCDSHg==/base.apk' (success) ---
12-01 16:22:11.792   956   956 E SurfaceFlinger: Attempt to update InputPolicyFlags without permission ACCESS_SURFACE_FLINGER
12-01 16:22:11.804  1113  6888 V WindowManager: Relayout Window{59188c3 u0 com.example.princeproject/com.example.princeproject.MainActivity}: viewVisibility=0 req=1366x1606 d0
12-01 16:22:11.804   956  1013 I SurfaceFlinger: id=3719 createSurf (225x225),-3 flag=40004, com.example.princeproject/com.example.princeproject.MainActivity$_5505#1
12-01 16:22:11.809   956   956 E SurfaceFlinger: Attempt to update InputPolicyFlags without permission ACCESS_SURFACE_FLINGER
12-01 16:22:11.810  1113  6888 V WindowManager: Relayout hash=59188c3, pid=5505: mAttrs={(0,0)(wrapxwrap) gr=CENTER sim={adjust=pan forwardNavigation} ty=APPLICATION fmt=TRANSLUCENT wanim=0x1030304 surfaceInsets=Rect(112, 112 - 112, 112)
12-01 16:22:11.810  1113  6888 V WindowManager:   fl=1800002
12-01 16:22:11.810  1113  6888 V WindowManager:   pfl=42000000
12-01 16:22:11.810  1113  6888 V WindowManager:   bhv=DEFAULT
12-01 16:22:11.810  1113  6888 V WindowManager:   fitTypes=STATUS_BARS NAVIGATION_BARS CAPTION_BAR dimAmount=0.6 naviIconColor=0}
12-01 16:22:11.814  5505  5505 I ViewRootImpl@95f91c6[MainActivity]: Relayout returned: old=(0,150,1440,2987) new=(37,765,1403,2371) req=(1366,1606)0 dur=9 res=0x7 s={true -5476376616495606752} ch=true fn=-1
12-01 16:22:11.815  5505  5703 D OpenGLRenderer: eglCreateWindowSurface
12-01 16:22:11.826   773   783 E statsd  : Predicate -7037417284711607308 dropping data for dimension key (10)0x2010101->10605[I] (10)0x30000->*dexopt*[S]
12-01 16:22:11.826   956   956 E SurfaceFlinger: Attempt to update InputPolicyFlags without permission ACCESS_SURFACE_FLINGER
12-01 16:22:11.827   773   783 E statsd  : Predicate 5980654721335871649 dropping data for dimension key (10)0x2010101->10605[I] (10)0x30000->*dexopt*[S]
12-01 16:22:11.837  5505  5505 D ScrollView:  onsize change changed
12-01 16:22:11.838  5505  5505 I ViewRootImpl@95f91c6[MainActivity]: [DP] dp(1) 1 android.view.ViewRootImpl.reportNextDraw:11374 android.view.ViewRootImpl.performTraversals:4167 android.view.ViewRootImpl.doTraversal:2893
12-01 16:22:11.843   956   956 E SurfaceFlinger: Attempt to update InputPolicyFlags without permission ACCESS_SURFACE_FLINGER
12-01 16:22:11.844  1113  2619 D InputDispatcher: Focus request (0): 59188c3 com.example.princeproject/com.example.princeproject.MainActivity but waiting because NOT_VISIBLE
12-01 16:22:11.845  1113  2619 D InputDispatcher: Focus left window (0): d7279c3 com.example.princeproject/com.example.princeproject.MainActivity
12-01 16:22:11.854  5505  5517 I e.princeprojec: Compiler allocated 4163KB to compile void android.widget.TextView.<init>(android.content.Context, android.util.AttributeSet, int, int)
12-01 16:22:11.859   956   956 E SurfaceFlinger: Attempt to update InputPolicyFlags without permission ACCESS_SURFACE_FLINGER
12-01 16:22:11.876  5505  5703 I BufferQueueProducer: [ViewRootImpl@95f91c6[MainActivity]#1(BLAST Consumer)1](id:158100000001,api:1,p:5505,c:5505) queueBuffer: queued for the first time.
12-01 16:22:11.879  5505  5505 I ViewRootImpl@95f91c6[MainActivity]: [DP] pdf(0) 1 android.view.ViewRootImpl.lambda$addFrameCompleteCallbackIfNeeded$3$ViewRootImpl:4969 android.view.ViewRootImpl$$ExternalSyntheticLambda16.run:6 android.os.Handler.handleCallback:938
12-01 16:22:11.879  5505  5505 I ViewRootImpl@95f91c6[MainActivity]: [DP] rdf()
12-01 16:22:11.879  5505  5505 D ViewRootImpl@95f91c6[MainActivity]: reportDrawFinished (fn: -1)
12-01 16:22:11.882   956  1083 I SurfaceFlinger: id=3688 Removed Surface(name=3912437 NavigationBar0)/@0x4d30f2c - animation-leash of insets_animation#0 (129)
12-01 16:22:11.883   956  3016 I SurfaceFlinger: id=3687 Removed Surface(name=ec3730b StatusBar)/@0x5513739 - animation-leash of insets_animation#0 (129)
12-01 16:22:11.883   956  3016 I SurfaceFlinger: id=3720 createSurf (0x0),-1 flag=24004, Surface(name=59188c3 com.example.princeproject/com.example.princeproject.MainActivity)/@0x8594d3b - animation-leash of window_animation#0
12-01 16:22:11.885   956  3016 I SurfaceFlinger: id=3721 createSurf (0x0),-1 flag=20004, Dim Layer for - Task=1722#0
12-01 16:22:11.886   956  3016 I SurfaceFlinger: id=3722 createSurf (0x0),-1 flag=24000, Surface(name=Dim Layer for - Task=1722)/@0xe4841b1 - animation-leash of dimmer#0
12-01 16:22:11.893   956   956 E SurfaceFlinger: Attempt to update InputPolicyFlags without permission ACCESS_SURFACE_FLINGER
12-01 16:22:11.893   956   956 E SurfaceFlinger: Attempt to update InputPolicyFlags without permission ACCESS_SURFACE_FLINGER
12-01 16:22:11.894   956   956 I Layer   : id=3687 Destroyed Surface(name=ec3730b StatusBar)/@0x5513739 - animation-leash of insets_animation#0
12-01 16:22:11.894   956   956 I Layer   : id=3688 Destroyed Surface(name=3912437 NavigationBar0)/@0x4d30f2c - animation-leash of insets_animation#0
12-01 16:22:11.895  1113  6888 D InputDispatcher: Focus entered window (0): 59188c3 com.example.princeproject/com.example.princeproject.MainActivity
12-01 16:22:11.903  5505  5505 I ViewRootImpl@3521172[MainActivity]: MSG_WINDOW_FOCUS_CHANGED 0 1
12-01 16:22:11.910   956   956 E SurfaceFlinger: Attempt to update InputPolicyFlags without permission ACCESS_SURFACE_FLINGER
12-01 16:22:11.910   956   956 E SurfaceFlinger: Attempt to update InputPolicyFlags without permission ACCESS_SURFACE_FLINGER
12-01 16:22:11.923  2004  2169 D NetworkController: SignalStrength from intent slotId=0
12-01 16:22:11.923  2004  2169 D NetworkController.MobileSignalController(0/2147483647): new mSignalStrength=SignalStrength:{mCdma=Invalid,mGsm=Invalid,mWcdma=Invalid,mTdscdma=Invalid,mLte=CellSignalStrengthLte: rssi=-71 rsrp=-104 rsrq=-16 rssnr=0 cqiTableIndex=2147483647 cqi=2147483647 ta=2147483647 level=3 parametersUseForLevel=0,mNr=Invalid,SignalBarInfo{ lteLevel=4 },rat=14,primary=CellSignalStrengthLte}
12-01 16:22:11.923  2004  2169 D NetworkController.MobileSignalController(0/2147483647): Display signal bar by emergency only[true][true]
12-01 16:22:11.926   956   956 E SurfaceFlinger: Attempt to update InputPolicyFlags without permission ACCESS_SURFACE_FLINGER
12-01 16:22:11.930  5505  5505 I ViewRootImpl@95f91c6[MainActivity]: MSG_WINDOW_FOCUS_CHANGED 1 1
12-01 16:22:11.932  5505  5505 D InputMethodManager: startInputInner - Id : 0
12-01 16:22:11.932  5505  5505 I InputMethodManager: startInputInner - mService.startInputOrWindowGainedFocus
12-01 16:22:11.933  1113  2402 D InputMethodManagerService: DESKTOP MODE! : 2
12-01 16:22:11.933  1113  2402 D InputMethodManagerService: NOT IN KNOX DESKTOP MODE!
12-01 16:22:11.933  1113  2402 V InputMethodManagerService: getDisplayIdOfInputMethodWindowToBeAdded : 0
12-01 16:22:11.933  1113  2402 D InputMethodManagerService: checkDisplayOfStartInputAndUpdateKeyboard display Id 0last 0
12-01 16:22:11.933  1113  2402 D InputTransport: Input channel constructed: 'ClientS', fd=925
12-01 16:22:11.933  1113  2402 D InputTransport: Input channel destroyed: 'ClientS', fd=925
12-01 16:22:11.934   956   956 D SurfaceFlinger: Display 4630947232161729153 HWC layers:
12-01 16:22:11.934   956   956 D SurfaceFlinger:      DEVICE | 0xb400006e328e5f40 | 0102 | RGBA_8888    |    0.0    0.0 1440.0 3040.0 |    0    0 1440 3040 | com.example.princeproject/com.example.princeproject.MainActivity$_5505#0
12-01 16:22:11.934   956   956 D SurfaceFlinger:  SOLID_COLOR |              | 0000 |  Unknown  |    0.0    0.0    0.0    0.0 |    0    0 1440 3040 | Dim Layer for - Task=1722#0
12-01 16:22:11.934   956   956 D SurfaceFlinger:      DEVICE | 0xb400006e328ff9e0 | 0100 | RGBA_8888    |   75.0    0.0 1515.0 1830.0 |    0  653 1440 2483 | com.example.princeproject/com.example.princeproject.MainActivity$_5505#1
12-01 16:22:11.934   956   956 D SurfaceFlinger:      DEVICE | 0xb400006e328d91f0 | 0100 | RGBA_8888    |    0.0    0.0 1440.0  150.0 |    0    0 1440  150 | StatusBar$_2004#0
12-01 16:22:11.934   956   956 D SurfaceFlinger:      DEVICE | 0xb400006e32908d40 | 0100 | RGBA_8888    |    0.0    0.0   67.0  441.0 | 1373  665 1440 1106 | com.samsung.android.app.cocktailbars[...]rservice.CocktailBarService$_16650#0
12-01 16:22:11.934   956   956 D SurfaceFlinger:      DEVICE | 0xb400006e328f0890 | 0100 | RGBA_8888    |    0.0    0.0  703.0  154.0 |  368 2609 1071 2763 | Toast$_2004#1
12-01 16:22:11.934   956   956 D SurfaceFlinger:      DEVICE | 0xb400006e3290b1d0 | 0100 | RGBA_8888
12-01 16:22:11.934   956   956 D SurfaceFlinger:   |    0.0    0.0  703.0  154.0 |  368 2609 1071 2763 | Toast$_2004#0
12-01 16:22:11.934   956   956 D SurfaceFlinger:      DEVICE | 0xb400006e32907630 | 0100 | RGBA_8888    |    0.0    0.0  518.0   53.0 |  922 2987 1440 3040 | SGestureOverlayWindow$_7409#0
12-01 16:22:11.934   956   956 D SurfaceFlinger:      DEVICE | 0xb400006e328df2b0 | 0100 | RGBA_8888    |    0.0    0.0 1440.0  168.0 |    0 2872 1440 3040 | NavigationBar0$_2004#0
12-01 16:22:11.934   956   956 D SurfaceFlinger:
12-01 16:22:11.934  7295  7295 I HBD     : HoneyBoardService onFinishInput
12-01 16:22:11.934  7295  7295 I HBD     : a IC have been unbinding,  InputConnectionWrapper{idHash=#63485fa mMissingMethods=}
12-01 16:22:11.934  7295  7295 I HBD     : HoneyBoardService [PF_CL][onFinishInput]  305938 ns
12-01 16:22:11.935  7295  7295 I HBD     : HoneyBoardService [IMI] onStartInput - caller pid : 5505 , caller uid : 10605
12-01 16:22:11.935  7295  7295 I HBD     : j updateConfigs
12-01 16:22:11.935  7295  7295 I HBD     : j isEnabledNightMode : true
12-01 16:22:11.935  7295  7295 I HBD     : a IC have been binding, InputConnectionWrapper{idHash=#63485fa mMissingMethods=}
12-01 16:22:11.935  7295  7295 I HBD     : h [EditorInputType]setPrivateImeOptionsToTable privateImeOptions ( null )
12-01 16:22:11.935  7295  7295 I HBD     : b incognitoMode : false
12-01 16:22:11.935  7295  7295 I HBD     : a needOff = true , isForceOff = false, isNullInputClass : true
12-01 16:22:11.935  7295  7295 I HBD     : h getDefaultInputRange : UNKNOWN
12-01 16:22:11.935  7295  7295 I HBD     : h getDefaultInputRange : UNKNOWN
12-01 16:22:11.935  7295  7295 I HBD     : h getDefaultInputRange : UNKNOWN
12-01 16:22:11.935  1113  2619 D DARUtil : Device owner status not updated yet...
12-01 16:22:11.935  1113  2619 D DARUtil : Not an enterprise user : 0
12-01 16:22:11.935  1113  2619 D DARUtil : Device owner status not updated yet...
12-01 16:22:11.935  1113  2619 D DARUtil : Not an enterprise user : 0
12-01 16:22:11.936  7295  7295 I HBD     : a needOff = true , isForceOff = false, isNullInputClass : true
12-01 16:22:11.936  7295  7295 I HBD     : a update cached prediction status : false
12-01 16:22:11.936  7295  7295 I HBD     : h getDefaultInputRange : UNKNOWN
12-01 16:22:11.936  7295  7295 I HBD     : a currentState : 0
12-01 16:22:11.937   956  1013 I SurfaceFlinger: id=3723 createSurf (0x0),-1 flag=24004, Surface(name=e9b99db InputMethod)/@0xed1ef51 - animation-leash of insets_animation#1
12-01 16:22:11.938  7295  7295 I HBD     : h load selected json path : /data/user/0/com.samsung.android.honeyboard/files/selected.json
12-01 16:22:11.938  7295  7295 I HBD     : h load selected json info : {"version":"1.0","currentLanguageOrder":0,"selected":[{"activeOptionList":["auto_replace","auto_spacing","writing_assistant"],"engName":"English","id":65537,"inputType":"qwerty","isUsed":true}]}
12-01 16:22:11.938  7295  7295 I HBD     : a [UpdatePolicy] [post] a: 0 cl: 65537 kit: [0/0] vt: 0 ir: 1
12-01 16:22:11.939  7295  7295 I HBD     : HoneyBoardService [PF_OP][onStartInput]  4440312 ns
12-01 16:22:11.943   956   956 E SurfaceFlinger: Attempt to update InputPolicyFlags without permission ACCESS_SURFACE_FLINGER
12-01 16:22:11.943   956   956 E SurfaceFlinger: Attempt to update InputPolicyFlags without permission ACCESS_SURFACE_FLINGER
12-01 16:22:11.943   956   956 I Layer   : id=3712 removedFromDrawingState Surface(name=93172a9 Toast)/@0x3b3555c - animation-leash of window_animation#0 (131)
12-01 16:22:11.944   956   956 I Layer   : id=3690 removedFromDrawingState Surface(name=e9b99db InputMethod)/@0xed1ef51 - animation-leash of insets_animation#0 (131)
12-01 16:22:11.944   956   956 I Layer   : id=3710 removedFromDrawingState Toast$_2004#1 (131)
12-01 16:22:11.944   956   956 I SurfaceFlinger: id=3710 Removed Toast$_2004#1 (131)
12-01 16:22:11.944   956   956 I SurfaceFlinger: id=3690 Removed Surface(name=e9b99db InputMethod)/@0xed1ef51 - animation-leash of insets_animation#0 (131)
12-01 16:22:11.944   956   956 I SurfaceFlinger: id=3712 Removed Surface(name=93172a9 Toast)/@0x3b3555c - animation-leash of window_animation#0 (131)
12-01 16:22:11.944  1113  2619 D InputMethodManagerServicePhysicalKey: isConnectedDexOnPC false
12-01 16:22:11.944   956   956 I Layer   : id=3690 Destroyed Surface(name=e9b99db InputMethod)/@0xed1ef51 - animation-leash of insets_animation#0
12-01 16:22:11.944   956   956 I Layer   : id=3712 Destroyed Surface(name=93172a9 Toast)/@0x3b3555c - animation-leash of window_animation#0
12-01 16:22:11.945  1113  2619 D InputMethodManagerService: isImeSwitcherDisabledPackage : false
12-01 16:22:11.946   956   956 I Layer   : id=3710 Destroyed Toast$_2004#1
12-01 16:22:11.950   956   956 D SurfaceFlinger: Display 4630947232161729153 HWC layers:
12-01 16:22:11.950   956   956 D SurfaceFlinger:      DEVICE | 0xb400006e328fbf60 | 0102 | RGBA_8888    |    0.0    0.0 1440.0 3040.0 |    0    0 1440 3040 | com.example.princeproject/com.example.princeproject.MainActivity$_5505#0
12-01 16:22:11.950   956   956 D SurfaceFlinger:  SOLID_COLOR |              | 0000 |  Unknown  |    0.0    0.0    0.0    0.0 |    0    0 1440 3040 | Dim Layer for - Task=1722#0
12-01 16:22:11.950   956   956 D SurfaceFlinger:      DEVICE | 0xb400006e328de140 | 0100 | RGBA_8888    |   75.0    0.0 1515.0 1830.0 |    0  653 1440 2483 | com.example.princeproject/com.example.princeproject.MainActivity$_5505#1
12-01 16:22:11.950   956   956 D SurfaceFlinger:      DEVICE | 0xb400006e328d91f0 | 0100 | RGBA_8888    |    0.0    0.0 1440.0  150.0 |    0    0 1440  150 | StatusBar$_2004#0
12-01 16:22:11.950   956   956 D SurfaceFlinger:      DEVICE | 0xb400006e32908d40 | 0100 | RGBA_8888    |    0.0    0.0   67.0  441.0 | 1373  665 1440 1106 | com.samsung.android.app.cocktailbars[...]rservice.CocktailBarService$_16650#0
12-01 16:22:11.950   956   956 D SurfaceFlinger:      DEVICE | 0xb400006e3290b1d0 | 0100 | RGBA_8888    |    0.0    0.0  703.0  154.0 |  368 2609 1071 2763 | Toast$_2004#0
12-01 16:22:11.950   956   956 D SurfaceFlinger:      DEVICE | 0xb400006e32907630 | 0100 | RGBA_8888
12-01 16:22:11.950   956   956 D SurfaceFlinger:   |    0.0    0.0  518.0   53.0 |  922 2987 1440 3040 | SGestureOverlayWindow$_7409#0
12-01 16:22:11.950   956   956 D SurfaceFlinger:      DEVICE | 0xb400006e328df2b0 | 0100 | RGBA_8888    |    0.0    0.0 1440.0  168.0 |    0 2872 1440 3040 | NavigationBar0$_2004#0
12-01 16:22:11.950   956   956 D SurfaceFlinger:
12-01 16:22:11.959   956   956 I Layer   : id=3709 removedFromDrawingState 93172a9 Toast#0 (128)
12-01 16:22:11.960   956   956 I Layer   : id=3698 removedFromDrawingState WindowToken{530e095 android.os.Binder@896084c}#0 (128)
12-01 16:22:11.960   956   956 E SurfaceFlinger: Attempt to update InputPolicyFlags without permission ACCESS_SURFACE_FLINGER
12-01 16:22:11.960   956   956 E SurfaceFlinger: Attempt to update InputPolicyFlags without permission ACCESS_SURFACE_FLINGER
12-01 16:22:11.960   956   956 I SurfaceFlinger: id=3709 Removed 93172a9 Toast#0 (128)
12-01 16:22:11.960   956   956 I SurfaceFlinger: id=3698 Removed WindowToken{530e095 android.os.Binder@896084c}#0 (128)
12-01 16:22:11.960   956   956 I Layer   : id=3698 Destroyed WindowToken{530e095 android.os.Binder@896084c}#0
12-01 16:22:11.960   956   956 I Layer   : id=3709 Destroyed 93172a9 Toast#0
12-01 16:22:11.976   956   956 E SurfaceFlinger: Attempt to update InputPolicyFlags without permission ACCESS_SURFACE_FLINGER
12-01 16:22:11.993   956   956 E SurfaceFlinger: Attempt to update InputPolicyFlags without permission ACCESS_SURFACE_FLINGER
12-01 16:22:12.010   956   956 I Layer   : id=3715 removedFromDrawingState Surface(name=eab42c5 Toast)/@0x5540928 - animation-leash of window_animation#0 (126)
12-01 16:22:12.010   956   956 E SurfaceFlinger: Attempt to update InputPolicyFlags without permission ACCESS_SURFACE_FLINGER
12-01 16:22:12.010   956   956 I SurfaceFlinger: id=3715 Removed Surface(name=eab42c5 Toast)/@0x5540928 - animation-leash of window_animation#0 (126)
12-01 16:22:12.010   956   956 I Layer   : id=3715 Destroyed Surface(name=eab42c5 Toast)/@0x5540928 - animation-leash of window_animation#0
12-01 16:22:12.026   956   956 E SurfaceFlinger: Attempt to update InputPolicyFlags without permission ACCESS_SURFACE_FLINGER
12-01 16:22:12.043   956   956 E SurfaceFlinger: Attempt to update InputPolicyFlags without permission ACCESS_SURFACE_FLINGER
12-01 16:22:12.060   956   956 I Layer   : id=3720 removedFromDrawingState Surface(name=59188c3 com.example.princeproject/com.example.princeproject.MainActivity)/@0x8594d3b - animation-leash of window_animation#0 (125)
12-01 16:22:12.060   956   956 E SurfaceFlinger: Attempt to update InputPolicyFlags without permission ACCESS_SURFACE_FLINGER
12-01 16:22:12.060   956   956 I SurfaceFlinger: id=3720 Removed Surface(name=59188c3 com.example.princeproject/com.example.princeproject.MainActivity)/@0x8594d3b - animation-leash of window_animation#0 (125)
12-01 16:22:12.060   956   956 I Layer   : id=3720 Destroyed Surface(name=59188c3 com.example.princeproject/com.example.princeproject.MainActivity)/@0x8594d3b - animation-leash of window_animation#0
12-01 16:22:12.076   956   956 I Layer   : id=3722 removedFromDrawingState Surface(name=Dim Layer for - Task=1722)/@0xe4841b1 - animation-leash of dimmer#0 (124)
12-01 16:22:12.077   956   956 I SurfaceFlinger: id=3722 Removed Surface(name=Dim Layer for - Task=1722)/@0xe4841b1 - animation-leash of dimmer#0 (124)
12-01 16:22:12.077   956   956 I Layer   : id=3722 Destroyed Surface(name=Dim Layer for - Task=1722)/@0xe4841b1 - animation-leash of dimmer#0
12-01 16:22:12.159  5505  5505 I ViewInteraction: Checking 'MatchesViewAssertion{viewMatcher=(view has effective visibility <VISIBLE> and view.getGlobalVisibleRect() to return non-empty rectangle)}' assertion on view view.getId() is <2131296446/com.example.princeproject:id/editTextName>
12-01 16:22:12.172  5505  5505 I ViewInteraction: Performing 'type text(Testing)' action on view view.getId() is <2131296446/com.example.princeproject:id/editTextName>
12-01 16:22:12.179  1113  2402 D InputDispatcher: Inject motion (5505): action=0x0, time=70451639000000, f=0x0, d=0
12-01 16:22:12.179  1113  1796 I InputDispatcher: Delivering touch to (2004): action: 0x4, f=0x0, d=0, '3912437', t=0
12-01 16:22:12.180  1113  1796 I InputDispatcher: Delivering touch to (5505): action: 0x0, f=0x0, d=0, '59188c3', t=0 +(-37,-765)
12-01 16:22:12.180  5505  5505 I ViewRootImpl@95f91c6[MainActivity]: ViewPostIme pointer 0
12-01 16:22:12.181  7409  7409 W TouchInteractionService: onInputEvent, inputConsumer = com.android.quickstep.-$$Lambda$InputConsumer$cayMJybMMyH-XvJ76yEWjWeqQUo@5c7d165
12-01 16:22:12.182  6687  6687 I SemDvfsHyPerManager: acquire hyper - TABoost/6687@18, type = 1090523139
12-01 16:22:12.183   860   935 I HYPER-HAL: [RequestManager.cpp]releaseLocked(): Released ID : 22481883
12-01 16:22:12.184  1113  2619 I InputMethodManagerService: isInputMethodShown: isShown=false
12-01 16:22:12.184   860   935 I HYPER-HAL: [RequestManager.cpp]acquire(): Acquired ID : 22481883  [6687 / 18]    HINT :      list : [TABoost / 30] [TIMEOUT / 1500]
12-01 16:22:12.210   956   956 E SurfaceFlinger: Attempt to update InputPolicyFlags without permission ACCESS_SURFACE_FLINGER
12-01 16:22:12.219  1113  2402 D InputDispatcher: Inject motion (5505): action=0x1, time=70451679000000, f=0x0, d=0
12-01 16:22:12.220  1113  1796 I InputDispatcher: Delivering touch to (5505): action: 0x1, f=0x0, d=0, '59188c3', t=0 +(-37,-765)
12-01 16:22:12.220  5505  5505 I ViewRootImpl@95f91c6[MainActivity]: ViewPostIme pointer 1
12-01 16:22:12.220  7409  7409 W TouchInteractionService: reset
12-01 16:22:12.233  5505  5505 D InputMethodManager: startInputInner - Id : 0
12-01 16:22:12.233  5505  5505 I InputMethodManager: startInputInner - mService.startInputOrWindowGainedFocus
12-01 16:22:12.235  1113  2619 D InputMethodManagerService: DESKTOP MODE! : 2
12-01 16:22:12.235  1113  2619 D InputMethodManagerService: NOT IN KNOX DESKTOP MODE!
12-01 16:22:12.235  1113  2619 V InputMethodManagerService: getDisplayIdOfInputMethodWindowToBeAdded : 0
12-01 16:22:12.236  1113  2619 D InputMethodManagerService: checkDisplayOfStartInputAndUpdateKeyboard display Id 0last 0
12-01 16:22:12.236  1113  2619 D InputTransport: Input channel constructed: 'ClientS', fd=925
12-01 16:22:12.236  1113  2619 D InputTransport: Input channel destroyed: 'ClientS', fd=925
12-01 16:22:12.237  7295  7295 I HBD     : HoneyBoardService onFinishInput
12-01 16:22:12.237  5505  5505 D CompatibilityChangeReporter: Compat change id reported: 163400105; UID 10605; state: ENABLED
12-01 16:22:12.237  7295  7295 I HBD     : a IC have been unbinding,  InputConnectionWrapper{idHash=#63485fa mMissingMethods=}
12-01 16:22:12.237  7295  7295 I HBD     : HoneyBoardService [PF_CL][onFinishInput]  332031 ns
12-01 16:22:12.237  7295  7295 I HBD     : HoneyBoardService [IMI] onStartInput - caller pid : 5505 , caller uid : 10605
12-01 16:22:12.237  5505  5505 I IMM_LC  : showSoftInput(View,I)
12-01 16:22:12.237  7295  7295 I HBD     : j updateConfigs
12-01 16:22:12.237  7295  7295 I HBD     : j isEnabledNightMode : true
12-01 16:22:12.237  7295  7295 I HBD     : a IC have been binding, InputConnectionWrapper{idHash=#79c79a1 mMissingMethods=}
12-01 16:22:12.237  5505  5505 I IMM_LC  : ssi() - flag : 0 view : com.example.princeproject reason = SHOW_SOFT_INPUT
12-01 16:22:12.238  1113  2207 V InputMethodManagerService: Client requesting input be shown, flags : 0
12-01 16:22:12.238  1113  2207 D InputMethodManagerService: ACCESS_CONTROL_ENABLED = false, ACCESS_CONTROL_KEYBOARD_BLOCK = false
12-01 16:22:12.241  7295  7295 I HBD     : h [EditorInputType]setPrivateImeOptionsToTable privateImeOptions ( null )
12-01 16:22:12.241  7295  7295 I HBD     : b incognitoMode : false
12-01 16:22:12.241  7295  7295 I HBD     : a [CPS]isPredictionOnByLanguage :false, isForceOff : false, isPredictionOn : true , isOnPref : true
12-01 16:22:12.242  7295  7295 I HBD     : h getDefaultInputRange : UNKNOWN
12-01 16:22:12.242  7295  7295 I HBD     : h getDefaultInputRange : UNKNOWN
12-01 16:22:12.242  7295  7295 I HBD     : h getDefaultInputRange : UNKNOWN
12-01 16:22:12.242  1113  2619 D DARUtil : Device owner status not updated yet...
12-01 16:22:12.243  1113  2619 D DARUtil : Not an enterprise user : 0
12-01 16:22:12.243  1113  2619 D DARUtil : Device owner status not updated yet...
12-01 16:22:12.243  1113  2619 D DARUtil : Not an enterprise user : 0
12-01 16:22:12.243  7295  7295 I HBD     : a update cached prediction status : true
12-01 16:22:12.243  7295  7295 I HBD     : h getDefaultInputRange : UNKNOWN
12-01 16:22:12.243  7295  7295 I HBD     : a currentState : 0
12-01 16:22:12.244  7295  7295 I HBD     : h load selected json path : /data/user/0/com.samsung.android.honeyboard/files/selected.json
12-01 16:22:12.244  7295  7295 I HBD     : h load selected json info : {"version":"1.0","currentLanguageOrder":0,"selected":[{"activeOptionList":["auto_replace","auto_spacing","writing_assistant"],"engName":"English","id":65537,"inputType":"qwerty","isUsed":true}]}
12-01 16:22:12.244  7295  7295 I HBD     : a [UpdatePolicy] [post] a: 0 cl: 65537 kit: [0/0] vt: 0 ir: 1
12-01 16:22:12.245  7295  7295 I HBD     : HoneyBoardService [PF_OP][onStartInput]  7485313 ns
12-01 16:22:12.245  7295  7295 I HBD     : HoneyBoardService onCreateInlineSuggestionsRequest
12-01 16:22:12.252  3118  3118 D HidDeviceService: handleMessage(): msg.what=8
12-01 16:22:12.254  7295  7295 I HBD     : HoneyBoardService onViewClicked
12-01 16:22:12.257  7295  7295 I HBD     : HoneyBoardService [PF_OP][onViewClicked]  1694063 ns
12-01 16:22:12.257  7295  7295 I InputMethod: showSoftInput(), flags : 1
12-01 16:22:12.258  1113  2619 I InputMethodManagerService: isAccessoryKeyboard 0
12-01 16:22:12.258  7295  7295 I HBD     : HoneyBoardService onEvaluateInputViewShown: true
12-01 16:22:12.260  7295  7295 I DecorView: notifyKeepScreenOnChanged: keepScreenOn=false
12-01 16:22:12.261  6687  6687 I SemDvfsHyPerManager: acquire hyper - BaseTABoost/6687@17, type = 1090523139
12-01 16:22:12.262   860   935 I HYPER-HAL: [RequestManager.cpp]acquire(): Acquired ID : 22475177  [6687 / 17]    HINT :      list : [TABoost / 1]
12-01 16:22:12.264   956  3016 I SurfaceFlinger: id=3724 createSurf (0x0),-1 flag=80004, 57e065d PopupWindow:2ba4b3c#0
12-01 16:22:12.265  1113  6888 I InputMethodManagerService: isAccessoryKeyboard 0
12-01 16:22:12.265  7295  7295 I HBD     : HoneyBoardService onEvaluateInputViewShown: true
12-01 16:22:12.265  7295  7295 I HBD     : HoneyBoardService onStartInputView : restarting = false, client = com.example.princeproject
12-01 16:22:12.266  1113  2619 D InputTransport: Input channel constructed: '57e065d', fd=925
12-01 16:22:12.266  1113  2619 D InputTransport: Input channel constructed: '57e065d', fd=976
12-01 16:22:12.266  1113  2619 D InputTransport: Input channel constructed: '57e065d', fd=1032
12-01 16:22:12.266  7295  8820 I SemDvfsHyPerManager: acquire hyper - SKBD_RE_ENTER_SHOW/7295@1, type = -999
12-01 16:22:12.266  7295  7295 I HBD     : h [EditorInputType]setPrivateImeOptionsToTable privateImeOptions ( null )
12-01 16:22:12.266   860   935 I HYPER-HAL: [RequestManager.cpp]acquire(): Acquired ID : 26619457  [7295 / 1]    HINT : KBD_APP_RE_ENTER_VIEW    list : [TIMEOUT / 400]
12-01 16:22:12.266  7295  7295 I HBD     : b incognitoMode : false
12-01 16:22:12.266  7295  7295 I HBD     : h getDefaultInputRange : UNKNOWN
12-01 16:22:12.266  7295  7295 I HBD     : h getDefaultInputRange : UNKNOWN
12-01 16:22:12.266  7295  7295 I HBD     : h getDefaultInputRange : UNKNOWN
12-01 16:22:12.266  7295  7295 I HBD     : HoneyBoardService onStartInputViewInternal: inputType=0x1, imeOptions=0x8000005, initialSelStart=7, initialSelEnd=7
12-01 16:22:12.266  1113  2619 D InputTransport: Input channel destroyed: '57e065d', fd=1032
12-01 16:22:12.266  7295  7295 I HBD     : f applyThemesPolicy
