12-01 18:59:06.819 24390 24407 I TestRunner: started: testRemovalButtonsFacility(com.example.princeproject.AdminPageTest)
12-01 18:59:06.822 24390 24407 W Settings: Setting always_finish_activities has moved from android.provider.Settings.System to android.provider.Settings.Global, returning read-only value.
12-01 18:59:06.827   609  2275 V GrammaticalInflectionUtils: AttributionSource: android.content.AttributionSource@c1cd9a86 does not have READ_SYSTEM_GRAMMATICAL_GENDER permission.
12-01 18:59:06.835  1355  1355 W SplitSelectStateCtor: Missing session instanceIds
12-01 18:59:06.835  1355  1355 D StatsLog: LAUNCHER_SPLIT_SELECTION_EXIT_INTERRUPTED
12-01 18:59:06.843  1355  1355 I TopTaskTracker: onTaskMovedToFront: (moved taskInfo to front) taskId=121, baseIntent=Intent { act=android.intent.action.MAIN cat=[android.intent.category.LAUNCHER] flg=0x10008000 cmp=com.example.princeproject/.AdminPage.AdminActivity }
12-01 18:59:06.849 24390 24390 D LifecycleMonitor: Lifecycle status change: com.example.princeproject.AdminPage.AdminActivity@4477595 in: PRE_ON_CREATE
12-01 18:59:06.849 24390 24390 V ActivityScenario: Activity lifecycle changed event received but ignored because the intent does not match. startActivityIntent=Intent { act=android.intent.action.MAIN cat=[android.intent.category.LAUNCHER] flg=0x10008000 cmp=com.example.princeproject/androidx.fragment.app.testing.EmptyFragmentActivity (has extras) }, activity.getIntent()=Intent { act=android.intent.action.MAIN cat=[android.intent.category.LAUNCHER] flg=0x10008000 cmp=com.example.princeproject/.AdminPage.AdminActivity }, activity=com.example.princeproject.AdminPage.AdminActivity@4477595
12-01 18:59:06.849 24390 24390 V ActivityScenario: Activity lifecycle changed event received but ignored because the reported transition was not ON_CREATE while the last known transition was PRE_ON_CREATE
12-01 18:59:06.856   466   466 I BpBinder: onLastStrongRef automatically unlinking death recipients:
12-01 18:59:06.870 24390 24390 D LifecycleMonitor: Lifecycle status change: com.example.princeproject.AdminPage.AdminActivity@4477595 in: CREATED
12-01 18:59:06.871 24390 24390 V ActivityScenario: Activity lifecycle changed event received but ignored because the intent does not match. startActivityIntent=Intent { act=android.intent.action.MAIN cat=[android.intent.category.LAUNCHER] flg=0x10008000 cmp=com.example.princeproject/androidx.fragment.app.testing.EmptyFragmentActivity (has extras) }, activity.getIntent()=Intent { act=android.intent.action.MAIN cat=[android.intent.category.LAUNCHER] flg=0x10008000 cmp=com.example.princeproject/.AdminPage.AdminActivity }, activity=com.example.princeproject.AdminPage.AdminActivity@4477595
12-01 18:59:06.881 24390 24390 V ActivityScenario: Update currentActivityStage to CREATED, currentActivity=com.example.princeproject.AdminPage.AdminActivity@4477595
12-01 18:59:06.882 24390 24390 D LifecycleMonitor: Lifecycle status change: com.example.princeproject.AdminPage.AdminActivity@4477595 in: STARTED
12-01 18:59:06.882 24390 24390 V ActivityScenario: Activity lifecycle changed event received but ignored because the intent does not match. startActivityIntent=Intent { act=android.intent.action.MAIN cat=[android.intent.category.LAUNCHER] flg=0x10008000 cmp=com.example.princeproject/androidx.fragment.app.testing.EmptyFragmentActivity (has extras) }, activity.getIntent()=Intent { act=android.intent.action.MAIN cat=[android.intent.category.LAUNCHER] flg=0x10008000 cmp=com.example.princeproject/.AdminPage.AdminActivity }, activity=com.example.princeproject.AdminPage.AdminActivity@4477595
12-01 18:59:06.882 24390 24390 V ActivityScenario: Update currentActivityStage to STARTED, currentActivity=com.example.princeproject.AdminPage.AdminActivity@4477595
12-01 18:59:06.885 24390 24390 D LifecycleMonitor: Lifecycle status change: com.example.princeproject.AdminPage.AdminActivity@4477595 in: RESUMED
12-01 18:59:06.885 24390 24390 V ActivityScenario: Activity lifecycle changed event received but ignored because the intent does not match. startActivityIntent=Intent { act=android.intent.action.MAIN cat=[android.intent.category.LAUNCHER] flg=0x10008000 cmp=com.example.princeproject/androidx.fragment.app.testing.EmptyFragmentActivity (has extras) }, activity.getIntent()=Intent { act=android.intent.action.MAIN cat=[android.intent.category.LAUNCHER] flg=0x10008000 cmp=com.example.princeproject/.AdminPage.AdminActivity }, activity=com.example.princeproject.AdminPage.AdminActivity@4477595
12-01 18:59:06.885 24390 24390 V ActivityScenario: Update currentActivityStage to RESUMED, currentActivity=com.example.princeproject.AdminPage.AdminActivity@4477595
12-01 18:59:06.959   609   635 W ziparchive: Unable to open '/data/app/~~W6UVKpxwvgPFY2_Txi99VA==/com.example.princeproject-HDLZ7rwzKw7RyTdT7HIT-Q==/base.dm': No such file or directory
12-01 18:59:06.960   609   635 I ActivityTaskManager: Displayed com.example.princeproject/.AdminPage.AdminActivity for user 0: +130ms
12-01 18:59:06.995   609   750 I ImeTracker: com.example.princeproject:dac8e445: onRequestHide at ORIGIN_SERVER reason HIDE_UNSPECIFIED_WINDOW fromUser false
12-01 18:59:06.996   609   750 I ImeTracker: com.example.princeproject:dac8e445: onCancelled at PHASE_SERVER_SHOULD_HIDE
12-01 18:59:06.997  7324  7324 I GoogleInputMethodService: GoogleInputMethodService.onFinishInput():3157
12-01 18:59:07.002  7324  7324 I GoogleInputMethodService: GoogleInputMethodService.updateDeviceLockedStatus():2248 repeatCheckTimes = 0, locked = false
12-01 18:59:07.002  7324  7324 I GoogleInputMethodService: GoogleInputMethodService.onStartInput():1986 onStartInput(EditorInfo{EditorInfo{packageName=com.example.princeproject, inputType=0, inputTypeString=NULL, enableLearning=false, autoCorrection=false, autoComplete=false, imeOptions=0, privateImeOptions=null, actionName=UNSPECIFIED, actionLabel=null, initialSelStart=-1, initialSelEnd=-1, initialCapsMode=0, label=null, fieldId=0, fieldName=null, extras=null, hintText=null, hintLocales=[]}}, false)
12-01 18:59:07.002  7324  7324 I GoogleInputMethodService: GoogleInputMethodService.updateDeviceLockedStatus():2248 repeatCheckTimes = 1, locked = false
12-01 18:59:07.004  7324  7324 I AndroidIME: InputBundleManager.loadActiveInputBundleId():450 loadActiveInputBundleId: und-Latn-x-password, password
12-01 18:59:07.013  1096  1228 D EGL_emulation: app_time_stats: avg=52.58ms min=4.26ms max=683.05ms count=18
12-01 18:59:07.176  1355  1355 D VRI[NexusLauncherActivity]: visibilityChanged oldVisibility=true newVisibility=false
12-01 18:59:07.188  1355  1355 D NexusLauncherModelDelegate: notifySmartspaceEvent: SmartspaceTargetEvent{mSmartspaceTarget=null, mSmartspaceActionId='null', mEventType=7}
12-01 18:59:07.195  1355  1761 D EGL_emulation: app_time_stats: avg=18.43ms min=0.96ms max=320.03ms count=35
12-01 18:59:07.208  1355  1355 D BaseDepthController: setSurface:
12-01 18:59:07.208  1355  1355 D BaseDepthController: 	mWaitingOnSurfaceValidity: false
12-01 18:59:07.208  1355  1355 D BaseDepthController: 	mSurface: null
12-01 18:59:07.208  1355  1355 D BaseDepthController: mSurface is null and mCurrentBlur is: 0
12-01 18:59:07.209  1355  1355 D StateManager: goToState - fromState: Normal, toState: Normal, partial trace:
12-01 18:59:07.209  1355  1355 D StateManager: 	at com.android.launcher3.statemanager.StateManager.moveToRestState(go/retraceme 2855a437b73635ce9cad76b9289087e631bbb67fc90008a0da13d343a00e5041:4)
12-01 18:59:07.209  1355  1355 D StateManager: 	at com.android.launcher3.statemanager.StateManager.moveToRestState(go/retraceme 2855a437b73635ce9cad76b9289087e631bbb67fc90008a0da13d343a00e5041:1)
12-01 18:59:07.209  1355  1355 D StateManager: 	at com.android.launcher3.statemanager.StatefulActivity.onStop(go/retraceme 2855a437b73635ce9cad76b9289087e631bbb67fc90008a0da13d343a00e5041:34)
12-01 18:59:07.209  1355  1355 D StatsLog: LAUNCHER_ONSTOP
12-01 18:59:07.210  1355  2135 D OneSearchSuggestProvider: Shut down the binder channel
12-01 18:59:07.210  1355  1355 D StatsLog: LAUNCHER_GOOGLE_SEARCH_RESTORE_LIST_SIZE_AFTER_ACTIVITY_RESTART
12-01 18:59:07.211  1355  1366 I IPCThreadState: oneway function results for code 2 on binder at 0x7260b8f8dc40 will be dropped but finished with status UNKNOWN_TRANSACTION
12-01 18:59:07.244  1096  1170 W WindowOnBackDispatcher: sendCancelIfRunning: isInProgress=false callback=android.view.ViewRootImpl$$ExternalSyntheticLambda11@4c355d0
12-01 18:59:07.244   609  2275 W InputManager-JNI: Input channel object '224243f Splash Screen com.example.princeproject (client)' was disposed without first being removed with the input manager!
12-01 18:59:07.338 24390 24407 W SurfaceComposerClient: Sync transaction timed out waiting for commit callback.
12-01 18:59:07.413 24390 24407 W Settings: Setting always_finish_activities has moved from android.provider.Settings.System to android.provider.Settings.Global, returning read-only value.
12-01 18:59:07.417   609  2266 V GrammaticalInflectionUtils: AttributionSource: android.content.AttributionSource@c1cd9a86 does not have READ_SYSTEM_GRAMMATICAL_GENDER permission.
12-01 18:59:07.427 24390 24390 D LifecycleMonitor: Lifecycle status change: com.example.princeproject.AdminPage.AdminActivity@4477595 in: PAUSED
12-01 18:59:07.427 24390 24390 V ActivityScenario: Activity lifecycle changed event received but ignored because the intent does not match. startActivityIntent=Intent { act=android.intent.action.MAIN cat=[android.intent.category.LAUNCHER] flg=0x10008000 cmp=com.example.princeproject/androidx.fragment.app.testing.EmptyFragmentActivity (has extras) }, activity.getIntent()=Intent { act=android.intent.action.MAIN cat=[android.intent.category.LAUNCHER] flg=0x10008000 cmp=com.example.princeproject/.AdminPage.AdminActivity }, activity=com.example.princeproject.AdminPage.AdminActivity@4477595
12-01 18:59:07.427 24390 24390 V ActivityScenario: Update currentActivityStage to PAUSED, currentActivity=com.example.princeproject.AdminPage.AdminActivity@4477595
12-01 18:59:07.428 24390 24390 V ActivityScenario: Activity lifecycle changed event received but ignored because the intent does not match. startActivityIntent=Intent { act=android.intent.action.MAIN cat=[android.intent.category.LAUNCHER] flg=0x10008000 cmp=com.example.princeproject/androidx.fragment.app.testing.EmptyFragmentActivity (has extras) }, activity.getIntent()=Intent { act=android.intent.action.MAIN cat=[android.intent.category.LAUNCHER] flg=0x10008000 cmp=com.example.princeproject/.AdminPage.AdminActivity }, activity=com.example.princeproject.AdminPage.AdminActivity@4477595
12-01 18:59:07.429  1355  1355 I TopTaskTracker: onTaskMovedToFront: (moved taskInfo to front) taskId=122, baseIntent=Intent { act=android.intent.action.MAIN cat=[android.intent.category.LAUNCHER] flg=0x10008000 cmp=com.example.princeproject/androidx.fragment.app.testing.EmptyFragmentActivity }
12-01 18:59:07.438 24390 24390 D LifecycleMonitor: Lifecycle status change: androidx.fragment.app.testing.EmptyFragmentActivity@85992d1 in: PRE_ON_CREATE
12-01 18:59:07.441 24390 24390 V ActivityScenario: Activity lifecycle changed event received but ignored because the reported transition was not ON_CREATE while the last known transition was DESTROYED
12-01 18:59:07.442 24390 24390 V ActivityScenario: Activity lifecycle changed event received but ignored because the intent does not match. startActivityIntent=Intent { act=android.intent.action.MAIN cat=[android.intent.category.LAUNCHER] flg=0x10008000 cmp=com.example.princeproject/.AdminPage.AdminActivity }, activity.getIntent()=Intent { act=android.intent.action.MAIN cat=[android.intent.category.LAUNCHER] flg=0x10008000 cmp=com.example.princeproject/androidx.fragment.app.testing.EmptyFragmentActivity (has extras) }, activity=androidx.fragment.app.testing.EmptyFragmentActivity@85992d1
12-01 18:59:07.442 24390 24390 V ActivityScenario: Activity lifecycle changed event received but ignored because the reported transition was not ON_CREATE while the last known transition was PRE_ON_CREATE
12-01 18:59:07.457 24390 24390 D LifecycleMonitor: Lifecycle status change: androidx.fragment.app.testing.EmptyFragmentActivity@85992d1 in: CREATED
12-01 18:59:07.457 24390 24390 V ActivityScenario: Update currentActivityStage to CREATED, currentActivity=androidx.fragment.app.testing.EmptyFragmentActivity@85992d1
12-01 18:59:07.457 24390 24390 V ActivityScenario: Activity lifecycle changed event received but ignored because the intent does not match. startActivityIntent=Intent { act=android.intent.action.MAIN cat=[android.intent.category.LAUNCHER] flg=0x10008000 cmp=com.example.princeproject/.AdminPage.AdminActivity }, activity.getIntent()=Intent { act=android.intent.action.MAIN cat=[android.intent.category.LAUNCHER] flg=0x10008000 cmp=com.example.princeproject/androidx.fragment.app.testing.EmptyFragmentActivity (has extras) }, activity=androidx.fragment.app.testing.EmptyFragmentActivity@85992d1
12-01 18:59:07.457 24390 24390 V ActivityScenario: Update currentActivityStage to CREATED, currentActivity=androidx.fragment.app.testing.EmptyFragmentActivity@85992d1
12-01 18:59:07.457 24390 24390 D LifecycleMonitor: Lifecycle status change: androidx.fragment.app.testing.EmptyFragmentActivity@85992d1 in: STARTED
12-01 18:59:07.457 24390 24390 V ActivityScenario: Update currentActivityStage to STARTED, currentActivity=androidx.fragment.app.testing.EmptyFragmentActivity@85992d1
12-01 18:59:07.457 24390 24390 V ActivityScenario: Activity lifecycle changed event received but ignored because the intent does not match. startActivityIntent=Intent { act=android.intent.action.MAIN cat=[android.intent.category.LAUNCHER] flg=0x10008000 cmp=com.example.princeproject/.AdminPage.AdminActivity }, activity.getIntent()=Intent { act=android.intent.action.MAIN cat=[android.intent.category.LAUNCHER] flg=0x10008000 cmp=com.example.princeproject/androidx.fragment.app.testing.EmptyFragmentActivity (has extras) }, activity=androidx.fragment.app.testing.EmptyFragmentActivity@85992d1
12-01 18:59:07.457 24390 24390 V ActivityScenario: Update currentActivityStage to STARTED, currentActivity=androidx.fragment.app.testing.EmptyFragmentActivity@85992d1
12-01 18:59:07.466 24390 24390 D LifecycleMonitor: Lifecycle status change: androidx.fragment.app.testing.EmptyFragmentActivity@85992d1 in: RESUMED
12-01 18:59:07.466 24390 24390 V ActivityScenario: Update currentActivityStage to RESUMED, currentActivity=androidx.fragment.app.testing.EmptyFragmentActivity@85992d1
12-01 18:59:07.466 24390 24390 V ActivityScenario: Activity lifecycle changed event received but ignored because the intent does not match. startActivityIntent=Intent { act=android.intent.action.MAIN cat=[android.intent.category.LAUNCHER] flg=0x10008000 cmp=com.example.princeproject/.AdminPage.AdminActivity }, activity.getIntent()=Intent { act=android.intent.action.MAIN cat=[android.intent.category.LAUNCHER] flg=0x10008000 cmp=com.example.princeproject/androidx.fragment.app.testing.EmptyFragmentActivity (has extras) }, activity=androidx.fragment.app.testing.EmptyFragmentActivity@85992d1
12-01 18:59:07.466 24390 24390 V ActivityScenario: Update currentActivityStage to RESUMED, currentActivity=androidx.fragment.app.testing.EmptyFragmentActivity@85992d1
12-01 18:59:07.474   466   466 I BpBinder: onLastStrongRef automatically unlinking death recipients:
12-01 18:59:07.484  9624  9653 W Bugle   : TextClassifierLibManagerImpl: Reclaiming memory at level: 40
12-01 18:59:07.552   609   635 I ActivityTaskManager: Displayed com.example.princeproject/androidx.fragment.app.testing.EmptyFragmentActivity for user 0: +134ms
12-01 18:59:07.579   609   750 I ImeTracker: com.example.princeproject:a1c732c2: onRequestHide at ORIGIN_SERVER reason HIDE_UNSPECIFIED_WINDOW fromUser false
12-01 18:59:07.579   609   750 I ImeTracker: com.example.princeproject:a1c732c2: onCancelled at PHASE_SERVER_SHOULD_HIDE
12-01 18:59:07.583  7324  7324 I GoogleInputMethodService: GoogleInputMethodService.onFinishInput():3157
12-01 18:59:07.590  7324  7324 I GoogleInputMethodService: GoogleInputMethodService.updateDeviceLockedStatus():2248 repeatCheckTimes = 0, locked = false
12-01 18:59:07.590  7324  7324 I GoogleInputMethodService: GoogleInputMethodService.onStartInput():1986 onStartInput(EditorInfo{EditorInfo{packageName=com.example.princeproject, inputType=0, inputTypeString=NULL, enableLearning=false, autoCorrection=false, autoComplete=false, imeOptions=0, privateImeOptions=null, actionName=UNSPECIFIED, actionLabel=null, initialSelStart=-1, initialSelEnd=-1, initialCapsMode=0, label=null, fieldId=0, fieldName=null, extras=null, hintText=null, hintLocales=[]}}, false)
12-01 18:59:07.591  7324  7324 I GoogleInputMethodService: GoogleInputMethodService.updateDeviceLockedStatus():2248 repeatCheckTimes = 1, locked = false
12-01 18:59:07.592  7324  7324 I AndroidIME: InputBundleManager.loadActiveInputBundleId():450 loadActiveInputBundleId: und-Latn-x-password, password
12-01 18:59:07.613  9624  9629 W .apps.messaging: Reducing the number of considered missed Gc histogram windows from 317 to 100
12-01 18:59:07.827  1096  1170 W WindowOnBackDispatcher: sendCancelIfRunning: isInProgress=false callback=android.view.ViewRootImpl$$ExternalSyntheticLambda11@34d662e
12-01 18:59:07.827   609  2266 W InputManager-JNI: Input channel object 'a3f5d0f Splash Screen com.example.princeproject (client)' was disposed without first being removed with the input manager!
12-01 18:59:08.010 24390 24390 D VRI[AdminActivity]: visibilityChanged oldVisibility=true newVisibility=false
12-01 18:59:08.022 24390 24407 W SurfaceComposerClient: Sync transaction timed out waiting for commit callback.
12-01 18:59:08.027 24390 24390 D LifecycleMonitor: Lifecycle status change: com.example.princeproject.AdminPage.AdminActivity@4477595 in: STOPPED
12-01 18:59:08.027 24390 24390 V ActivityScenario: Activity lifecycle changed event received but ignored because the intent does not match. startActivityIntent=Intent { act=android.intent.action.MAIN cat=[android.intent.category.LAUNCHER] flg=0x10008000 cmp=com.example.princeproject/androidx.fragment.app.testing.EmptyFragmentActivity (has extras) }, activity.getIntent()=Intent { act=android.intent.action.MAIN cat=[android.intent.category.LAUNCHER] flg=0x10008000 cmp=com.example.princeproject/.AdminPage.AdminActivity }, activity=com.example.princeproject.AdminPage.AdminActivity@4477595
12-01 18:59:08.027 24390 24390 V ActivityScenario: Update currentActivityStage to STOPPED, currentActivity=com.example.princeproject.AdminPage.AdminActivity@4477595
12-01 18:59:08.027 24390 24390 V ActivityScenario: Activity lifecycle changed event received but ignored because the intent does not match. startActivityIntent=Intent { act=android.intent.action.MAIN cat=[android.intent.category.LAUNCHER] flg=0x10008000 cmp=com.example.princeproject/androidx.fragment.app.testing.EmptyFragmentActivity (has extras) }, activity.getIntent()=Intent { act=android.intent.action.MAIN cat=[android.intent.category.LAUNCHER] flg=0x10008000 cmp=com.example.princeproject/.AdminPage.AdminActivity }, activity=com.example.princeproject.AdminPage.AdminActivity@4477595
12-01 18:59:08.301   609  1014 W IPCThreadState: Sending oneway calls to frozen process.
12-01 18:59:08.302   609  1014 W IPCThreadState: Sending oneway calls to frozen process.
12-01 18:59:08.302  6901  7015 I ChimeraSrvcProxy: NullBinder for android.net.action.RECOMMEND_NETWORKS triggering remote TransactionTooLargeException due to Service without Chimera impl
12-01 18:59:08.302  6901  7015 W .gms.persistent: Large reply transaction of 1056768 bytes, interface descriptor , code 1
12-01 18:59:08.302   609  1014 W IPCThreadState: Sending oneway calls to frozen process.
12-01 18:59:08.305   609  1014 W IPCThreadState: Sending oneway calls to frozen process.
12-01 18:59:08.305   609  1014 W IPCThreadState: Sending oneway calls to frozen process.
12-01 18:59:08.305  4575  4641 I BugleRcsEngine: handleMessage processing message:[NOTIFY_UPTIME_IGNORE_STATE_CHANGED] with [non-null]:RcsEngineImpl reference [CONTEXT log_prefix="RcsEngineImpl[DUAL_REG]:[bb5fc204-b309]>Handler" thread_id=66 ]
12-01 18:59:08.306  4575  4625 I BugleRcsEngine: Connected state: [1], networkType: [WIFI] [CONTEXT thread_id=62 ]
12-01 18:59:08.307   609  1014 W IPCThreadState: Sending oneway calls to frozen process.
12-01 18:59:08.307   609  1014 W IPCThreadState: Sending oneway calls to frozen process.
12-01 18:59:08.307   609  1014 W IPCThreadState: Sending oneway calls to frozen process.
12-01 18:59:08.307   609  1014 W IPCThreadState: Sending oneway calls to frozen process.
12-01 18:59:08.316  4575  4641 I BugleRcsEngine: No RCS Configuration was found in Bugle for simID: redacted-pii:sim_id[chars:20,last3:897] [CONTEXT log_prefix="ProvisioningEngineDataRetriever" thread_id=66 ]
12-01 18:59:08.658 24390 24390 D HWUI    : --- Failed to create image decoder with message 'unimplemented'
12-01 18:59:08.666 24390 24390 W System.err: java.lang.NullPointerException: Attempt to invoke virtual method 'boolean android.graphics.Bitmap.compress(android.graphics.Bitmap$CompressFormat, int, java.io.OutputStream)' on a null object reference
12-01 18:59:08.673 24390 24390 W System.err: 	at com.example.princeproject.Facility.decodeBase64String(Facility.java:188)
12-01 18:59:08.673 24390 24390 W System.err: 	at com.example.princeproject.AdminPage.AdminFacilityAdapter.getView(AdminFacilityAdapter.java:74)
12-01 18:59:08.673 24390 24390 W System.err: 	at android.widget.AbsListView.obtainView(AbsListView.java:2474)
12-01 18:59:08.673 24390 24390 W System.err: 	at android.widget.ListView.measureHeightOfChildren(ListView.java:1415)
12-01 18:59:08.673 24390 24390 W System.err: 	at android.widget.ListView.onMeasure(ListView.java:1321)
12-01 18:59:08.673 24390 24390 W System.err: 	at android.view.View.measure(View.java:28114)
12-01 18:59:08.673 24390 24390 W System.err: 	at androidx.constraintlayout.widget.ConstraintLayout$Measurer.measure(ConstraintLayout.java:811)
12-01 18:59:08.674 24390 24390 W System.err: 	at androidx.constraintlayout.core.widgets.analyzer.BasicMeasure.measure(BasicMeasure.java:466)
12-01 18:59:08.674 24390 24390 W System.err: 	at androidx.constraintlayout.core.widgets.analyzer.BasicMeasure.measureChildren(BasicMeasure.java:134)
12-01 18:59:08.674 24390 24390 W System.err: 	at androidx.constraintlayout.core.widgets.analyzer.BasicMeasure.solverMeasure(BasicMeasure.java:278)
12-01 18:59:08.674 24390 24390 W System.err: 	at androidx.constraintlayout.core.widgets.ConstraintWidgetContainer.measure(ConstraintWidgetContainer.java:120)
12-01 18:59:08.674 24390 24390 W System.err: 	at androidx.constraintlayout.widget.ConstraintLayout.resolveSystem(ConstraintLayout.java:1594)
12-01 18:59:08.674 24390 24390 W System.err: 	at androidx.constraintlayout.widget.ConstraintLayout.onMeasure(ConstraintLayout.java:1708)
12-01 18:59:08.674 24390 24390 W System.err: 	at android.view.View.measure(View.java:28114)
12-01 18:59:08.674 24390 24390 W System.err: 	at android.view.ViewGroup.measureChildWithMargins(ViewGroup.java:6989)
12-01 18:59:08.674 24390 24390 W System.err: 	at android.widget.FrameLayout.onMeasure(FrameLayout.java:194)
12-01 18:59:08.674 24390 24390 W System.err: 	at android.view.View.measure(View.java:28114)
12-01 18:59:08.674 24390 24390 W System.err: 	at android.view.ViewGroup.measureChildWithMargins(ViewGroup.java:6989)
12-01 18:59:08.674 24390 24390 W System.err: 	at com.android.internal.widget.ActionBarOverlayLayout.onMeasure(ActionBarOverlayLayout.java:534)
12-01 18:59:08.674 24390 24390 W System.err: 	at android.view.View.measure(View.java:28114)
12-01 18:59:08.674 24390 24390 W System.err: 	at android.view.ViewGroup.measureChildWithMargins(ViewGroup.java:6989)
12-01 18:59:08.674 24390 24390 W System.err: 	at android.widget.FrameLayout.onMeasure(FrameLayout.java:194)
12-01 18:59:08.674 24390 24390 W System.err: 	at com.android.internal.policy.DecorView.onMeasure(DecorView.java:719)
12-01 18:59:08.674 24390 24390 W System.err: 	at android.view.View.measure(View.java:28114)
12-01 18:59:08.674 24390 24390 W System.err: 	at android.view.ViewRootImpl.performMeasure(ViewRootImpl.java:4823)
12-01 18:59:08.674 24390 24390 W System.err: 	at android.view.ViewRootImpl.measureHierarchy(ViewRootImpl.java:3220)
12-01 18:59:08.674 24390 24390 W System.err: 	at android.view.ViewRootImpl.performTraversals(ViewRootImpl.java:3525)
12-01 18:59:08.674 24390 24390 W System.err: 	at android.view.ViewRootImpl.doTraversal(ViewRootImpl.java:2917)
12-01 18:59:08.674 24390 24390 W System.err: 	at android.view.ViewRootImpl$TraversalRunnable.run(ViewRootImpl.java:10324)
12-01 18:59:08.674 24390 24390 W System.err: 	at android.view.Choreographer$CallbackRecord.run(Choreographer.java:1406)
12-01 18:59:08.674 24390 24390 W System.err: 	at android.view.Choreographer$CallbackRecord.run(Choreographer.java:1415)
12-01 18:59:08.674 24390 24390 W System.err: 	at android.view.Choreographer.doCallbacks(Choreographer.java:1015)
12-01 18:59:08.674 24390 24390 W System.err: 	at android.view.Choreographer.doFrame(Choreographer.java:945)
12-01 18:59:08.674 24390 24390 W System.err: 	at android.view.Choreographer$FrameDisplayEventReceiver.run(Choreographer.java:1389)
12-01 18:59:08.674 24390 24390 W System.err: 	at android.os.Handler.handleCallback(Handler.java:959)
12-01 18:59:08.674 24390 24390 W System.err: 	at android.os.Handler.dispatchMessage(Handler.java:100)
12-01 18:59:08.674 24390 24390 W System.err: 	at android.os.Looper.loopOnce(Looper.java:232)
12-01 18:59:08.674 24390 24390 W System.err: 	at android.os.Looper.loop(Looper.java:317)
12-01 18:59:08.674 24390 24390 W System.err: 	at android.app.ActivityThread.main(ActivityThread.java:8705)
12-01 18:59:08.674 24390 24390 W System.err: 	at java.lang.reflect.Method.invoke(Native Method)
12-01 18:59:08.674 24390 24390 W System.err: 	at com.android.internal.os.RuntimeInit$MethodAndArgsCaller.run(RuntimeInit.java:580)
12-01 18:59:08.674 24390 24390 W System.err: 	at com.android.internal.os.ZygoteInit.main(ZygoteInit.java:886)
12-01 18:59:08.678 24390 24390 D HWUI    : --- Failed to create image decoder with message 'unimplemented'
12-01 18:59:08.682 24390 24390 W System.err: java.lang.NullPointerException: Attempt to invoke virtual method 'boolean android.graphics.Bitmap.compress(android.graphics.Bitmap$CompressFormat, int, java.io.OutputStream)' on a null object reference
12-01 18:59:08.682 24390 24390 W System.err: 	at com.example.princeproject.Facility.decodeBase64String(Facility.java:188)
12-01 18:59:08.682 24390 24390 W System.err: 	at com.example.princeproject.AdminPage.AdminFacilityAdapter.getView(AdminFacilityAdapter.java:74)
12-01 18:59:08.682 24390 24390 W System.err: 	at android.widget.AbsListView.obtainView(AbsListView.java:2474)
12-01 18:59:08.682 24390 24390 W System.err: 	at android.widget.ListView.measureHeightOfChildren(ListView.java:1415)
12-01 18:59:08.682 24390 24390 W System.err: 	at android.widget.ListView.onMeasure(ListView.java:1321)
12-01 18:59:08.682 24390 24390 W System.err: 	at android.view.View.measure(View.java:28114)
12-01 18:59:08.682 24390 24390 W System.err: 	at androidx.constraintlayout.widget.ConstraintLayout$Measurer.measure(ConstraintLayout.java:811)
12-01 18:59:08.682 24390 24390 W System.err: 	at androidx.constraintlayout.core.widgets.analyzer.BasicMeasure.measure(BasicMeasure.java:466)
12-01 18:59:08.682 24390 24390 W System.err: 	at androidx.constraintlayout.core.widgets.analyzer.BasicMeasure.measureChildren(BasicMeasure.java:134)
12-01 18:59:08.682 24390 24390 W System.err: 	at androidx.constraintlayout.core.widgets.analyzer.BasicMeasure.solverMeasure(BasicMeasure.java:278)
12-01 18:59:08.682 24390 24390 W System.err: 	at androidx.constraintlayout.core.widgets.ConstraintWidgetContainer.measure(ConstraintWidgetContainer.java:120)
12-01 18:59:08.682 24390 24390 W System.err: 	at androidx.constraintlayout.widget.ConstraintLayout.resolveSystem(ConstraintLayout.java:1594)
12-01 18:59:08.682 24390 24390 W System.err: 	at androidx.constraintlayout.widget.ConstraintLayout.onMeasure(ConstraintLayout.java:1708)
12-01 18:59:08.682 24390 24390 W System.err: 	at android.view.View.measure(View.java:28114)
12-01 18:59:08.682 24390 24390 W System.err: 	at android.view.ViewGroup.measureChildWithMargins(ViewGroup.java:6989)
12-01 18:59:08.682 24390 24390 W System.err: 	at android.widget.FrameLayout.onMeasure(FrameLayout.java:194)
12-01 18:59:08.682 24390 24390 W System.err: 	at android.view.View.measure(View.java:28114)
12-01 18:59:08.682 24390 24390 W System.err: 	at android.view.ViewGroup.measureChildWithMargins(ViewGroup.java:6989)
12-01 18:59:08.682 24390 24390 W System.err: 	at com.android.internal.widget.ActionBarOverlayLayout.onMeasure(ActionBarOverlayLayout.java:534)
12-01 18:59:08.682 24390 24390 W System.err: 	at android.view.View.measure(View.java:28114)
12-01 18:59:08.682 24390 24390 W System.err: 	at android.view.ViewGroup.measureChildWithMargins(ViewGroup.java:6989)
12-01 18:59:08.683 24390 24390 W System.err: 	at android.widget.FrameLayout.onMeasure(FrameLayout.java:194)
12-01 18:59:08.683 24390 24390 W System.err: 	at com.android.internal.policy.DecorView.onMeasure(DecorView.java:719)
12-01 18:59:08.683 24390 24390 W System.err: 	at android.view.View.measure(View.java:28114)
12-01 18:59:08.683 24390 24390 W System.err: 	at android.view.ViewRootImpl.performMeasure(ViewRootImpl.java:4823)
12-01 18:59:08.683 24390 24390 W System.err: 	at android.view.ViewRootImpl.measureHierarchy(ViewRootImpl.java:3220)
12-01 18:59:08.683 24390 24390 W System.err: 	at android.view.ViewRootImpl.performTraversals(ViewRootImpl.java:3525)
12-01 18:59:08.683 24390 24390 W System.err: 	at android.view.ViewRootImpl.doTraversal(ViewRootImpl.java:2917)
12-01 18:59:08.683 24390 24390 W System.err: 	at android.view.ViewRootImpl$TraversalRunnable.run(ViewRootImpl.java:10324)
12-01 18:59:08.683 24390 24390 W System.err: 	at android.view.Choreographer$CallbackRecord.run(Choreographer.java:1406)
12-01 18:59:08.683 24390 24390 W System.err: 	at android.view.Choreographer$CallbackRecord.run(Choreographer.java:1415)
12-01 18:59:08.683 24390 24390 W System.err: 	at android.view.Choreographer.doCallbacks(Choreographer.java:1015)
12-01 18:59:08.683 24390 24390 W System.err: 	at android.view.Choreographer.doFrame(Choreographer.java:945)
12-01 18:59:08.683 24390 24390 W System.err: 	at android.view.Choreographer$FrameDisplayEventReceiver.run(Choreographer.java:1389)
12-01 18:59:08.683 24390 24390 W System.err: 	at android.os.Handler.handleCallback(Handler.java:959)
12-01 18:59:08.683 24390 24390 W System.err: 	at android.os.Handler.dispatchMessage(Handler.java:100)
12-01 18:59:08.683 24390 24390 W System.err: 	at android.os.Looper.loopOnce(Looper.java:232)
12-01 18:59:08.683 24390 24390 W System.err: 	at android.os.Looper.loop(Looper.java:317)
12-01 18:59:08.683 24390 24390 W System.err: 	at android.app.ActivityThread.main(ActivityThread.java:8705)
12-01 18:59:08.683 24390 24390 W System.err: 	at java.lang.reflect.Method.invoke(Native Method)
12-01 18:59:08.683 24390 24390 W System.err: 	at com.android.internal.os.RuntimeInit$MethodAndArgsCaller.run(RuntimeInit.java:580)
12-01 18:59:08.683 24390 24390 W System.err: 	at com.android.internal.os.ZygoteInit.main(ZygoteInit.java:886)
12-01 18:59:08.685 24390 24390 D HWUI    : --- Failed to create image decoder with message 'unimplemented'
12-01 18:59:08.690 24390 24390 W System.err: java.lang.NullPointerException: Attempt to invoke virtual method 'boolean android.graphics.Bitmap.compress(android.graphics.Bitmap$CompressFormat, int, java.io.OutputStream)' on a null object reference
12-01 18:59:08.690 24390 24390 W System.err: 	at com.example.princeproject.Facility.decodeBase64String(Facility.java:188)
12-01 18:59:08.690 24390 24390 W System.err: 	at com.example.princeproject.AdminPage.AdminFacilityAdapter.getView(AdminFacilityAdapter.java:74)
12-01 18:59:08.690 24390 24390 W System.err: 	at android.widget.AbsListView.obtainView(AbsListView.java:2474)
12-01 18:59:08.690 24390 24390 W System.err: 	at android.widget.ListView.measureHeightOfChildren(ListView.java:1415)
12-01 18:59:08.690 24390 24390 W System.err: 	at android.widget.ListView.onMeasure(ListView.java:1321)
12-01 18:59:08.690 24390 24390 W System.err: 	at android.view.View.measure(View.java:28114)
12-01 18:59:08.690 24390 24390 W System.err: 	at androidx.constraintlayout.widget.ConstraintLayout$Measurer.measure(ConstraintLayout.java:811)
12-01 18:59:08.690 24390 24390 W System.err: 	at androidx.constraintlayout.core.widgets.analyzer.BasicMeasure.measure(BasicMeasure.java:466)
12-01 18:59:08.690 24390 24390 W System.err: 	at androidx.constraintlayout.core.widgets.analyzer.BasicMeasure.measureChildren(BasicMeasure.java:134)
12-01 18:59:08.690 24390 24390 W System.err: 	at androidx.constraintlayout.core.widgets.analyzer.BasicMeasure.solverMeasure(BasicMeasure.java:278)
12-01 18:59:08.690 24390 24390 W System.err: 	at androidx.constraintlayout.core.widgets.ConstraintWidgetContainer.measure(ConstraintWidgetContainer.java:120)
12-01 18:59:08.690 24390 24390 W System.err: 	at androidx.constraintlayout.widget.ConstraintLayout.resolveSystem(ConstraintLayout.java:1594)
12-01 18:59:08.690 24390 24390 W System.err: 	at androidx.constraintlayout.widget.ConstraintLayout.onMeasure(ConstraintLayout.java:1708)
12-01 18:59:08.690 24390 24390 W System.err: 	at android.view.View.measure(View.java:28114)
12-01 18:59:08.690 24390 24390 W System.err: 	at android.view.ViewGroup.measureChildWithMargins(ViewGroup.java:6989)
12-01 18:59:08.690 24390 24390 W System.err: 	at android.widget.FrameLayout.onMeasure(FrameLayout.java:194)
12-01 18:59:08.690 24390 24390 W System.err: 	at android.view.View.measure(View.java:28114)
12-01 18:59:08.690 24390 24390 W System.err: 	at android.view.ViewGroup.measureChildWithMargins(ViewGroup.java:6989)
12-01 18:59:08.690 24390 24390 W System.err: 	at com.android.internal.widget.ActionBarOverlayLayout.onMeasure(ActionBarOverlayLayout.java:534)
12-01 18:59:08.690 24390 24390 W System.err: 	at android.view.View.measure(View.java:28114)
12-01 18:59:08.690 24390 24390 W System.err: 	at android.view.ViewGroup.measureChildWithMargins(ViewGroup.java:6989)
12-01 18:59:08.690 24390 24390 W System.err: 	at android.widget.FrameLayout.onMeasure(FrameLayout.java:194)
12-01 18:59:08.690 24390 24390 W System.err: 	at com.android.internal.policy.DecorView.onMeasure(DecorView.java:719)
12-01 18:59:08.690 24390 24390 W System.err: 	at android.view.View.measure(View.java:28114)
12-01 18:59:08.690 24390 24390 W System.err: 	at android.view.ViewRootImpl.performMeasure(ViewRootImpl.java:4823)
12-01 18:59:08.690 24390 24390 W System.err: 	at android.view.ViewRootImpl.measureHierarchy(ViewRootImpl.java:3220)
12-01 18:59:08.690 24390 24390 W System.err: 	at android.view.ViewRootImpl.performTraversals(ViewRootImpl.java:3525)
12-01 18:59:08.690 24390 24390 W System.err: 	at android.view.ViewRootImpl.doTraversal(ViewRootImpl.java:2917)
12-01 18:59:08.690 24390 24390 W System.err: 	at android.view.ViewRootImpl$TraversalRunnable.run(ViewRootImpl.java:10324)
12-01 18:59:08.690 24390 24390 W System.err: 	at android.view.Choreographer$CallbackRecord.run(Choreographer.java:1406)
12-01 18:59:08.690 24390 24390 W System.err: 	at android.view.Choreographer$CallbackRecord.run(Choreographer.java:1415)
12-01 18:59:08.690 24390 24390 W System.err: 	at android.view.Choreographer.doCallbacks(Choreographer.java:1015)
12-01 18:59:08.690 24390 24390 W System.err: 	at android.view.Choreographer.doFrame(Choreographer.java:945)
12-01 18:59:08.690 24390 24390 W System.err: 	at android.view.Choreographer$FrameDisplayEventReceiver.run(Choreographer.java:1389)
12-01 18:59:08.690 24390 24390 W System.err: 	at android.os.Handler.handleCallback(Handler.java:959)
12-01 18:59:08.690 24390 24390 W System.err: 	at android.os.Handler.dispatchMessage(Handler.java:100)
12-01 18:59:08.690 24390 24390 W System.err: 	at android.os.Looper.loopOnce(Looper.java:232)
12-01 18:59:08.691 24390 24390 W System.err: 	at android.os.Looper.loop(Looper.java:317)
12-01 18:59:08.691 24390 24390 W System.err: 	at android.app.ActivityThread.main(ActivityThread.java:8705)
12-01 18:59:08.691 24390 24390 W System.err: 	at java.lang.reflect.Method.invoke(Native Method)
12-01 18:59:08.691 24390 24390 W System.err: 	at com.android.internal.os.RuntimeInit$MethodAndArgsCaller.run(RuntimeInit.java:580)
12-01 18:59:08.691 24390 24390 W System.err: 	at com.android.internal.os.ZygoteInit.main(ZygoteInit.java:886)
12-01 18:59:08.758 24390 24390 D HWUI    : --- Failed to create image decoder with message 'unimplemented'
12-01 18:59:08.762 24390 24390 W System.err: java.lang.NullPointerException: Attempt to invoke virtual method 'boolean android.graphics.Bitmap.compress(android.graphics.Bitmap$CompressFormat, int, java.io.OutputStream)' on a null object reference
12-01 18:59:08.762 24390 24390 W System.err: 	at com.example.princeproject.Facility.decodeBase64String(Facility.java:188)
12-01 18:59:08.762 24390 24390 W System.err: 	at com.example.princeproject.AdminPage.AdminFacilityAdapter.getView(AdminFacilityAdapter.java:74)
12-01 18:59:08.762 24390 24390 W System.err: 	at android.widget.AbsListView.obtainView(AbsListView.java:2474)
12-01 18:59:08.762 24390 24390 W System.err: 	at android.widget.ListView.makeAndAddView(ListView.java:2065)
12-01 18:59:08.763 24390 24390 W System.err: 	at android.widget.ListView.fillDown(ListView.java:791)
12-01 18:59:08.763 24390 24390 W System.err: 	at android.widget.ListView.fillFromTop(ListView.java:853)
12-01 18:59:08.763 24390 24390 W System.err: 	at android.widget.ListView.layoutChildren(ListView.java:1808)
12-01 18:59:08.763 24390 24390 W System.err: 	at android.widget.AbsListView.onLayout(AbsListView.java:2271)
12-01 18:59:08.763 24390 24390 W System.err: 	at android.view.View.layout(View.java:25374)
12-01 18:59:08.763 24390 24390 W System.err: 	at android.view.ViewGroup.layout(ViewGroup.java:6421)
12-01 18:59:08.763 24390 24390 W System.err: 	at androidx.constraintlayout.widget.ConstraintLayout.onLayout(ConstraintLayout.java:1873)
12-01 18:59:08.763 24390 24390 W System.err: 	at android.view.View.layout(View.java:25374)
12-01 18:59:08.763 24390 24390 W System.err: 	at android.view.ViewGroup.layout(ViewGroup.java:6421)
12-01 18:59:08.763 24390 24390 W System.err: 	at android.widget.FrameLayout.layoutChildren(FrameLayout.java:332)
12-01 18:59:08.763 24390 24390 W System.err: 	at android.widget.FrameLayout.onLayout(FrameLayout.java:270)
12-01 18:59:08.763 24390 24390 W System.err: 	at android.view.View.layout(View.java:25374)
12-01 18:59:08.763 24390 24390 W System.err: 	at android.view.ViewGroup.layout(ViewGroup.java:6421)
12-01 18:59:08.763 24390 24390 W System.err: 	at com.android.internal.widget.ActionBarOverlayLayout.onLayout(ActionBarOverlayLayout.java:581)
12-01 18:59:08.763 24390 24390 W System.err: 	at android.view.View.layout(View.java:25374)
12-01 18:59:08.763 24390 24390 W System.err: 	at android.view.ViewGroup.layout(ViewGroup.java:6421)
12-01 18:59:08.763 24390 24390 W System.err: 	at android.widget.FrameLayout.layoutChildren(FrameLayout.java:332)
12-01 18:59:08.763 24390 24390 W System.err: 	at android.widget.FrameLayout.onLayout(FrameLayout.java:270)
12-01 18:59:08.763 24390 24390 W System.err: 	at com.android.internal.policy.DecorView.onLayout(DecorView.java:758)
12-01 18:59:08.763 24390 24390 W System.err: 	at android.view.View.layout(View.java:25374)
12-01 18:59:08.763 24390 24390 W System.err: 	at android.view.ViewGroup.layout(ViewGroup.java:6421)
12-01 18:59:08.763 24390 24390 W System.err: 	at android.view.ViewRootImpl.performLayout(ViewRootImpl.java:4899)
12-01 18:59:08.763 24390 24390 W System.err: 	at android.view.ViewRootImpl.performTraversals(ViewRootImpl.java:4040)
12-01 18:59:08.763 24390 24390 W System.err: 	at android.view.ViewRootImpl.doTraversal(ViewRootImpl.java:2917)
12-01 18:59:08.763 24390 24390 W System.err: 	at android.view.ViewRootImpl$TraversalRunnable.run(ViewRootImpl.java:10324)
12-01 18:59:08.763 24390 24390 W System.err: 	at android.view.Choreographer$CallbackRecord.run(Choreographer.java:1406)
12-01 18:59:08.763 24390 24390 W System.err: 	at android.view.Choreographer$CallbackRecord.run(Choreographer.java:1415)
12-01 18:59:08.763 24390 24390 W System.err: 	at android.view.Choreographer.doCallbacks(Choreographer.java:1015)
12-01 18:59:08.763 24390 24390 W System.err: 	at android.view.Choreographer.doFrame(Choreographer.java:945)
12-01 18:59:08.763 24390 24390 W System.err: 	at android.view.Choreographer$FrameDisplayEventReceiver.run(Choreographer.java:1389)
12-01 18:59:08.763 24390 24390 W System.err: 	at android.os.Handler.handleCallback(Handler.java:959)
12-01 18:59:08.763 24390 24390 W System.err: 	at android.os.Handler.dispatchMessage(Handler.java:100)
12-01 18:59:08.764 24390 24390 W System.err: 	at android.os.Looper.loopOnce(Looper.java:232)
12-01 18:59:08.764 24390 24390 W System.err: 	at android.os.Looper.loop(Looper.java:317)
12-01 18:59:08.764 24390 24390 W System.err: 	at android.app.ActivityThread.main(ActivityThread.java:8705)
12-01 18:59:08.764 24390 24390 W System.err: 	at java.lang.reflect.Method.invoke(Native Method)
12-01 18:59:08.764 24390 24390 W System.err: 	at com.android.internal.os.RuntimeInit$MethodAndArgsCaller.run(RuntimeInit.java:580)
12-01 18:59:08.764 24390 24390 W System.err: 	at com.android.internal.os.ZygoteInit.main(ZygoteInit.java:886)
12-01 18:59:08.765 24390 24390 D HWUI    : --- Failed to create image decoder with message 'unimplemented'
12-01 18:59:08.770 24390 24390 W System.err: java.lang.NullPointerException: Attempt to invoke virtual method 'boolean android.graphics.Bitmap.compress(android.graphics.Bitmap$CompressFormat, int, java.io.OutputStream)' on a null object reference
12-01 18:59:08.770 24390 24390 W System.err: 	at com.example.princeproject.Facility.decodeBase64String(Facility.java:188)
12-01 18:59:08.770 24390 24390 W System.err: 	at com.example.princeproject.AdminPage.AdminFacilityAdapter.getView(AdminFacilityAdapter.java:74)
12-01 18:59:08.770 24390 24390 W System.err: 	at android.widget.AbsListView.obtainView(AbsListView.java:2474)
12-01 18:59:08.770 24390 24390 W System.err: 	at android.widget.ListView.makeAndAddView(ListView.java:2065)
12-01 18:59:08.770 24390 24390 W System.err: 	at android.widget.ListView.fillDown(ListView.java:791)
12-01 18:59:08.770 24390 24390 W System.err: 	at android.widget.ListView.fillFromTop(ListView.java:853)
12-01 18:59:08.770 24390 24390 W System.err: 	at android.widget.ListView.layoutChildren(ListView.java:1808)
12-01 18:59:08.770 24390 24390 W System.err: 	at android.widget.AbsListView.onLayout(AbsListView.java:2271)
12-01 18:59:08.770 24390 24390 W System.err: 	at android.view.View.layout(View.java:25374)
12-01 18:59:08.770 24390 24390 W System.err: 	at android.view.ViewGroup.layout(ViewGroup.java:6421)
12-01 18:59:08.770 24390 24390 W System.err: 	at androidx.constraintlayout.widget.ConstraintLayout.onLayout(ConstraintLayout.java:1873)
12-01 18:59:08.770 24390 24390 W System.err: 	at android.view.View.layout(View.java:25374)
12-01 18:59:08.770 24390 24390 W System.err: 	at android.view.ViewGroup.layout(ViewGroup.java:6421)
12-01 18:59:08.770 24390 24390 W System.err: 	at android.widget.FrameLayout.layoutChildren(FrameLayout.java:332)
12-01 18:59:08.770 24390 24390 W System.err: 	at android.widget.FrameLayout.onLayout(FrameLayout.java:270)
12-01 18:59:08.770 24390 24390 W System.err: 	at android.view.View.layout(View.java:25374)
12-01 18:59:08.770 24390 24390 W System.err: 	at android.view.ViewGroup.layout(ViewGroup.java:6421)
12-01 18:59:08.770 24390 24390 W System.err: 	at com.android.internal.widget.ActionBarOverlayLayout.onLayout(ActionBarOverlayLayout.java:581)
12-01 18:59:08.770 24390 24390 W System.err: 	at android.view.View.layout(View.java:25374)
12-01 18:59:08.770 24390 24390 W System.err: 	at android.view.ViewGroup.layout(ViewGroup.java:6421)
12-01 18:59:08.770 24390 24390 W System.err: 	at android.widget.FrameLayout.layoutChildren(FrameLayout.java:332)
12-01 18:59:08.770 24390 24390 W System.err: 	at android.widget.FrameLayout.onLayout(FrameLayout.java:270)
12-01 18:59:08.770 24390 24390 W System.err: 	at com.android.internal.policy.DecorView.onLayout(DecorView.java:758)
12-01 18:59:08.770 24390 24390 W System.err: 	at android.view.View.layout(View.java:25374)
12-01 18:59:08.770 24390 24390 W System.err: 	at android.view.ViewGroup.layout(ViewGroup.java:6421)
12-01 18:59:08.770 24390 24390 W System.err: 	at android.view.ViewRootImpl.performLayout(ViewRootImpl.java:4899)
12-01 18:59:08.770 24390 24390 W System.err: 	at android.view.ViewRootImpl.performTraversals(ViewRootImpl.java:4040)
12-01 18:59:08.770 24390 24390 W System.err: 	at android.view.ViewRootImpl.doTraversal(ViewRootImpl.java:2917)
12-01 18:59:08.770 24390 24390 W System.err: 	at android.view.ViewRootImpl$TraversalRunnable.run(ViewRootImpl.java:10324)
12-01 18:59:08.770 24390 24390 W System.err: 	at android.view.Choreographer$CallbackRecord.run(Choreographer.java:1406)
12-01 18:59:08.770 24390 24390 W System.err: 	at android.view.Choreographer$CallbackRecord.run(Choreographer.java:1415)
12-01 18:59:08.770 24390 24390 W System.err: 	at android.view.Choreographer.doCallbacks(Choreographer.java:1015)
12-01 18:59:08.770 24390 24390 W System.err: 	at android.view.Choreographer.doFrame(Choreographer.java:945)
12-01 18:59:08.770 24390 24390 W System.err: 	at android.view.Choreographer$FrameDisplayEventReceiver.run(Choreographer.java:1389)
12-01 18:59:08.770 24390 24390 W System.err: 	at android.os.Handler.handleCallback(Handler.java:959)
12-01 18:59:08.770 24390 24390 W System.err: 	at android.os.Handler.dispatchMessage(Handler.java:100)
12-01 18:59:08.770 24390 24390 W System.err: 	at android.os.Looper.loopOnce(Looper.java:232)
12-01 18:59:08.770 24390 24390 W System.err: 	at android.os.Looper.loop(Looper.java:317)
12-01 18:59:08.770 24390 24390 W System.err: 	at android.app.ActivityThread.main(ActivityThread.java:8705)
12-01 18:59:08.770 24390 24390 W System.err: 	at java.lang.reflect.Method.invoke(Native Method)
12-01 18:59:08.770 24390 24390 W System.err: 	at com.android.internal.os.RuntimeInit$MethodAndArgsCaller.run(RuntimeInit.java:580)
12-01 18:59:08.770 24390 24390 W System.err: 	at com.android.internal.os.ZygoteInit.main(ZygoteInit.java:886)
12-01 18:59:08.772 24390 24390 D HWUI    : --- Failed to create image decoder with message 'unimplemented'
12-01 18:59:08.776 24390 24390 W System.err: java.lang.NullPointerException: Attempt to invoke virtual method 'boolean android.graphics.Bitmap.compress(android.graphics.Bitmap$CompressFormat, int, java.io.OutputStream)' on a null object reference
12-01 18:59:08.777 24390 24390 W System.err: 	at com.example.princeproject.Facility.decodeBase64String(Facility.java:188)
12-01 18:59:08.777 24390 24390 W System.err: 	at com.example.princeproject.AdminPage.AdminFacilityAdapter.getView(AdminFacilityAdapter.java:74)
12-01 18:59:08.777 24390 24390 W System.err: 	at android.widget.AbsListView.obtainView(AbsListView.java:2474)
12-01 18:59:08.777 24390 24390 W System.err: 	at android.widget.ListView.makeAndAddView(ListView.java:2065)
12-01 18:59:08.777 24390 24390 W System.err: 	at android.widget.ListView.fillDown(ListView.java:791)
12-01 18:59:08.777 24390 24390 W System.err: 	at android.widget.ListView.fillFromTop(ListView.java:853)
12-01 18:59:08.777 24390 24390 W System.err: 	at android.widget.ListView.layoutChildren(ListView.java:1808)
12-01 18:59:08.777 24390 24390 W System.err: 	at android.widget.AbsListView.onLayout(AbsListView.java:2271)
12-01 18:59:08.777 24390 24390 W System.err: 	at android.view.View.layout(View.java:25374)
12-01 18:59:08.777 24390 24390 W System.err: 	at android.view.ViewGroup.layout(ViewGroup.java:6421)
12-01 18:59:08.777 24390 24390 W System.err: 	at androidx.constraintlayout.widget.ConstraintLayout.onLayout(ConstraintLayout.java:1873)
12-01 18:59:08.777 24390 24390 W System.err: 	at android.view.View.layout(View.java:25374)
12-01 18:59:08.777 24390 24390 W System.err: 	at android.view.ViewGroup.layout(ViewGroup.java:6421)
12-01 18:59:08.777 24390 24390 W System.err: 	at android.widget.FrameLayout.layoutChildren(FrameLayout.java:332)
12-01 18:59:08.777 24390 24390 W System.err: 	at android.widget.FrameLayout.onLayout(FrameLayout.java:270)
12-01 18:59:08.777 24390 24390 W System.err: 	at android.view.View.layout(View.java:25374)
12-01 18:59:08.777 24390 24390 W System.err: 	at android.view.ViewGroup.layout(ViewGroup.java:6421)
12-01 18:59:08.777 24390 24390 W System.err: 	at com.android.internal.widget.ActionBarOverlayLayout.onLayout(ActionBarOverlayLayout.java:581)
12-01 18:59:08.777 24390 24390 W System.err: 	at android.view.View.layout(View.java:25374)
12-01 18:59:08.777 24390 24390 W System.err: 	at android.view.ViewGroup.layout(ViewGroup.java:6421)
12-01 18:59:08.777 24390 24390 W System.err: 	at android.widget.FrameLayout.layoutChildren(FrameLayout.java:332)
12-01 18:59:08.777 24390 24390 W System.err: 	at android.widget.FrameLayout.onLayout(FrameLayout.java:270)
12-01 18:59:08.778 24390 24390 W System.err: 	at com.android.internal.policy.DecorView.onLayout(DecorView.java:758)
12-01 18:59:08.778 24390 24390 W System.err: 	at android.view.View.layout(View.java:25374)
12-01 18:59:08.778 24390 24390 W System.err: 	at android.view.ViewGroup.layout(ViewGroup.java:6421)
12-01 18:59:08.778 24390 24390 W System.err: 	at android.view.ViewRootImpl.performLayout(ViewRootImpl.java:4899)
12-01 18:59:08.778 24390 24390 W System.err: 	at android.view.ViewRootImpl.performTraversals(ViewRootImpl.java:4040)
12-01 18:59:08.778 24390 24390 W System.err: 	at android.view.ViewRootImpl.doTraversal(ViewRootImpl.java:2917)
