12-01 18:59:13.324 24390 24407 I TestRunner: started: testListViewPopulatedInAdminFacilityFragment(com.example.princeproject.AdminPageTest)
12-01 18:59:13.327 24390 24407 W Settings: Setting always_finish_activities has moved from android.provider.Settings.System to android.provider.Settings.Global, returning read-only value.
12-01 18:59:13.331   609  2594 V GrammaticalInflectionUtils: AttributionSource: android.content.AttributionSource@c1cd9a86 does not have READ_SYSTEM_GRAMMATICAL_GENDER permission.
12-01 18:59:13.339  1355  1355 W SplitSelectStateCtor: Missing session instanceIds
12-01 18:59:13.341  1355  1355 D StatsLog: LAUNCHER_SPLIT_SELECTION_EXIT_INTERRUPTED
12-01 18:59:13.348  1355  1355 I TopTaskTracker: onTaskMovedToFront: (moved taskInfo to front) taskId=123, baseIntent=Intent { act=android.intent.action.MAIN cat=[android.intent.category.LAUNCHER] flg=0x10008000 cmp=com.example.princeproject/.AdminPage.AdminActivity }
12-01 18:59:13.350 24390 24390 D LifecycleMonitor: Lifecycle status change: com.example.princeproject.AdminPage.AdminActivity@6af7e in: PRE_ON_CREATE
12-01 18:59:13.350 24390 24390 V ActivityScenario: Activity lifecycle changed event received but ignored because the intent does not match. startActivityIntent=Intent { act=android.intent.action.MAIN cat=[android.intent.category.LAUNCHER] flg=0x10008000 cmp=com.example.princeproject/androidx.fragment.app.testing.EmptyFragmentActivity (has extras) }, activity.getIntent()=Intent { act=android.intent.action.MAIN cat=[android.intent.category.LAUNCHER] flg=0x10008000 cmp=com.example.princeproject/.AdminPage.AdminActivity }, activity=com.example.princeproject.AdminPage.AdminActivity@6af7e
12-01 18:59:13.350 24390 24390 V ActivityScenario: Activity lifecycle changed event received but ignored because the reported transition was not ON_CREATE while the last known transition was PRE_ON_CREATE
12-01 18:59:13.354   466   466 I BpBinder: onLastStrongRef automatically unlinking death recipients:
12-01 18:59:13.368 24390 24390 D LifecycleMonitor: Lifecycle status change: com.example.princeproject.AdminPage.AdminActivity@6af7e in: CREATED
12-01 18:59:13.368 24390 24390 V ActivityScenario: Activity lifecycle changed event received but ignored because the intent does not match. startActivityIntent=Intent { act=android.intent.action.MAIN cat=[android.intent.category.LAUNCHER] flg=0x10008000 cmp=com.example.princeproject/androidx.fragment.app.testing.EmptyFragmentActivity (has extras) }, activity.getIntent()=Intent { act=android.intent.action.MAIN cat=[android.intent.category.LAUNCHER] flg=0x10008000 cmp=com.example.princeproject/.AdminPage.AdminActivity }, activity=com.example.princeproject.AdminPage.AdminActivity@6af7e
12-01 18:59:13.368 24390 24390 V ActivityScenario: Update currentActivityStage to CREATED, currentActivity=com.example.princeproject.AdminPage.AdminActivity@6af7e
12-01 18:59:13.370 24390 24390 D LifecycleMonitor: Lifecycle status change: com.example.princeproject.AdminPage.AdminActivity@6af7e in: STARTED
12-01 18:59:13.370 24390 24390 V ActivityScenario: Activity lifecycle changed event received but ignored because the intent does not match. startActivityIntent=Intent { act=android.intent.action.MAIN cat=[android.intent.category.LAUNCHER] flg=0x10008000 cmp=com.example.princeproject/androidx.fragment.app.testing.EmptyFragmentActivity (has extras) }, activity.getIntent()=Intent { act=android.intent.action.MAIN cat=[android.intent.category.LAUNCHER] flg=0x10008000 cmp=com.example.princeproject/.AdminPage.AdminActivity }, activity=com.example.princeproject.AdminPage.AdminActivity@6af7e
12-01 18:59:13.370 24390 24390 V ActivityScenario: Update currentActivityStage to STARTED, currentActivity=com.example.princeproject.AdminPage.AdminActivity@6af7e
12-01 18:59:13.372 24390 24390 D LifecycleMonitor: Lifecycle status change: com.example.princeproject.AdminPage.AdminActivity@6af7e in: RESUMED
12-01 18:59:13.372 24390 24390 V ActivityScenario: Activity lifecycle changed event received but ignored because the intent does not match. startActivityIntent=Intent { act=android.intent.action.MAIN cat=[android.intent.category.LAUNCHER] flg=0x10008000 cmp=com.example.princeproject/androidx.fragment.app.testing.EmptyFragmentActivity (has extras) }, activity.getIntent()=Intent { act=android.intent.action.MAIN cat=[android.intent.category.LAUNCHER] flg=0x10008000 cmp=com.example.princeproject/.AdminPage.AdminActivity }, activity=com.example.princeproject.AdminPage.AdminActivity@6af7e
12-01 18:59:13.373 24390 24390 V ActivityScenario: Update currentActivityStage to RESUMED, currentActivity=com.example.princeproject.AdminPage.AdminActivity@6af7e
12-01 18:59:13.443   609   635 W ziparchive: Unable to open '/data/app/~~W6UVKpxwvgPFY2_Txi99VA==/com.example.princeproject-HDLZ7rwzKw7RyTdT7HIT-Q==/base.dm': No such file or directory
12-01 18:59:13.444   609   635 I ActivityTaskManager: Displayed com.example.princeproject/.AdminPage.AdminActivity for user 0: +113ms
12-01 18:59:13.478   609   750 I ImeTracker: com.example.princeproject:2a58d66: onRequestHide at ORIGIN_SERVER reason HIDE_UNSPECIFIED_WINDOW fromUser false
12-01 18:59:13.478   609   750 I ImeTracker: com.example.princeproject:2a58d66: onCancelled at PHASE_SERVER_SHOULD_HIDE
12-01 18:59:13.481  7324  7324 I GoogleInputMethodService: GoogleInputMethodService.onFinishInput():3157
12-01 18:59:13.485  7324  7324 I GoogleInputMethodService: GoogleInputMethodService.updateDeviceLockedStatus():2248 repeatCheckTimes = 0, locked = false
12-01 18:59:13.485  7324  7324 I GoogleInputMethodService: GoogleInputMethodService.onStartInput():1986 onStartInput(EditorInfo{EditorInfo{packageName=com.example.princeproject, inputType=0, inputTypeString=NULL, enableLearning=false, autoCorrection=false, autoComplete=false, imeOptions=0, privateImeOptions=null, actionName=UNSPECIFIED, actionLabel=null, initialSelStart=-1, initialSelEnd=-1, initialCapsMode=0, label=null, fieldId=0, fieldName=null, extras=null, hintText=null, hintLocales=[]}}, false)
12-01 18:59:13.485  7324  7324 I GoogleInputMethodService: GoogleInputMethodService.updateDeviceLockedStatus():2248 repeatCheckTimes = 1, locked = false
12-01 18:59:13.485  7324  7324 I AndroidIME: InputBundleManager.loadActiveInputBundleId():450 loadActiveInputBundleId: und-Latn-x-password, password
12-01 18:59:13.513  1096  1228 D EGL_emulation: app_time_stats: avg=50.43ms min=10.13ms max=669.76ms count=20
12-01 18:59:13.656  1355  1761 D EGL_emulation: app_time_stats: avg=24.36ms min=1.37ms max=371.51ms count=33
12-01 18:59:13.692  1355  1355 D VRI[NexusLauncherActivity]: visibilityChanged oldVisibility=true newVisibility=false
12-01 18:59:13.705  1355  1355 D NexusLauncherModelDelegate: notifySmartspaceEvent: SmartspaceTargetEvent{mSmartspaceTarget=null, mSmartspaceActionId='null', mEventType=7}
12-01 18:59:13.711  1355  1355 D BaseDepthController: setSurface:
12-01 18:59:13.711  1355  1355 D BaseDepthController: 	mWaitingOnSurfaceValidity: false
12-01 18:59:13.711  1355  1355 D BaseDepthController: 	mSurface: null
12-01 18:59:13.711  1355  1355 D BaseDepthController: mSurface is null and mCurrentBlur is: 0
12-01 18:59:13.711  1355  1355 D StateManager: goToState - fromState: Normal, toState: Normal, partial trace:
12-01 18:59:13.711  1355  1355 D StateManager: 	at com.android.launcher3.statemanager.StateManager.moveToRestState(go/retraceme 2855a437b73635ce9cad76b9289087e631bbb67fc90008a0da13d343a00e5041:4)
12-01 18:59:13.711  1355  1355 D StateManager: 	at com.android.launcher3.statemanager.StateManager.moveToRestState(go/retraceme 2855a437b73635ce9cad76b9289087e631bbb67fc90008a0da13d343a00e5041:1)
12-01 18:59:13.711  1355  1355 D StateManager: 	at com.android.launcher3.statemanager.StatefulActivity.onStop(go/retraceme 2855a437b73635ce9cad76b9289087e631bbb67fc90008a0da13d343a00e5041:34)
12-01 18:59:13.711  1355  1355 D StatsLog: LAUNCHER_ONSTOP
12-01 18:59:13.713  1355  2135 D OneSearchSuggestProvider: Shut down the binder channel
12-01 18:59:13.717  1355  1355 D StatsLog: LAUNCHER_GOOGLE_SEARCH_RESTORE_LIST_SIZE_AFTER_ACTIVITY_RESTART
12-01 18:59:13.720  1355  5620 I IPCThreadState: oneway function results for code 2 on binder at 0x7260b8f57790 will be dropped but finished with status UNKNOWN_TRANSACTION
12-01 18:59:13.726  1096  1170 W WindowOnBackDispatcher: sendCancelIfRunning: isInProgress=false callback=android.view.ViewRootImpl$$ExternalSyntheticLambda11@32348e4
12-01 18:59:13.729   609  1451 W InputManager-JNI: Input channel object '3deb784 Splash Screen com.example.princeproject (client)' was disposed without first being removed with the input manager!
12-01 18:59:13.772 24390 24397 W System  : A resource failed to call close.
12-01 18:59:13.772 24390 24397 W System  : A resource failed to call close.
12-01 18:59:13.772 24390 24397 W System  : A resource failed to call close.
12-01 18:59:13.772 24390 24397 W System  : A resource failed to call close.
12-01 18:59:13.772 24390 24397 W System  : A resource failed to call close.
12-01 18:59:13.772 24390 24397 W System  : A resource failed to call close.
12-01 18:59:13.773 24390 24397 W System  : A resource failed to call close.
12-01 18:59:13.773 24390 24397 W System  : A resource failed to call close.
12-01 18:59:13.775 24390 24397 W System  : A resource failed to call close.
12-01 18:59:13.775 24390 24397 W System  : A resource failed to call close.
12-01 18:59:13.775 24390 24397 W System  : A resource failed to call close.
12-01 18:59:13.775 24390 24397 W System  : A resource failed to call close.
12-01 18:59:13.775 24390 24397 W System  : A resource failed to call close.
12-01 18:59:13.775 24390 24397 W System  : A resource failed to call close.
12-01 18:59:13.775 24390 24397 W System  : A resource failed to call close.
12-01 18:59:13.775 24390 24397 W System  : A resource failed to call close.
12-01 18:59:13.775 24390 24397 W System  : A resource failed to call close.
12-01 18:59:13.776 24390 24397 W System  : A resource failed to call close.
12-01 18:59:13.805 24390 24407 W SurfaceComposerClient: Sync transaction timed out waiting for commit callback.
12-01 18:59:13.876 24390 24407 W Settings: Setting always_finish_activities has moved from android.provider.Settings.System to android.provider.Settings.Global, returning read-only value.
12-01 18:59:13.882   609  1451 V GrammaticalInflectionUtils: AttributionSource: android.content.AttributionSource@c1cd9a86 does not have READ_SYSTEM_GRAMMATICAL_GENDER permission.
12-01 18:59:13.899 24390 24390 D LifecycleMonitor: Lifecycle status change: com.example.princeproject.AdminPage.AdminActivity@6af7e in: PAUSED
12-01 18:59:13.900 24390 24390 V ActivityScenario: Update currentActivityStage to PAUSED, currentActivity=com.example.princeproject.AdminPage.AdminActivity@6af7e
12-01 18:59:13.900 24390 24390 V ActivityScenario: Activity lifecycle changed event received but ignored because the reported transition was not ON_CREATE while the last known transition was PRE_ON_CREATE
12-01 18:59:13.905   466   466 I BpBinder: onLastStrongRef automatically unlinking death recipients:
12-01 18:59:13.915 24390 24390 D LifecycleMonitor: Lifecycle status change: com.example.princeproject.AdminPage.AdminActivity@f32274a in: PRE_ON_CREATE
12-01 18:59:13.915 24390 24390 V ActivityScenario: Activity lifecycle changed event received but ignored because the activity instance does not match. currentActivity=com.example.princeproject.AdminPage.AdminActivity@6af7e, receivedActivity=com.example.princeproject.AdminPage.AdminActivity@f32274a
12-01 18:59:13.915 24390 24390 V ActivityScenario: Activity lifecycle changed event received but ignored because the reported transition was not ON_CREATE while the last known transition was PRE_ON_CREATE
12-01 18:59:13.930   609   625 I system_server: NativeAlloc concurrent mark compact GC freed 5080KB AllocSpace bytes, 2(40KB) LOS objects, 44% free, 29MB/53MB, paused 2.668ms,2.312ms total 120.566ms
12-01 18:59:13.937 24390 24390 D LifecycleMonitor: Lifecycle status change: com.example.princeproject.AdminPage.AdminActivity@f32274a in: CREATED
12-01 18:59:13.937 24390 24390 V ActivityScenario: Activity lifecycle changed event received but ignored because the activity instance does not match. currentActivity=com.example.princeproject.AdminPage.AdminActivity@6af7e, receivedActivity=com.example.princeproject.AdminPage.AdminActivity@f32274a
12-01 18:59:13.937   609   627 W System  : A resource failed to call HardwareBuffer.close.
12-01 18:59:13.937 24390 24390 V ActivityScenario: Update currentActivityStage to CREATED, currentActivity=com.example.princeproject.AdminPage.AdminActivity@f32274a
12-01 18:59:13.937   609   627 W System  : A resource failed to call HardwareBuffer.close.
12-01 18:59:13.937   609   627 W System  : A resource failed to call HardwareBuffer.close.
12-01 18:59:13.938   609   627 W System  : A resource failed to call HardwareBuffer.close.
12-01 18:59:13.938   609   627 W System  : A resource failed to call release.
12-01 18:59:13.938   609   627 W System  : A resource failed to call HardwareBuffer.close.
12-01 18:59:13.938   609   627 W System  : A resource failed to call release.
12-01 18:59:13.938   609   627 W System  : A resource failed to call HardwareBuffer.close.
12-01 18:59:13.938   609   627 W System  : A resource failed to call HardwareBuffer.close.
12-01 18:59:13.938   609   627 W System  : A resource failed to call release.
12-01 18:59:13.938 24390 24390 D LifecycleMonitor: Lifecycle status change: com.example.princeproject.AdminPage.AdminActivity@f32274a in: STARTED
12-01 18:59:13.938 24390 24390 V ActivityScenario: Activity lifecycle changed event received but ignored because the activity instance does not match. currentActivity=com.example.princeproject.AdminPage.AdminActivity@6af7e, receivedActivity=com.example.princeproject.AdminPage.AdminActivity@f32274a
12-01 18:59:13.938 24390 24390 V ActivityScenario: Update currentActivityStage to STARTED, currentActivity=com.example.princeproject.AdminPage.AdminActivity@f32274a
12-01 18:59:13.942 24390 24390 D LifecycleMonitor: Lifecycle status change: com.example.princeproject.AdminPage.AdminActivity@f32274a in: RESUMED
12-01 18:59:13.942 24390 24390 V ActivityScenario: Activity lifecycle changed event received but ignored because the activity instance does not match. currentActivity=com.example.princeproject.AdminPage.AdminActivity@6af7e, receivedActivity=com.example.princeproject.AdminPage.AdminActivity@f32274a
12-01 18:59:13.942 24390 24390 V ActivityScenario: Update currentActivityStage to RESUMED, currentActivity=com.example.princeproject.AdminPage.AdminActivity@f32274a
12-01 18:59:13.999   609   635 I ActivityTaskManager: Displayed com.example.princeproject/.AdminPage.AdminActivity for user 0: +117ms
12-01 18:59:14.292  1096  1170 W WindowOnBackDispatcher: sendCancelIfRunning: isInProgress=false callback=android.view.ViewRootImpl$$ExternalSyntheticLambda11@7dfcb62
12-01 18:59:14.292   609  2266 W InputManager-JNI: Input channel object '3014781 Splash Screen com.example.princeproject (client)' was disposed without first being removed with the input manager!
12-01 18:59:14.313   609  1014 W IPCThreadState: Sending oneway calls to frozen process.
12-01 18:59:14.313   609  1014 W IPCThreadState: Sending oneway calls to frozen process.
12-01 18:59:14.314   609  1014 W IPCThreadState: Sending oneway calls to frozen process.
12-01 18:59:14.314   609  1014 W IPCThreadState: Sending oneway calls to frozen process.
12-01 18:59:14.314   609  1014 W IPCThreadState: Sending oneway calls to frozen process.
12-01 18:59:14.317   609  1014 W IPCThreadState: Sending oneway calls to frozen process.
12-01 18:59:14.317   609  1014 W IPCThreadState: Sending oneway calls to frozen process.
12-01 18:59:14.317   609  1014 W IPCThreadState: Sending oneway calls to frozen process.
12-01 18:59:14.317   609  1014 W IPCThreadState: Sending oneway calls to frozen process.
12-01 18:59:14.317  6901  6909 I ChimeraSrvcProxy: NullBinder for android.net.action.RECOMMEND_NETWORKS triggering remote TransactionTooLargeException due to Service without Chimera impl
12-01 18:59:14.317  6901  6909 W .gms.persistent: Large reply transaction of 1056768 bytes, interface descriptor , code 1
12-01 18:59:14.318  4575  4641 I BugleRcsEngine: handleMessage processing message:[NOTIFY_UPTIME_IGNORE_STATE_CHANGED] with [non-null]:RcsEngineImpl reference [CONTEXT log_prefix="RcsEngineImpl[DUAL_REG]:[bb5fc204-b309]>Handler" thread_id=66 ]
12-01 18:59:14.320  4575  4625 I BugleRcsEngine: Connected state: [1], networkType: [WIFI] [CONTEXT thread_id=62 ]
12-01 18:59:14.325  4575  4641 I BugleRcsEngine: No RCS Configuration was found in Bugle for simID: redacted-pii:sim_id[chars:20,last3:897] [CONTEXT log_prefix="ProvisioningEngineDataRetriever" thread_id=66 ]
12-01 18:59:14.341   609   750 I ImeTracker: com.example.princeproject:bea2623e: onRequestHide at ORIGIN_SERVER reason HIDE_UNSPECIFIED_WINDOW fromUser false
12-01 18:59:14.341   609   750 I ImeTracker: com.example.princeproject:bea2623e: onCancelled at PHASE_SERVER_SHOULD_HIDE
12-01 18:59:14.344  7324  7324 I GoogleInputMethodService: GoogleInputMethodService.onFinishInput():3157
12-01 18:59:14.347  7324  7324 I GoogleInputMethodService: GoogleInputMethodService.updateDeviceLockedStatus():2248 repeatCheckTimes = 0, locked = false
12-01 18:59:14.347  7324  7324 I GoogleInputMethodService: GoogleInputMethodService.onStartInput():1986 onStartInput(EditorInfo{EditorInfo{packageName=com.example.princeproject, inputType=0, inputTypeString=NULL, enableLearning=false, autoCorrection=false, autoComplete=false, imeOptions=0, privateImeOptions=null, actionName=UNSPECIFIED, actionLabel=null, initialSelStart=-1, initialSelEnd=-1, initialCapsMode=0, label=null, fieldId=0, fieldName=null, extras=null, hintText=null, hintLocales=[]}}, false)
12-01 18:59:14.347  7324  7324 I GoogleInputMethodService: GoogleInputMethodService.updateDeviceLockedStatus():2248 repeatCheckTimes = 1, locked = false
12-01 18:59:14.347  7324  7324 I AndroidIME: InputBundleManager.loadActiveInputBundleId():450 loadActiveInputBundleId: und-Latn-x-password, password
12-01 18:59:14.475 24390 24390 D VRI[AdminActivity]: visibilityChanged oldVisibility=true newVisibility=false
12-01 18:59:14.489 24390 24407 W SurfaceComposerClient: Sync transaction timed out waiting for commit callback.
12-01 18:59:14.508 24390 24390 D LifecycleMonitor: Lifecycle status change: com.example.princeproject.AdminPage.AdminActivity@6af7e in: STOPPED
12-01 18:59:14.508 24390 24390 V ActivityScenario: Update currentActivityStage to STOPPED, currentActivity=com.example.princeproject.AdminPage.AdminActivity@6af7e
12-01 18:59:14.509 24390 24390 V ActivityScenario: Activity lifecycle changed event received but ignored because the activity instance does not match. currentActivity=com.example.princeproject.AdminPage.AdminActivity@f32274a, receivedActivity=com.example.princeproject.AdminPage.AdminActivity@6af7e
12-01 18:59:14.511 24390 24390 D LifecycleMonitor: Lifecycle status change: com.example.princeproject.AdminPage.AdminActivity@6af7e in: DESTROYED
12-01 18:59:14.511 24390 24390 V ActivityScenario: Update currentActivityStage to DESTROYED, currentActivity=null
12-01 18:59:14.512 24390 24390 V ActivityScenario: Activity lifecycle changed event received but ignored because the activity instance does not match. currentActivity=com.example.princeproject.AdminPage.AdminActivity@f32274a, receivedActivity=com.example.princeproject.AdminPage.AdminActivity@6af7e
12-01 18:59:14.512 24390 24390 W WindowOnBackDispatcher: sendCancelIfRunning: isInProgress=false callback=android.view.ViewRootImpl$$ExternalSyntheticLambda11@46350ea
12-01 18:59:14.515   609  2275 W InputManager-JNI: Input channel object '78d77ee com.example.princeproject/com.example.princeproject.AdminPage.AdminActivity (client)' was disposed without first being removed with the input manager!
12-01 18:59:14.517 24390 24407 W Settings: Setting always_finish_activities has moved from android.provider.Settings.System to android.provider.Settings.Global, returning read-only value.
12-01 18:59:14.521   609  2266 V GrammaticalInflectionUtils: AttributionSource: android.content.AttributionSource@c1cd9a86 does not have READ_SYSTEM_GRAMMATICAL_GENDER permission.
12-01 18:59:14.531 24390 24390 D LifecycleMonitor: Lifecycle status change: com.example.princeproject.AdminPage.AdminActivity@f32274a in: PAUSED
12-01 18:59:14.532 24390 24390 V ActivityScenario: Activity lifecycle changed event received but ignored because the reported transition was not ON_CREATE while the last known transition was DESTROYED
12-01 18:59:14.532 24390 24390 V ActivityScenario: Update currentActivityStage to PAUSED, currentActivity=com.example.princeproject.AdminPage.AdminActivity@f32274a
12-01 18:59:14.532 24390 24390 V ActivityScenario: Activity lifecycle changed event received but ignored because the intent does not match. startActivityIntent=Intent { act=android.intent.action.MAIN cat=[android.intent.category.LAUNCHER] flg=0x10008000 cmp=com.example.princeproject/androidx.fragment.app.testing.EmptyFragmentActivity (has extras) }, activity.getIntent()=Intent { act=android.intent.action.MAIN cat=[android.intent.category.LAUNCHER] flg=0x10008000 cmp=com.example.princeproject/.AdminPage.AdminActivity }, activity=com.example.princeproject.AdminPage.AdminActivity@f32274a
12-01 18:59:14.533  1355  1355 I TopTaskTracker: onTaskMovedToFront: (moved taskInfo to front) taskId=124, baseIntent=Intent { act=android.intent.action.MAIN cat=[android.intent.category.LAUNCHER] flg=0x10008000 cmp=com.example.princeproject/androidx.fragment.app.testing.EmptyFragmentActivity }
12-01 18:59:14.538   466   466 I BpBinder: onLastStrongRef automatically unlinking death recipients:
12-01 18:59:14.543 24390 24390 D LifecycleMonitor: Lifecycle status change: androidx.fragment.app.testing.EmptyFragmentActivity@5b0ad5b in: PRE_ON_CREATE
12-01 18:59:14.544 24390 24390 V ActivityScenario: Activity lifecycle changed event received but ignored because the intent does not match. startActivityIntent=Intent { act=android.intent.action.MAIN cat=[android.intent.category.LAUNCHER] flg=0x10008000 cmp=com.example.princeproject/.AdminPage.AdminActivity }, activity.getIntent()=Intent { act=android.intent.action.MAIN cat=[android.intent.category.LAUNCHER] flg=0x10008000 cmp=com.example.princeproject/androidx.fragment.app.testing.EmptyFragmentActivity (has extras) }, activity=androidx.fragment.app.testing.EmptyFragmentActivity@5b0ad5b
12-01 18:59:14.544 24390 24390 V ActivityScenario: Activity lifecycle changed event received but ignored because the intent does not match. startActivityIntent=Intent { act=android.intent.action.MAIN cat=[android.intent.category.LAUNCHER] flg=0x10008000 cmp=com.example.princeproject/.AdminPage.AdminActivity }, activity.getIntent()=Intent { act=android.intent.action.MAIN cat=[android.intent.category.LAUNCHER] flg=0x10008000 cmp=com.example.princeproject/androidx.fragment.app.testing.EmptyFragmentActivity (has extras) }, activity=androidx.fragment.app.testing.EmptyFragmentActivity@5b0ad5b
12-01 18:59:14.544 24390 24390 V ActivityScenario: Activity lifecycle changed event received but ignored because the reported transition was not ON_CREATE while the last known transition was PRE_ON_CREATE
12-01 18:59:14.553 24390 24390 D LifecycleMonitor: Lifecycle status change: androidx.fragment.app.testing.EmptyFragmentActivity@5b0ad5b in: CREATED
12-01 18:59:14.553 24390 24390 V ActivityScenario: Activity lifecycle changed event received but ignored because the intent does not match. startActivityIntent=Intent { act=android.intent.action.MAIN cat=[android.intent.category.LAUNCHER] flg=0x10008000 cmp=com.example.princeproject/.AdminPage.AdminActivity }, activity.getIntent()=Intent { act=android.intent.action.MAIN cat=[android.intent.category.LAUNCHER] flg=0x10008000 cmp=com.example.princeproject/androidx.fragment.app.testing.EmptyFragmentActivity (has extras) }, activity=androidx.fragment.app.testing.EmptyFragmentActivity@5b0ad5b
12-01 18:59:14.553 24390 24390 V ActivityScenario: Activity lifecycle changed event received but ignored because the intent does not match. startActivityIntent=Intent { act=android.intent.action.MAIN cat=[android.intent.category.LAUNCHER] flg=0x10008000 cmp=com.example.princeproject/.AdminPage.AdminActivity }, activity.getIntent()=Intent { act=android.intent.action.MAIN cat=[android.intent.category.LAUNCHER] flg=0x10008000 cmp=com.example.princeproject/androidx.fragment.app.testing.EmptyFragmentActivity (has extras) }, activity=androidx.fragment.app.testing.EmptyFragmentActivity@5b0ad5b
12-01 18:59:14.553 24390 24390 V ActivityScenario: Update currentActivityStage to CREATED, currentActivity=androidx.fragment.app.testing.EmptyFragmentActivity@5b0ad5b
12-01 18:59:14.555 24390 24390 D LifecycleMonitor: Lifecycle status change: androidx.fragment.app.testing.EmptyFragmentActivity@5b0ad5b in: STARTED
12-01 18:59:14.555 24390 24390 V ActivityScenario: Activity lifecycle changed event received but ignored because the intent does not match. startActivityIntent=Intent { act=android.intent.action.MAIN cat=[android.intent.category.LAUNCHER] flg=0x10008000 cmp=com.example.princeproject/.AdminPage.AdminActivity }, activity.getIntent()=Intent { act=android.intent.action.MAIN cat=[android.intent.category.LAUNCHER] flg=0x10008000 cmp=com.example.princeproject/androidx.fragment.app.testing.EmptyFragmentActivity (has extras) }, activity=androidx.fragment.app.testing.EmptyFragmentActivity@5b0ad5b
12-01 18:59:14.555 24390 24390 V ActivityScenario: Activity lifecycle changed event received but ignored because the intent does not match. startActivityIntent=Intent { act=android.intent.action.MAIN cat=[android.intent.category.LAUNCHER] flg=0x10008000 cmp=com.example.princeproject/.AdminPage.AdminActivity }, activity.getIntent()=Intent { act=android.intent.action.MAIN cat=[android.intent.category.LAUNCHER] flg=0x10008000 cmp=com.example.princeproject/androidx.fragment.app.testing.EmptyFragmentActivity (has extras) }, activity=androidx.fragment.app.testing.EmptyFragmentActivity@5b0ad5b
12-01 18:59:14.555 24390 24390 V ActivityScenario: Update currentActivityStage to STARTED, currentActivity=androidx.fragment.app.testing.EmptyFragmentActivity@5b0ad5b
12-01 18:59:14.557 24390 24390 D LifecycleMonitor: Lifecycle status change: androidx.fragment.app.testing.EmptyFragmentActivity@5b0ad5b in: RESUMED
12-01 18:59:14.558 24390 24390 V ActivityScenario: Activity lifecycle changed event received but ignored because the intent does not match. startActivityIntent=Intent { act=android.intent.action.MAIN cat=[android.intent.category.LAUNCHER] flg=0x10008000 cmp=com.example.princeproject/.AdminPage.AdminActivity }, activity.getIntent()=Intent { act=android.intent.action.MAIN cat=[android.intent.category.LAUNCHER] flg=0x10008000 cmp=com.example.princeproject/androidx.fragment.app.testing.EmptyFragmentActivity (has extras) }, activity=androidx.fragment.app.testing.EmptyFragmentActivity@5b0ad5b
12-01 18:59:14.558 24390 24390 V ActivityScenario: Activity lifecycle changed event received but ignored because the intent does not match. startActivityIntent=Intent { act=android.intent.action.MAIN cat=[android.intent.category.LAUNCHER] flg=0x10008000 cmp=com.example.princeproject/.AdminPage.AdminActivity }, activity.getIntent()=Intent { act=android.intent.action.MAIN cat=[android.intent.category.LAUNCHER] flg=0x10008000 cmp=com.example.princeproject/androidx.fragment.app.testing.EmptyFragmentActivity (has extras) }, activity=androidx.fragment.app.testing.EmptyFragmentActivity@5b0ad5b
12-01 18:59:14.558 24390 24390 V ActivityScenario: Update currentActivityStage to RESUMED, currentActivity=androidx.fragment.app.testing.EmptyFragmentActivity@5b0ad5b
12-01 18:59:14.620   609   635 I ActivityTaskManager: Displayed com.example.princeproject/androidx.fragment.app.testing.EmptyFragmentActivity for user 0: +98ms
12-01 18:59:14.627  1096  1228 D EGL_emulation: app_time_stats: avg=222.26ms min=12.97ms max=586.80ms count=5
12-01 18:59:14.637  1355  1363 W System  : A resource failed to call release.
12-01 18:59:14.638  1355  1363 W System  : A resource failed to call release.
12-01 18:59:14.638  1355  1363 W System  : A resource failed to call release.
12-01 18:59:14.638  1355  1363 W System  : A resource failed to call release.
12-01 18:59:14.638  1355  1363 W System  : A resource failed to call release.
12-01 18:59:14.638  1355  1363 W System  : A resource failed to call release.
12-01 18:59:14.638  1355  1363 W s.nexuslauncher: ApkAssets: Deleting an ApkAssets object '<empty> and /data/app/~~W6UVKpxwvgPFY2_Txi99VA==/com.example.princeproject-HDLZ7rwzKw7RyTdT7HIT-Q==/base.apk' with 1 weak references
12-01 18:59:14.645   609   750 I ImeTracker: com.example.princeproject:4318c33: onRequestHide at ORIGIN_SERVER reason HIDE_UNSPECIFIED_WINDOW fromUser false
12-01 18:59:14.645   609   750 I ImeTracker: com.example.princeproject:4318c33: onCancelled at PHASE_SERVER_SHOULD_HIDE
12-01 18:59:14.646  7324  7324 I GoogleInputMethodService: GoogleInputMethodService.onFinishInput():3157
12-01 18:59:14.649  7324  7324 I GoogleInputMethodService: GoogleInputMethodService.updateDeviceLockedStatus():2248 repeatCheckTimes = 0, locked = false
12-01 18:59:14.649  7324  7324 I GoogleInputMethodService: GoogleInputMethodService.onStartInput():1986 onStartInput(EditorInfo{EditorInfo{packageName=com.example.princeproject, inputType=0, inputTypeString=NULL, enableLearning=false, autoCorrection=false, autoComplete=false, imeOptions=0, privateImeOptions=null, actionName=UNSPECIFIED, actionLabel=null, initialSelStart=-1, initialSelEnd=-1, initialCapsMode=0, label=null, fieldId=0, fieldName=null, extras=null, hintText=null, hintLocales=[]}}, false)
12-01 18:59:14.650  7324  7324 I GoogleInputMethodService: GoogleInputMethodService.updateDeviceLockedStatus():2248 repeatCheckTimes = 1, locked = false
12-01 18:59:14.651  7324  7324 I AndroidIME: InputBundleManager.loadActiveInputBundleId():450 loadActiveInputBundleId: und-Latn-x-password, password
12-01 18:59:14.758  1355  1761 D EGL_emulation: app_time_stats: avg=91.01ms min=5.57ms max=918.39ms count=12
12-01 18:59:14.910  1096  1170 W WindowOnBackDispatcher: sendCancelIfRunning: isInProgress=false callback=android.view.ViewRootImpl$$ExternalSyntheticLambda11@3e7b309
12-01 18:59:14.910   609  2266 W InputManager-JNI: Input channel object 'c7d3499 Splash Screen com.example.princeproject (client)' was disposed without first being removed with the input manager!
12-01 18:59:15.091 24390 24390 D VRI[AdminActivity]: visibilityChanged oldVisibility=true newVisibility=false
12-01 18:59:15.106 24390 24407 W SurfaceComposerClient: Sync transaction timed out waiting for commit callback.
12-01 18:59:15.110 24390 24390 D LifecycleMonitor: Lifecycle status change: com.example.princeproject.AdminPage.AdminActivity@f32274a in: STOPPED
12-01 18:59:15.110 24390 24390 V ActivityScenario: Activity lifecycle changed event received but ignored because the reported transition was not ON_CREATE while the last known transition was DESTROYED
12-01 18:59:15.110 24390 24390 V ActivityScenario: Update currentActivityStage to STOPPED, currentActivity=com.example.princeproject.AdminPage.AdminActivity@f32274a
12-01 18:59:15.112 24390 24390 V ActivityScenario: Activity lifecycle changed event received but ignored because the intent does not match. startActivityIntent=Intent { act=android.intent.action.MAIN cat=[android.intent.category.LAUNCHER] flg=0x10008000 cmp=com.example.princeproject/androidx.fragment.app.testing.EmptyFragmentActivity (has extras) }, activity.getIntent()=Intent { act=android.intent.action.MAIN cat=[android.intent.category.LAUNCHER] flg=0x10008000 cmp=com.example.princeproject/.AdminPage.AdminActivity }, activity=com.example.princeproject.AdminPage.AdminActivity@f32274a
12-01 18:59:15.257 24390 24390 D HWUI    : --- Failed to create image decoder with message 'unimplemented'
12-01 18:59:15.263 24390 24390 W System.err: java.lang.NullPointerException: Attempt to invoke virtual method 'boolean android.graphics.Bitmap.compress(android.graphics.Bitmap$CompressFormat, int, java.io.OutputStream)' on a null object reference
12-01 18:59:15.263 24390 24390 W System.err: 	at com.example.princeproject.Facility.decodeBase64String(Facility.java:188)
12-01 18:59:15.263 24390 24390 W System.err: 	at com.example.princeproject.AdminPage.AdminFacilityAdapter.getView(AdminFacilityAdapter.java:74)
12-01 18:59:15.263 24390 24390 W System.err: 	at android.widget.AbsListView.obtainView(AbsListView.java:2474)
12-01 18:59:15.263 24390 24390 W System.err: 	at android.widget.ListView.measureHeightOfChildren(ListView.java:1415)
12-01 18:59:15.264 24390 24390 W System.err: 	at android.widget.ListView.onMeasure(ListView.java:1321)
12-01 18:59:15.264 24390 24390 W System.err: 	at android.view.View.measure(View.java:28114)
12-01 18:59:15.264 24390 24390 W System.err: 	at androidx.constraintlayout.widget.ConstraintLayout$Measurer.measure(ConstraintLayout.java:811)
12-01 18:59:15.264 24390 24390 W System.err: 	at androidx.constraintlayout.core.widgets.analyzer.BasicMeasure.measure(BasicMeasure.java:466)
12-01 18:59:15.264 24390 24390 W System.err: 	at androidx.constraintlayout.core.widgets.analyzer.BasicMeasure.measureChildren(BasicMeasure.java:134)
12-01 18:59:15.264 24390 24390 W System.err: 	at androidx.constraintlayout.core.widgets.analyzer.BasicMeasure.solverMeasure(BasicMeasure.java:278)
12-01 18:59:15.264 24390 24390 W System.err: 	at androidx.constraintlayout.core.widgets.ConstraintWidgetContainer.measure(ConstraintWidgetContainer.java:120)
12-01 18:59:15.264 24390 24390 W System.err: 	at androidx.constraintlayout.widget.ConstraintLayout.resolveSystem(ConstraintLayout.java:1594)
12-01 18:59:15.264 24390 24390 W System.err: 	at androidx.constraintlayout.widget.ConstraintLayout.onMeasure(ConstraintLayout.java:1708)
12-01 18:59:15.264 24390 24390 W System.err: 	at android.view.View.measure(View.java:28114)
12-01 18:59:15.264 24390 24390 W System.err: 	at android.view.ViewGroup.measureChildWithMargins(ViewGroup.java:6989)
12-01 18:59:15.264 24390 24390 W System.err: 	at android.widget.FrameLayout.onMeasure(FrameLayout.java:194)
12-01 18:59:15.264 24390 24390 W System.err: 	at android.view.View.measure(View.java:28114)
12-01 18:59:15.265 24390 24390 W System.err: 	at android.view.ViewGroup.measureChildWithMargins(ViewGroup.java:6989)
12-01 18:59:15.265 24390 24390 W System.err: 	at com.android.internal.widget.ActionBarOverlayLayout.onMeasure(ActionBarOverlayLayout.java:534)
12-01 18:59:15.265 24390 24390 W System.err: 	at android.view.View.measure(View.java:28114)
12-01 18:59:15.265 24390 24390 W System.err: 	at android.view.ViewGroup.measureChildWithMargins(ViewGroup.java:6989)
12-01 18:59:15.265 24390 24390 W System.err: 	at android.widget.FrameLayout.onMeasure(FrameLayout.java:194)
12-01 18:59:15.265 24390 24390 W System.err: 	at com.android.internal.policy.DecorView.onMeasure(DecorView.java:719)
12-01 18:59:15.265 24390 24390 W System.err: 	at android.view.View.measure(View.java:28114)
12-01 18:59:15.265 24390 24390 W System.err: 	at android.view.ViewRootImpl.performMeasure(ViewRootImpl.java:4823)
12-01 18:59:15.265 24390 24390 W System.err: 	at android.view.ViewRootImpl.measureHierarchy(ViewRootImpl.java:3220)
12-01 18:59:15.265 24390 24390 W System.err: 	at android.view.ViewRootImpl.performTraversals(ViewRootImpl.java:3525)
12-01 18:59:15.265 24390 24390 W System.err: 	at android.view.ViewRootImpl.doTraversal(ViewRootImpl.java:2917)
12-01 18:59:15.265 24390 24390 W System.err: 	at android.view.ViewRootImpl$TraversalRunnable.run(ViewRootImpl.java:10324)
12-01 18:59:15.265 24390 24390 W System.err: 	at android.view.Choreographer$CallbackRecord.run(Choreographer.java:1406)
12-01 18:59:15.265 24390 24390 W System.err: 	at android.view.Choreographer$CallbackRecord.run(Choreographer.java:1415)
12-01 18:59:15.266 24390 24390 W System.err: 	at android.view.Choreographer.doCallbacks(Choreographer.java:1015)
12-01 18:59:15.266 24390 24390 W System.err: 	at android.view.Choreographer.doFrame(Choreographer.java:945)
12-01 18:59:15.266 24390 24390 W System.err: 	at android.view.Choreographer$FrameDisplayEventReceiver.run(Choreographer.java:1389)
12-01 18:59:15.266 24390 24390 W System.err: 	at android.os.Handler.handleCallback(Handler.java:959)
12-01 18:59:15.266 24390 24390 W System.err: 	at android.os.Handler.dispatchMessage(Handler.java:100)
12-01 18:59:15.266 24390 24390 W System.err: 	at android.os.Looper.loopOnce(Looper.java:232)
12-01 18:59:15.266 24390 24390 W System.err: 	at android.os.Looper.loop(Looper.java:317)
12-01 18:59:15.266 24390 24390 W System.err: 	at android.app.ActivityThread.main(ActivityThread.java:8705)
12-01 18:59:15.267 24390 24390 W System.err: 	at java.lang.reflect.Method.invoke(Native Method)
12-01 18:59:15.267 24390 24390 W System.err: 	at com.android.internal.os.RuntimeInit$MethodAndArgsCaller.run(RuntimeInit.java:580)
12-01 18:59:15.267 24390 24390 W System.err: 	at com.android.internal.os.ZygoteInit.main(ZygoteInit.java:886)
12-01 18:59:15.269 24390 24390 D HWUI    : --- Failed to create image decoder with message 'unimplemented'
12-01 18:59:15.274 24390 24390 W System.err: java.lang.NullPointerException: Attempt to invoke virtual method 'boolean android.graphics.Bitmap.compress(android.graphics.Bitmap$CompressFormat, int, java.io.OutputStream)' on a null object reference
12-01 18:59:15.274 24390 24390 W System.err: 	at com.example.princeproject.Facility.decodeBase64String(Facility.java:188)
12-01 18:59:15.274 24390 24390 W System.err: 	at com.example.princeproject.AdminPage.AdminFacilityAdapter.getView(AdminFacilityAdapter.java:74)
12-01 18:59:15.274 24390 24390 W System.err: 	at android.widget.AbsListView.obtainView(AbsListView.java:2474)
12-01 18:59:15.274 24390 24390 W System.err: 	at android.widget.ListView.measureHeightOfChildren(ListView.java:1415)
12-01 18:59:15.274 24390 24390 W System.err: 	at android.widget.ListView.onMeasure(ListView.java:1321)
12-01 18:59:15.274 24390 24390 W System.err: 	at android.view.View.measure(View.java:28114)
12-01 18:59:15.274 24390 24390 W System.err: 	at androidx.constraintlayout.widget.ConstraintLayout$Measurer.measure(ConstraintLayout.java:811)
12-01 18:59:15.274 24390 24390 W System.err: 	at androidx.constraintlayout.core.widgets.analyzer.BasicMeasure.measure(BasicMeasure.java:466)
12-01 18:59:15.274 24390 24390 W System.err: 	at androidx.constraintlayout.core.widgets.analyzer.BasicMeasure.measureChildren(BasicMeasure.java:134)
12-01 18:59:15.274 24390 24390 W System.err: 	at androidx.constraintlayout.core.widgets.analyzer.BasicMeasure.solverMeasure(BasicMeasure.java:278)
12-01 18:59:15.274 24390 24390 W System.err: 	at androidx.constraintlayout.core.widgets.ConstraintWidgetContainer.measure(ConstraintWidgetContainer.java:120)
12-01 18:59:15.274 24390 24390 W System.err: 	at androidx.constraintlayout.widget.ConstraintLayout.resolveSystem(ConstraintLayout.java:1594)
12-01 18:59:15.274 24390 24390 W System.err: 	at androidx.constraintlayout.widget.ConstraintLayout.onMeasure(ConstraintLayout.java:1708)
12-01 18:59:15.274 24390 24390 W System.err: 	at android.view.View.measure(View.java:28114)
12-01 18:59:15.274 24390 24390 W System.err: 	at android.view.ViewGroup.measureChildWithMargins(ViewGroup.java:6989)
12-01 18:59:15.274 24390 24390 W System.err: 	at android.widget.FrameLayout.onMeasure(FrameLayout.java:194)
12-01 18:59:15.274 24390 24390 W System.err: 	at android.view.View.measure(View.java:28114)
12-01 18:59:15.274 24390 24390 W System.err: 	at android.view.ViewGroup.measureChildWithMargins(ViewGroup.java:6989)
12-01 18:59:15.274 24390 24390 W System.err: 	at com.android.internal.widget.ActionBarOverlayLayout.onMeasure(ActionBarOverlayLayout.java:534)
12-01 18:59:15.274 24390 24390 W System.err: 	at android.view.View.measure(View.java:28114)
12-01 18:59:15.274 24390 24390 W System.err: 	at android.view.ViewGroup.measureChildWithMargins(ViewGroup.java:6989)
12-01 18:59:15.274 24390 24390 W System.err: 	at android.widget.FrameLayout.onMeasure(FrameLayout.java:194)
12-01 18:59:15.274 24390 24390 W System.err: 	at com.android.internal.policy.DecorView.onMeasure(DecorView.java:719)
12-01 18:59:15.274 24390 24390 W System.err: 	at android.view.View.measure(View.java:28114)
12-01 18:59:15.274 24390 24390 W System.err: 	at android.view.ViewRootImpl.performMeasure(ViewRootImpl.java:4823)
12-01 18:59:15.274 24390 24390 W System.err: 	at android.view.ViewRootImpl.measureHierarchy(ViewRootImpl.java:3220)
12-01 18:59:15.274 24390 24390 W System.err: 	at android.view.ViewRootImpl.performTraversals(ViewRootImpl.java:3525)
12-01 18:59:15.274 24390 24390 W System.err: 	at android.view.ViewRootImpl.doTraversal(ViewRootImpl.java:2917)
12-01 18:59:15.274 24390 24390 W System.err: 	at android.view.ViewRootImpl$TraversalRunnable.run(ViewRootImpl.java:10324)
12-01 18:59:15.274 24390 24390 W System.err: 	at android.view.Choreographer$CallbackRecord.run(Choreographer.java:1406)
12-01 18:59:15.274 24390 24390 W System.err: 	at android.view.Choreographer$CallbackRecord.run(Choreographer.java:1415)
12-01 18:59:15.274 24390 24390 W System.err: 	at android.view.Choreographer.doCallbacks(Choreographer.java:1015)
12-01 18:59:15.274 24390 24390 W System.err: 	at android.view.Choreographer.doFrame(Choreographer.java:945)
12-01 18:59:15.274 24390 24390 W System.err: 	at android.view.Choreographer$FrameDisplayEventReceiver.run(Choreographer.java:1389)
12-01 18:59:15.274 24390 24390 W System.err: 	at android.os.Handler.handleCallback(Handler.java:959)
12-01 18:59:15.275 24390 24390 W System.err: 	at android.os.Handler.dispatchMessage(Handler.java:100)
12-01 18:59:15.275 24390 24390 W System.err: 	at android.os.Looper.loopOnce(Looper.java:232)
12-01 18:59:15.275 24390 24390 W System.err: 	at android.os.Looper.loop(Looper.java:317)
12-01 18:59:15.275 24390 24390 W System.err: 	at android.app.ActivityThread.main(ActivityThread.java:8705)
12-01 18:59:15.275 24390 24390 W System.err: 	at java.lang.reflect.Method.invoke(Native Method)
12-01 18:59:15.275 24390 24390 W System.err: 	at com.android.internal.os.RuntimeInit$MethodAndArgsCaller.run(RuntimeInit.java:580)
12-01 18:59:15.275 24390 24390 W System.err: 	at com.android.internal.os.ZygoteInit.main(ZygoteInit.java:886)
12-01 18:59:15.276 24390 24390 D HWUI    : --- Failed to create image decoder with message 'unimplemented'
12-01 18:59:15.281 24390 24390 W System.err: java.lang.NullPointerException: Attempt to invoke virtual method 'boolean android.graphics.Bitmap.compress(android.graphics.Bitmap$CompressFormat, int, java.io.OutputStream)' on a null object reference
12-01 18:59:15.281 24390 24390 W System.err: 	at com.example.princeproject.Facility.decodeBase64String(Facility.java:188)
12-01 18:59:15.281 24390 24390 W System.err: 	at com.example.princeproject.AdminPage.AdminFacilityAdapter.getView(AdminFacilityAdapter.java:74)
12-01 18:59:15.281 24390 24390 W System.err: 	at android.widget.AbsListView.obtainView(AbsListView.java:2474)
12-01 18:59:15.281 24390 24390 W System.err: 	at android.widget.ListView.measureHeightOfChildren(ListView.java:1415)
12-01 18:59:15.281 24390 24390 W System.err: 	at android.widget.ListView.onMeasure(ListView.java:1321)
12-01 18:59:15.281 24390 24390 W System.err: 	at android.view.View.measure(View.java:28114)
12-01 18:59:15.281 24390 24390 W System.err: 	at androidx.constraintlayout.widget.ConstraintLayout$Measurer.measure(ConstraintLayout.java:811)
12-01 18:59:15.281 24390 24390 W System.err: 	at androidx.constraintlayout.core.widgets.analyzer.BasicMeasure.measure(BasicMeasure.java:466)
12-01 18:59:15.281 24390 24390 W System.err: 	at androidx.constraintlayout.core.widgets.analyzer.BasicMeasure.measureChildren(BasicMeasure.java:134)
12-01 18:59:15.281 24390 24390 W System.err: 	at androidx.constraintlayout.core.widgets.analyzer.BasicMeasure.solverMeasure(BasicMeasure.java:278)
12-01 18:59:15.281 24390 24390 W System.err: 	at androidx.constraintlayout.core.widgets.ConstraintWidgetContainer.measure(ConstraintWidgetContainer.java:120)
12-01 18:59:15.281 24390 24390 W System.err: 	at androidx.constraintlayout.widget.ConstraintLayout.resolveSystem(ConstraintLayout.java:1594)
12-01 18:59:15.281 24390 24390 W System.err: 	at androidx.constraintlayout.widget.ConstraintLayout.onMeasure(ConstraintLayout.java:1708)
12-01 18:59:15.281 24390 24390 W System.err: 	at android.view.View.measure(View.java:28114)
12-01 18:59:15.281 24390 24390 W System.err: 	at android.view.ViewGroup.measureChildWithMargins(ViewGroup.java:6989)
12-01 18:59:15.281 24390 24390 W System.err: 	at android.widget.FrameLayout.onMeasure(FrameLayout.java:194)
12-01 18:59:15.281 24390 24390 W System.err: 	at android.view.View.measure(View.java:28114)
12-01 18:59:15.281 24390 24390 W System.err: 	at android.view.ViewGroup.measureChildWithMargins(ViewGroup.java:6989)
12-01 18:59:15.281 24390 24390 W System.err: 	at com.android.internal.widget.ActionBarOverlayLayout.onMeasure(ActionBarOverlayLayout.java:534)
12-01 18:59:15.281 24390 24390 W System.err: 	at android.view.View.measure(View.java:28114)
12-01 18:59:15.281 24390 24390 W System.err: 	at android.view.ViewGroup.measureChildWithMargins(ViewGroup.java:6989)
12-01 18:59:15.281 24390 24390 W System.err: 	at android.widget.FrameLayout.onMeasure(FrameLayout.java:194)
12-01 18:59:15.281 24390 24390 W System.err: 	at com.android.internal.policy.DecorView.onMeasure(DecorView.java:719)
12-01 18:59:15.281 24390 24390 W System.err: 	at android.view.View.measure(View.java:28114)
12-01 18:59:15.281 24390 24390 W System.err: 	at android.view.ViewRootImpl.performMeasure(ViewRootImpl.java:4823)
12-01 18:59:15.281 24390 24390 W System.err: 	at android.view.ViewRootImpl.measureHierarchy(ViewRootImpl.java:3220)
12-01 18:59:15.281 24390 24390 W System.err: 	at android.view.ViewRootImpl.performTraversals(ViewRootImpl.java:3525)
12-01 18:59:15.281 24390 24390 W System.err: 	at android.view.ViewRootImpl.doTraversal(ViewRootImpl.java:2917)
12-01 18:59:15.281 24390 24390 W System.err: 	at android.view.ViewRootImpl$TraversalRunnable.run(ViewRootImpl.java:10324)
12-01 18:59:15.281 24390 24390 W System.err: 	at android.view.Choreographer$CallbackRecord.run(Choreographer.java:1406)
12-01 18:59:15.281 24390 24390 W System.err: 	at android.view.Choreographer$CallbackRecord.run(Choreographer.java:1415)
12-01 18:59:15.281 24390 24390 W System.err: 	at android.view.Choreographer.doCallbacks(Choreographer.java:1015)
12-01 18:59:15.281 24390 24390 W System.err: 	at android.view.Choreographer.doFrame(Choreographer.java:945)
12-01 18:59:15.281 24390 24390 W System.err: 	at android.view.Choreographer$FrameDisplayEventReceiver.run(Choreographer.java:1389)
12-01 18:59:15.282 24390 24390 W System.err: 	at android.os.Handler.handleCallback(Handler.java:959)
12-01 18:59:15.282 24390 24390 W System.err: 	at android.os.Handler.dispatchMessage(Handler.java:100)
12-01 18:59:15.282 24390 24390 W System.err: 	at android.os.Looper.loopOnce(Looper.java:232)
12-01 18:59:15.282 24390 24390 W System.err: 	at android.os.Looper.loop(Looper.java:317)
12-01 18:59:15.283 24390 24390 W System.err: 	at android.app.ActivityThread.main(ActivityThread.java:8705)
12-01 18:59:15.283 24390 24390 W System.err: 	at java.lang.reflect.Method.invoke(Native Method)
12-01 18:59:15.283 24390 24390 W System.err: 	at com.android.internal.os.RuntimeInit$MethodAndArgsCaller.run(RuntimeInit.java:580)
12-01 18:59:15.283 24390 24390 W System.err: 	at com.android.internal.os.ZygoteInit.main(ZygoteInit.java:886)
12-01 18:59:15.349 24390 24390 D HWUI    : --- Failed to create image decoder with message 'unimplemented'
12-01 18:59:15.355 24390 24390 W System.err: java.lang.NullPointerException: Attempt to invoke virtual method 'boolean android.graphics.Bitmap.compress(android.graphics.Bitmap$CompressFormat, int, java.io.OutputStream)' on a null object reference
12-01 18:59:15.355 24390 24390 W System.err: 	at com.example.princeproject.Facility.decodeBase64String(Facility.java:188)
12-01 18:59:15.355 24390 24390 W System.err: 	at com.example.princeproject.AdminPage.AdminFacilityAdapter.getView(AdminFacilityAdapter.java:74)
12-01 18:59:15.355 24390 24390 W System.err: 	at android.widget.AbsListView.obtainView(AbsListView.java:2474)
12-01 18:59:15.355 24390 24390 W System.err: 	at android.widget.ListView.makeAndAddView(ListView.java:2065)
12-01 18:59:15.355 24390 24390 W System.err: 	at android.widget.ListView.fillDown(ListView.java:791)
12-01 18:59:15.355 24390 24390 W System.err: 	at android.widget.ListView.fillFromTop(ListView.java:853)
12-01 18:59:15.356 24390 24390 W System.err: 	at android.widget.ListView.layoutChildren(ListView.java:1808)
12-01 18:59:15.356 24390 24390 W System.err: 	at android.widget.AbsListView.onLayout(AbsListView.java:2271)
12-01 18:59:15.356 24390 24390 W System.err: 	at android.view.View.layout(View.java:25374)
12-01 18:59:15.356 24390 24390 W System.err: 	at android.view.ViewGroup.layout(ViewGroup.java:6421)
12-01 18:59:15.356 24390 24390 W System.err: 	at androidx.constraintlayout.widget.ConstraintLayout.onLayout(ConstraintLayout.java:1873)
12-01 18:59:15.356 24390 24390 W System.err: 	at android.view.View.layout(View.java:25374)
12-01 18:59:15.356 24390 24390 W System.err: 	at android.view.ViewGroup.layout(ViewGroup.java:6421)
12-01 18:59:15.356 24390 24390 W System.err: 	at android.widget.FrameLayout.layoutChildren(FrameLayout.java:332)
12-01 18:59:15.356 24390 24390 W System.err: 	at android.widget.FrameLayout.onLayout(FrameLayout.java:270)
12-01 18:59:15.356 24390 24390 W System.err: 	at android.view.View.layout(View.java:25374)
12-01 18:59:15.356 24390 24390 W System.err: 	at android.view.ViewGroup.layout(ViewGroup.java:6421)
