12-01 21:53:07.961   696   741 I TestRunner: started: testMyEventsButtonLaunchesEntrantListActivity(com.example.princeproject.EntrantListUITest)
12-01 21:53:07.977   696   741 W Settings: Setting always_finish_activities has moved from android.provider.Settings.System to android.provider.Settings.Global, returning read-only value.
12-01 21:53:07.990   609   710 V GrammaticalInflectionUtils: AttributionSource: android.content.AttributionSource@979249c does not have READ_SYSTEM_GRAMMATICAL_GENDER permission.
12-01 21:53:07.999  1355  1355 W SplitSelectStateCtor: Missing session instanceIds
12-01 21:53:07.999  1355  1355 D StatsLog: LAUNCHER_SPLIT_SELECTION_EXIT_INTERRUPTED
12-01 21:53:08.005   466   466 I BpBinder: onLastStrongRef automatically unlinking death recipients:
12-01 21:53:08.014  1355  1355 I TopTaskTracker: onTaskMovedToFront: (moved taskInfo to front) taskId=174, baseIntent=Intent { act=android.intent.action.MAIN cat=[android.intent.category.LAUNCHER] flg=0x10008000 cmp=com.example.princeproject/.ProfilePage.EntrantListPage.EntrantListActivity }
12-01 21:53:08.060  1355  1761 D EGL_emulation: app_time_stats: avg=82.51ms min=1.67ms max=1763.73ms count=23
12-01 21:53:08.108  1096  1228 D EGL_emulation: app_time_stats: avg=8083.64ms min=8083.64ms max=8083.64ms count=1
12-01 21:53:08.113  1355  1761 D EGL_emulation: app_time_stats: avg=50748.06ms min=0.97ms max=202871.09ms count=4
12-01 21:53:08.163   696   696 D AppCompatDelegate: Checking for metadata for AppLocalesMetadataHolderService : Service not found
12-01 21:53:08.176   696   696 D LifecycleMonitor: Lifecycle status change: com.example.princeproject.ProfilePage.EntrantListPage.EntrantListActivity@144c2c6 in: PRE_ON_CREATE
12-01 21:53:08.176   696   696 V ActivityScenario: Activity lifecycle changed event received but ignored because the reported transition was not ON_CREATE while the last known transition was PRE_ON_CREATE
12-01 21:53:08.260   696   696 W e.princeproject: Accessing hidden method Landroid/view/ViewGroup;->makeOptionalFitsSystemWindows()V (unsupported, reflection, allowed)
12-01 21:53:08.359  1355  1355 D VRI[NexusLauncherActivity]: visibilityChanged oldVisibility=true newVisibility=false
12-01 21:53:08.370  1355  1355 D NexusLauncherModelDelegate: notifySmartspaceEvent: SmartspaceTargetEvent{mSmartspaceTarget=null, mSmartspaceActionId='null', mEventType=7}
12-01 21:53:08.511   609  1716 D ConnectivityService: requestNetwork for uid/pid:10302/696 activeRequest: null callbackRequest: 633 [NetworkRequest [ REQUEST id=634, [ Capabilities: INTERNET&NOT_RESTRICTED&TRUSTED&NOT_VCN_MANAGED&NOT_BANDWIDTH_CONSTRAINED Uid: 10302 RequestorUid: 10302 RequestorPkg: com.example.princeproject UnderlyingNetworks: Null] ]] callback flags: 0 order: 2147483647 isUidTracked: false
12-01 21:53:08.515   609  1014 D ConnectivityService: NetReassign [634 : null → 100] [c 0] [a 3] [i 0]
12-01 21:53:08.515   609  1007 D OemPaidWifiNetworkFactory: got request NetworkRequest [ REQUEST id=634, [ Capabilities: INTERNET&NOT_RESTRICTED&TRUSTED&NOT_VCN_MANAGED&NOT_BANDWIDTH_CONSTRAINED Uid: 10302 RequestorUid: 10302 RequestorPkg: com.example.princeproject UnderlyingNetworks: Null] ]
12-01 21:53:08.515   609  1007 D MultiInternetWifiNetworkFactory: got request NetworkRequest [ REQUEST id=634, [ Capabilities: INTERNET&NOT_RESTRICTED&TRUSTED&NOT_VCN_MANAGED&NOT_BANDWIDTH_CONSTRAINED Uid: 10302 RequestorUid: 10302 RequestorPkg: com.example.princeproject UnderlyingNetworks: Null] ]
12-01 21:53:08.515   609  1007 D WifiNetworkFactory: got request NetworkRequest [ REQUEST id=634, [ Capabilities: INTERNET&NOT_RESTRICTED&TRUSTED&NOT_VCN_MANAGED&NOT_BANDWIDTH_CONSTRAINED Uid: 10302 RequestorUid: 10302 RequestorPkg: com.example.princeproject UnderlyingNetworks: Null] ]
12-01 21:53:08.515   609  1007 D UntrustedWifiNetworkFactory: got request NetworkRequest [ REQUEST id=634, [ Capabilities: INTERNET&NOT_RESTRICTED&TRUSTED&NOT_VCN_MANAGED&NOT_BANDWIDTH_CONSTRAINED Uid: 10302 RequestorUid: 10302 RequestorPkg: com.example.princeproject UnderlyingNetworks: Null] ]
12-01 21:53:08.527   696   764 W DynamiteModule: Local module descriptor class for com.google.android.gms.providerinstaller.dynamite not found.
12-01 21:53:08.535  6901  7045 W ProviderHelper: Unknown dynamite feature providerinstaller.dynamite
12-01 21:53:08.538   696   764 I DynamiteModule: Considering local module com.google.android.gms.providerinstaller.dynamite:0 and remote module com.google.android.gms.providerinstaller.dynamite:0
12-01 21:53:08.539   696   764 W ProviderInstaller: Failed to load providerinstaller module: No acceptable module com.google.android.gms.providerinstaller.dynamite found. Local version is 0 and remote version is 0.
12-01 21:53:08.542   696   764 D ApplicationLoaders: Returning zygote-cached class loader: /system/framework/org.apache.http.legacy.jar
12-01 21:53:08.548   696   764 D nativeloader: Configuring clns-10 for other apk /system/framework/com.android.media.remotedisplay.jar. target_sdk_version=35, uses_libraries=ALL, library_path=/data/app/~~7o7S81hbEIevx1lck80tCA==/com.google.android.gms-lyL2nauH-4vEtEPc-2lgPg==/lib/x86_64:/data/app/~~7o7S81hbEIevx1lck80tCA==/com.google.android.gms-lyL2nauH-4vEtEPc-2lgPg==/base.apk!/lib/x86_64, permitted_path=/data:/mnt/expand:/data/user/0/com.google.android.gms
12-01 21:53:08.565   696   764 D nativeloader: Configuring clns-11 for other apk /system/framework/com.android.location.provider.jar. target_sdk_version=35, uses_libraries=ALL, library_path=/data/app/~~7o7S81hbEIevx1lck80tCA==/com.google.android.gms-lyL2nauH-4vEtEPc-2lgPg==/lib/x86_64:/data/app/~~7o7S81hbEIevx1lck80tCA==/com.google.android.gms-lyL2nauH-4vEtEPc-2lgPg==/base.apk!/lib/x86_64, permitted_path=/data:/mnt/expand:/data/user/0/com.google.android.gms
12-01 21:53:08.574   696   764 D ApplicationLoaders: Returning zygote-cached class loader: /system_ext/framework/androidx.window.extensions.jar
12-01 21:53:08.574   696   764 D ApplicationLoaders: Returning zygote-cached class loader: /system_ext/framework/androidx.window.sidecar.jar
12-01 21:53:08.584   696   764 W e.princeproject: Loading /data/app/~~7o7S81hbEIevx1lck80tCA==/com.google.android.gms-lyL2nauH-4vEtEPc-2lgPg==/oat/x86_64/base.odex non-executable as it requires an image which we failed to load
12-01 21:53:08.590   696   700 I e.princeproject: Compiler allocated 4219KB to compile void android.widget.TextView.<init>(android.content.Context, android.util.AttributeSet, int, int)
12-01 21:53:08.592   696   764 D nativeloader: Configuring clns-12 for other apk /data/app/~~7o7S81hbEIevx1lck80tCA==/com.google.android.gms-lyL2nauH-4vEtEPc-2lgPg==/base.apk. target_sdk_version=35, uses_libraries=, library_path=/data/app/~~7o7S81hbEIevx1lck80tCA==/com.google.android.gms-lyL2nauH-4vEtEPc-2lgPg==/lib/x86_64:/data/app/~~7o7S81hbEIevx1lck80tCA==/com.google.android.gms-lyL2nauH-4vEtEPc-2lgPg==/base.apk!/lib/x86_64, permitted_path=/data:/mnt/expand:/data/user/0/com.google.android.gms
12-01 21:53:08.603   696   764 W ProviderInstaller: Failed to report request stats: com.google.android.gms.common.security.ProviderInstallerImpl.reportRequestStats [class android.content.Context, long, long]
12-01 21:53:08.665   696   696 D LifecycleMonitor: Lifecycle status change: com.example.princeproject.ProfilePage.EntrantListPage.EntrantListActivity@144c2c6 in: CREATED
12-01 21:53:08.665   696   696 V ActivityScenario: Update currentActivityStage to CREATED, currentActivity=com.example.princeproject.ProfilePage.EntrantListPage.EntrantListActivity@144c2c6
12-01 21:53:08.674   696   764 D nativeloader: Load /data/app/~~7o7S81hbEIevx1lck80tCA==/com.google.android.gms-lyL2nauH-4vEtEPc-2lgPg==/base.apk!/lib/x86_64/libconscrypt_gmscore_jni.so using ns clns-12 from class loader (caller=/data/app/~~7o7S81hbEIevx1lck80tCA==/com.google.android.gms-lyL2nauH-4vEtEPc-2lgPg==/base.apk!classes3.dex): ok
12-01 21:53:08.677   696   764 V NativeCrypto: Registering com/google/android/gms/org/conscrypt/NativeCrypto's 305 native methods...
12-01 21:53:08.687   696   696 D LifecycleMonitor: Lifecycle status change: com.example.princeproject.ProfilePage.EntrantListPage.EntrantListActivity@144c2c6 in: STARTED
12-01 21:53:08.688   696   696 V ActivityScenario: Update currentActivityStage to STARTED, currentActivity=com.example.princeproject.ProfilePage.EntrantListPage.EntrantListActivity@144c2c6
12-01 21:53:08.692   696   696 D LifecycleMonitor: Lifecycle status change: com.example.princeproject.ProfilePage.EntrantListPage.EntrantListActivity@144c2c6 in: RESUMED
12-01 21:53:08.693   696   696 V ActivityScenario: Update currentActivityStage to RESUMED, currentActivity=com.example.princeproject.ProfilePage.EntrantListPage.EntrantListActivity@144c2c6
12-01 21:53:08.702   696   696 W HWUI    : Unknown dataspace 0
12-01 21:53:08.706   696   769 W e.princeproject: Accessing hidden method Ldalvik/system/VMStack;->getStackClass2()Ljava/lang/Class; (unsupported, reflection, allowed)
12-01 21:53:08.718   696   768 E GoogleApiManager: Failed to get service from broker.
12-01 21:53:08.718   696   768 E GoogleApiManager: java.lang.SecurityException: Unknown calling package name 'com.google.android.gms'.
12-01 21:53:08.718   696   768 E GoogleApiManager: 	at android.os.Parcel.createExceptionOrNull(Parcel.java:3242)
12-01 21:53:08.718   696   768 E GoogleApiManager: 	at android.os.Parcel.createException(Parcel.java:3226)
12-01 21:53:08.718   696   768 E GoogleApiManager: 	at android.os.Parcel.readException(Parcel.java:3209)
12-01 21:53:08.718   696   768 E GoogleApiManager: 	at android.os.Parcel.readException(Parcel.java:3151)
12-01 21:53:08.718   696   768 E GoogleApiManager: 	at anfm.a(:com.google.android.gms@244534038@24.45.34 (260800-699214190):36)
12-01 21:53:08.718   696   768 E GoogleApiManager: 	at andt.z(:com.google.android.gms@244534038@24.45.34 (260800-699214190):143)
12-01 21:53:08.718   696   768 E GoogleApiManager: 	at amlc.run(:com.google.android.gms@244534038@24.45.34 (260800-699214190):54)
12-01 21:53:08.718   696   768 E GoogleApiManager: 	at android.os.Handler.handleCallback(Handler.java:959)
12-01 21:53:08.718   696   768 E GoogleApiManager: 	at android.os.Handler.dispatchMessage(Handler.java:100)
12-01 21:53:08.718   696   768 E GoogleApiManager: 	at btaq.mI(:com.google.android.gms@244534038@24.45.34 (260800-699214190):1)
12-01 21:53:08.718   696   768 E GoogleApiManager: 	at btaq.dispatchMessage(:com.google.android.gms@244534038@24.45.34 (260800-699214190):5)
12-01 21:53:08.718   696   768 E GoogleApiManager: 	at android.os.Looper.loopOnce(Looper.java:232)
12-01 21:53:08.718   696   768 E GoogleApiManager: 	at android.os.Looper.loop(Looper.java:317)
12-01 21:53:08.718   696   768 E GoogleApiManager: 	at android.os.HandlerThread.run(HandlerThread.java:85)
12-01 21:53:08.730   696   767 W CondFlagRegistrar: Failed to register com.google.android.gms.providerinstaller#com.google.android.gms
12-01 21:53:08.730   696   767 W CondFlagRegistrar: eksv: 17: 17: API: Phenotype.API is not available on this device. Connection failed with: ConnectionResult{statusCode=DEVELOPER_ERROR, resolution=null, message=null}
12-01 21:53:08.730   696   767 W CondFlagRegistrar: 	at eksx.a(:com.google.android.gms@244534038@24.45.34 (260800-699214190):13)
12-01 21:53:08.730   696   767 W CondFlagRegistrar: 	at febx.d(:com.google.android.gms@244534038@24.45.34 (260800-699214190):3)
12-01 21:53:08.730   696   767 W CondFlagRegistrar: 	at febz.run(:com.google.android.gms@244534038@24.45.34 (260800-699214190):130)
12-01 21:53:08.730   696   767 W CondFlagRegistrar: 	at feds.execute(:com.google.android.gms@244534038@24.45.34 (260800-699214190):1)
12-01 21:53:08.730   696   767 W CondFlagRegistrar: 	at feca.h(:com.google.android.gms@244534038@24.45.34 (260800-699214190):1)
12-01 21:53:08.730   696   767 W CondFlagRegistrar: 	at feca.l(:com.google.android.gms@244534038@24.45.34 (260800-699214190):101)
12-01 21:53:08.730   696   767 W CondFlagRegistrar: 	at feca.p(:com.google.android.gms@244534038@24.45.34 (260800-699214190):19)
12-01 21:53:08.730   696   767 W CondFlagRegistrar: 	at ecwz.hJ(:com.google.android.gms@244534038@24.45.34 (260800-699214190):35)
12-01 21:53:08.730   696   767 W CondFlagRegistrar: 	at dsjy.run(:com.google.android.gms@244534038@24.45.34 (260800-699214190):14)
12-01 21:53:08.730   696   767 W CondFlagRegistrar: 	at feds.execute(:com.google.android.gms@244534038@24.45.34 (260800-699214190):1)
12-01 21:53:08.730   696   767 W CondFlagRegistrar: 	at dsjz.b(:com.google.android.gms@244534038@24.45.34 (260800-699214190):18)
12-01 21:53:08.730   696   767 W CondFlagRegistrar: 	at dsko.b(:com.google.android.gms@244534038@24.45.34 (260800-699214190):36)
12-01 21:53:08.730   696   767 W CondFlagRegistrar: 	at dskq.c(:com.google.android.gms@244534038@24.45.34 (260800-699214190):26)
12-01 21:53:08.730   696   767 W CondFlagRegistrar: 	at amik.c(:com.google.android.gms@244534038@24.45.34 (260800-699214190):9)
12-01 21:53:08.730   696   767 W CondFlagRegistrar: 	at amla.q(:com.google.android.gms@244534038@24.45.34 (260800-699214190):48)
12-01 21:53:08.730   696   767 W CondFlagRegistrar: 	at amla.d(:com.google.android.gms@244534038@24.45.34 (260800-699214190):10)
12-01 21:53:08.730   696   767 W CondFlagRegistrar: 	at amla.g(:com.google.android.gms@244534038@24.45.34 (260800-699214190):211)
12-01 21:53:08.730   696   767 W CondFlagRegistrar: 	at amla.onConnectionFailed(:com.google.android.gms@244534038@24.45.34 (260800-699214190):2)
12-01 21:53:08.730   696   767 W CondFlagRegistrar: 	at amlc.run(:com.google.android.gms@244534038@24.45.34 (260800-699214190):82)
12-01 21:53:08.730   696   767 W CondFlagRegistrar: 	at android.os.Handler.handleCallback(Handler.java:959)
12-01 21:53:08.730   696   767 W CondFlagRegistrar: 	at android.os.Handler.dispatchMessage(Handler.java:100)
12-01 21:53:08.730   696   767 W CondFlagRegistrar: 	at btaq.mI(:com.google.android.gms@244534038@24.45.34 (260800-699214190):1)
12-01 21:53:08.730   696   767 W CondFlagRegistrar: 	at btaq.dispatchMessage(:com.google.android.gms@244534038@24.45.34 (260800-699214190):5)
12-01 21:53:08.730   696   767 W CondFlagRegistrar: 	at android.os.Looper.loopOnce(Looper.java:232)
12-01 21:53:08.730   696   767 W CondFlagRegistrar: 	at android.os.Looper.loop(Looper.java:317)
12-01 21:53:08.730   696   767 W CondFlagRegistrar: 	at android.os.HandlerThread.run(HandlerThread.java:85)
12-01 21:53:08.730   696   767 W CondFlagRegistrar: Caused by: amhc: 17: API: Phenotype.API is not available on this device. Connection failed with: ConnectionResult{statusCode=DEVELOPER_ERROR, resolution=null, message=null}
12-01 21:53:08.730   696   767 W CondFlagRegistrar: 	at andf.a(:com.google.android.gms@244534038@24.45.34 (260800-699214190):15)
12-01 21:53:08.730   696   767 W CondFlagRegistrar: 	at amin.a(:com.google.android.gms@244534038@24.45.34 (260800-699214190):1)
12-01 21:53:08.730   696   767 W CondFlagRegistrar: 	at amik.c(:com.google.android.gms@244534038@24.45.34 (260800-699214190):5)
12-01 21:53:08.730   696   767 W CondFlagRegistrar: 	... 12 more
12-01 21:53:08.734   696   769 I eksm.a  : Unable to retrieve flag snapshot for com.google.android.gms.providerinstaller#com.google.android.gms, using defaults.
12-01 21:53:08.740   696   764 W e.princeproject: Accessing hidden method Ljava/security/spec/ECParameterSpec;->getCurveName()Ljava/lang/String; (unsupported, reflection, allowed)
12-01 21:53:08.760   466   619 W ServiceManagerCppClient: Permission failure: android.permission.ACCESS_SURFACE_FLINGER from uid=10302 pid=0
12-01 21:53:08.760   466   619 D PermissionCache: checking android.permission.ACCESS_SURFACE_FLINGER for uid=10302 => denied (1185 us)
12-01 21:53:08.761   466   488 W ServiceManagerCppClient: Permission failure: android.permission.ACCESS_SURFACE_FLINGER from uid=10302 pid=696
12-01 21:53:08.761   466   619 W ServiceManagerCppClient: Permission failure: android.permission.ROTATE_SURFACE_FLINGER from uid=10302 pid=0
12-01 21:53:08.761   466   619 D PermissionCache: checking android.permission.ROTATE_SURFACE_FLINGER for uid=10302 => denied (844 us)
12-01 21:53:08.761   466   488 D PermissionCache: checking android.permission.ACCESS_SURFACE_FLINGER for uid=10302 => denied (912 us)
12-01 21:53:08.763   466   488 W ServiceManagerCppClient: Permission failure: android.permission.INTERNAL_SYSTEM_WINDOW from uid=10302 pid=696
12-01 21:53:08.763   466   488 D PermissionCache: checking android.permission.INTERNAL_SYSTEM_WINDOW for uid=10302 => denied (1529 us)
12-01 21:53:08.763   466   619 W ServiceManagerCppClient: Permission failure: android.permission.INTERNAL_SYSTEM_WINDOW from uid=10302 pid=0
12-01 21:53:08.763   466   619 D PermissionCache: checking android.permission.INTERNAL_SYSTEM_WINDOW for uid=10302 => denied (1622 us)
12-01 21:53:08.766   696   756 I EGL_emulation: Opening libGLESv1_CM_emulation.so
12-01 21:53:08.767   696   756 I EGL_emulation: Opening libGLESv2_emulation.so
12-01 21:53:08.771   696   764 I ProviderInstaller: Installed default security provider GmsCore_OpenSSL
12-01 21:53:08.773   696   696 E RecyclerView: No adapter attached; skipping layout
12-01 21:53:08.806   696   756 W HWUI    : Failed to choose config with EGL_SWAP_BEHAVIOR_PRESERVED, retrying without...
12-01 21:53:08.806   696   756 W HWUI    : Failed to initialize 101010-2 format, error = EGL_SUCCESS
12-01 21:53:08.825   186   186 I hwservicemanager: getTransport: Cannot find entry android.hardware.graphics.mapper@4.0::IMapper/default in either framework or device VINTF manifest.
12-01 21:53:08.825   696   756 I Gralloc4: mapper 4.x is not supported
12-01 21:53:08.892   609  1452 W ServiceManagerCppClient: Permission failure: android.permission.ACCESS_SURFACE_FLINGER from uid=10302 pid=0
12-01 21:53:08.892   609  1452 D PermissionCache: checking android.permission.ACCESS_SURFACE_FLINGER for uid=10302 => denied (138 us)
12-01 21:53:08.892   609  1452 W ServiceManagerCppClient: Permission failure: android.permission.ROTATE_SURFACE_FLINGER from uid=10302 pid=0
12-01 21:53:08.892   609  1452 D PermissionCache: checking android.permission.ROTATE_SURFACE_FLINGER for uid=10302 => denied (54 us)
12-01 21:53:08.892   609  1452 W ServiceManagerCppClient: Permission failure: android.permission.INTERNAL_SYSTEM_WINDOW from uid=10302 pid=0
12-01 21:53:08.892   609  1452 D PermissionCache: checking android.permission.INTERNAL_SYSTEM_WINDOW for uid=10302 => denied (39 us)
12-01 21:53:08.897   609   635 W ziparchive: Unable to open '/data/app/~~jaTc62fbA55jBFAHe0UaMA==/com.example.princeproject-wpvo6ZLrA0-ygDeuoHLuKg==/base.dm': No such file or directory
12-01 21:53:08.902   609   635 I ActivityTaskManager: Displayed com.example.princeproject/.ProfilePage.EntrantListPage.EntrantListActivity for user 0: +910ms
12-01 21:53:08.913  1355  1355 D BaseDepthController: setSurface:
12-01 21:53:08.913  1355  1355 D BaseDepthController: 	mWaitingOnSurfaceValidity: false
12-01 21:53:08.913  1355  1355 D BaseDepthController: 	mSurface: null
12-01 21:53:08.913  1355  1355 D BaseDepthController: mSurface is null and mCurrentBlur is: 0
12-01 21:53:08.917  1355  1355 D StateManager: goToState - fromState: Normal, toState: Normal, partial trace:
12-01 21:53:08.917  1355  1355 D StateManager: 	at com.android.launcher3.statemanager.StateManager.moveToRestState(go/retraceme 2855a437b73635ce9cad76b9289087e631bbb67fc90008a0da13d343a00e5041:4)
12-01 21:53:08.917  1355  1355 D StateManager: 	at com.android.launcher3.statemanager.StateManager.moveToRestState(go/retraceme 2855a437b73635ce9cad76b9289087e631bbb67fc90008a0da13d343a00e5041:1)
12-01 21:53:08.917  1355  1355 D StateManager: 	at com.android.launcher3.statemanager.StatefulActivity.onStop(go/retraceme 2855a437b73635ce9cad76b9289087e631bbb67fc90008a0da13d343a00e5041:34)
12-01 21:53:08.921  1355  1355 D StatsLog: LAUNCHER_ONSTOP
12-01 21:53:08.923  1355  1355 D StatsLog: LAUNCHER_GOOGLE_SEARCH_RESTORE_LIST_SIZE_AFTER_ACTIVITY_RESTART
12-01 21:53:08.923  1355  2135 D OneSearchSuggestProvider: Shut down the binder channel
12-01 21:53:08.932   609   750 I ImeTracker: com.example.princeproject:90afc9d1: onRequestHide at ORIGIN_SERVER reason HIDE_UNSPECIFIED_WINDOW fromUser false
12-01 21:53:08.932   609   750 I ImeTracker: com.example.princeproject:90afc9d1: onCancelled at PHASE_SERVER_SHOULD_HIDE
12-01 21:53:08.936  7324  7324 I GoogleInputMethodService: GoogleInputMethodService.onFinishInput():3157
12-01 21:53:08.942  7324  7324 I GoogleInputMethodService: GoogleInputMethodService.updateDeviceLockedStatus():2248 repeatCheckTimes = 0, locked = false
12-01 21:53:08.943  7324  7324 I GoogleInputMethodService: GoogleInputMethodService.onStartInput():1986 onStartInput(EditorInfo{EditorInfo{packageName=com.example.princeproject, inputType=0, inputTypeString=NULL, enableLearning=false, autoCorrection=false, autoComplete=false, imeOptions=0, privateImeOptions=null, actionName=UNSPECIFIED, actionLabel=null, initialSelStart=-1, initialSelEnd=-1, initialCapsMode=0, label=null, fieldId=0, fieldName=null, extras=null, hintText=null, hintLocales=[]}}, false)
12-01 21:53:08.943  7324  7324 I GoogleInputMethodService: GoogleInputMethodService.updateDeviceLockedStatus():2248 repeatCheckTimes = 1, locked = false
12-01 21:53:08.943  7324  7324 I AndroidIME: InputBundleManager.loadActiveInputBundleId():450 loadActiveInputBundleId: und-Latn-x-password, password
12-01 21:53:08.948   609  1452 D ConnectivityService: requestNetwork for uid/pid:10302/696 activeRequest: null callbackRequest: 635 [NetworkRequest [ REQUEST id=636, [ Capabilities: INTERNET&NOT_RESTRICTED&TRUSTED&NOT_VCN_MANAGED&NOT_BANDWIDTH_CONSTRAINED Uid: 10302 RequestorUid: 10302 RequestorPkg: com.example.princeproject UnderlyingNetworks: Null] ]] callback flags: 0 order: 2147483647 isUidTracked: false
12-01 21:53:08.951   609  1014 D ConnectivityService: NetReassign [636 : null → 100] [c 0] [a 1] [i 1]
12-01 21:53:08.952   609  1007 D OemPaidWifiNetworkFactory: got request NetworkRequest [ REQUEST id=636, [ Capabilities: INTERNET&NOT_RESTRICTED&TRUSTED&NOT_VCN_MANAGED&NOT_BANDWIDTH_CONSTRAINED Uid: 10302 RequestorUid: 10302 RequestorPkg: com.example.princeproject UnderlyingNetworks: Null] ]
12-01 21:53:08.953   609  1007 D MultiInternetWifiNetworkFactory: got request NetworkRequest [ REQUEST id=636, [ Capabilities: INTERNET&NOT_RESTRICTED&TRUSTED&NOT_VCN_MANAGED&NOT_BANDWIDTH_CONSTRAINED Uid: 10302 RequestorUid: 10302 RequestorPkg: com.example.princeproject UnderlyingNetworks: Null] ]
12-01 21:53:08.953   609  1007 D WifiNetworkFactory: got request NetworkRequest [ REQUEST id=636, [ Capabilities: INTERNET&NOT_RESTRICTED&TRUSTED&NOT_VCN_MANAGED&NOT_BANDWIDTH_CONSTRAINED Uid: 10302 RequestorUid: 10302 RequestorPkg: com.example.princeproject UnderlyingNetworks: Null] ]
12-01 21:53:08.953   609  1007 D UntrustedWifiNetworkFactory: got request NetworkRequest [ REQUEST id=636, [ Capabilities: INTERNET&NOT_RESTRICTED&TRUSTED&NOT_VCN_MANAGED&NOT_BANDWIDTH_CONSTRAINED Uid: 10302 RequestorUid: 10302 RequestorPkg: com.example.princeproject UnderlyingNetworks: Null] ]
12-01 21:53:08.969   696   741 W Settings: Setting always_finish_activities has moved from android.provider.Settings.System to android.provider.Settings.Global, returning read-only value.
12-01 21:53:08.978   609  1452 V GrammaticalInflectionUtils: AttributionSource: android.content.AttributionSource@979249c does not have READ_SYSTEM_GRAMMATICAL_GENDER permission.
12-01 21:53:08.997   696   696 D LifecycleMonitor: Lifecycle status change: com.example.princeproject.ProfilePage.EntrantListPage.EntrantListActivity@144c2c6 in: PAUSED
12-01 21:53:08.998   696   696 V ActivityScenario: Update currentActivityStage to PAUSED, currentActivity=com.example.princeproject.ProfilePage.EntrantListPage.EntrantListActivity@144c2c6
12-01 21:53:08.998   696   696 V ActivityScenario: Activity lifecycle changed event received but ignored because the intent does not match. startActivityIntent=Intent { act=android.intent.action.MAIN cat=[android.intent.category.LAUNCHER] flg=0x10008000 cmp=com.example.princeproject/androidx.fragment.app.testing.EmptyFragmentActivity (has extras) }, activity.getIntent()=Intent { act=android.intent.action.MAIN cat=[android.intent.category.LAUNCHER] flg=0x10008000 cmp=com.example.princeproject/.ProfilePage.EntrantListPage.EntrantListActivity }, activity=com.example.princeproject.ProfilePage.EntrantListPage.EntrantListActivity@144c2c6
12-01 21:53:09.006  1355  1355 I TopTaskTracker: onTaskMovedToFront: (moved taskInfo to front) taskId=175, baseIntent=Intent { act=android.intent.action.MAIN cat=[android.intent.category.LAUNCHER] flg=0x10008000 cmp=com.example.princeproject/androidx.fragment.app.testing.EmptyFragmentActivity }
12-01 21:53:09.006   466   466 I BpBinder: onLastStrongRef automatically unlinking death recipients:
12-01 21:53:09.019   696   696 D LifecycleMonitor: Lifecycle status change: androidx.fragment.app.testing.EmptyFragmentActivity@69fe804 in: PRE_ON_CREATE
12-01 21:53:09.019   696   696 V ActivityScenario: Activity lifecycle changed event received but ignored because the intent does not match. startActivityIntent=Intent { act=android.intent.action.MAIN cat=[android.intent.category.LAUNCHER] flg=0x10008000 cmp=com.example.princeproject/.ProfilePage.EntrantListPage.EntrantListActivity }, activity.getIntent()=Intent { act=android.intent.action.MAIN cat=[android.intent.category.LAUNCHER] flg=0x10008000 cmp=com.example.princeproject/androidx.fragment.app.testing.EmptyFragmentActivity (has extras) }, activity=androidx.fragment.app.testing.EmptyFragmentActivity@69fe804
12-01 21:53:09.020   696   696 V ActivityScenario: Activity lifecycle changed event received but ignored because the reported transition was not ON_CREATE while the last known transition was PRE_ON_CREATE
12-01 21:53:09.092   696   696 D LifecycleMonitor: Lifecycle status change: androidx.fragment.app.testing.EmptyFragmentActivity@69fe804 in: CREATED
12-01 21:53:09.093   696   696 V ActivityScenario: Activity lifecycle changed event received but ignored because the intent does not match. startActivityIntent=Intent { act=android.intent.action.MAIN cat=[android.intent.category.LAUNCHER] flg=0x10008000 cmp=com.example.princeproject/.ProfilePage.EntrantListPage.EntrantListActivity }, activity.getIntent()=Intent { act=android.intent.action.MAIN cat=[android.intent.category.LAUNCHER] flg=0x10008000 cmp=com.example.princeproject/androidx.fragment.app.testing.EmptyFragmentActivity (has extras) }, activity=androidx.fragment.app.testing.EmptyFragmentActivity@69fe804
12-01 21:53:09.093   696   696 V ActivityScenario: Update currentActivityStage to CREATED, currentActivity=androidx.fragment.app.testing.EmptyFragmentActivity@69fe804
12-01 21:53:09.095   696   696 D LifecycleMonitor: Lifecycle status change: androidx.fragment.app.testing.EmptyFragmentActivity@69fe804 in: STARTED
12-01 21:53:09.095   696   696 V ActivityScenario: Activity lifecycle changed event received but ignored because the intent does not match. startActivityIntent=Intent { act=android.intent.action.MAIN cat=[android.intent.category.LAUNCHER] flg=0x10008000 cmp=com.example.princeproject/.ProfilePage.EntrantListPage.EntrantListActivity }, activity.getIntent()=Intent { act=android.intent.action.MAIN cat=[android.intent.category.LAUNCHER] flg=0x10008000 cmp=com.example.princeproject/androidx.fragment.app.testing.EmptyFragmentActivity (has extras) }, activity=androidx.fragment.app.testing.EmptyFragmentActivity@69fe804
12-01 21:53:09.095   696   696 V ActivityScenario: Update currentActivityStage to STARTED, currentActivity=androidx.fragment.app.testing.EmptyFragmentActivity@69fe804
12-01 21:53:09.099   696   696 D LifecycleMonitor: Lifecycle status change: androidx.fragment.app.testing.EmptyFragmentActivity@69fe804 in: RESUMED
12-01 21:53:09.099   696   696 V ActivityScenario: Activity lifecycle changed event received but ignored because the intent does not match. startActivityIntent=Intent { act=android.intent.action.MAIN cat=[android.intent.category.LAUNCHER] flg=0x10008000 cmp=com.example.princeproject/.ProfilePage.EntrantListPage.EntrantListActivity }, activity.getIntent()=Intent { act=android.intent.action.MAIN cat=[android.intent.category.LAUNCHER] flg=0x10008000 cmp=com.example.princeproject/androidx.fragment.app.testing.EmptyFragmentActivity (has extras) }, activity=androidx.fragment.app.testing.EmptyFragmentActivity@69fe804
12-01 21:53:09.100   696   696 V ActivityScenario: Update currentActivityStage to RESUMED, currentActivity=androidx.fragment.app.testing.EmptyFragmentActivity@69fe804
12-01 21:53:09.127   696   788 D TrafficStats: tagSocket(139) with statsTag=0xffffffff, statsUid=-1
12-01 21:53:09.151  1096  1228 D EGL_emulation: app_time_stats: avg=104.15ms min=13.92ms max=893.90ms count=10
12-01 21:53:09.162   696   788 W e.princeproject: Accessing hidden field Ljava/net/Socket;->impl:Ljava/net/SocketImpl; (unsupported, reflection, allowed)
12-01 21:53:09.191   609   635 I ActivityTaskManager: Displayed com.example.princeproject/androidx.fragment.app.testing.EmptyFragmentActivity for user 0: +212ms
12-01 21:53:09.193  1355  1761 D EGL_emulation: app_time_stats: avg=42.80ms min=12.64ms max=687.00ms count=25
12-01 21:53:09.201  1096  1170 W WindowOnBackDispatcher: sendCancelIfRunning: isInProgress=false callback=android.view.ViewRootImpl$$ExternalSyntheticLambda11@e40de3e
12-01 21:53:09.207   609  1716 W InputManager-JNI: Input channel object '73f006e Splash Screen com.example.princeproject (client)' was disposed without first being removed with the input manager!
12-01 21:53:09.231   609   750 I ImeTracker: com.example.princeproject:4718de22: onRequestHide at ORIGIN_SERVER reason HIDE_UNSPECIFIED_WINDOW fromUser false
12-01 21:53:09.231   609   750 I ImeTracker: com.example.princeproject:4718de22: onCancelled at PHASE_SERVER_SHOULD_HIDE
12-01 21:53:09.235  7324  7324 I GoogleInputMethodService: GoogleInputMethodService.onFinishInput():3157
12-01 21:53:09.237  7324  7324 I GoogleInputMethodService: GoogleInputMethodService.updateDeviceLockedStatus():2248 repeatCheckTimes = 0, locked = false
12-01 21:53:09.237  7324  7324 I GoogleInputMethodService: GoogleInputMethodService.onStartInput():1986 onStartInput(EditorInfo{EditorInfo{packageName=com.example.princeproject, inputType=0, inputTypeString=NULL, enableLearning=false, autoCorrection=false, autoComplete=false, imeOptions=0, privateImeOptions=null, actionName=UNSPECIFIED, actionLabel=null, initialSelStart=-1, initialSelEnd=-1, initialCapsMode=0, label=null, fieldId=0, fieldName=null, extras=null, hintText=null, hintLocales=[]}}, false)
12-01 21:53:09.238  7324  7324 I GoogleInputMethodService: GoogleInputMethodService.updateDeviceLockedStatus():2248 repeatCheckTimes = 1, locked = false
12-01 21:53:09.238  7324  7324 I AndroidIME: InputBundleManager.loadActiveInputBundleId():450 loadActiveInputBundleId: und-Latn-x-password, password
12-01 21:53:09.241  6901  7045 I FontLog : (REDACTED) Received query %s, URI %s
12-01 21:53:09.242  6901  7045 I FontLog : (REDACTED) Query [%s] resolved to %s
12-01 21:53:09.243  6901  7045 I FontLog : (REDACTED) Fetch %s end status %s
12-01 21:53:09.247  6901  7511 I FontLog : (REDACTED) Pulling font file for id = %d, cache size = %d
12-01 21:53:09.253   696   788 W e.princeproject: Accessing hidden method Ljava/security/spec/ECParameterSpec;->setCurveName(Ljava/lang/String;)V (unsupported, reflection, allowed)
12-01 21:53:09.257  6901  7045 I FontLog : (REDACTED) Pulling font file for id = %d, cache size = %d
12-01 21:53:09.494  1096  1170 W WindowOnBackDispatcher: sendCancelIfRunning: isInProgress=false callback=android.view.ViewRootImpl$$ExternalSyntheticLambda11@bfdee7f
12-01 21:53:09.494   609  1826 W InputManager-JNI: Input channel object '11c62e2 Splash Screen com.example.princeproject (client)' was disposed without first being removed with the input manager!
12-01 21:53:09.672   696   696 D VRI[EntrantListActivity]: visibilityChanged oldVisibility=true newVisibility=false
12-01 21:53:09.684   696   696 D LifecycleMonitor: Lifecycle status change: com.example.princeproject.ProfilePage.EntrantListPage.EntrantListActivity@144c2c6 in: STOPPED
12-01 21:53:09.684   696   696 V ActivityScenario: Update currentActivityStage to STOPPED, currentActivity=com.example.princeproject.ProfilePage.EntrantListPage.EntrantListActivity@144c2c6
12-01 21:53:09.684   696   696 V ActivityScenario: Activity lifecycle changed event received but ignored because the intent does not match. startActivityIntent=Intent { act=android.intent.action.MAIN cat=[android.intent.category.LAUNCHER] flg=0x10008000 cmp=com.example.princeproject/androidx.fragment.app.testing.EmptyFragmentActivity (has extras) }, activity.getIntent()=Intent { act=android.intent.action.MAIN cat=[android.intent.category.LAUNCHER] flg=0x10008000 cmp=com.example.princeproject/.ProfilePage.EntrantListPage.EntrantListActivity }, activity=com.example.princeproject.ProfilePage.EntrantListPage.EntrantListActivity@144c2c6
12-01 21:53:09.731   609  1452 V GrammaticalInflectionUtils: AttributionSource: android.content.AttributionSource@979249c does not have READ_SYSTEM_GRAMMATICAL_GENDER permission.
12-01 21:53:09.739  1355  1355 I TopTaskTracker: onTaskMovedToFront: (moved taskInfo to front) taskId=174, baseIntent=Intent { act=android.intent.action.MAIN cat=[android.intent.category.LAUNCHER] flg=0x10008000 cmp=com.example.princeproject/.ProfilePage.EntrantListPage.EntrantListActivity }
12-01 21:53:09.746   696   700 I e.princeproject: Compiler allocated 5174KB to compile void android.view.ViewRootImpl.performTraversals()
12-01 21:53:09.753   696   696 W AndroidJUnitRunner: An unhandled exception was thrown by the app.
12-01 21:53:09.753   696   696 W AndroidJUnitRunner: android.view.InflateException: Binary XML file line #30 in com.example.princeproject:layout/fragment_profile: Binary XML file line #30 in com.example.princeproject:layout/fragment_profile: Error inflating class <unknown>
12-01 21:53:09.753   696   696 W AndroidJUnitRunner: Caused by: android.view.InflateException: Binary XML file line #30 in com.example.princeproject:layout/fragment_profile: Error inflating class <unknown>
12-01 21:53:09.753   696   696 W AndroidJUnitRunner: Caused by: java.lang.reflect.InvocationTargetException
12-01 21:53:09.753   696   696 W AndroidJUnitRunner: 	at java.lang.reflect.Constructor.newInstance0(Native Method)
12-01 21:53:09.753   696   696 W AndroidJUnitRunner: 	at java.lang.reflect.Constructor.newInstance(Constructor.java:343)
12-01 21:53:09.753   696   696 W AndroidJUnitRunner: 	at android.view.LayoutInflater.createView(LayoutInflater.java:742)
12-01 21:53:09.753   696   696 W AndroidJUnitRunner: 	at android.view.LayoutInflater.createViewFromTag(LayoutInflater.java:894)
12-01 21:53:09.753   696   696 W AndroidJUnitRunner: 	at android.view.LayoutInflater.createViewFromTag(LayoutInflater.java:849)
12-01 21:53:09.753   696   696 W AndroidJUnitRunner: 	at android.view.LayoutInflater.rInflate(LayoutInflater.java:1011)
12-01 21:53:09.753   696   696 W AndroidJUnitRunner: 	at android.view.LayoutInflater.rInflateChildren(LayoutInflater.java:972)
12-01 21:53:09.753   696   696 W AndroidJUnitRunner: 	at android.view.LayoutInflater.rInflate(LayoutInflater.java:1014)
12-01 21:53:09.753   696   696 W AndroidJUnitRunner: 	at android.view.LayoutInflater.rInflateChildren(LayoutInflater.java:972)
12-01 21:53:09.753   696   696 W AndroidJUnitRunner: 	at android.view.LayoutInflater.rInflate(LayoutInflater.java:1014)
12-01 21:53:09.753   696   696 W AndroidJUnitRunner: 	at android.view.LayoutInflater.rInflateChildren(LayoutInflater.java:972)
12-01 21:53:09.753   696   696 W AndroidJUnitRunner: 	at android.view.LayoutInflater.inflate(LayoutInflater.java:570)
12-01 21:53:09.753   696   696 W AndroidJUnitRunner: 	at android.view.LayoutInflater.inflate(LayoutInflater.java:462)
12-01 21:53:09.753   696   696 W AndroidJUnitRunner: 	at com.example.princeproject.ProfilePage.ProfileFragment.onCreateView(ProfileFragment.java:93)
12-01 21:53:09.753   696   696 W AndroidJUnitRunner: 	at androidx.fragment.app.Fragment.performCreateView(Fragment.java:3119)
12-01 21:53:09.753   696   696 W AndroidJUnitRunner: 	at androidx.fragment.app.FragmentStateManager.createView(FragmentStateManager.java:577)
12-01 21:53:09.753   696   696 W AndroidJUnitRunner: 	at androidx.fragment.app.FragmentStateManager.moveToExpectedState(FragmentStateManager.java:286)
12-01 21:53:09.753   696   696 W AndroidJUnitRunner: 	at androidx.fragment.app.FragmentStore.moveToExpectedState(FragmentStore.java:114)
12-01 21:53:09.753   696   696 W AndroidJUnitRunner: 	at androidx.fragment.app.FragmentManager.moveToState(FragmentManager.java:1685)
12-01 21:53:09.753   696   696 W AndroidJUnitRunner: 	at androidx.fragment.app.FragmentManager.dispatchStateChange(FragmentManager.java:3319)
12-01 21:53:09.753   696   696 W AndroidJUnitRunner: 	at androidx.fragment.app.FragmentManager.dispatchPause(FragmentManager.java:3255)
12-01 21:53:09.753   696   696 W AndroidJUnitRunner: 	at androidx.fragment.app.FragmentController.dispatchPause(FragmentController.java:296)
12-01 21:53:09.753   696   696 W AndroidJUnitRunner: 	at androidx.fragment.app.FragmentActivity.onPause(FragmentActivity.java:284)
12-01 21:53:09.753   696   696 W AndroidJUnitRunner: 	at android.app.Activity.performPause(Activity.java:9207)
12-01 21:53:09.753   696   696 W AndroidJUnitRunner: 	at android.app.Instrumentation.callActivityOnPause(Instrumentation.java:1776)
12-01 21:53:09.753   696   696 W AndroidJUnitRunner: 	at androidx.test.runner.MonitoringInstrumentation.callActivityOnPause(MonitoringInstrumentation.java:804)
12-01 21:53:09.753   696   696 W AndroidJUnitRunner: 	at android.app.ActivityThread.performPauseActivityIfNeeded(ActivityThread.java:5598)
12-01 21:53:09.753   696   696 W AndroidJUnitRunner: 	at android.app.ActivityThread.performPauseActivity(ActivityThread.java:5559)
12-01 21:53:09.753   696   696 W AndroidJUnitRunner: 	at android.app.ActivityThread.handlePauseActivity(ActivityThread.java:5511)
12-01 21:53:09.753   696   696 W AndroidJUnitRunner: 	at android.app.servertransaction.PauseActivityItem.execute(PauseActivityItem.java:47)
12-01 21:53:09.753   696   696 W AndroidJUnitRunner: 	at android.app.servertransaction.ActivityTransactionItem.execute(ActivityTransactionItem.java:60)
12-01 21:53:09.753   696   696 W AndroidJUnitRunner: 	at android.app.servertransaction.TransactionExecutor.executeLifecycleItem(TransactionExecutor.java:225)
12-01 21:53:09.753   696   696 W AndroidJUnitRunner: 	at android.app.servertransaction.TransactionExecutor.executeTransactionItems(TransactionExecutor.java:107)
12-01 21:53:09.753   696   696 W AndroidJUnitRunner: 	at android.app.servertransaction.TransactionExecutor.execute(TransactionExecutor.java:81)
12-01 21:53:09.753   696   696 W AndroidJUnitRunner: 	at android.app.ActivityThread$H.handleMessage(ActivityThread.java:2636)
12-01 21:53:09.753   696   696 W AndroidJUnitRunner: 	at android.os.Handler.dispatchMessage(Handler.java:107)
12-01 21:53:09.753   696   696 W AndroidJUnitRunner: 	at android.os.Looper.loopOnce(Looper.java:232)
12-01 21:53:09.753   696   696 W AndroidJUnitRunner: 	at android.os.Looper.loop(Looper.java:317)
12-01 21:53:09.753   696   696 W AndroidJUnitRunner: 	at android.app.ActivityThread.main(ActivityThread.java:8705)
12-01 21:53:09.753   696   696 W AndroidJUnitRunner: 	at java.lang.reflect.Method.invoke(Native Method)
12-01 21:53:09.753   696   696 W AndroidJUnitRunner: 	at com.android.internal.os.RuntimeInit$MethodAndArgsCaller.run(RuntimeInit.java:580)
12-01 21:53:09.753   696   696 W AndroidJUnitRunner: 	at com.android.internal.os.ZygoteInit.main(ZygoteInit.java:886)
12-01 21:53:09.753   696   696 W AndroidJUnitRunner: Caused by: java.lang.UnsupportedOperationException: Failed to resolve attribute at index 13: TypedValue{t=0x2/d=0x7f040115 a=-1}, theme={InheritanceMap=[id=0x7f130123com.example.princeproject:style/FragmentScenarioEmptyFragmentActivityTheme, id=0x1030069android:style/Theme.WithActionBar, id=0x1030005android:style/Theme], Themes=[com.example.princeproject:style/FragmentScenarioEmptyFragmentActivityTheme, forced, android:style/Theme.DeviceDefault.Light.DarkActionBar, forced]}
12-01 21:53:09.753   696   696 W AndroidJUnitRunner: 	at android.content.res.TypedArray.getDrawableForDensity(TypedArray.java:1011)
12-01 21:53:09.753   696   696 W AndroidJUnitRunner: 	at android.content.res.TypedArray.getDrawable(TypedArray.java:995)
12-01 21:53:09.753   696   696 W AndroidJUnitRunner: 	at android.view.View.<init>(View.java:6017)
12-01 21:53:09.753   696   696 W AndroidJUnitRunner: 	at android.view.ViewGroup.<init>(ViewGroup.java:703)
12-01 21:53:09.753   696   696 W AndroidJUnitRunner: 	at android.view.ViewGroup.<init>(ViewGroup.java:699)
12-01 21:53:09.753   696   696 W AndroidJUnitRunner: 	at androidx.appcompat.widget.Toolbar.<init>(Toolbar.java:265)
12-01 21:53:09.753   696   696 W AndroidJUnitRunner: 	at androidx.appcompat.widget.Toolbar.<init>(Toolbar.java:261)
12-01 21:53:09.753   696   696 W AndroidJUnitRunner: 	... 42 more
12-01 21:53:09.756   466   466 I BpBinder: onLastStrongRef automatically unlinking death recipients:
12-01 21:53:09.764   696   696 D AndroidJUnitRunner: Reporting the crash to an event service.
12-01 21:53:09.765   696   696 W TestEventClient: Process crashed before connection to orchestrator
12-01 21:53:09.765   696   696 I AndroidJUnitRunner: Bringing down the entire Instrumentation process.
12-01 21:53:09.766   696   696 E MonitoringInstr: Exception encountered by: androidx.fragment.app.testing.EmptyFragmentActivity@69fe804. Dumping thread state to outputs and pining for the fjords.
12-01 21:53:09.766   696   696 E MonitoringInstr: android.view.InflateException: Binary XML file line #30 in com.example.princeproject:layout/fragment_profile: Binary XML file line #30 in com.example.princeproject:layout/fragment_profile: Error inflating class <unknown>
12-01 21:53:09.766   696   696 E MonitoringInstr: Caused by: android.view.InflateException: Binary XML file line #30 in com.example.princeproject:layout/fragment_profile: Error inflating class <unknown>
12-01 21:53:09.766   696   696 E MonitoringInstr: Caused by: java.lang.reflect.InvocationTargetException
12-01 21:53:09.766   696   696 E MonitoringInstr: 	at java.lang.reflect.Constructor.newInstance0(Native Method)
12-01 21:53:09.766   696   696 E MonitoringInstr: 	at java.lang.reflect.Constructor.newInstance(Constructor.java:343)
12-01 21:53:09.766   696   696 E MonitoringInstr: 	at android.view.LayoutInflater.createView(LayoutInflater.java:742)
12-01 21:53:09.766   696   696 E MonitoringInstr: 	at android.view.LayoutInflater.createViewFromTag(LayoutInflater.java:894)
12-01 21:53:09.766   696   696 E MonitoringInstr: 	at android.view.LayoutInflater.createViewFromTag(LayoutInflater.java:849)
12-01 21:53:09.766   696   696 E MonitoringInstr: 	at android.view.LayoutInflater.rInflate(LayoutInflater.java:1011)
12-01 21:53:09.766   696   696 E MonitoringInstr: 	at android.view.LayoutInflater.rInflateChildren(LayoutInflater.java:972)
12-01 21:53:09.766   696   696 E MonitoringInstr: 	at android.view.LayoutInflater.rInflate(LayoutInflater.java:1014)
12-01 21:53:09.766   696   696 E MonitoringInstr: 	at android.view.LayoutInflater.rInflateChildren(LayoutInflater.java:972)
12-01 21:53:09.766   696   696 E MonitoringInstr: 	at android.view.LayoutInflater.rInflate(LayoutInflater.java:1014)
12-01 21:53:09.766   696   696 E MonitoringInstr: 	at android.view.LayoutInflater.rInflateChildren(LayoutInflater.java:972)
12-01 21:53:09.766   696   696 E MonitoringInstr: 	at android.view.LayoutInflater.inflate(LayoutInflater.java:570)
12-01 21:53:09.766   696   696 E MonitoringInstr: 	at android.view.LayoutInflater.inflate(LayoutInflater.java:462)
12-01 21:53:09.766   696   696 E MonitoringInstr: 	at com.example.princeproject.ProfilePage.ProfileFragment.onCreateView(ProfileFragment.java:93)
12-01 21:53:09.766   696   696 E MonitoringInstr: 	at androidx.fragment.app.Fragment.performCreateView(Fragment.java:3119)
12-01 21:53:09.766   696   696 E MonitoringInstr: 	at androidx.fragment.app.FragmentStateManager.createView(FragmentStateManager.java:577)
12-01 21:53:09.766   696   696 E MonitoringInstr: 	at androidx.fragment.app.FragmentStateManager.moveToExpectedState(FragmentStateManager.java:286)
12-01 21:53:09.766   696   696 E MonitoringInstr: 	at androidx.fragment.app.FragmentStore.moveToExpectedState(FragmentStore.java:114)
12-01 21:53:09.766   696   696 E MonitoringInstr: 	at androidx.fragment.app.FragmentManager.moveToState(FragmentManager.java:1685)
12-01 21:53:09.766   696   696 E MonitoringInstr: 	at androidx.fragment.app.FragmentManager.dispatchStateChange(FragmentManager.java:3319)
12-01 21:53:09.766   696   696 E MonitoringInstr: 	at androidx.fragment.app.FragmentManager.dispatchPause(FragmentManager.java:3255)
12-01 21:53:09.766   696   696 E MonitoringInstr: 	at androidx.fragment.app.FragmentController.dispatchPause(FragmentController.java:296)
12-01 21:53:09.766   696   696 E MonitoringInstr: 	at androidx.fragment.app.FragmentActivity.onPause(FragmentActivity.java:284)
12-01 21:53:09.766   696   696 E MonitoringInstr: 	at android.app.Activity.performPause(Activity.java:9207)
12-01 21:53:09.766   696   696 E MonitoringInstr: 	at android.app.Instrumentation.callActivityOnPause(Instrumentation.java:1776)
12-01 21:53:09.766   696   696 E MonitoringInstr: 	at androidx.test.runner.MonitoringInstrumentation.callActivityOnPause(MonitoringInstrumentation.java:804)
12-01 21:53:09.766   696   696 E MonitoringInstr: 	at android.app.ActivityThread.performPauseActivityIfNeeded(ActivityThread.java:5598)
12-01 21:53:09.766   696   696 E MonitoringInstr: 	at android.app.ActivityThread.performPauseActivity(ActivityThread.java:5559)
12-01 21:53:09.766   696   696 E MonitoringInstr: 	at android.app.ActivityThread.handlePauseActivity(ActivityThread.java:5511)
12-01 21:53:09.766   696   696 E MonitoringInstr: 	at android.app.servertransaction.PauseActivityItem.execute(PauseActivityItem.java:47)
12-01 21:53:09.766   696   696 E MonitoringInstr: 	at android.app.servertransaction.ActivityTransactionItem.execute(ActivityTransactionItem.java:60)
12-01 21:53:09.766   696   696 E MonitoringInstr: 	at android.app.servertransaction.TransactionExecutor.executeLifecycleItem(TransactionExecutor.java:225)
12-01 21:53:09.766   696   696 E MonitoringInstr: 	at android.app.servertransaction.TransactionExecutor.executeTransactionItems(TransactionExecutor.java:107)
12-01 21:53:09.766   696   696 E MonitoringInstr: 	at android.app.servertransaction.TransactionExecutor.execute(TransactionExecutor.java:81)
12-01 21:53:09.766   696   696 E MonitoringInstr: 	at android.app.ActivityThread$H.handleMessage(ActivityThread.java:2636)
12-01 21:53:09.766   696   696 E MonitoringInstr: 	at android.os.Handler.dispatchMessage(Handler.java:107)
12-01 21:53:09.766   696   696 E MonitoringInstr: 	at android.os.Looper.loopOnce(Looper.java:232)
12-01 21:53:09.766   696   696 E MonitoringInstr: 	at android.os.Looper.loop(Looper.java:317)
12-01 21:53:09.766   696   696 E MonitoringInstr: 	at android.app.ActivityThread.main(ActivityThread.java:8705)
12-01 21:53:09.766   696   696 E MonitoringInstr: 	at java.lang.reflect.Method.invoke(Native Method)
12-01 21:53:09.766   696   696 E MonitoringInstr: 	at com.android.internal.os.RuntimeInit$MethodAndArgsCaller.run(RuntimeInit.java:580)
12-01 21:53:09.766   696   696 E MonitoringInstr: 	at com.android.internal.os.ZygoteInit.main(ZygoteInit.java:886)
12-01 21:53:09.766   696   696 E MonitoringInstr: Caused by: java.lang.UnsupportedOperationException: Failed to resolve attribute at index 13: TypedValue{t=0x2/d=0x7f040115 a=-1}, theme={InheritanceMap=[id=0x7f130123com.example.princeproject:style/FragmentScenarioEmptyFragmentActivityTheme, id=0x1030069android:style/Theme.WithActionBar, id=0x1030005android:style/Theme], Themes=[com.example.princeproject:style/FragmentScenarioEmptyFragmentActivityTheme, forced, android:style/Theme.DeviceDefault.Light.DarkActionBar, forced]}
12-01 21:53:09.766   696   696 E MonitoringInstr: 	at android.content.res.TypedArray.getDrawableForDensity(TypedArray.java:1011)
12-01 21:53:09.766   696   696 E MonitoringInstr: 	at android.content.res.TypedArray.getDrawable(TypedArray.java:995)
12-01 21:53:09.766   696   696 E MonitoringInstr: 	at android.view.View.<init>(View.java:6017)
12-01 21:53:09.766   696   696 E MonitoringInstr: 	at android.view.ViewGroup.<init>(ViewGroup.java:703)
12-01 21:53:09.766   696   696 E MonitoringInstr: 	at android.view.ViewGroup.<init>(ViewGroup.java:699)
12-01 21:53:09.766   696   696 E MonitoringInstr: 	at androidx.appcompat.widget.Toolbar.<init>(Toolbar.java:265)
12-01 21:53:09.766   696   696 E MonitoringInstr: 	at androidx.appcompat.widget.Toolbar.<init>(Toolbar.java:261)
12-01 21:53:09.766   696   696 E MonitoringInstr: 	... 42 more
12-01 21:53:09.770   696   696 E THREAD_STATE:   Thread[SurfaceSyncGroupTimer,5,main]
12-01 21:53:09.770   696   696 E THREAD_STATE:     android.os.MessageQueue.nativePollOnce(Native Method)
12-01 21:53:09.770   696   696 E THREAD_STATE:     android.os.MessageQueue.next(MessageQueue.java:346)
12-01 21:53:09.770   696   696 E THREAD_STATE:     android.os.Looper.loopOnce(Looper.java:189)
12-01 21:53:09.770   696   696 E THREAD_STATE:     android.os.Looper.loop(Looper.java:317)
12-01 21:53:09.770   696   696 E THREAD_STATE:     android.os.HandlerThread.run(HandlerThread.java:85)
12-01 21:53:09.770   696   696 E THREAD_STATE:
12-01 21:53:09.770   696   696 E THREAD_STATE:   Thread[binder:696_5,5,main]
12-01 21:53:09.770   696   696 E THREAD_STATE:
12-01 21:53:09.770   696   696 E THREAD_STATE:   Thread[FinalizerDaemon,5,system]
