11-29 21:13:22.128  8695  8695 I KeyboardHeightUtil: KeyboardHeightUtil.calculateMaxKeyboardBodyHeight():45 leave 281 height for app when ime window height:2274, header height:116 and isFullscreenMode:false, so the max keyboard body height is:1877
11-29 21:13:22.128  8695  8695 I KeyboardHeightUtil: KeyboardHeightUtil.calculateMaxKeyboardBodyHeight():45 leave 281 height for app when ime window height:2274, header height:116 and isFullscreenMode:false, so the max keyboard body height is:1877
11-29 21:13:22.129  8695  8695 I KeyboardHeightUtil: KeyboardHeightUtil.calculateMaxKeyboardBodyHeight():45 leave 281 height for app when ime window height:2274, header height:116 and isFullscreenMode:false, so the max keyboard body height is:1877
11-29 21:13:22.129  8695  8695 I KeyboardHeightUtil: KeyboardHeightUtil.calculateMaxKeyboardBodyHeight():45 leave 281 height for app when ime window height:2274, header height:116 and isFullscreenMode:false, so the max keyboard body height is:1877
11-29 21:13:22.130  8695  8695 I NormalModeController: NormalModeController.getKeyboardBodyViewHolderPaddingBottom():104 currentPrimeKeyboardType:SOFT systemPaddingBottom:-1
11-29 21:13:22.131  8695  8695 I KeyboardHeightUtil: KeyboardHeightUtil.calculateMaxKeyboardBodyHeight():45 leave 281 height for app when ime window height:2274, header height:116 and isFullscreenMode:false, so the max keyboard body height is:1877
11-29 21:13:22.131  8695  8695 I KeyboardHeightUtil: KeyboardHeightUtil.calculateMaxKeyboardBodyHeight():45 leave 281 height for app when ime window height:2274, header height:116 and isFullscreenMode:false, so the max keyboard body height is:1877
11-29 21:13:22.131  8695  8695 I KeyboardModeManager: KeyboardModeManager.setInputViewKeyboardViewHolderProvider():613 setInputView() : supportsOneHandedMode=true, supportSplitMode=true
11-29 21:13:22.140  8695  8695 I NewLanguagePromptExtension: NewLanguagePromptExtension.onActivate():195 Not activated NewLanguagePromptExtension: not a normal text input box.
11-29 21:13:22.146  8695  8695 I AccessoryInputModeManager: AccessoryInputModeManager.onModeStarted():308 Accessory input mode started: STYLUS
11-29 21:13:22.146  8695  8795 I native  : I0000 00:00:1732940002.112460    8795 input-context-store.cc:262] Ignoring stale client request for FetchSuggestions
11-29 21:13:22.167  8695  8695 I KeyboardWrapper: KeyboardWrapper.consumeEvent():388 Skip consuming an event as current keyboard is deactivated (state=1, keyboard existence=false)
11-29 21:13:22.167  8695  8695 I KeyboardManager: KeyboardManager.requestKeyboard():234 Creating keyboard accessory_candidates_consumer, imeId=number, cacheKey=theme_border_stylesheet_noshadow_gsans_pillkey_silkpopup_hover_light_phone_bottom4dp_navredesign
11-29 21:13:22.189  8695  8795 I native  : I0000 00:00:1732940002.154920    8795 input-context-store.cc:186] Ignoring stale client request for OverrideDecodedCandidates
11-29 21:13:22.190  8695  8795 I Delight5Decoder: Delight5DecoderWrapper.loadLanguageModel():730 loadLanguageModel() : 4, version [n/a]
11-29 21:13:22.207  8695  8695 W NotificationCenter: NotificationCenter$ListenerData.notifyOnExecutor():672 Heavy notify work detected on UI thread: |iom->ing| takes 60ms
11-29 21:13:22.214  8695  8795 I Delight5Decoder: Delight5DecoderWrapper.loadLanguageModel():771 Loaded dynamic LM 4.en
11-29 21:13:22.240  8695  8795 W Delight5Decoder: Delight5DecoderWrapper.shouldAbandonMessage():2218 Detected old [FetchSuggestions] request in background: 200<201
11-29 21:13:22.254  8510 12176 I NetworkScheduler.Stats: (REDACTED) Task %s/%s started execution. cause:%s exec_start_elapsed_seconds: %s
11-29 21:13:22.268  8695  8695 I CrowdsourceExtension: CrowdsourceExtension.checkIfDefaultBrowserIsAllowed():110 Failed to get default browser. The default browser may be deactived.
11-29 21:13:22.278  8695  8695 I AutoPasteSuggestionHelper: AutoPasteSuggestionHelper.createProactiveSuggestions():528 Failed to create item chips.
11-29 21:13:22.283  8695  8695 I HardKeyTracker: HardKeyTracker.unregisterKeySequence():183 Unregister key sequence lnk{labelResId=2132019800, callback=cfr@d78425, lastModifier=2, keyCodes=[56], actions=[0]}
11-29 21:13:22.283  8695  8695 I HardKeyTracker: HardKeyTracker.registerKeySequence():139 Register key sequence lnk{labelResId=2132019800, callback=cfr@1a1b5bb, lastModifier=2, keyCodes=[56], actions=[0]}
11-29 21:13:22.293  8695  8695 I CurrentMicStatusHolder: CurrentMicStatusHolder.onStartInputView():81 Current Mic status = {MicIconHidden-PasswordOrNumberOrDateInputType,}
11-29 21:13:22.293  8695  8695 I HardKeyTracker: HardKeyTracker.unregisterKeySequence():183 Unregister key sequence lnk{labelResId=2132019804, callback=cfr@712ffd9, lastModifier=2, keyCodes=[48], actions=[0]}
11-29 21:13:22.294  8695  8695 I HardKeyTracker: HardKeyTracker.registerKeySequence():139 Register key sequence lnk{labelResId=2132019804, callback=cfr@7b32133, lastModifier=2, keyCodes=[48], actions=[0]}
11-29 21:13:22.303  8695  8695 I GoogleInputMethodService: GoogleInputMethodService$1.onKeyboardViewShown():494 onKeyboardViewShown: keyboardType=accessory, keyboardViewType=HEADER keyboardView=null
11-29 21:13:22.304  8695  8695 I GoogleInputMethodService: GoogleInputMethodService$1.onKeyboardViewShown():494 onKeyboardViewShown: keyboardType=accessory, keyboardViewType=BODY keyboardView=null
11-29 21:13:22.304 12371 12371 D UiControllerImpl: Injecting string: "1234567890"
11-29 21:13:22.318  8695  8695 I WindowMetricsNotification: WindowMetricsNotification.notifyWithWindow():113
11-29 21:13:22.319  8695  8695 I WindowMetricsNotification: WindowMetricsNotification.notify():106 WindowMetricsNotification{bounds=Rect(0, 63 - 1080, 2400), insets=Rect(0, 0 - 0, 63), densityDpi=420, smallestScreenWidthDp=411, displayWidth=1080, displayHeight=2400, xdpi=420.0, ydpi=420.0}; DisplayMetrics{density=2.625, width=1080, height=2400, scaledDensity=2.625, xdpi=420.0, ydpi=420.0}
11-29 21:13:22.375  8510 12131 I NetworkScheduler.Stats: (REDACTED) Task %s/%s finished executing. cause:%s result: %s elapsed_millis: %s uptime_millis: %s exec_start_elapsed_seconds: %s
11-29 21:13:22.427 12371 12371 D InsetsController: show(ime(), fromIme=true)
11-29 21:13:22.515  8695  8695 I KeyboardWrapper: KeyboardWrapper.consumeEvent():388 Skip consuming an event as current keyboard is deactivated (state=1, keyboard existence=false)
11-29 21:13:22.516  8695  8695 I StylusModule: StylusModule.onUpdateToolType():770 Update tool type = 0
11-29 21:13:22.530  8695  8695 W InputContextProxy: InputContextProxy.applyClientDiffInternal():940 Ignore [FetchSuggestions] diff due to stale request: 196<201, inputStateId=0, lastInputStateId=158
11-29 21:13:22.572  8695  8695 I KeyboardWrapper: KeyboardWrapper.consumeEvent():388 Skip consuming an event as current keyboard is deactivated (state=1, keyboard existence=false)
11-29 21:13:22.611  8695  8695 I KeyboardWrapper: KeyboardWrapper.consumeEvent():388 Skip consuming an event as current keyboard is deactivated (state=1, keyboard existence=false)
11-29 21:13:22.613  8695  8695 I StylusModule: StylusModule.onUpdateToolType():770 Update tool type = 0
11-29 21:13:22.649 12371 12371 I ImeTracker: com.example.princeproject:90b0e6b0: onShown
11-29 21:13:22.667  8695  8695 I KeyboardWrapper: KeyboardWrapper.consumeEvent():388 Skip consuming an event as current keyboard is deactivated (state=1, keyboard existence=false)
11-29 21:13:22.700  8695  8695 I KeyboardManager: KeyboardManager.requestKeyboard():234 Creating keyboard accessory, imeId=number, cacheKey=theme_border_stylesheet_noshadow_gsans_pillkey_silkpopup_hover_light_phone_bottom4dp_navredesign
11-29 21:13:22.701  8695  8695 I KeyboardWrapper: KeyboardWrapper.onKeyboardReady():239 onKeyboardReady(): type=null(accessory), kb=com.google.android.libraries.inputmethod.keyboard.impl.Keyboard@dcfa54d
11-29 21:13:22.707  8695  8695 I KeyboardWrapper: KeyboardWrapper.doActivateKeyboard():606 doActivateKeyboard(): accessory
11-29 21:13:22.710  8695  8695 W KeyboardDef: KeyboardDef.getKeyboardViewDef():757 KeyboardViewDef is not found: keyboardDef=kuo{processedConditions={}, globalConditions={}, className=com.google.android.libraries.inputmethod.keyboard.impl.Keyboard, resourceIds=[#0x7f170047], initialStates=0, keyboardViewDefs=[], persistentStates=0, persistentStatesPrefKey=null, popupBubbleLayoutId=0, recentKeyLayoutId=0, recentKeyPopupLayoutId=0, recentKeyType=null, rememberRecentKey=NONE, sessionStates=0}, type=HEADER, id=2131427661
11-29 21:13:22.711  8695  8695 W Keyboard: Keyboard.getKeyboardViewHelper():574 null helper is returned: keyboardDef=kuo{processedConditions={}, globalConditions={}, className=com.google.android.libraries.inputmethod.keyboard.impl.Keyboard, resourceIds=[#0x7f170047], initialStates=0, keyboardViewDefs=[], persistentStates=0, persistentStatesPrefKey=null, popupBubbleLayoutId=0, recentKeyLayoutId=0, recentKeyPopupLayoutId=0, recentKeyType=null, rememberRecentKey=NONE, sessionStates=0}, type=HEADER, helpersCreated=[null, null, null, null], context.getResources().getConfiguration(): {1.0 310mcc260mnc [en_US] ldltr sw411dp w411dp h914dp 420dpi nrml long port finger qwerty/v/v dpad/v winConfig={ mBounds=Rect(0, 0 - 1080, 2400) mAppBounds=Rect(0, 0 - 1080, 2400) mMaxBounds=Rect(0, 0 - 1080, 2400) mDisplayRotation=ROTATION_0 mWindowingMode=fullscreen mActivityType=undefined mAlwaysOnTop=undefined mRotation=ROTATION_0} as.2 s.21 fontWeightAdjustment=0}
11-29 21:13:22.711  8695  8695 W KeyboardDef: KeyboardDef.getKeyboardViewDef():757 KeyboardViewDef is not found: keyboardDef=kuo{processedConditions={}, globalConditions={}, className=com.google.android.libraries.inputmethod.keyboard.impl.Keyboard, resourceIds=[#0x7f170047], initialStates=0, keyboardViewDefs=[], persistentStates=0, persistentStatesPrefKey=null, popupBubbleLayoutId=0, recentKeyLayoutId=0, recentKeyPopupLayoutId=0, recentKeyType=null, rememberRecentKey=NONE, sessionStates=0}, type=BODY, id=2131427661
11-29 21:13:22.712  8695  8695 W Keyboard: Keyboard.getKeyboardViewHelper():574 null helper is returned: keyboardDef=kuo{processedConditions={}, globalConditions={}, className=com.google.android.libraries.inputmethod.keyboard.impl.Keyboard, resourceIds=[#0x7f170047], initialStates=0, keyboardViewDefs=[], persistentStates=0, persistentStatesPrefKey=null, popupBubbleLayoutId=0, recentKeyLayoutId=0, recentKeyPopupLayoutId=0, recentKeyType=null, rememberRecentKey=NONE, sessionStates=0}, type=BODY, helpersCreated=[null, null, null, null], context.getResources().getConfiguration(): {1.0 310mcc260mnc [en_US] ldltr sw411dp w411dp h914dp 420dpi nrml long port finger qwerty/v/v dpad/v winConfig={ mBounds=Rect(0, 0 - 1080, 2400) mAppBounds=Rect(0, 0 - 1080, 2400) mMaxBounds=Rect(0, 0 - 1080, 2400) mDisplayRotation=ROTATION_0 mWindowingMode=fullscreen mActivityType=undefined mAlwaysOnTop=undefined mRotation=ROTATION_0} as.2 s.21 fontWeightAdjustment=0}
11-29 21:13:22.713  8695  8695 W Keyboard: Keyboard.getKeyboardViewHelper():574 null helper is returned: keyboardDef=kuo{processedConditions={}, globalConditions={}, className=com.google.android.libraries.inputmethod.keyboard.impl.Keyboard, resourceIds=[#0x7f170047], initialStates=0, keyboardViewDefs=[], persistentStates=0, persistentStatesPrefKey=null, popupBubbleLayoutId=0, recentKeyLayoutId=0, recentKeyPopupLayoutId=0, recentKeyType=null, rememberRecentKey=NONE, sessionStates=0}, type=HEADER, helpersCreated=[null, null, null, null], context.getResources().getConfiguration(): {1.0 310mcc260mnc [en_US] ldltr sw411dp w411dp h914dp 420dpi nrml long port finger qwerty/v/v dpad/v winConfig={ mBounds=Rect(0, 0 - 1080, 2400) mAppBounds=Rect(0, 0 - 1080, 2400) mMaxBounds=Rect(0, 0 - 1080, 2400) mDisplayRotation=ROTATION_0 mWindowingMode=fullscreen mActivityType=undefined mAlwaysOnTop=undefined mRotation=ROTATION_0} as.2 s.21 fontWeightAdjustment=0}
11-29 21:13:22.713  8695  8695 W Keyboard: Keyboard.getKeyboardViewHelper():574 null helper is returned: keyboardDef=kuo{processedConditions={}, globalConditions={}, className=com.google.android.libraries.inputmethod.keyboard.impl.Keyboard, resourceIds=[#0x7f170047], initialStates=0, keyboardViewDefs=[], persistentStates=0, persistentStatesPrefKey=null, popupBubbleLayoutId=0, recentKeyLayoutId=0, recentKeyPopupLayoutId=0, recentKeyType=null, rememberRecentKey=NONE, sessionStates=0}, type=BODY, helpersCreated=[null, null, null, null], context.getResources().getConfiguration(): {1.0 310mcc260mnc [en_US] ldltr sw411dp w411dp h914dp 420dpi nrml long port finger qwerty/v/v dpad/v winConfig={ mBounds=Rect(0, 0 - 1080, 2400) mAppBounds=Rect(0, 0 - 1080, 2400) mMaxBounds=Rect(0, 0 - 1080, 2400) mDisplayRotation=ROTATION_0 mWindowingMode=fullscreen mActivityType=undefined mAlwaysOnTop=undefined mRotation=ROTATION_0} as.2 s.21 fontWeightAdjustment=0}
11-29 21:13:22.713  8695  8695 W KeyboardDef: KeyboardDef.getKeyboardViewDef():757 KeyboardViewDef is not found: keyboardDef=kuo{processedConditions={}, globalConditions={}, className=com.google.android.libraries.inputmethod.keyboard.impl.Keyboard, resourceIds=[#0x7f170047], initialStates=0, keyboardViewDefs=[], persistentStates=0, persistentStatesPrefKey=null, popupBubbleLayoutId=0, recentKeyLayoutId=0, recentKeyPopupLayoutId=0, recentKeyType=null, rememberRecentKey=NONE, sessionStates=0}, type=FLOATING_CANDIDATES, id=2131427661
11-29 21:13:22.713  8695  8695 W Keyboard: Keyboard.getKeyboardViewHelper():574 null helper is returned: keyboardDef=kuo{processedConditions={}, globalConditions={}, className=com.google.android.libraries.inputmethod.keyboard.impl.Keyboard, resourceIds=[#0x7f170047], initialStates=0, keyboardViewDefs=[], persistentStates=0, persistentStatesPrefKey=null, popupBubbleLayoutId=0, recentKeyLayoutId=0, recentKeyPopupLayoutId=0, recentKeyType=null, rememberRecentKey=NONE, sessionStates=0}, type=FLOATING_CANDIDATES, helpersCreated=[null, null, null, null], context.getResources().getConfiguration(): {1.0 310mcc260mnc [en_US] ldltr sw411dp w411dp h914dp 420dpi nrml long port finger qwerty/v/v dpad/v winConfig={ mBounds=Rect(0, 0 - 1080, 2400) mAppBounds=Rect(0, 0 - 1080, 2400) mMaxBounds=Rect(0, 0 - 1080, 2400) mDisplayRotation=ROTATION_0 mWindowingMode=fullscreen mActivityType=undefined mAlwaysOnTop=undefined mRotation=ROTATION_0} as.2 s.21 fontWeightAdjustment=0}
11-29 21:13:22.714  8695  8695 W KeyboardDef: KeyboardDef.getKeyboardViewDef():757 KeyboardViewDef is not found: keyboardDef=kuo{processedConditions={}, globalConditions={}, className=com.google.android.libraries.inputmethod.keyboard.impl.Keyboard, resourceIds=[#0x7f170047], initialStates=0, keyboardViewDefs=[], persistentStates=0, persistentStatesPrefKey=null, popupBubbleLayoutId=0, recentKeyLayoutId=0, recentKeyPopupLayoutId=0, recentKeyType=null, rememberRecentKey=NONE, sessionStates=0}, type=WIDGET, id=2131427661
11-29 21:13:22.714  8695  8695 W Keyboard: Keyboard.getKeyboardViewHelper():574 null helper is returned: keyboardDef=kuo{processedConditions={}, globalConditions={}, className=com.google.android.libraries.inputmethod.keyboard.impl.Keyboard, resourceIds=[#0x7f170047], initialStates=0, keyboardViewDefs=[], persistentStates=0, persistentStatesPrefKey=null, popupBubbleLayoutId=0, recentKeyLayoutId=0, recentKeyPopupLayoutId=0, recentKeyType=null, rememberRecentKey=NONE, sessionStates=0}, type=WIDGET, helpersCreated=[null, null, null, null], context.getResources().getConfiguration(): {1.0 310mcc260mnc [en_US] ldltr sw411dp w411dp h914dp 420dpi nrml long port finger qwerty/v/v dpad/v winConfig={ mBounds=Rect(0, 0 - 1080, 2400) mAppBounds=Rect(0, 0 - 1080, 2400) mMaxBounds=Rect(0, 0 - 1080, 2400) mDisplayRotation=ROTATION_0 mWindowingMode=fullscreen mActivityType=undefined mAlwaysOnTop=undefined mRotation=ROTATION_0} as.2 s.21 fontWeightAdjustment=0}
11-29 21:13:22.714  8695  8695 I KeyboardManager: KeyboardManager.requestKeyboard():234 Creating keyboard accessory_candidates_consumer, imeId=number, cacheKey=theme_border_stylesheet_noshadow_gsans_pillkey_silkpopup_hover_light_phone_bottom4dp_navredesign
11-29 21:13:22.715  8695  8695 W KeyboardDef: KeyboardDef.getKeyboardViewDef():757 KeyboardViewDef is not found: keyboardDef=kuo{processedConditions={}, globalConditions={global_theme_key=theme_border_stylesheet_noshadow_gsans_pillkey_silkpopup_hover_light_phone_bottom4dp_navredesign, global_locale=en_US, global_density_dpi=420, global_orientation=1}, className=.latin.keyboard.AccessoryKeyboard, resourceIds=[#0x7f170046], initialStates=0, keyboardViewDefs=[kvb{direction=null, id=#0x7f0b014d, isScalable=false, layoutId=#0x7f0e0027, type=FLOATING_CANDIDATES, touchable=true, defaultShow=false}], persistentStates=0, persistentStatesPrefKey=null, popupBubbleLayoutId=#0x7f0e068d, recentKeyLayoutId=0, recentKeyPopupLayoutId=0, recentKeyType=null, rememberRecentKey=NONE, sessionStates=0}, type=HEADER, id=2131427661
11-29 21:13:22.715  8695  8695 W Keyboard: Keyboard.getKeyboardViewHelper():574 null helper is returned: keyboardDef=kuo{processedConditions={}, globalConditions={global_theme_key=theme_border_stylesheet_noshadow_gsans_pillkey_silkpopup_hover_light_phone_bottom4dp_navredesign, global_locale=en_US, global_density_dpi=420, global_orientation=1}, className=.latin.keyboard.AccessoryKeyboard, resourceIds=[#0x7f170046], initialStates=0, keyboardViewDefs=[kvb{direction=null, id=#0x7f0b014d, isScalable=false, layoutId=#0x7f0e0027, type=FLOATING_CANDIDATES, touchable=true, defaultShow=false}], persistentStates=0, persistentStatesPrefKey=null, popupBubbleLayoutId=#0x7f0e068d, recentKeyLayoutId=0, recentKeyPopupLayoutId=0, recentKeyType=null, rememberRecentKey=NONE, sessionStates=0}, type=HEADER, helpersCreated=[null, null, null, null], context.getResources().getConfiguration(): {1.0 310mcc260mnc [en_US] ldltr sw411dp w411dp h914dp 420dpi nrml long port finger qwerty/v/v dpad/v winConfig={ mBounds=Rect(0, 0 - 1080, 2400) mAppBounds=Rect(0, 0 - 1080, 2400) mMaxBounds=Rect(0, 0 - 1080, 2400) mDisplayRotation=ROTATION_0 mWindowingMode=fullscreen mActivityType=undefined mAlwaysOnTop=undefined mRotation=ROTATION_0} as.2 s.21 fontWeightAdjustment=0}
11-29 21:13:22.715  8695  8695 W KeyboardDef: KeyboardDef.getKeyboardViewDef():757 KeyboardViewDef is not found: keyboardDef=kuo{processedConditions={}, globalConditions={global_theme_key=theme_border_stylesheet_noshadow_gsans_pillkey_silkpopup_hover_light_phone_bottom4dp_navredesign, global_locale=en_US, global_density_dpi=420, global_orientation=1}, className=.latin.keyboard.AccessoryKeyboard, resourceIds=[#0x7f170046], initialStates=0, keyboardViewDefs=[kvb{direction=null, id=#0x7f0b014d, isScalable=false, layoutId=#0x7f0e0027, type=FLOATING_CANDIDATES, touchable=true, defaultShow=false}], persistentStates=0, persistentStatesPrefKey=null, popupBubbleLayoutId=#0x7f0e068d, recentKeyLayoutId=0, recentKeyPopupLayoutId=0, recentKeyType=null, rememberRecentKey=NONE, sessionStates=0}, type=BODY, id=2131427661
11-29 21:13:22.716  8695  8695 W Keyboard: Keyboard.getKeyboardViewHelper():574 null helper is returned: keyboardDef=kuo{processedConditions={}, globalConditions={global_theme_key=theme_border_stylesheet_noshadow_gsans_pillkey_silkpopup_hover_light_phone_bottom4dp_navredesign, global_locale=en_US, global_density_dpi=420, global_orientation=1}, className=.latin.keyboard.AccessoryKeyboard, resourceIds=[#0x7f170046], initialStates=0, keyboardViewDefs=[kvb{direction=null, id=#0x7f0b014d, isScalable=false, layoutId=#0x7f0e0027, type=FLOATING_CANDIDATES, touchable=true, defaultShow=false}], persistentStates=0, persistentStatesPrefKey=null, popupBubbleLayoutId=#0x7f0e068d, recentKeyLayoutId=0, recentKeyPopupLayoutId=0, recentKeyType=null, rememberRecentKey=NONE, sessionStates=0}, type=BODY, helpersCreated=[null, null, null, null], context.getResources().getConfiguration(): {1.0 310mcc260mnc [en_US] ldltr sw411dp w411dp h914dp 420dpi nrml long port finger qwerty/v/v dpad/v winConfig={ mBounds=Rect(0, 0 - 1080, 2400) mAppBounds=Rect(0, 0 - 1080, 2400) mMaxBounds=Rect(0, 0 - 1080, 2400) mDisplayRotation=ROTATION_0 mWindowingMode=fullscreen mActivityType=undefined mAlwaysOnTop=undefined mRotation=ROTATION_0} as.2 s.21 fontWeightAdjustment=0}
11-29 21:13:22.723  8695  8695 I StylusModule: StylusModule.onUpdateToolType():770 Update tool type = 0
11-29 21:13:22.725  8695  8695 I GoogleInputMethodService: GoogleInputMethodService$1.onKeyboardViewShown():494 onKeyboardViewShown: keyboardType=accessory, keyboardViewType=HEADER keyboardView=null
11-29 21:13:22.725  8695  8695 I GoogleInputMethodService: GoogleInputMethodService$1.onKeyboardViewShown():494 onKeyboardViewShown: keyboardType=accessory, keyboardViewType=BODY keyboardView=null
11-29 21:13:22.767  8695  8695 I StylusModule: StylusModule.onUpdateToolType():770 Update tool type = 0
11-29 21:13:22.807  8695  8695 I StylusModule: StylusModule.onUpdateToolType():770 Update tool type = 0
11-29 21:13:22.834  8695  8695 I StylusModule: StylusModule.onUpdateToolType():770 Update tool type = 0
11-29 21:13:22.862  8695  8695 I StylusModule: StylusModule.onUpdateToolType():770 Update tool type = 0
11-29 21:13:22.891  8695  8695 I StylusModule: StylusModule.onUpdateToolType():770 Update tool type = 0
11-29 21:13:22.921  8695  8695 I StylusModule: StylusModule.onUpdateToolType():770 Update tool type = 0
11-29 21:13:22.946 12371 12391 D EGL_emulation: app_time_stats: avg=72.84ms min=24.50ms max=425.39ms count=14
11-29 21:13:22.964  8695  8695 I StylusModule: StylusModule.onUpdateToolType():770 Update tool type = 0
11-29 21:13:23.007 12371 12371 I ViewInteraction: Performing 'close keyboard' action on view view.getId() is <2131296448/com.example.princeproject:id/editTextPhone>
11-29 21:13:23.013 12371 12371 D IdlingRegistry: Registering idling resources: [androidx.test.espresso.action.CloseKeyboardAction$CloseKeyboardIdlingResult@8eab407]
11-29 21:13:23.018 12371 12371 I ImeTracker: com.example.princeproject:42f1520e: onRequestHide at ORIGIN_CLIENT reason HIDE_SOFT_INPUT fromUser false
11-29 21:13:23.028  8695  8695 I GoogleInputMethodService: GoogleInputMethodService.onFinishInputView():2393
11-29 21:13:23.028  8695  8695 W TooltipLifecycleManager: TooltipLifecycleManager.dismissTooltips():152 Tooltip with id spell_check_add_to_dictionary not found in tooltipManager.
11-29 21:13:23.046 12371 12371 D InsetsController: hide(ime(), fromIme=true)
11-29 21:13:23.291 12371 12371 I ImeTracker: com.example.princeproject:48e190dc: onRequestHide at ORIGIN_CLIENT reason HIDE_SOFT_INPUT_ON_ANIMATION_STATE_CHANGED fromUser false
11-29 21:13:23.295   642   936 I ImeTracker: com.example.princeproject:48e190dc: onCancelled at PHASE_SERVER_SHOULD_HIDE
11-29 21:13:23.307 12371 12371 I ImeTracker: com.example.princeproject:42f1520e: onHidden
11-29 21:13:23.357 12371 12371 D IdlingRegistry: Unregistering idling resources: [androidx.test.espresso.action.CloseKeyboardAction$CloseKeyboardIdlingResult@8eab407]
11-29 21:13:23.376 12371 12371 I ViewInteraction: Performing 'single click' action on view view.getId() is <2131296444/com.example.princeproject:id/editAccountType>
11-29 21:13:23.951 12371 12391 D EGL_emulation: app_time_stats: avg=34.66ms min=3.86ms max=490.08ms count=24
11-29 21:13:24.497 12371 12371 I ViewInteraction: Performing 'single click' action on view an instance of android.widget.TextView and view.getText() with or without transformation to match: is "User"
11-29 21:13:24.966 12371 12391 D EGL_emulation: app_time_stats: avg=106.64ms min=13.45ms max=369.46ms count=10
11-29 21:13:24.975 12371 12391 D EGL_emulation: app_time_stats: avg=30.27ms min=2.87ms max=465.47ms count=26
11-29 21:13:25.255   445   445 D audioserver: logFgsApiBegin: FGS Logger Transaction failed, -129
11-29 21:13:25.262 12371 12371 I ViewInteraction: Performing 'single click' action on view view.getId() is <2131296654/com.example.princeproject:id/notification_switch>
11-29 21:13:25.278   642  2384 W AS.PlaybackActivityMon: No piid assigned for invalid/internal port id 15
11-29 21:13:25.278 12371 12371 W WindowOnBackDispatcher: sendCancelIfRunning: isInProgress=false callback=android.view.ViewRootImpl$$ExternalSyntheticLambda11@ba0f6
11-29 21:13:25.293   642  1588 W InputManager-JNI: Input channel object 'b54ba3c PopupWindow:5bf8a1b (client)' was disposed without first being removed with the input manager!
11-29 21:13:25.514   445   445 W AudioFlinger: createTrack_l(): mismatch between requested flags (00000004) and output flags (00000002)
11-29 21:13:25.776   445   445 D audioserver: logFgsApiBegin: FGS Logger Transaction failed, -129
11-29 21:13:25.777   642  2510 W AS.PlaybackActivityMon: No piid assigned for invalid/internal port id 16
11-29 21:13:25.882 12371 12371 I ViewInteraction: Performing 'single click' action on view view.getId() is <2131296776/com.example.princeproject:id/submitButton>
11-29 21:13:25.929   445   552 D AudioFlinger: mixer(0x7f258919d8e0) throttle end: throttle time(14)
11-29 21:13:25.987 12371 12391 D EGL_emulation: app_time_stats: avg=16.81ms min=4.30ms max=159.97ms count=43
11-29 21:13:26.001   642  1588 W AS.PlaybackActivityMon: No piid assigned for invalid/internal port id 16
11-29 21:13:26.032   445   552 D audioserver: logFgsApiEnd: FGS Logger Transaction failed, -129
11-29 21:13:26.175   445   552 D audioserver: logFgsApiEnd: FGS Logger Transaction failed, -129
11-29 21:13:26.448   642  1588 D ConnectivityService: requestNetwork for uid/pid:10212/12371 activeRequest: null callbackRequest: 334 [NetworkRequest [ REQUEST id=335, [ Capabilities: INTERNET&NOT_RESTRICTED&TRUSTED&NOT_VCN_MANAGED&NOT_BANDWIDTH_CONSTRAINED Uid: 10212 RequestorUid: 10212 RequestorPkg: com.example.princeproject UnderlyingNetworks: Null] ]] callback flags: 0 order: 2147483647 isUidTracked: false
11-29 21:13:26.473   642  1250 D OemPaidWifiNetworkFactory: got request NetworkRequest [ REQUEST id=335, [ Capabilities: INTERNET&NOT_RESTRICTED&TRUSTED&NOT_VCN_MANAGED&NOT_BANDWIDTH_CONSTRAINED Uid: 10212 RequestorUid: 10212 RequestorPkg: com.example.princeproject UnderlyingNetworks: Null] ]
11-29 21:13:26.480   642  1261 D ConnectivityService: NetReassign [335 : null  101] [c 8] [a 7] [i 4]
11-29 21:13:26.480   642  1250 D MultiInternetWifiNetworkFactory: got request NetworkRequest [ REQUEST id=335, [ Capabilities: INTERNET&NOT_RESTRICTED&TRUSTED&NOT_VCN_MANAGED&NOT_BANDWIDTH_CONSTRAINED Uid: 10212 RequestorUid: 10212 RequestorPkg: com.example.princeproject UnderlyingNetworks: Null] ]
11-29 21:13:26.488   642  1250 D WifiNetworkFactory: got request NetworkRequest [ REQUEST id=335, [ Capabilities: INTERNET&NOT_RESTRICTED&TRUSTED&NOT_VCN_MANAGED&NOT_BANDWIDTH_CONSTRAINED Uid: 10212 RequestorUid: 10212 RequestorPkg: com.example.princeproject UnderlyingNetworks: Null] ]
11-29 21:13:26.495   642  1250 D UntrustedWifiNetworkFactory: got request NetworkRequest [ REQUEST id=335, [ Capabilities: INTERNET&NOT_RESTRICTED&TRUSTED&NOT_VCN_MANAGED&NOT_BANDWIDTH_CONSTRAINED Uid: 10212 RequestorUid: 10212 RequestorPkg: com.example.princeproject UnderlyingNetworks: Null] ]
11-29 21:13:26.532 12371 12417 W DynamiteModule: Local module descriptor class for com.google.android.gms.providerinstaller.dynamite not found.
11-29 21:13:26.570  8510  8604 W ProviderHelper: Unknown dynamite feature providerinstaller.dynamite
11-29 21:13:26.577 12371 12417 I DynamiteModule: Considering local module com.google.android.gms.providerinstaller.dynamite:0 and remote module com.google.android.gms.providerinstaller.dynamite:0
11-29 21:13:26.582 12371 12417 W ProviderInstaller: Failed to load providerinstaller module: No acceptable module com.google.android.gms.providerinstaller.dynamite found. Local version is 0 and remote version is 0.
11-29 21:13:26.598 12371 12417 D ApplicationLoaders: Returning zygote-cached class loader: /system/framework/org.apache.http.legacy.jar
11-29 21:13:26.692 12371 12417 D nativeloader: Configuring clns-10 for other apk /system/framework/com.android.media.remotedisplay.jar. target_sdk_version=35, uses_libraries=ALL, library_path=/data/app/~~AdJZxdpeoklbM7Ln4lpKkg==/com.google.android.gms-23km1wcPcSFC9sf3ori-Mg==/lib/x86_64:/data/app/~~AdJZxdpeoklbM7Ln4lpKkg==/com.google.android.gms-23km1wcPcSFC9sf3ori-Mg==/base.apk!/lib/x86_64, permitted_path=/data:/mnt/expand:/data/user/0/com.google.android.gms
11-29 21:13:26.771 12371 12417 D nativeloader: Configuring clns-11 for other apk /system/framework/com.android.location.provider.jar. target_sdk_version=35, uses_libraries=ALL, library_path=/data/app/~~AdJZxdpeoklbM7Ln4lpKkg==/com.google.android.gms-23km1wcPcSFC9sf3ori-Mg==/lib/x86_64:/data/app/~~AdJZxdpeoklbM7Ln4lpKkg==/com.google.android.gms-23km1wcPcSFC9sf3ori-Mg==/base.apk!/lib/x86_64, permitted_path=/data:/mnt/expand:/data/user/0/com.google.android.gms
11-29 21:13:26.807 12371 12417 D ApplicationLoaders: Returning zygote-cached class loader: /system_ext/framework/androidx.window.extensions.jar
11-29 21:13:26.807 12371 12417 D ApplicationLoaders: Returning zygote-cached class loader: /system_ext/framework/androidx.window.sidecar.jar
11-29 21:13:26.817 12371 12371 I Choreographer: Skipped 48 frames!  The application may be doing too much work on its main thread.
11-29 21:13:26.834 12371 12371 D LifecycleMonitor: Lifecycle status change: com.example.princeproject.NewUserActivity@9fe55ae in: PAUSED
11-29 21:13:26.835   451   451 I BpBinder: onLastStrongRef automatically unlinking death recipients:
11-29 21:13:26.839  1653  1653 I TopTaskTracker: onTaskMovedToFront: (moved taskInfo to front) taskId=7, baseIntent=Intent { act=android.intent.action.MAIN cat=[android.intent.category.HOME] flg=0x10000100 cmp=com.google.android.apps.nexuslauncher/.NexusLauncherActivity }
11-29 21:13:26.859 12371 12417 W e.princeproject: Loading /data/app/~~AdJZxdpeoklbM7Ln4lpKkg==/com.google.android.gms-23km1wcPcSFC9sf3ori-Mg==/oat/x86_64/base.odex non-executable as it requires an image which we failed to load
11-29 21:13:26.911  1653  1653 D NexusLauncherModelDelegate: notifySmartspaceEvent: SmartspaceTargetEvent{mSmartspaceTarget=null, mSmartspaceActionId='null', mEventType=6}
11-29 21:13:26.947 12371 12417 D nativeloader: Configuring clns-12 for other apk /data/app/~~AdJZxdpeoklbM7Ln4lpKkg==/com.google.android.gms-23km1wcPcSFC9sf3ori-Mg==/base.apk. target_sdk_version=35, uses_libraries=, library_path=/data/app/~~AdJZxdpeoklbM7Ln4lpKkg==/com.google.android.gms-23km1wcPcSFC9sf3ori-Mg==/lib/x86_64:/data/app/~~AdJZxdpeoklbM7Ln4lpKkg==/com.google.android.gms-23km1wcPcSFC9sf3ori-Mg==/base.apk!/lib/x86_64, permitted_path=/data:/mnt/expand:/data/user/0/com.google.android.gms
11-29 21:13:26.977  1653  1653 D BaseDepthController: setSurface:
11-29 21:13:26.977  1653  1653 D BaseDepthController: 	mWaitingOnSurfaceValidity: false
11-29 21:13:26.977  1653  1653 D BaseDepthController: 	mSurface: Surface(name=com.google.android.apps.nexuslauncher/com.google.android.apps.nexuslauncher.NexusLauncherActivity)/@0x77623df
11-29 21:13:27.161  8345  8371 W Bugle   : TextClassifierLibManagerImpl: Reclaiming memory at level: 40
11-29 21:13:27.179 12371 12391 D EGL_emulation: app_time_stats: avg=17.10ms min=4.08ms max=235.12ms count=50
11-29 21:13:27.279  1653  1653 D StatsLog: LAUNCHER_ONRESUME
11-29 21:13:27.378  1653  2295 D EGL_emulation: app_time_stats: avg=8159.88ms min=223.53ms max=16096.22ms count=2
11-29 21:13:27.472  1653  1653 D StateManager: createAtomicAnimation - fromState: Background, toState: Normal, partial trace:
11-29 21:13:27.472  1653  1653 D StateManager: 	at com.android.quickstep.util.StaggeredWorkspaceAnim.prepareToAnimate(go/retraceme 2855a437b73635ce9cad76b9289087e631bbb67fc90008a0da13d343a00e5041:22)
11-29 21:13:27.472  1653  1653 D StateManager: 	at com.android.quickstep.util.StaggeredWorkspaceAnim.<init>(go/retraceme 2855a437b73635ce9cad76b9289087e631bbb67fc90008a0da13d343a00e5041:4)
11-29 21:13:27.472  1653  1653 D StateManager: 	at com.android.quickstep.util.StaggeredWorkspaceAnim.<init>(go/retraceme 2855a437b73635ce9cad76b9289087e631bbb67fc90008a0da13d343a00e5041:1)
11-29 21:13:27.499 12371 12417 W ProviderInstaller: Failed to report request stats: com.google.android.gms.common.security.ProviderInstallerImpl.reportRequestStats [class android.content.Context, long, long]
11-29 21:13:27.520  1653  1686 D QuickstepModelDelegate: notifyAppTargetEvent action=1 launchLocation=workspace/0/[-1,-1]/[1,1]
11-29 21:13:27.559   642   936 I ImeTracker: com.google.android.apps.nexuslauncher:d022d669: onRequestHide at ORIGIN_SERVER reason HIDE_UNSPECIFIED_WINDOW fromUser false
11-29 21:13:27.561   642   936 I ImeTracker: com.google.android.apps.nexuslauncher:d022d669: onCancelled at PHASE_SERVER_SHOULD_HIDE
11-29 21:13:27.574  8695  8695 I GoogleInputMethodService: GoogleInputMethodService.onFinishInput():3157
11-29 21:13:27.578  1935  2107 I AiAiEcho: Predicting[0]:  [CONTEXT sampling_count=5 ]
11-29 21:13:27.579  8695  8695 I GoogleInputMethodService: GoogleInputMethodService.updateDeviceLockedStatus():2248 repeatCheckTimes = 0, locked = false
11-29 21:13:27.579  1935  2107 I AiAiEcho: EchoTargets:
11-29 21:13:27.579  1935  2107 I AiAiEcho: Filtered by AiAi flag check:
11-29 21:13:27.579  1935  2107 I AiAiEcho: [CONTEXT ratelimit_period="10 SECONDS" ]
11-29 21:13:27.579  8695  8695 I GoogleInputMethodService: GoogleInputMethodService.onStartInput():1986 onStartInput(EditorInfo{EditorInfo{packageName=com.google.android.apps.nexuslauncher, inputType=0, inputTypeString=NULL, enableLearning=false, autoCorrection=false, autoComplete=false, imeOptions=0, privateImeOptions=null, actionName=UNSPECIFIED, actionLabel=null, initialSelStart=-1, initialSelEnd=-1, initialCapsMode=0, label=null, fieldId=0, fieldName=null, extras=null, hintText=null, hintLocales=[]}}, false)
11-29 21:13:27.580  8695  8695 I GoogleInputMethodService: GoogleInputMethodService.updateDeviceLockedStatus():2248 repeatCheckTimes = 1, locked = false
11-29 21:13:27.581  8695  8695 I AndroidIME: InputBundleManager.loadActiveInputBundleId():450 loadActiveInputBundleId: und-Latn-x-password, password
11-29 21:13:27.584  1935  2107 I AiAiEcho: Ranked targets strategy: SORT, count: 0, ranking metadata:  [CONTEXT ratelimit_period="10 SECONDS" ]
11-29 21:13:27.588  8695  8695 I HardKeyTracker: HardKeyTracker.registerKeySequence():139 Register key sequence lnk{labelResId=2132019800, callback=gnd@160090a, lastModifier=0, keyCodes=[57, 57], actions=[1, 0]}
11-29 21:13:27.588  8695  8695 I HardKeyTracker: HardKeyTracker.registerKeySequence():139 Register key sequence lnk{labelResId=0, callback=gnd@6fe3f1, lastModifier=0, keyCodes=[58, 58], actions=[1, 0]}
11-29 21:13:27.603  1935  2107 I AiAiEcho: #remoteViewsTwiddler: feature disabled.
11-29 21:13:27.658   642  1971 W AppSearchIcing: icing-search-engine.cc:321: Error: 5, Message: Document (com.google.android.googlequicksearchbox$OneSearchZeroStateGoogleSuggestions/default, zp) not found.
11-29 21:13:27.762  1935  2107 I AiAiEcho: #postPredictionTargets: Sending updates to UISurface home with targets# 0 (types=[])
11-29 21:13:27.782 12371 12417 I e.princeproject: Waiting for a blocking GC ClassLinker
11-29 21:13:27.840  1653  2334 D OneSearchSuggestProvider: AppSearch 0-state cache not available, fallback to AGA
11-29 21:13:27.840  1653  2334 D OneSearchSuggestProvider: java.util.concurrent.CompletionException: java.util.NoSuchElementException: No value present
11-29 21:13:27.840  1653  2334 D OneSearchSuggestProvider: 	at java.util.concurrent.CompletableFuture.encodeThrowable(CompletableFuture.java:308)
11-29 21:13:27.840  1653  2334 D OneSearchSuggestProvider: 	at java.util.concurrent.CompletableFuture.completeThrowable(CompletableFuture.java:323)
11-29 21:13:27.840  1653  2334 D OneSearchSuggestProvider: 	at java.util.concurrent.CompletableFuture$UniAccept.tryFire(CompletableFuture.java:684)
11-29 21:13:27.840  1653  2334 D OneSearchSuggestProvider: 	at java.util.concurrent.CompletableFuture.postComplete(CompletableFuture.java:486)
11-29 21:13:27.840  1653  2334 D OneSearchSuggestProvider: 	at java.util.concurrent.CompletableFuture.completeExceptionally(CompletableFuture.java:2138)
11-29 21:13:27.840  1653  2334 D OneSearchSuggestProvider: 	at com.google.android.apps.nexuslauncher.allapps.E0.onResult(go/retraceme 2855a437b73635ce9cad76b9289087e631bbb67fc90008a0da13d343a00e5041:67)
11-29 21:13:27.840  1653  2334 D OneSearchSuggestProvider: 	at android.app.appsearch.SearchSessionUtil$1.lambda$onResult$0(go/retraceme 64eee9e9f568ff45978879ad2ff83146f2618ee8a88278736fbdf5fae931976e:144)
11-29 21:13:27.840  1653  2334 D OneSearchSuggestProvider: 	at android.app.appsearch.SearchSessionUtil$1.$r8$lambda$CEk3q8sDAQVhU3rQwVueB8FAj_M(go/retraceme 64eee9e9f568ff45978879ad2ff83146f2618ee8a88278736fbdf5fae931976e:1)
11-29 21:13:27.840  1653  2334 D OneSearchSuggestProvider: 	at android.app.appsearch.SearchSessionUtil$1$$ExternalSyntheticLambda0.run(go/retraceme 64eee9e9f568ff45978879ad2ff83146f2618ee8a88278736fbdf5fae931976e:22)
11-29 21:13:27.840  1653  2334 D OneSearchSuggestProvider: 	at android.os.Handler.handleCallback(Handler.java:959)
11-29 21:13:27.840  1653  2334 D OneSearchSuggestProvider: 	at android.os.Handler.dispatchMessage(Handler.java:100)
11-29 21:13:27.840  1653  2334 D OneSearchSuggestProvider: 	at android.os.Looper.loopOnce(Looper.java:232)
11-29 21:13:27.840  1653  2334 D OneSearchSuggestProvider: 	at android.os.Looper.loop(Looper.java:317)
11-29 21:13:27.840  1653  2334 D OneSearchSuggestProvider: 	at android.os.HandlerThread.run(HandlerThread.java:85)
11-29 21:13:27.840  1653  2334 D OneSearchSuggestProvider: Caused by: java.util.NoSuchElementException: No value present
11-29 21:13:27.840  1653  2334 D OneSearchSuggestProvider: 	at java.util.Optional.get(Optional.java:143)
11-29 21:13:27.840  1653  2334 D OneSearchSuggestProvider: 	at com.google.android.apps.nexuslauncher.allapps.E0.onResult(go/retraceme 2855a437b73635ce9cad76b9289087e631bbb67fc90008a0da13d343a00e5041:28)
11-29 21:13:27.840  1653  2334 D OneSearchSuggestProvider: 	... 8 more
11-29 21:13:27.882  1653  2334 D OneSearchSuggestProvider: Created the binder channel successfully for end point service =com.google.android.apps.search.googleapp.search.suggest.plugins.onesearch.server.OneSearchSuggestService , mChannel=i1{delegate=f{logId=53, target=directaddress:///AndroidComponentAddress%5BIntent%20%7B%20act=grpc.io.action.BIND%20cmp=com.google.android.googlequicksearchbox/com.google.android.apps.search.googleapp.search.suggest.plugins.onesearch.server.OneSearchSuggestService%20%7D%5D}} , mOneSearchConnection=l2.Z@eb7207c
11-29 21:13:28.001 12371 12376 I e.princeproject: Background concurrent mark compact GC freed 3502KB AllocSpace bytes, 0(0B) LOS objects, 49% free, 4614KB/9228KB, paused 5.218ms,10.194ms total 255.087ms
11-29 21:13:28.006 12371 12417 I e.princeproject: WaitForGcToComplete blocked ClassLinker on Background for 223.301ms
11-29 21:13:28.095  1653  1653 D SsBaseTemplateCard: No text view can be set up
11-29 21:13:28.098  1653  1653 D SsBaseTemplateCard: Passed-in item info is null
11-29 21:13:28.098  1653  1653 D SsBaseTemplateCard: Passed-in item info is null
11-29 21:13:28.098  1653  1653 D SsBaseTemplateCard: Passed-in item info is null
11-29 21:13:28.098  1653  1653 I SsBaseTemplateCard: Secondary card pane is null
11-29 21:13:28.207   451   547 W VsyncModulator: setTransactionSchedule: Unexpected EarlyEnd
11-29 21:13:28.267 12371 12371 D VRI[NewUserActivity]: visibilityChanged oldVisibility=true newVisibility=false
11-29 21:13:28.334 12371 12371 D LifecycleMonitor: Lifecycle status change: com.example.princeproject.NewUserActivity@9fe55ae in: STOPPED
11-29 21:13:28.348  8558  8558 D BoundBrokerSvc: onUnbind: Intent { act=com.google.android.mdd.service.START dat=chimera-action:/... cmp=com.google.android.gms/.chimera.GmsBoundBrokerService }
11-29 21:13:28.364 12371 12371 D LifecycleMonitor: Lifecycle status change: com.example.princeproject.NewUserActivity@9fe55ae in: DESTROYED
11-29 21:13:28.365 12371 12371 W WindowOnBackDispatcher: sendCancelIfRunning: isInProgress=false callback=android.view.ViewRootImpl$$ExternalSyntheticLambda11@deb94c6
11-29 21:13:28.372  8695 12486 I SpellCheckerSession: SpellCheckerSession.onClose():676 com.google.android.keyboard.client.delight5.LanguageIdentifier@a7c6dba is closed
11-29 21:13:28.380  8695 12486 I SpellCheckerSession: SpellCheckerSession.onClose():676 com.google.android.keyboard.client.delight5.LanguageIdentifier@c4e4a82 is closed
11-29 21:13:28.422   642  2384 W InputManager-JNI: Input channel object '9136597 com.example.princeproject/com.example.princeproject.NewUserActivity (client)' was disposed without first being removed with the input manager!
11-29 21:13:28.459  1653  1653 I TopTaskTracker: onTaskRemoved: taskId=20
11-29 21:13:28.462  1653  1653 I TopTaskTracker: onTaskRemoved: taskId=20
11-29 21:13:28.496 10094 10094 I A       : (REDACTED) Created gRPC endpoint for service %s
11-29 21:13:28.639 12371 12417 D nativeloader: Load /data/app/~~AdJZxdpeoklbM7Ln4lpKkg==/com.google.android.gms-23km1wcPcSFC9sf3ori-Mg==/base.apk!/lib/x86_64/libconscrypt_gmscore_jni.so using ns clns-12 from class loader (caller=/data/app/~~AdJZxdpeoklbM7Ln4lpKkg==/com.google.android.gms-23km1wcPcSFC9sf3ori-Mg==/base.apk!classes3.dex): ok
11-29 21:13:28.679 12371 12417 V NativeCrypto: Registering com/google/android/gms/org/conscrypt/NativeCrypto's 305 native methods...
11-29 21:13:28.899 12371 12490 W e.princeproject: Accessing hidden method Ldalvik/system/VMStack;->getStackClass2()Ljava/lang/Class; (unsupported, reflection, allowed)
11-29 21:13:29.143   390  4488 D android.hardware.audio@7.1-impl.ranchu: threadLoop: entering standby, frames: 3397824
11-29 21:13:29.247 12371 12487 E GoogleApiManager: Failed to get service from broker.
11-29 21:13:29.247 12371 12487 E GoogleApiManager: java.lang.SecurityException: Unknown calling package name 'com.google.android.gms'.
11-29 21:13:29.247 12371 12487 E GoogleApiManager: 	at android.os.Parcel.createExceptionOrNull(Parcel.java:3242)
11-29 21:13:29.247 12371 12487 E GoogleApiManager: 	at android.os.Parcel.createException(Parcel.java:3226)
11-29 21:13:29.247 12371 12487 E GoogleApiManager: 	at android.os.Parcel.readException(Parcel.java:3209)
11-29 21:13:29.247 12371 12487 E GoogleApiManager: 	at android.os.Parcel.readException(Parcel.java:3151)
11-29 21:13:29.247 12371 12487 E GoogleApiManager: 	at anfm.a(:com.google.android.gms@244534038@24.45.34 (260800-699214190):36)
11-29 21:13:29.247 12371 12487 E GoogleApiManager: 	at andt.z(:com.google.android.gms@244534038@24.45.34 (260800-699214190):143)
11-29 21:13:29.247 12371 12487 E GoogleApiManager: 	at amlc.run(:com.google.android.gms@244534038@24.45.34 (260800-699214190):54)
11-29 21:13:29.247 12371 12487 E GoogleApiManager: 	at android.os.Handler.handleCallback(Handler.java:959)
11-29 21:13:29.247 12371 12487 E GoogleApiManager: 	at android.os.Handler.dispatchMessage(Handler.java:100)
11-29 21:13:29.247 12371 12487 E GoogleApiManager: 	at btaq.mI(:com.google.android.gms@244534038@24.45.34 (260800-699214190):1)
11-29 21:13:29.247 12371 12487 E GoogleApiManager: 	at btaq.dispatchMessage(:com.google.android.gms@244534038@24.45.34 (260800-699214190):5)
11-29 21:13:29.247 12371 12487 E GoogleApiManager: 	at android.os.Looper.loopOnce(Looper.java:232)
11-29 21:13:29.247 12371 12487 E GoogleApiManager: 	at android.os.Looper.loop(Looper.java:317)
11-29 21:13:29.247 12371 12487 E GoogleApiManager: 	at android.os.HandlerThread.run(HandlerThread.java:85)
11-29 21:13:29.330 12371 12485 W CondFlagRegistrar: Failed to register com.google.android.gms.providerinstaller#com.google.android.gms
11-29 21:13:29.330 12371 12485 W CondFlagRegistrar: eksv: 17: 17: API: Phenotype.API is not available on this device. Connection failed with: ConnectionResult{statusCode=DEVELOPER_ERROR, resolution=null, message=null}
11-29 21:13:29.330 12371 12485 W CondFlagRegistrar: 	at eksx.a(:com.google.android.gms@244534038@24.45.34 (260800-699214190):13)
11-29 21:13:29.330 12371 12485 W CondFlagRegistrar: 	at febx.d(:com.google.android.gms@244534038@24.45.34 (260800-699214190):3)
11-29 21:13:29.330 12371 12485 W CondFlagRegistrar: 	at febz.run(:com.google.android.gms@244534038@24.45.34 (260800-699214190):130)
11-29 21:13:29.330 12371 12485 W CondFlagRegistrar: 	at feds.execute(:com.google.android.gms@244534038@24.45.34 (260800-699214190):1)
11-29 21:13:29.330 12371 12485 W CondFlagRegistrar: 	at feca.h(:com.google.android.gms@244534038@24.45.34 (260800-699214190):1)
11-29 21:13:29.330 12371 12485 W CondFlagRegistrar: 	at feca.l(:com.google.android.gms@244534038@24.45.34 (260800-699214190):101)
11-29 21:13:29.330 12371 12485 W CondFlagRegistrar: 	at feca.p(:com.google.android.gms@244534038@24.45.34 (260800-699214190):19)
11-29 21:13:29.330 12371 12485 W CondFlagRegistrar: 	at ecwz.hJ(:com.google.android.gms@244534038@24.45.34 (260800-699214190):35)
11-29 21:13:29.330 12371 12485 W CondFlagRegistrar: 	at dsjy.run(:com.google.android.gms@244534038@24.45.34 (260800-699214190):14)
11-29 21:13:29.330 12371 12485 W CondFlagRegistrar: 	at feds.execute(:com.google.android.gms@244534038@24.45.34 (260800-699214190):1)
11-29 21:13:29.330 12371 12485 W CondFlagRegistrar: 	at dsjz.b(:com.google.android.gms@244534038@24.45.34 (260800-699214190):18)
11-29 21:13:29.330 12371 12485 W CondFlagRegistrar: 	at dsko.b(:com.google.android.gms@244534038@24.45.34 (260800-699214190):36)
11-29 21:13:29.330 12371 12485 W CondFlagRegistrar: 	at dskq.c(:com.google.android.gms@244534038@24.45.34 (260800-699214190):26)
11-29 21:13:29.330 12371 12485 W CondFlagRegistrar: 	at amik.c(:com.google.android.gms@244534038@24.45.34 (260800-699214190):9)
11-29 21:13:29.330 12371 12485 W CondFlagRegistrar: 	at amla.q(:com.google.android.gms@244534038@24.45.34 (260800-699214190):48)
11-29 21:13:29.330 12371 12485 W CondFlagRegistrar: 	at amla.d(:com.google.android.gms@244534038@24.45.34 (260800-699214190):10)
11-29 21:13:29.330 12371 12485 W CondFlagRegistrar: 	at amla.g(:com.google.android.gms@244534038@24.45.34 (260800-699214190):211)
11-29 21:13:29.330 12371 12485 W CondFlagRegistrar: 	at amla.onConnectionFailed(:com.google.android.gms@244534038@24.45.34 (260800-699214190):2)
11-29 21:13:29.330 12371 12485 W CondFlagRegistrar: 	at amlc.run(:com.google.android.gms@244534038@24.45.34 (260800-699214190):82)
11-29 21:13:29.330 12371 12485 W CondFlagRegistrar: 	at android.os.Handler.handleCallback(Handler.java:959)
11-29 21:13:29.330 12371 12485 W CondFlagRegistrar: 	at android.os.Handler.dispatchMessage(Handler.java:100)
11-29 21:13:29.330 12371 12485 W CondFlagRegistrar: 	at btaq.mI(:com.google.android.gms@244534038@24.45.34 (260800-699214190):1)
11-29 21:13:29.330 12371 12485 W CondFlagRegistrar: 	at btaq.dispatchMessage(:com.google.android.gms@244534038@24.45.34 (260800-699214190):5)
11-29 21:13:29.330 12371 12485 W CondFlagRegistrar: 	at android.os.Looper.loopOnce(Looper.java:232)
11-29 21:13:29.330 12371 12485 W CondFlagRegistrar: 	at android.os.Looper.loop(Looper.java:317)
11-29 21:13:29.330 12371 12485 W CondFlagRegistrar: 	at android.os.HandlerThread.run(HandlerThread.java:85)
11-29 21:13:29.330 12371 12485 W CondFlagRegistrar: Caused by: amhc: 17: API: Phenotype.API is not available on this device. Connection failed with: ConnectionResult{statusCode=DEVELOPER_ERROR, resolution=null, message=null}
11-29 21:13:29.330 12371 12485 W CondFlagRegistrar: 	at andf.a(:com.google.android.gms@244534038@24.45.34 (260800-699214190):15)
11-29 21:13:29.330 12371 12485 W CondFlagRegistrar: 	at amin.a(:com.google.android.gms@244534038@24.45.34 (260800-699214190):1)
11-29 21:13:29.330 12371 12485 W CondFlagRegistrar: 	at amik.c(:com.google.android.gms@244534038@24.45.34 (260800-699214190):5)
11-29 21:13:29.330 12371 12485 W CondFlagRegistrar: 	... 12 more
11-29 21:13:29.415 12371 12490 I eksm.a  : Unable to retrieve flag snapshot for com.google.android.gms.providerinstaller#com.google.android.gms, using defaults.
11-29 21:13:29.536 12371 12417 W e.princeproject: Accessing hidden method Ljava/security/spec/ECParameterSpec;->getCurveName()Ljava/lang/String; (unsupported, reflection, allowed)
11-29 21:13:29.626  1653  1653 D SearchTargetUtil: queryLength=0 size=15
11-29 21:13:29.627  1653  1653 D SearchTargetUtil: layoutType=short_icon_row resultType=131072 packageName=com.google.android.googlequicksearchbox extras=Bundle{suggestion_type=33,suggest_truncate_start=false,is_answer=false,is_entity=false,is_personal=false,suggest_raw_text=nyt connections hints november 29,input_query=android.app.search.Query@129f2b9,group_id=web7586126,response_id=8ede13db-8aaf-48b9-867d-eb5ed25e5d36,support_query_builder=false,} searchAction=nyt connections hints november 29 searchActionExtras=Bundle{learn_more_url=https://support.google.com/websearch/answer/106230?hl=106230,suggestion_action_text=Report this,should_start_for_result=true,allow_pinning=true,skip_logging_in_target_handler=true,suggestion_action_rpc=2,}ParentID: null targetID: 24456933-b3cc-4e68-a0b3-cf9e48052f21
