12-02 14:46:35.630  4995  4995 I ViewInteraction: Checking 'MatchesViewAssertion{viewMatcher=an instance of android.widget.TextView and view.getText() with or without transformation to match: is "Location"}' assertion on view view.getId() is <2131296490/com.example.princeproject:id/facility_location_text>
12-02 14:46:35.642   642  2502 V GrammaticalInflectionUtils: AttributionSource: android.content.AttributionSource@dcd4645e does not have READ_SYSTEM_GRAMMATICAL_GENDER permission.
12-02 14:46:35.654  4995  4995 D LifecycleMonitor: Lifecycle status change: com.example.princeproject.FacilityActivity@5342e29 in: PAUSED
12-02 14:46:35.654  4995  4995 V ActivityScenario: Update currentActivityStage to PAUSED, currentActivity=com.example.princeproject.FacilityActivity@5342e29
12-02 14:46:35.658   451   451 I BpBinder: onLastStrongRef automatically unlinking death recipients:
12-02 14:46:35.679  5052  5052 I d.process.acore: Using CollectorTypeCMC GC.
12-02 14:46:35.682  5052  5052 W d.process.acore: Unexpected CPU variant for x86: x86_64.
12-02 14:46:35.682  5052  5052 W d.process.acore: Known variants: atom, sandybridge, silvermont, goldmont, goldmont-plus, goldmont-without-sha-xsaves, tremont, kabylake, default
12-02 14:46:35.699  4995  4995 D LifecycleMonitor: Lifecycle status change: androidx.test.core.app.InstrumentationActivityInvoker$EmptyActivity@7af2761 in: PRE_ON_CREATE
12-02 14:46:35.700  4995  4995 V ActivityScenario: Activity lifecycle changed event received but ignored because the intent does not match. startActivityIntent=Intent { act=android.intent.action.MAIN cat=[android.intent.category.LAUNCHER] flg=0x10008000 cmp=com.example.princeproject/.FacilityActivity }, activity.getIntent()=Intent { act=android.intent.action.MAIN cat=[android.intent.category.LAUNCHER] flg=0x10000000 cmp=com.example.princeproject/androidx.test.core.app.InstrumentationActivityInvoker$EmptyActivity }, activity=androidx.test.core.app.InstrumentationActivityInvoker$EmptyActivity@7af2761
12-02 14:46:35.711  5052  5052 E d.process.acore: Not starting debugger since process cannot load the jdwp agent.
12-02 14:46:35.723  4995  4995 D LifecycleMonitor: Lifecycle status change: androidx.test.core.app.InstrumentationActivityInvoker$EmptyActivity@7af2761 in: CREATED
12-02 14:46:35.723  4995  4995 V ActivityScenario: Activity lifecycle changed event received but ignored because the intent does not match. startActivityIntent=Intent { act=android.intent.action.MAIN cat=[android.intent.category.LAUNCHER] flg=0x10008000 cmp=com.example.princeproject/.FacilityActivity }, activity.getIntent()=Intent { act=android.intent.action.MAIN cat=[android.intent.category.LAUNCHER] flg=0x10000000 cmp=com.example.princeproject/androidx.test.core.app.InstrumentationActivityInvoker$EmptyActivity }, activity=androidx.test.core.app.InstrumentationActivityInvoker$EmptyActivity@7af2761
12-02 14:46:35.725  4995  4995 D LifecycleMonitor: Lifecycle status change: androidx.test.core.app.InstrumentationActivityInvoker$EmptyActivity@7af2761 in: STARTED
12-02 14:46:35.726  4995  4995 V ActivityScenario: Activity lifecycle changed event received but ignored because the intent does not match. startActivityIntent=Intent { act=android.intent.action.MAIN cat=[android.intent.category.LAUNCHER] flg=0x10008000 cmp=com.example.princeproject/.FacilityActivity }, activity.getIntent()=Intent { act=android.intent.action.MAIN cat=[android.intent.category.LAUNCHER] flg=0x10000000 cmp=com.example.princeproject/androidx.test.core.app.InstrumentationActivityInvoker$EmptyActivity }, activity=androidx.test.core.app.InstrumentationActivityInvoker$EmptyActivity@7af2761
12-02 14:46:35.729  4995  4995 D LifecycleMonitor: Lifecycle status change: androidx.test.core.app.InstrumentationActivityInvoker$EmptyActivity@7af2761 in: RESUMED
12-02 14:46:35.730  4995  4995 V ActivityScenario: Activity lifecycle changed event received but ignored because the intent does not match. startActivityIntent=Intent { act=android.intent.action.MAIN cat=[android.intent.category.LAUNCHER] flg=0x10008000 cmp=com.example.princeproject/.FacilityActivity }, activity.getIntent()=Intent { act=android.intent.action.MAIN cat=[android.intent.category.LAUNCHER] flg=0x10000000 cmp=com.example.princeproject/androidx.test.core.app.InstrumentationActivityInvoker$EmptyActivity }, activity=androidx.test.core.app.InstrumentationActivityInvoker$EmptyActivity@7af2761
12-02 14:46:35.735  5052  5052 D nativeloader: Load libframework-connectivity-tiramisu-jni.so using APEX ns com_android_tethering for caller /apex/com.android.tethering/javalib/framework-connectivity-t.jar: ok
12-02 14:46:35.940   642   674 I ActivityTaskManager: Displayed com.example.princeproject/androidx.test.core.app.InstrumentationActivityInvoker$EmptyActivity for user 0: +295ms
12-02 14:46:35.981  5052  5052 D nativeloader: Configuring clns-shared-7 for other apk /system/priv-app/UserDictionaryProvider/UserDictionaryProvider.apk. target_sdk_version=35, uses_libraries=, library_path=/system/priv-app/UserDictionaryProvider/lib/x86_64:/system/lib64:/system_ext/lib64, permitted_path=/data:/mnt/expand:/data/user/0/com.android.providers.userdictionary:/system/priv-app/UserDictionaryProvider:/system/lib64:/system_ext/lib64
12-02 14:46:35.984  5052  5052 D CompatChangeReporter: Compat change id reported: 202956589; UID 10091; state: ENABLED
12-02 14:46:35.996  1653  1653 I TopTaskTracker: onTaskMovedToFront: (moved taskInfo to front) taskId=7, baseIntent=Intent { act=android.intent.action.MAIN cat=[android.intent.category.HOME] flg=0x10000100 cmp=com.google.android.apps.nexuslauncher/.NexusLauncherActivity }
12-02 14:46:36.001  4995  4995 D LifecycleMonitor: Lifecycle status change: androidx.test.core.app.InstrumentationActivityInvoker$EmptyActivity@7af2761 in: PAUSED
12-02 14:46:36.003  4995  4995 V ActivityScenario: Activity lifecycle changed event received but ignored because the intent does not match. startActivityIntent=Intent { act=android.intent.action.MAIN cat=[android.intent.category.LAUNCHER] flg=0x10008000 cmp=com.example.princeproject/.FacilityActivity }, activity.getIntent()=Intent { act=android.intent.action.MAIN cat=[android.intent.category.LAUNCHER] flg=0x10000000 cmp=com.example.princeproject/androidx.test.core.app.InstrumentationActivityInvoker$EmptyActivity }, activity=androidx.test.core.app.InstrumentationActivityInvoker$EmptyActivity@7af2761
12-02 14:46:36.015  5052  5052 V GraphicsEnvironment: Currently set values for:
12-02 14:46:36.016  5052  5052 V GraphicsEnvironment:   angle_gl_driver_selection_pkgs=[]
12-02 14:46:36.016  5052  5052 V GraphicsEnvironment:   angle_gl_driver_selection_values=[]
12-02 14:46:36.016  5052  5052 V GraphicsEnvironment: Global.Settings values are invalid: number of packages: 0, number of values: 0
12-02 14:46:36.016  5052  5052 V GraphicsEnvironment: Neither updatable production driver nor prerelease driver is supported.
12-02 14:46:36.030  4995  4995 D VRI[FacilityActivity]: visibilityChanged oldVisibility=true newVisibility=false
12-02 14:46:36.041   451   451 I BpBinder: onLastStrongRef automatically unlinking death recipients:
12-02 14:46:36.063  1653  1653 D NexusLauncherModelDelegate: notifySmartspaceEvent: SmartspaceTargetEvent{mSmartspaceTarget=null, mSmartspaceActionId='null', mEventType=6}
12-02 14:46:36.084  1653  1653 D BaseDepthController: setSurface:
12-02 14:46:36.084  1653  1653 D BaseDepthController: 	mWaitingOnSurfaceValidity: false
12-02 14:46:36.084  1653  1653 D BaseDepthController: 	mSurface: Surface(name=com.google.android.apps.nexuslauncher/com.google.android.apps.nexuslauncher.NexusLauncherActivity)/@0x77623df
12-02 14:46:36.098  5052  5052 D nativeloader: Configuring clns-shared-8 for other apk /system/priv-app/BlockedNumberProvider/BlockedNumberProvider.apk. target_sdk_version=35, uses_libraries=, library_path=/system/priv-app/BlockedNumberProvider/lib/x86_64:/system/lib64:/system_ext/lib64, permitted_path=/data:/mnt/expand:/data/user_de/0/com.android.providers.blockednumber:/system/priv-app/BlockedNumberProvider:/system/lib64:/system_ext/lib64
12-02 14:46:36.172   642  1261 D InetDiagMessage: Destroyed 0 sockets, proto=IPPROTO_TCP, family=AF_INET, states=14
12-02 14:46:36.174   642  1261 D InetDiagMessage: Destroyed 0 sockets, proto=IPPROTO_TCP, family=AF_INET6, states=14
12-02 14:46:36.180   642  1261 D InetDiagMessage: Destroyed live tcp sockets for uids={10187} in 9ms
12-02 14:46:36.206  5052  5052 D nativeloader: Configuring clns-shared-9 for other apk /system/priv-app/ContactsProvider/ContactsProvider.apk. target_sdk_version=35, uses_libraries=, library_path=/system/priv-app/ContactsProvider/lib/x86_64:/system/lib64:/system_ext/lib64, permitted_path=/data:/mnt/expand:/data/user/0/com.android.providers.contacts:/system/priv-app/ContactsProvider:/system/lib64:/system_ext/lib64
12-02 14:46:36.215  1653  1653 D StatsLog: LAUNCHER_ONRESUME
12-02 14:46:36.242  5052  5052 I ContactsPerf: VoicemailContentProvider.onCreate start
12-02 14:46:36.301  1653  1686 D QuickstepModelDelegate: notifyAppTargetEvent action=1 launchLocation=workspace/0/[-1,-1]/[1,1]
12-02 14:46:36.322  5052  5052 I ContactsPerf: VoicemailContentProvider.onCreate finish
12-02 14:46:36.339  1653  2295 D EGL_emulation: app_time_stats: avg=583.64ms min=1.79ms max=4059.54ms count=7
12-02 14:46:36.364   642   936 I ImeTracker: com.google.android.apps.nexuslauncher:a57143fc: onRequestHide at ORIGIN_SERVER reason HIDE_UNSPECIFIED_WINDOW fromUser false
12-02 14:46:36.367   642   936 I ImeTracker: com.google.android.apps.nexuslauncher:a57143fc: onCancelled at PHASE_SERVER_SHOULD_HIDE
12-02 14:46:36.375   642  1971 W AppSearchIcing: icing-search-engine.cc:321: Error: 5, Message: Document (com.google.android.googlequicksearchbox$OneSearchZeroStateGoogleSuggestions/default, zp) not found.
12-02 14:46:36.403  1935  2107 I AiAiEcho: Predicting[0]:  [CONTEXT sampling_count=5 ]
12-02 14:46:36.412  8695  8695 I GoogleInputMethodService: GoogleInputMethodService.onFinishInput():3157
12-02 14:46:36.414  8695  8695 I GoogleInputMethodService: GoogleInputMethodService.updateDeviceLockedStatus():2248 repeatCheckTimes = 0, locked = false
12-02 14:46:36.415  8695  8695 I GoogleInputMethodService: GoogleInputMethodService.onStartInput():1986 onStartInput(EditorInfo{EditorInfo{packageName=com.google.android.apps.nexuslauncher, inputType=0, inputTypeString=NULL, enableLearning=false, autoCorrection=false, autoComplete=false, imeOptions=0, privateImeOptions=null, actionName=UNSPECIFIED, actionLabel=null, initialSelStart=-1, initialSelEnd=-1, initialCapsMode=0, label=null, fieldId=0, fieldName=null, extras=null, hintText=null, hintLocales=[]}}, false)
12-02 14:46:36.416  8695  8695 I GoogleInputMethodService: GoogleInputMethodService.updateDeviceLockedStatus():2248 repeatCheckTimes = 1, locked = false
12-02 14:46:36.418  8695  8695 I AndroidIME: InputBundleManager.loadActiveInputBundleId():450 loadActiveInputBundleId: und-Latn-x-password, password
12-02 14:46:36.419  1935  2107 I AiAiEcho: EchoTargets:
12-02 14:46:36.419  1935  2107 I AiAiEcho: Filtered by AiAi flag check:
12-02 14:46:36.419  1935  2107 I AiAiEcho: [CONTEXT ratelimit_period="10 SECONDS" ]
12-02 14:46:36.422  1935  2107 I AiAiEcho: Ranked targets strategy: SORT, count: 0, ranking metadata:  [CONTEXT ratelimit_period="10 SECONDS" ]
12-02 14:46:36.424  1653  1653 D StateManager: createAtomicAnimation - fromState: Background, toState: Normal, partial trace:
12-02 14:46:36.424  1653  1653 D StateManager: 	at com.android.quickstep.util.StaggeredWorkspaceAnim.prepareToAnimate(go/retraceme 2855a437b73635ce9cad76b9289087e631bbb67fc90008a0da13d343a00e5041:22)
12-02 14:46:36.424  1653  1653 D StateManager: 	at com.android.quickstep.util.StaggeredWorkspaceAnim.<init>(go/retraceme 2855a437b73635ce9cad76b9289087e631bbb67fc90008a0da13d343a00e5041:4)
12-02 14:46:36.424  1653  1653 D StateManager: 	at com.android.quickstep.util.StaggeredWorkspaceAnim.<init>(go/retraceme 2855a437b73635ce9cad76b9289087e631bbb67fc90008a0da13d343a00e5041:1)
12-02 14:46:36.440  1653  2334 D OneSearchSuggestProvider: AppSearch 0-state cache not available, fallback to AGA
12-02 14:46:36.440  1653  2334 D OneSearchSuggestProvider: java.util.concurrent.CompletionException: java.util.NoSuchElementException: No value present
12-02 14:46:36.440  1653  2334 D OneSearchSuggestProvider: 	at java.util.concurrent.CompletableFuture.encodeThrowable(CompletableFuture.java:308)
12-02 14:46:36.440  1653  2334 D OneSearchSuggestProvider: 	at java.util.concurrent.CompletableFuture.completeThrowable(CompletableFuture.java:323)
12-02 14:46:36.440  1653  2334 D OneSearchSuggestProvider: 	at java.util.concurrent.CompletableFuture$UniAccept.tryFire(CompletableFuture.java:684)
12-02 14:46:36.440  1653  2334 D OneSearchSuggestProvider: 	at java.util.concurrent.CompletableFuture.postComplete(CompletableFuture.java:486)
12-02 14:46:36.440  1653  2334 D OneSearchSuggestProvider: 	at java.util.concurrent.CompletableFuture.completeExceptionally(CompletableFuture.java:2138)
12-02 14:46:36.440  1653  2334 D OneSearchSuggestProvider: 	at com.google.android.apps.nexuslauncher.allapps.E0.onResult(go/retraceme 2855a437b73635ce9cad76b9289087e631bbb67fc90008a0da13d343a00e5041:67)
12-02 14:46:36.440  1653  2334 D OneSearchSuggestProvider: 	at android.app.appsearch.SearchSessionUtil$1.lambda$onResult$0(go/retraceme 64eee9e9f568ff45978879ad2ff83146f2618ee8a88278736fbdf5fae931976e:144)
12-02 14:46:36.440  1653  2334 D OneSearchSuggestProvider: 	at android.app.appsearch.SearchSessionUtil$1.$r8$lambda$CEk3q8sDAQVhU3rQwVueB8FAj_M(go/retraceme 64eee9e9f568ff45978879ad2ff83146f2618ee8a88278736fbdf5fae931976e:1)
12-02 14:46:36.440  1653  2334 D OneSearchSuggestProvider: 	at android.app.appsearch.SearchSessionUtil$1$$ExternalSyntheticLambda0.run(go/retraceme 64eee9e9f568ff45978879ad2ff83146f2618ee8a88278736fbdf5fae931976e:22)
12-02 14:46:36.440  1653  2334 D OneSearchSuggestProvider: 	at android.os.Handler.handleCallback(Handler.java:959)
12-02 14:46:36.440  1653  2334 D OneSearchSuggestProvider: 	at android.os.Handler.dispatchMessage(Handler.java:100)
12-02 14:46:36.440  1653  2334 D OneSearchSuggestProvider: 	at android.os.Looper.loopOnce(Looper.java:232)
12-02 14:46:36.440  1653  2334 D OneSearchSuggestProvider: 	at android.os.Looper.loop(Looper.java:317)
12-02 14:46:36.440  1653  2334 D OneSearchSuggestProvider: 	at android.os.HandlerThread.run(HandlerThread.java:85)
12-02 14:46:36.440  1653  2334 D OneSearchSuggestProvider: Caused by: java.util.NoSuchElementException: No value present
12-02 14:46:36.440  1653  2334 D OneSearchSuggestProvider: 	at java.util.Optional.get(Optional.java:143)
12-02 14:46:36.440  1653  2334 D OneSearchSuggestProvider: 	at com.google.android.apps.nexuslauncher.allapps.E0.onResult(go/retraceme 2855a437b73635ce9cad76b9289087e631bbb67fc90008a0da13d343a00e5041:28)
12-02 14:46:36.440  1653  2334 D OneSearchSuggestProvider: 	... 8 more
12-02 14:46:36.445  5052  5052 D nativeloader: Configuring clns-shared-10 for other apk /system/priv-app/E2eeContactKeysProvider/E2eeContactKeysProvider.apk. target_sdk_version=35, uses_libraries=, library_path=/system/priv-app/E2eeContactKeysProvider/lib/x86_64:/system/lib64:/system_ext/lib64, permitted_path=/data:/mnt/expand:/data/user/0/com.android.providers.contactkeys:/system/priv-app/E2eeContactKeysProvider:/system/lib64:/system_ext/lib64
12-02 14:46:36.447  1935  2107 I AiAiEcho: #remoteViewsTwiddler: feature disabled.
12-02 14:46:36.472  1935  2107 I AiAiEcho: #postPredictionTargets: Sending updates to UISurface home with targets# 0 (types=[])
12-02 14:46:36.490  5052  5069 I PhoneAccountHandleMigrationUtils_CallLogDatabaseHelper: updatePhoneAccountHandleMigrationPendingStatus false
12-02 14:46:36.498  5052  5080 I PhoneAccountHandleMigrationUtils_CallLogDatabaseHelper: updatePhoneAccountHandleMigrationPendingStatus false
12-02 14:46:36.499  1653  2334 D OneSearchSuggestProvider: Created the binder channel successfully for end point service =com.google.android.apps.search.googleapp.search.suggest.plugins.onesearch.server.OneSearchSuggestService , mChannel=i1{delegate=f{logId=177, target=directaddress:///AndroidComponentAddress%5BIntent%20%7B%20act=grpc.io.action.BIND%20cmp=com.google.android.googlequicksearchbox/com.google.android.apps.search.googleapp.search.suggest.plugins.onesearch.server.OneSearchSuggestService%20%7D%5D}} , mOneSearchConnection=l2.Z@8d479df
12-02 14:46:36.619  5052  5052 I ContactsDatabaseHelper: updateUseStrictPhoneNumberComparison: US
12-02 14:46:36.672  5052  5069 I CallLogProvider: syncEntriesFrom: fromUserId=0, srcIsShadow=true, forAllUsers=false; previousTimeStamp=0, newTimeStamp=0, entries=0
12-02 14:46:36.693  5052  5085 D ContactsDatabaseHelper: WAL enabled for contacts2.db: true
12-02 14:46:36.699   797   797 I A       : (REDACTED) Created gRPC endpoint for service %s
12-02 14:46:36.717  5052  5052 I ContactsDatabaseHelper: updateUseStrictPhoneNumberComparison: US
12-02 14:46:36.741  5052  5069 I CallLogProvider: delete uid/pid=10091/5052, uri=content://call_log_shadow/calls, numChanged=0
12-02 14:46:36.743  5052  5085 I PhoneAccountHandleMigrationUtils_ContactsDatabaseHelper: updatePhoneAccountHandleMigrationPendingStatus false
12-02 14:46:36.753   451   547 W VsyncModulator: setTransactionSchedule: Unexpected EarlyEnd
12-02 14:46:36.771  5052  5085 D CompatChangeReporter: Compat change id reported: 291868760; UID 10091; state: ENABLED
12-02 14:46:36.804  8695  8807 I ShortcutsDataManager: AbstractContentDataManager.importRecords():345 importRecords() : Success : Count = 0
12-02 14:46:36.832  5052  5069 I CallLogProvider: Syncing call composer pics -- source user=0, isShadow=true, forAllUser=false
12-02 14:46:36.832  5052  5069 I CallLogProvider: Fetching list of Uris to sync
12-02 14:46:36.838  5052  5069 I CallLogProvider: Will sync following Uris:[]
12-02 14:46:36.838  5052  5069 I CallLogProvider: Syncing call composer pics -- got []
12-02 14:46:36.860  8695  8807 I ShortcutsDataManager: AbstractContentDataManager.importContentData():295 importContentData() : Ending import process
12-02 14:46:36.920  8695  8795 I Delight5Decoder: Delight5DecoderWrapper.unloadLanguageModel():943 unloadLanguageModel() : 4, version [n/a]
12-02 14:46:37.048  1653  1653 D SsBaseTemplateCard: No text view can be set up
12-02 14:46:37.051  1653  1653 D SsBaseTemplateCard: Passed-in item info is null
12-02 14:46:37.052  1653  1653 D SsBaseTemplateCard: Passed-in item info is null
12-02 14:46:37.052  1653  1653 D SsBaseTemplateCard: Passed-in item info is null
12-02 14:46:37.052  1653  1653 I SsBaseTemplateCard: Secondary card pane is null
12-02 14:46:37.085  4995  4995 D VRI[InstrumentationActivityInvoker$EmptyActivity]: visibilityChanged oldVisibility=true newVisibility=false
12-02 14:46:37.124  4995  4995 D LifecycleMonitor: Lifecycle status change: com.example.princeproject.FacilityActivity@5342e29 in: STOPPED
12-02 14:46:37.139  4995  4995 V ActivityScenario: Update currentActivityStage to STOPPED, currentActivity=com.example.princeproject.FacilityActivity@5342e29
12-02 14:46:37.163  4995  4995 D LifecycleMonitor: Lifecycle status change: com.example.princeproject.FacilityActivity@5342e29 in: DESTROYED
12-02 14:46:37.169  4995  4995 V ActivityScenario: Update currentActivityStage to DESTROYED, currentActivity=null
12-02 14:46:37.174  4995  4995 W WindowOnBackDispatcher: sendCancelIfRunning: isInProgress=false callback=android.view.ViewRootImpl$$ExternalSyntheticLambda11@eec8039
12-02 14:46:37.180  4995  5012 I TestRunner: finished: testCancelEditFacilityProfile(com.example.princeproject.FacilityActivityUITest)
