11-30 21:09:56.868 26728 26728 V ActivityScenario: Activity lifecycle changed event received but ignored because the intent does not match. startActivityIntent=Intent { act=android.intent.action.MAIN cat=[android.intent.category.LAUNCHER] flg=0x10008000 cmp=com.example.princeproject/.ProfilePage.EntrantListPage.EntrantListActivity }, activity.getIntent()=Intent { act=android.intent.action.MAIN cat=[android.intent.category.LAUNCHER] flg=0x10000000 cmp=com.example.princeproject/androidx.test.core.app.InstrumentationActivityInvoker$EmptyActivity }, activity=androidx.test.core.app.InstrumentationActivityInvoker$EmptyActivity@a360511
11-30 21:09:57.062   642   674 I ActivityTaskManager: Displayed com.example.princeproject/androidx.test.core.app.InstrumentationActivityInvoker$EmptyActivity for user 0: +434ms
11-30 21:09:57.107 26728 26757 D EGL_emulation: app_time_stats: avg=1792.65ms min=1792.65ms max=1792.65ms count=1
11-30 21:09:57.138   642   936 I ImeTracker: com.example.princeproject:ddb741ab: onRequestHide at ORIGIN_SERVER reason HIDE_UNSPECIFIED_WINDOW fromUser false
11-30 21:09:57.139   642   936 I ImeTracker: com.example.princeproject:ddb741ab: onCancelled at PHASE_SERVER_SHOULD_HIDE
11-30 21:09:57.145   451   451 I BpBinder: onLastStrongRef automatically unlinking death recipients:
11-30 21:09:57.145  1653  1653 I TopTaskTracker: onTaskMovedToFront: (moved taskInfo to front) taskId=7, baseIntent=Intent { act=android.intent.action.MAIN cat=[android.intent.category.HOME] flg=0x10000100 cmp=com.google.android.apps.nexuslauncher/.NexusLauncherActivity }
11-30 21:09:57.158 26728 26728 D LifecycleMonitor: Lifecycle status change: androidx.test.core.app.InstrumentationActivityInvoker$EmptyActivity@a360511 in: PAUSED
11-30 21:09:57.164 26728 26728 V ActivityScenario: Activity lifecycle changed event received but ignored because the intent does not match. startActivityIntent=Intent { act=android.intent.action.MAIN cat=[android.intent.category.LAUNCHER] flg=0x10008000 cmp=com.example.princeproject/.ProfilePage.EntrantListPage.EntrantListActivity }, activity.getIntent()=Intent { act=android.intent.action.MAIN cat=[android.intent.category.LAUNCHER] flg=0x10000000 cmp=com.example.princeproject/androidx.test.core.app.InstrumentationActivityInvoker$EmptyActivity }, activity=androidx.test.core.app.InstrumentationActivityInvoker$EmptyActivity@a360511
11-30 21:09:57.174  8695  8695 I GoogleInputMethodService: GoogleInputMethodService.onFinishInput():3157
11-30 21:09:57.198  8695  8695 I GoogleInputMethodService: GoogleInputMethodService.updateDeviceLockedStatus():2248 repeatCheckTimes = 0, locked = false
11-30 21:09:57.199  8695  8695 I GoogleInputMethodService: GoogleInputMethodService.onStartInput():1986 onStartInput(EditorInfo{EditorInfo{packageName=com.example.princeproject, inputType=0, inputTypeString=NULL, enableLearning=false, autoCorrection=false, autoComplete=false, imeOptions=0, privateImeOptions=null, actionName=UNSPECIFIED, actionLabel=null, initialSelStart=-1, initialSelEnd=-1, initialCapsMode=0, label=null, fieldId=0, fieldName=null, extras=null, hintText=null, hintLocales=[]}}, false)
11-30 21:09:57.225  8695  8695 I GoogleInputMethodService: GoogleInputMethodService.updateDeviceLockedStatus():2248 repeatCheckTimes = 1, locked = false
11-30 21:09:57.230  8695  8695 I AndroidIME: InputBundleManager.loadActiveInputBundleId():450 loadActiveInputBundleId: und-Latn-x-password, password
11-30 21:09:57.274 26728 26728 D VRI[EntrantListActivity]: visibilityChanged oldVisibility=true newVisibility=false
11-30 21:09:57.301  1653  1653 D NexusLauncherModelDelegate: notifySmartspaceEvent: SmartspaceTargetEvent{mSmartspaceTarget=null, mSmartspaceActionId='null', mEventType=6}
11-30 21:09:57.387  1653  1653 D BaseDepthController: setSurface:
11-30 21:09:57.387  1653  1653 D BaseDepthController: 	mWaitingOnSurfaceValidity: false
11-30 21:09:57.387  1653  1653 D BaseDepthController: 	mSurface: Surface(name=com.google.android.apps.nexuslauncher/com.google.android.apps.nexuslauncher.NexusLauncherActivity)/@0x77623df
11-30 21:09:57.600  1653  1653 D StatsLog: LAUNCHER_ONRESUME
11-30 21:09:57.766  1653  2295 D EGL_emulation: app_time_stats: avg=2828.07ms min=16.89ms max=5639.24ms count=2
11-30 21:09:57.840  1935  2107 I AiAiEcho: Predicting[0]:  [CONTEXT sampling_count=5 ]
11-30 21:09:57.879  1653  1686 D QuickstepModelDelegate: notifyAppTargetEvent action=1 launchLocation=workspace/0/[-1,-1]/[1,1]
11-30 21:09:57.886  1935  2107 I AiAiEcho: EchoTargets:
11-30 21:09:57.886  1935  2107 I AiAiEcho: Filtered by AiAi flag check:
11-30 21:09:57.886  1935  2107 I AiAiEcho: [CONTEXT ratelimit_period="10 SECONDS" ]
11-30 21:09:57.890  1935  2107 I AiAiEcho: Ranked targets strategy: SORT, count: 0, ranking metadata:  [CONTEXT ratelimit_period="10 SECONDS" ]
11-30 21:09:57.891  1935  2107 I AiAiEcho: #remoteViewsTwiddler: feature disabled.
11-30 21:09:57.937  1653  1653 D StateManager: createAtomicAnimation - fromState: Background, toState: Normal, partial trace:
11-30 21:09:57.937  1653  1653 D StateManager: 	at com.android.quickstep.util.StaggeredWorkspaceAnim.prepareToAnimate(go/retraceme 2855a437b73635ce9cad76b9289087e631bbb67fc90008a0da13d343a00e5041:22)
11-30 21:09:57.937  1653  1653 D StateManager: 	at com.android.quickstep.util.StaggeredWorkspaceAnim.<init>(go/retraceme 2855a437b73635ce9cad76b9289087e631bbb67fc90008a0da13d343a00e5041:4)
11-30 21:09:57.937  1653  1653 D StateManager: 	at com.android.quickstep.util.StaggeredWorkspaceAnim.<init>(go/retraceme 2855a437b73635ce9cad76b9289087e631bbb67fc90008a0da13d343a00e5041:1)
11-30 21:09:58.011  1935  2107 I AiAiEcho: #postPredictionTargets: Sending updates to UISurface home with targets# 0 (types=[])
11-30 21:09:58.026   642   936 I ImeTracker: com.google.android.apps.nexuslauncher:f621a2bb: onRequestHide at ORIGIN_SERVER reason HIDE_UNSPECIFIED_WINDOW fromUser false
11-30 21:09:58.045   642   936 I ImeTracker: com.google.android.apps.nexuslauncher:f621a2bb: onCancelled at PHASE_SERVER_SHOULD_HIDE
11-30 21:09:58.088  8695  8695 I GoogleInputMethodService: GoogleInputMethodService.onFinishInput():3157
11-30 21:09:58.106  8695  8695 I GoogleInputMethodService: GoogleInputMethodService.updateDeviceLockedStatus():2248 repeatCheckTimes = 0, locked = false
11-30 21:09:58.106  8695  8695 I GoogleInputMethodService: GoogleInputMethodService.onStartInput():1986 onStartInput(EditorInfo{EditorInfo{packageName=com.google.android.apps.nexuslauncher, inputType=0, inputTypeString=NULL, enableLearning=false, autoCorrection=false, autoComplete=false, imeOptions=0, privateImeOptions=null, actionName=UNSPECIFIED, actionLabel=null, initialSelStart=-1, initialSelEnd=-1, initialCapsMode=0, label=null, fieldId=0, fieldName=null, extras=null, hintText=null, hintLocales=[]}}, false)
11-30 21:09:58.109  8695  8695 I GoogleInputMethodService: GoogleInputMethodService.updateDeviceLockedStatus():2248 repeatCheckTimes = 1, locked = false
11-30 21:09:58.114  8695  8695 I AndroidIME: InputBundleManager.loadActiveInputBundleId():450 loadActiveInputBundleId: und-Latn-x-password, password
11-30 21:09:58.323   642  1971 W AppSearchIcing: icing-search-engine.cc:321: Error: 5, Message: Document (com.google.android.googlequicksearchbox$OneSearchZeroStateGoogleSuggestions/default, zp) not found.
11-30 21:09:58.648  1653  2334 D OneSearchSuggestProvider: AppSearch 0-state cache not available, fallback to AGA
11-30 21:09:58.648  1653  2334 D OneSearchSuggestProvider: java.util.concurrent.CompletionException: java.util.NoSuchElementException: No value present
11-30 21:09:58.648  1653  2334 D OneSearchSuggestProvider: 	at java.util.concurrent.CompletableFuture.encodeThrowable(CompletableFuture.java:308)
11-30 21:09:58.648  1653  2334 D OneSearchSuggestProvider: 	at java.util.concurrent.CompletableFuture.completeThrowable(CompletableFuture.java:323)
11-30 21:09:58.648  1653  2334 D OneSearchSuggestProvider: 	at java.util.concurrent.CompletableFuture$UniAccept.tryFire(CompletableFuture.java:684)
11-30 21:09:58.648  1653  2334 D OneSearchSuggestProvider: 	at java.util.concurrent.CompletableFuture.postComplete(CompletableFuture.java:486)
11-30 21:09:58.648  1653  2334 D OneSearchSuggestProvider: 	at java.util.concurrent.CompletableFuture.completeExceptionally(CompletableFuture.java:2138)
11-30 21:09:58.648  1653  2334 D OneSearchSuggestProvider: 	at com.google.android.apps.nexuslauncher.allapps.E0.onResult(go/retraceme 2855a437b73635ce9cad76b9289087e631bbb67fc90008a0da13d343a00e5041:67)
11-30 21:09:58.648  1653  2334 D OneSearchSuggestProvider: 	at android.app.appsearch.SearchSessionUtil$1.lambda$onResult$0(go/retraceme 64eee9e9f568ff45978879ad2ff83146f2618ee8a88278736fbdf5fae931976e:144)
11-30 21:09:58.648  1653  2334 D OneSearchSuggestProvider: 	at android.app.appsearch.SearchSessionUtil$1.$r8$lambda$CEk3q8sDAQVhU3rQwVueB8FAj_M(go/retraceme 64eee9e9f568ff45978879ad2ff83146f2618ee8a88278736fbdf5fae931976e:1)
11-30 21:09:58.648  1653  2334 D OneSearchSuggestProvider: 	at android.app.appsearch.SearchSessionUtil$1$$ExternalSyntheticLambda0.run(go/retraceme 64eee9e9f568ff45978879ad2ff83146f2618ee8a88278736fbdf5fae931976e:22)
11-30 21:09:58.648  1653  2334 D OneSearchSuggestProvider: 	at android.os.Handler.handleCallback(Handler.java:959)
11-30 21:09:58.648  1653  2334 D OneSearchSuggestProvider: 	at android.os.Handler.dispatchMessage(Handler.java:100)
11-30 21:09:58.648  1653  2334 D OneSearchSuggestProvider: 	at android.os.Looper.loopOnce(Looper.java:232)
11-30 21:09:58.648  1653  2334 D OneSearchSuggestProvider: 	at android.os.Looper.loop(Looper.java:317)
11-30 21:09:58.648  1653  2334 D OneSearchSuggestProvider: 	at android.os.HandlerThread.run(HandlerThread.java:85)
11-30 21:09:58.648  1653  2334 D OneSearchSuggestProvider: Caused by: java.util.NoSuchElementException: No value present
11-30 21:09:58.648  1653  2334 D OneSearchSuggestProvider: 	at java.util.Optional.get(Optional.java:143)
11-30 21:09:58.648  1653  2334 D OneSearchSuggestProvider: 	at com.google.android.apps.nexuslauncher.allapps.E0.onResult(go/retraceme 2855a437b73635ce9cad76b9289087e631bbb67fc90008a0da13d343a00e5041:28)
11-30 21:09:58.648  1653  2334 D OneSearchSuggestProvider: 	... 8 more
11-30 21:09:58.653   451   464 W VsyncModulator: setTransactionSchedule: Unexpected EarlyEnd
11-30 21:09:58.717  1653  1653 D SsBaseTemplateCard: No text view can be set up
11-30 21:09:58.718  1653  1653 D SsBaseTemplateCard: Passed-in item info is null
11-30 21:09:58.718  1653  1653 D SsBaseTemplateCard: Passed-in item info is null
11-30 21:09:58.718  1653  1653 D SsBaseTemplateCard: Passed-in item info is null
11-30 21:09:58.718  1653  1653 I SsBaseTemplateCard: Secondary card pane is null
11-30 21:09:58.761 26728 26728 D VRI[InstrumentationActivityInvoker$EmptyActivity]: visibilityChanged oldVisibility=true newVisibility=false
11-30 21:09:58.774  1653  2334 D OneSearchSuggestProvider: Created the binder channel successfully for end point service =com.google.android.apps.search.googleapp.search.suggest.plugins.onesearch.server.OneSearchSuggestService , mChannel=i1{delegate=f{logId=117, target=directaddress:///AndroidComponentAddress%5BIntent%20%7B%20act=grpc.io.action.BIND%20cmp=com.google.android.googlequicksearchbox/com.google.android.apps.search.googleapp.search.suggest.plugins.onesearch.server.OneSearchSuggestService%20%7D%5D}} , mOneSearchConnection=l2.Z@ced2df3
11-30 21:09:58.895 26728 26728 D LifecycleMonitor: Lifecycle status change: com.example.princeproject.ProfilePage.EntrantListPage.EntrantListActivity@9fe55ae in: STOPPED
11-30 21:09:58.898 26728 26728 V ActivityScenario: Update currentActivityStage to STOPPED, currentActivity=com.example.princeproject.ProfilePage.EntrantListPage.EntrantListActivity@9fe55ae
11-30 21:09:58.930 26728 26728 D LifecycleMonitor: Lifecycle status change: com.example.princeproject.ProfilePage.EntrantListPage.EntrantListActivity@9fe55ae in: DESTROYED
11-30 21:09:58.930 26728 26728 V ActivityScenario: Update currentActivityStage to DESTROYED, currentActivity=null
11-30 21:09:58.959 26728 26728 W WindowOnBackDispatcher: sendCancelIfRunning: isInProgress=false callback=android.view.ViewRootImpl$$ExternalSyntheticLambda11@eb2cc3a
11-30 21:09:58.994 26728 26755 E TestRunner: failed: testSelectRandomEntrantUI(com.example.princeproject.ListTest)
11-30 21:09:58.998 26728 26755 E TestRunner: ----- begin exception -----
11-30 21:09:58.998 26728 26755 E TestRunner: androidx.test.espresso.NoMatchingViewException: No views in hierarchy found matching: an instance of android.widget.TextView and view.getText() with or without transformation to match: is "Chosen"
11-30 21:09:58.998 26728 26755 E TestRunner: If the target view is not part of the view hierarchy, you may need to use Espresso.onData to load it from one of the following AdapterViews:androidx.appcompat.widget.AppCompatSpinner{95e7d06 V.ED..CL. ........ 105,173-231,236 #7f0900df app:id/event_spinner aid=1073741824}
11-30 21:09:58.998 26728 26755 E TestRunner:
11-30 21:09:58.998 26728 26755 E TestRunner: View Hierarchy:
11-30 21:09:58.998 26728 26755 E TestRunner: +>DecorView{id=-1, visibility=VISIBLE, width=1080, height=2400, has-focus=false, has-focusable=true, has-window-focus=true, is-clickable=false, is-enabled=true, is-focused=false, is-focusable=false, is-layout-requested=false, is-selected=false, layout-params={(0,0)(fillxfill) ty=BASE_APPLICATION wanim=0x1030309
11-30 21:09:58.998 26728 26755 E TestRunner:   fl=LAYOUT_IN_SCREEN LAYOUT_INSET_DECOR SPLIT_TOUCH HARDWARE_ACCELERATED DRAWS_SYSTEM_BAR_BACKGROUNDS
11-30 21:09:58.998 26728 26755 E TestRunner:   pfl=NO_MOVE_ANIMATION FORCE_DRAW_STATUS_BAR_BACKGROUND FIT_INSETS_CONTROLLED
11-30 21:09:58.998 26728 26755 E TestRunner:   bhv=DEFAULT
11-30 21:09:58.998 26728 26755 E TestRunner:   fitSides=
11-30 21:09:58.998 26728 26755 E TestRunner:   frameRateBoostOnTouch=true
11-30 21:09:58.998 26728 26755 E TestRunner:   dvrrWindowFrameRateHint=true}, tag=null, root-is-layout-requested=false, has-input-connection=false, x=0.0, y=0.0, child-count=3}
11-30 21:09:58.998 26728 26755 E TestRunner: |
11-30 21:09:58.998 26728 26755 E TestRunner: +->LinearLayout{id=-1, visibility=VISIBLE, width=1080, height=2337, has-focus=false, has-focusable=true, has-window-focus=true, is-clickable=false, is-enabled=true, is-focused=false, is-focusable=false, is-layout-requested=false, is-selected=false, layout-params=android.widget.FrameLayout$LayoutParams@YYYYYY, tag=null, root-is-layout-requested=false, has-input-connection=false, x=0.0, y=0.0, child-count=2}
11-30 21:09:58.998 26728 26755 E TestRunner: |
11-30 21:09:58.998 26728 26755 E TestRunner: +-->ViewStub{id=16908747, res-name=action_mode_bar_stub, visibility=GONE, width=0, height=0, has-focus=false, has-focusable=false, has-window-focus=true, is-clickable=false, is-enabled=true, is-focused=false, is-focusable=false, is-layout-requested=true, is-selected=false, layout-params=android.widget.LinearLayout$LayoutParams@YYYYYY, tag=null, root-is-layout-requested=false, has-input-connection=false, x=0.0, y=0.0}
11-30 21:09:58.998 26728 26755 E TestRunner: |
11-30 21:09:58.998 26728 26755 E TestRunner: +-->FrameLayout{id=-1, visibility=VISIBLE, width=1080, height=2274, has-focus=false, has-focusable=true, has-window-focus=true, is-clickable=false, is-enabled=true, is-focused=false, is-focusable=false, is-layout-requested=false, is-selected=false, layout-params=android.widget.LinearLayout$LayoutParams@YYYYYY, tag=null, root-is-layout-requested=false, has-input-connection=false, x=0.0, y=63.0, child-count=1}
11-30 21:09:58.998 26728 26755 E TestRunner: |
11-30 21:09:58.998 26728 26755 E TestRunner: +--->FitWindowsLinearLayout{id=2131296313, res-name=action_bar_root, visibility=VISIBLE, width=1080, height=2274, has-focus=false, has-focusable=true, has-window-focus=true, is-clickable=false, is-enabled=true, is-focused=false, is-focusable=false, is-layout-requested=false, is-selected=false, layout-params=android.widget.FrameLayout$LayoutParams@YYYYYY, tag=null, root-is-layout-requested=false, has-input-connection=false, x=0.0, y=0.0, child-count=2}
11-30 21:09:58.998 26728 26755 E TestRunner: |
11-30 21:09:58.998 26728 26755 E TestRunner: +---->ViewStubCompat{id=2131296324, res-name=action_mode_bar_stub, visibility=GONE, width=0, height=0, has-focus=false, has-focusable=false, has-window-focus=true, is-clickable=false, is-enabled=true, is-focused=false, is-focusable=false, is-layout-requested=true, is-selected=false, layout-params=android.widget.LinearLayout$LayoutParams@YYYYYY, tag=null, root-is-layout-requested=false, has-input-connection=false, x=0.0, y=0.0}
11-30 21:09:58.998 26728 26755 E TestRunner: |
11-30 21:09:58.998 26728 26755 E TestRunner: +---->ContentFrameLayout{id=16908290, res-name=content, visibility=VISIBLE, width=1080, height=2274, has-focus=false, has-focusable=true, has-window-focus=true, is-clickable=false, is-enabled=true, is-focused=false, is-focusable=false, is-layout-requested=false, is-selected=false, layout-params=android.widget.LinearLayout$LayoutParams@YYYYYY, tag=null, root-is-layout-requested=false, has-input-connection=false, x=0.0, y=0.0, child-count=1}
11-30 21:09:58.998 26728 26755 E TestRunner: |
11-30 21:09:59.000 26728 26755 E TestRunner: +----->ConstraintLayout{id=2131296471, res-name=event_fragment, visibility=VISIBLE, width=1080, height=2274, has-focus=false, has-focusable=true, has-window-focus=true, is-clickable=false, is-enabled=true, is-focused=false, is-focusable=false, is-layout-requested=false, is-selected=false, layout-params=android.widget.FrameLayout$LayoutParams@YYYYYY, tag=null, root-is-layout-requested=false, has-input-connection=false, x=0.0, y=0.0, child-count=6}
11-30 21:09:59.000 26728 26755 E TestRunner: |
11-30 21:09:59.000 26728 26755 E TestRunner: +------>MaterialTextView{id=2131296801, res-name=textView, visibility=VISIBLE, width=247, height=57, has-focus=false, has-focusable=false, has-window-focus=true, is-clickable=false, is-enabled=true, is-focused=false, is-focusable=false, is-layout-requested=false, is-selected=false, layout-params=androidx.constraintlayout.widget.ConstraintLayout$LayoutParams@YYYYYY, tag=null, root-is-layout-requested=false, has-input-connection=false, x=137.0, y=84.0, text=Select Event:, input-type=0, ime-target=false, has-links=false}
11-30 21:09:59.000 26728 26755 E TestRunner: |
11-30 21:09:59.000 26728 26755 E TestRunner: +------>AppCompatSpinner{id=2131296479, res-name=event_spinner, visibility=VISIBLE, width=126, height=63, has-focus=false, has-focusable=false, has-window-focus=true, is-clickable=true, is-enabled=true, is-focused=false, is-focusable=false, is-layout-requested=false, is-selected=false, layout-params=androidx.constraintlayout.widget.ConstraintLayout$LayoutParams@YYYYYY, tag=null, root-is-layout-requested=false, has-input-connection=false, x=105.0, y=173.0, child-count=0}
11-30 21:09:59.000 26728 26755 E TestRunner: |
11-30 21:09:59.000 26728 26755 E TestRunner: +------>MaterialButton{id=2131296560, res-name=lottery_button, visibility=VISIBLE, width=335, height=126, has-focus=false, has-focusable=true, has-window-focus=true, is-clickable=true, is-enabled=true, is-focused=false, is-focusable=true, is-layout-requested=false, is-selected=false, layout-params=androidx.constraintlayout.widget.ConstraintLayout$LayoutParams@YYYYYY, tag=null, root-is-layout-requested=false, has-input-connection=false, x=671.0, y=199.0, text=Start Lottery, input-type=0, ime-target=false, has-links=false, is-checked=false}
11-30 21:09:59.000 26728 26755 E TestRunner: |
11-30 21:09:59.000 26728 26755 E TestRunner: +------>MaterialButton{id=2131296564, res-name=manage_event_button, visibility=VISIBLE, width=364, height=126, has-focus=false, has-focusable=true, has-window-focus=true, is-clickable=true, is-enabled=true, is-focused=false, is-focusable=true, is-layout-requested=false, is-selected=false, layout-params=androidx.constraintlayout.widget.ConstraintLayout$LayoutParams@YYYYYY, tag=null, root-is-layout-requested=false, has-input-connection=false, x=642.0, y=68.0, text=Manage Event, input-type=0, ime-target=false, has-links=false, is-checked=false}
11-30 21:09:59.000 26728 26755 E TestRunner: |
11-30 21:09:59.000 26728 26755 E TestRunner: +------>TabLayout{id=2131296780, res-name=tab_layout, visibility=VISIBLE, width=1080, height=126, has-focus=false, has-focusable=true, has-window-focus=true, is-clickable=false, is-enabled=true, is-focused=false, is-focusable=true, is-layout-requested=false, is-selected=false, layout-params=androidx.constraintlayout.widget.ConstraintLayout$LayoutParams@YYYYYY, tag=null, root-is-layout-requested=false, has-input-connection=false, x=0.0, y=357.0, child-count=1}
11-30 21:09:59.000 26728 26755 E TestRunner: |
11-30 21:09:59.000 26728 26755 E TestRunner: +------->SlidingTabIndicator{id=-1, visibility=VISIBLE, width=1080, height=126, has-focus=false, has-focusable=false, has-window-focus=true, is-clickable=false, is-enabled=true, is-focused=false, is-focusable=false, is-layout-requested=false, is-selected=false, layout-params=android.widget.FrameLayout$LayoutParams@YYYYYY, tag=null, root-is-layout-requested=false, has-input-connection=false, x=0.0, y=0.0, child-count=0}
11-30 21:09:59.000 26728 26755 E TestRunner: |
11-30 21:09:59.000 26728 26755 E TestRunner: +------>ViewPager2{id=2131296852, res-name=view_pager, visibility=VISIBLE, width=1080, height=1791, has-focus=false, has-focusable=true, has-window-focus=true, is-clickable=false, is-enabled=true, is-focused=false, is-focusable=false, is-layout-requested=false, is-selected=false, layout-params=androidx.constraintlayout.widget.ConstraintLayout$LayoutParams@YYYYYY, tag=null, root-is-layout-requested=false, has-input-connection=false, x=0.0, y=483.0, child-count=1}
11-30 21:09:59.000 26728 26755 E TestRunner: |
11-30 21:09:59.001 26728 26755 E TestRunner: +------->RecyclerViewImpl{id=1, visibility=VISIBLE, width=1080, height=1791, has-focus=false, has-focusable=true, has-window-focus=true, is-clickable=false, is-enabled=true, is-focused=false, is-focusable=true, is-layout-requested=false, is-selected=false, layout-params=android.view.ViewGroup$LayoutParams@YYYYYY, tag=null, root-is-layout-requested=false, has-input-connection=false, x=0.0, y=0.0, child-count=0}
11-30 21:09:59.001 26728 26755 E TestRunner: |
11-30 21:09:59.001 26728 26755 E TestRunner: +->View{id=16908336, res-name=navigationBarBackground, visibility=VISIBLE, width=1080, height=63, has-focus=false, has-focusable=false, has-window-focus=true, is-clickable=false, is-enabled=true, is-focused=false, is-focusable=false, is-layout-requested=false, is-selected=false, layout-params=android.widget.FrameLayout$LayoutParams@YYYYYY, tag=null, root-is-layout-requested=false, has-input-connection=false, x=0.0, y=2337.0}
11-30 21:09:59.001 26728 26755 E TestRunner: |
11-30 21:09:59.001 26728 26755 E TestRunner: +->View{id=16908335, res-name=statusBarBackground, visibility=VISIBLE, width=1080, height=63, has-focus=false, has-focusable=false, has-window-focus=true, is-clickable=false, is-enabled=true, is-focused=false, is-focusable=false, is-layout-requested=false, is-selected=false, layout-params=android.widget.FrameLayout$LayoutParams@YYYYYY, tag=null, root-is-layout-requested=false, has-input-connection=false, x=0.0, y=0.0}
11-30 21:09:59.001 26728 26755 E TestRunner: The complete view hierarchy is available in artifact file 'view-hierarchy-1.txt'.
11-30 21:09:59.001 26728 26755 E TestRunner: 	at androidx.test.espresso.NoMatchingViewException$Builder.build(NoMatchingViewException.java:185)
11-30 21:09:59.001 26728 26755 E TestRunner: 	at androidx.test.espresso.base.DefaultFailureHandler.lambda$getNoMatchingViewExceptionTruncater$0(DefaultFailureHandler.java:93)
11-30 21:09:59.001 26728 26755 E TestRunner: 	at androidx.test.espresso.base.DefaultFailureHandler$$ExternalSyntheticLambda1.truncateExceptionMessage(D8$$SyntheticClass:0)
11-30 21:09:59.001 26728 26755 E TestRunner: 	at androidx.test.espresso.base.ViewHierarchyExceptionHandler.handleSafely(ViewHierarchyExceptionHandler.java:72)
11-30 21:09:59.001 26728 26755 E TestRunner: 	at androidx.test.espresso.base.ViewHierarchyExceptionHandler.handleSafely(ViewHierarchyExceptionHandler.java:38)
11-30 21:09:59.001 26728 26755 E TestRunner: 	at androidx.test.espresso.base.DefaultFailureHandler$TypedFailureHandler.handle(DefaultFailureHandler.java:158)
11-30 21:09:59.001 26728 26755 E TestRunner: 	at androidx.test.espresso.base.DefaultFailureHandler.handle(DefaultFailureHandler.java:120)
11-30 21:09:59.001 26728 26755 E TestRunner: 	at androidx.test.espresso.ViewInteraction.waitForAndHandleInteractionResults(ViewInteraction.java:385)
11-30 21:09:59.001 26728 26755 E TestRunner: 	at androidx.test.espresso.ViewInteraction.check(ViewInteraction.java:366)
11-30 21:09:59.001 26728 26755 E TestRunner: 	at com.example.princeproject.ListTest.testSelectRandomEntrantUI(ListTest.java:31)
11-30 21:09:59.001 26728 26755 E TestRunner: 	at java.lang.reflect.Method.invoke(Native Method)
11-30 21:09:59.001 26728 26755 E TestRunner: 	at org.junit.runners.model.FrameworkMethod$1.runReflectiveCall(FrameworkMethod.java:59)
11-30 21:09:59.001 26728 26755 E TestRunner: 	at org.junit.internal.runners.model.ReflectiveCallable.run(ReflectiveCallable.java:12)
11-30 21:09:59.001 26728 26755 E TestRunner: 	at org.junit.runners.model.FrameworkMethod.invokeExplosively(FrameworkMethod.java:56)
11-30 21:09:59.001 26728 26755 E TestRunner: 	at org.junit.internal.runners.statements.InvokeMethod.evaluate(InvokeMethod.java:17)
11-30 21:09:59.001 26728 26755 E TestRunner: 	at org.junit.rules.ExternalResource$1.evaluate(ExternalResource.java:54)
11-30 21:09:59.001 26728 26755 E TestRunner: 	at org.junit.runners.ParentRunner$3.evaluate(ParentRunner.java:306)
11-30 21:09:59.001 26728 26755 E TestRunner: 	at org.junit.runners.BlockJUnit4ClassRunner$1.evaluate(BlockJUnit4ClassRunner.java:100)
11-30 21:09:59.001 26728 26755 E TestRunner: 	at org.junit.runners.ParentRunner.runLeaf(ParentRunner.java:366)
11-30 21:09:59.001 26728 26755 E TestRunner: 	at org.junit.runners.BlockJUnit4ClassRunner.runChild(BlockJUnit4ClassRunner.java:103)
11-30 21:09:59.001 26728 26755 E TestRunner: 	at org.junit.runners.BlockJUnit4ClassRunner.runChild(BlockJUnit4ClassRunner.java:63)
11-30 21:09:59.001 26728 26755 E TestRunner: 	at org.junit.runners.ParentRunner$4.run(ParentRunner.java:331)
11-30 21:09:59.001 26728 26755 E TestRunner: 	at org.junit.runners.ParentRunner$1.schedule(ParentRunner.java:79)
11-30 21:09:59.001 26728 26755 E TestRunner: 	at org.junit.runners.ParentRunner.runChildren(ParentRunner.java:329)
11-30 21:09:59.001 26728 26755 E TestRunner: 	at org.junit.runners.ParentRunner.access$100(ParentRunner.java:66)
11-30 21:09:59.001 26728 26755 E TestRunner: 	at org.junit.runners.ParentRunner$2.evaluate(ParentRunner.java:293)
11-30 21:09:59.001 26728 26755 E TestRunner: 	at org.junit.runners.ParentRunner$3.evaluate(ParentRunner.java:306)
11-30 21:09:59.001 26728 26755 E TestRunner: 	at org.junit.runners.ParentRunner.run(ParentRunner.java:413)
11-30 21:09:59.001 26728 26755 E TestRunner: 	at androidx.test.ext.junit.runners.AndroidJUnit4.run(AndroidJUnit4.java:162)
11-30 21:09:59.001 26728 26755 E TestRunner: 	at org.junit.runners.Suite.runChild(Suite.java:128)
11-30 21:09:59.001 26728 26755 E TestRunner: 	at org.junit.runners.Suite.runChild(Suite.java:27)
11-30 21:09:59.001 26728 26755 E TestRunner: 	at org.junit.runners.ParentRunner$4.run(ParentRunner.java:331)
11-30 21:09:59.002 26728 26755 E TestRunner: 	at org.junit.runners.ParentRunner$1.schedule(ParentRunner.java:79)
11-30 21:09:59.002 26728 26755 E TestRunner: 	at org.junit.runners.ParentRunner.runChildren(ParentRunner.java:329)
11-30 21:09:59.002 26728 26755 E TestRunner: 	at org.junit.runners.ParentRunner.access$100(ParentRunner.java:66)
11-30 21:09:59.002 26728 26755 E TestRunner: 	at org.junit.runners.ParentRunner$2.evaluate(ParentRunner.java:293)
11-30 21:09:59.002 26728 26755 E TestRunner: 	at org.junit.runners.ParentRunner$3.evaluate(ParentRunner.java:306)
11-30 21:09:59.002 26728 26755 E TestRunner: 	at org.junit.runners.ParentRunner.run(ParentRunner.java:413)
11-30 21:09:59.002 26728 26755 E TestRunner: 	at org.junit.runner.JUnitCore.run(JUnitCore.java:137)
11-30 21:09:59.002 26728 26755 E TestRunner: 	at org.junit.runner.JUnitCore.run(JUnitCore.java:115)
11-30 21:09:59.002 26728 26755 E TestRunner: 	at androidx.test.internal.runner.TestExecutor.execute(TestExecutor.java:68)
11-30 21:09:59.002 26728 26755 E TestRunner: 	at androidx.test.internal.runner.TestExecutor.execute(TestExecutor.java:59)
11-30 21:09:59.002 26728 26755 E TestRunner: 	at androidx.test.runner.AndroidJUnitRunner.onStart(AndroidJUnitRunner.java:463)
11-30 21:09:59.002 26728 26755 E TestRunner: 	at android.app.Instrumentation$InstrumentationThread.run(Instrumentation.java:2594)
11-30 21:09:59.002 26728 26755 E TestRunner: ----- end exception -----
11-30 21:09:59.044 26728 26755 I TestRunner: finished: testSelectRandomEntrantUI(com.example.princeproject.ListTest)
