12-01 21:53:09.777   696   696 D MonitoringInstr: java.lang.RuntimeException: Unable to pause activity {com.example.princeproject/androidx.fragment.app.testing.EmptyFragmentActivity}: android.view.InflateException: Binary XML file line #30 in com.example.princeproject:layout/fragment_profile: Binary XML file line #30 in com.example.princeproject:layout/fragment_profile: Error inflating class <unknown>
12-01 21:53:09.777   696   696 D MonitoringInstr: 	at android.app.ActivityThread.performPauseActivityIfNeeded(ActivityThread.java:5608)
12-01 21:53:09.777   696   696 D MonitoringInstr: 	at android.app.ActivityThread.performPauseActivity(ActivityThread.java:5559)
12-01 21:53:09.777   696   696 D MonitoringInstr: 	at android.app.ActivityThread.handlePauseActivity(ActivityThread.java:5511)
12-01 21:53:09.777   696   696 D MonitoringInstr: 	at android.app.servertransaction.PauseActivityItem.execute(PauseActivityItem.java:47)
12-01 21:53:09.777   696   696 D MonitoringInstr: 	at android.app.servertransaction.ActivityTransactionItem.execute(ActivityTransactionItem.java:60)
12-01 21:53:09.777   696   696 D MonitoringInstr: 	at android.app.servertransaction.TransactionExecutor.executeLifecycleItem(TransactionExecutor.java:225)
12-01 21:53:09.777   696   696 D MonitoringInstr: 	at android.app.servertransaction.TransactionExecutor.executeTransactionItems(TransactionExecutor.java:107)
12-01 21:53:09.777   696   696 D MonitoringInstr: 	at android.app.servertransaction.TransactionExecutor.execute(TransactionExecutor.java:81)
12-01 21:53:09.777   696   696 D MonitoringInstr: 	at android.app.ActivityThread$H.handleMessage(ActivityThread.java:2636)
12-01 21:53:09.777   696   696 D MonitoringInstr: 	at android.os.Handler.dispatchMessage(Handler.java:107)
12-01 21:53:09.777   696   696 D MonitoringInstr: 	at android.os.Looper.loopOnce(Looper.java:232)
12-01 21:53:09.777   696   696 D MonitoringInstr: 	at android.os.Looper.loop(Looper.java:317)
12-01 21:53:09.777   696   696 D MonitoringInstr: 	at android.app.ActivityThread.main(ActivityThread.java:8705)
12-01 21:53:09.777   696   696 D MonitoringInstr: 	at java.lang.reflect.Method.invoke(Native Method)
12-01 21:53:09.777   696   696 D MonitoringInstr: 	at com.android.internal.os.RuntimeInit$MethodAndArgsCaller.run(RuntimeInit.java:580)
12-01 21:53:09.777   696   696 D MonitoringInstr: 	at com.android.internal.os.ZygoteInit.main(ZygoteInit.java:886)
12-01 21:53:09.777   696   696 D MonitoringInstr: Caused by: android.view.InflateException: Binary XML file line #30 in com.example.princeproject:layout/fragment_profile: Binary XML file line #30 in com.example.princeproject:layout/fragment_profile: Error inflating class <unknown>
12-01 21:53:09.777   696   696 D MonitoringInstr: Caused by: android.view.InflateException: Binary XML file line #30 in com.example.princeproject:layout/fragment_profile: Error inflating class <unknown>
12-01 21:53:09.777   696   696 D MonitoringInstr: Caused by: java.lang.reflect.InvocationTargetException
12-01 21:53:09.777   696   696 D MonitoringInstr: 	at java.lang.reflect.Constructor.newInstance0(Native Method)
12-01 21:53:09.777   696   696 D MonitoringInstr: 	at java.lang.reflect.Constructor.newInstance(Constructor.java:343)
12-01 21:53:09.777   696   696 D MonitoringInstr: 	at android.view.LayoutInflater.createView(LayoutInflater.java:742)
12-01 21:53:09.777   696   696 D MonitoringInstr: 	at android.view.LayoutInflater.createViewFromTag(LayoutInflater.java:894)
12-01 21:53:09.777   696   696 D MonitoringInstr: 	at android.view.LayoutInflater.createViewFromTag(LayoutInflater.java:849)
12-01 21:53:09.777   696   696 D MonitoringInstr: 	at android.view.LayoutInflater.rInflate(LayoutInflater.java:1011)
12-01 21:53:09.777   696   696 D MonitoringInstr: 	at android.view.LayoutInflater.rInflateChildren(LayoutInflater.java:972)
12-01 21:53:09.777   696   696 D MonitoringInstr: 	at android.view.LayoutInflater.rInflate(LayoutInflater.java:1014)
12-01 21:53:09.777   696   696 D MonitoringInstr: 	at android.view.LayoutInflater.rInflateChildren(LayoutInflater.java:972)
12-01 21:53:09.777   696   696 D MonitoringInstr: 	at android.view.LayoutInflater.rInflate(LayoutInflater.java:1014)
12-01 21:53:09.777   696   696 D MonitoringInstr: 	at android.view.LayoutInflater.rInflateChildren(LayoutInflater.java:972)
12-01 21:53:09.777   696   696 D MonitoringInstr: 	at android.view.LayoutInflater.inflate(LayoutInflater.java:570)
12-01 21:53:09.777   696   696 D MonitoringInstr: 	at android.view.LayoutInflater.inflate(LayoutInflater.java:462)
12-01 21:53:09.777   696   696 D MonitoringInstr: 	at com.example.princeproject.ProfilePage.ProfileFragment.onCreateView(ProfileFragment.java:93)
12-01 21:53:09.777   696   696 D MonitoringInstr: 	at androidx.fragment.app.Fragment.performCreateView(Fragment.java:3119)
12-01 21:53:09.777   696   696 D MonitoringInstr: 	at androidx.fragment.app.FragmentStateManager.createView(FragmentStateManager.java:577)
12-01 21:53:09.777   696   696 D MonitoringInstr: 	at androidx.fragment.app.FragmentStateManager.moveToExpectedState(FragmentStateManager.java:286)
12-01 21:53:09.777   696   696 D MonitoringInstr: 	at androidx.fragment.app.FragmentStore.moveToExpectedState(FragmentStore.java:114)
12-01 21:53:09.777   696   696 D MonitoringInstr: 	at androidx.fragment.app.FragmentManager.moveToState(FragmentManager.java:1685)
12-01 21:53:09.777   696   696 D MonitoringInstr: 	at androidx.fragment.app.FragmentManager.dispatchStateChange(FragmentManager.java:3319)
12-01 21:53:09.777   696   696 D MonitoringInstr: 	at androidx.fragment.app.FragmentManager.dispatchPause(FragmentManager.java:3255)
12-01 21:53:09.777   696   696 D MonitoringInstr: 	at androidx.fragment.app.FragmentController.dispatchPause(FragmentController.java:296)
12-01 21:53:09.777   696   696 D MonitoringInstr: 	at androidx.fragment.app.FragmentActivity.onPause(FragmentActivity.java:284)
12-01 21:53:09.777   696   696 D MonitoringInstr: 	at android.app.Activity.performPause(Activity.java:9207)
12-01 21:53:09.777   696   696 D MonitoringInstr: 	at android.app.Instrumentation.callActivityOnPause(Instrumentation.java:1776)
12-01 21:53:09.778   696   696 D MonitoringInstr: 	at androidx.test.runner.MonitoringInstrumentation.callActivityOnPause(MonitoringInstrumentation.java:804)
12-01 21:53:09.778   696   696 D MonitoringInstr: 	at android.app.ActivityThread.performPauseActivityIfNeeded(ActivityThread.java:5598)
12-01 21:53:09.778   696   696 D MonitoringInstr: 	at android.app.ActivityThread.performPauseActivity(ActivityThread.java:5559)
12-01 21:53:09.778   696   696 D MonitoringInstr: 	at android.app.ActivityThread.handlePauseActivity(ActivityThread.java:5511)
12-01 21:53:09.778   696   696 D MonitoringInstr: 	at android.app.servertransaction.PauseActivityItem.execute(PauseActivityItem.java:47)
12-01 21:53:09.778   696   696 D MonitoringInstr: 	at android.app.servertransaction.ActivityTransactionItem.execute(ActivityTransactionItem.java:60)
12-01 21:53:09.778   696   696 D MonitoringInstr: 	at android.app.servertransaction.TransactionExecutor.executeLifecycleItem(TransactionExecutor.java:225)
12-01 21:53:09.778   696   696 D MonitoringInstr: 	at android.app.servertransaction.TransactionExecutor.executeTransactionItems(TransactionExecutor.java:107)
12-01 21:53:09.778   696   696 D MonitoringInstr: 	at android.app.servertransaction.TransactionExecutor.execute(TransactionExecutor.java:81)
12-01 21:53:09.778   696   696 D MonitoringInstr: 	at android.app.ActivityThread$H.handleMessage(ActivityThread.java:2636)
12-01 21:53:09.778   696   696 D MonitoringInstr: 	at android.os.Handler.dispatchMessage(Handler.java:107)
12-01 21:53:09.778   696   696 D MonitoringInstr: 	at android.os.Looper.loopOnce(Looper.java:232)
12-01 21:53:09.778   696   696 D MonitoringInstr: 	at android.os.Looper.loop(Looper.java:317)
12-01 21:53:09.778   696   696 D MonitoringInstr: 	at android.app.ActivityThread.main(ActivityThread.java:8705)
12-01 21:53:09.778   696   696 D MonitoringInstr: 	at java.lang.reflect.Method.invoke(Native Method)
12-01 21:53:09.778   696   696 D MonitoringInstr: 	at com.android.internal.os.RuntimeInit$MethodAndArgsCaller.run(RuntimeInit.java:580)
12-01 21:53:09.778   696   696 D MonitoringInstr: 	at com.android.internal.os.ZygoteInit.main(ZygoteInit.java:886)
12-01 21:53:09.778   696   696 D MonitoringInstr: Caused by: java.lang.UnsupportedOperationException: Failed to resolve attribute at index 13: TypedValue{t=0x2/d=0x7f040115 a=-1}, theme={InheritanceMap=[id=0x7f130123com.example.princeproject:style/FragmentScenarioEmptyFragmentActivityTheme, id=0x1030069android:style/Theme.WithActionBar, id=0x1030005android:style/Theme], Themes=[com.example.princeproject:style/FragmentScenarioEmptyFragmentActivityTheme, forced, android:style/Theme.DeviceDefault.Light.DarkActionBar, forced]}
12-01 21:53:09.778   696   696 D MonitoringInstr: 	at android.content.res.TypedArray.getDrawableForDensity(TypedArray.java:1011)
12-01 21:53:09.778   696   696 D MonitoringInstr: 	at android.content.res.TypedArray.getDrawable(TypedArray.java:995)
12-01 21:53:09.778   696   696 D MonitoringInstr: 	at android.view.View.<init>(View.java:6017)
12-01 21:53:09.778   696   696 D MonitoringInstr: 	at android.view.ViewGroup.<init>(ViewGroup.java:703)
12-01 21:53:09.778   696   696 D MonitoringInstr: 	at android.view.ViewGroup.<init>(ViewGroup.java:699)
12-01 21:53:09.778   696   696 D MonitoringInstr: 	at androidx.appcompat.widget.Toolbar.<init>(Toolbar.java:265)
12-01 21:53:09.778   696   696 D MonitoringInstr: 	at androidx.appcompat.widget.Toolbar.<init>(Toolbar.java:261)
12-01 21:53:09.778   696   696 D MonitoringInstr: 	... 42 more
12-01 21:53:09.778   696   696 D AndroidJUnitRunner: We've already handled this exception android.view.InflateException. Ignoring.
12-01 21:53:09.779   696   696 W MonitoringInstr: Invoking default uncaught exception handler com.android.internal.os.RuntimeInit$KillApplicationHandler@b271bc2 (a class com.android.internal.os.RuntimeInit$KillApplicationHandler)
12-01 21:53:09.787   696   696 I Process : Sending signal. PID: 696 SIG: 9
12-01 21:53:09.816  2134  2134 I adbd    : Remote process closed the socket (on MSG_PEEK)
12-01 21:53:09.818   395   395 I Zygote  : Process 696 exited due to signal 9 (Killed)
12-01 21:53:09.818   609  1452 I ImeTracker: com.example.princeproject:4676a351: onRequestHide at ORIGIN_SERVER reason HIDE_REMOVE_CLIENT fromUser false
12-01 21:53:09.819   609  1452 I ImeTracker: com.example.princeproject:4676a351: onCancelled at PHASE_SERVER_SHOULD_HIDE
12-01 21:53:09.823   609  1345 W InputManager-JNI: Input channel object 'e65b0c7 com.example.princeproject/androidx.fragment.app.testing.EmptyFragmentActivity (client)' was disposed without first being removed with the input manager!
12-01 21:53:09.823   609   649 I libprocessgroup: Removed cgroup /sys/fs/cgroup/uid_10302/pid_696
12-01 21:53:09.823   609  1014 D ConnectivityService: releasing NetworkRequest [ REQUEST id=634, [ Capabilities: INTERNET&NOT_RESTRICTED&TRUSTED&NOT_VCN_MANAGED&NOT_BANDWIDTH_CONSTRAINED Uid: 10302 RequestorUid: 10302 RequestorPkg: com.example.princeproject UnderlyingNetworks: Null] ] (release request)
12-01 21:53:09.831   609  1014 D ConnectivityService: releasing NetworkRequest [ REQUEST id=636, [ Capabilities: INTERNET&NOT_RESTRICTED&TRUSTED&NOT_VCN_MANAGED&NOT_BANDWIDTH_CONSTRAINED Uid: 10302 RequestorUid: 10302 RequestorPkg: com.example.princeproject UnderlyingNetworks: Null] ] (release request)
12-01 21:53:09.831   609  1345 W InputManager-JNI: Input channel object '7577285 com.example.princeproject/com.example.princeproject.ProfilePage.EntrantListPage.EntrantListActivity (client)' was disposed without first being removed with the input manager!
12-01 21:53:09.842   609  1014 D InetDiagMessage: Destroyed 0 sockets, proto=IPPROTO_TCP, family=AF_INET, states=14
12-01 21:53:09.842   609  1014 D InetDiagMessage: Destroyed 0 sockets, proto=IPPROTO_TCP, family=AF_INET6, states=14
12-01 21:53:09.842   609  1014 D InetDiagMessage: Destroyed live tcp sockets for uids={10302} in 1ms
12-01 21:53:09.845   609  1014 D InetDiagMessage: Destroyed 0 sockets, proto=IPPROTO_TCP, family=AF_INET, states=14
12-01 21:53:09.847   609  1014 D InetDiagMessage: Destroyed 0 sockets, proto=IPPROTO_TCP, family=AF_INET6, states=14
12-01 21:53:09.847   609  1014 D InetDiagMessage: Destroyed live tcp sockets for uids={20302} in 5ms
12-01 21:53:09.849   623   623 I app_process: System.exit called, status: 0
12-01 21:53:09.849   623   623 I AndroidRuntime: VM exiting with result code 0.
12-01 21:53:09.854   466   466 E BpTransactionCompletedListener: Failed to transact (-32)
12-01 21:53:09.856   609   638 V GrammaticalInflectionUtils: AttributionSource: android.content.AttributionSource@979249c does not have READ_SYSTEM_GRAMMATICAL_GENDER permission.
12-01 21:53:09.858  1355  1355 I TopTaskTracker: onTaskRemoved: taskId=175
12-01 21:53:09.858  1355  1355 I TopTaskTracker: onTaskRemoved: taskId=175
12-01 21:53:09.864   395   395 D Zygote  : Forked child process 800
12-01 21:53:09.872  1355  1355 D NexusLauncherModelDelegate: notifySmartspaceEvent: SmartspaceTargetEvent{mSmartspaceTarget=null, mSmartspaceActionId='null', mEventType=6}
12-01 21:53:09.882   800   800 I e.princeproject: Late-enabling -Xcheck:jni
12-01 21:53:09.882  1355  1355 D BaseDepthController: setSurface:
12-01 21:53:09.882  1355  1355 D BaseDepthController: 	mWaitingOnSurfaceValidity: false
12-01 21:53:09.882  1355  1355 D BaseDepthController: 	mSurface: Surface(name=com.google.android.apps.nexuslauncher/com.google.android.apps.nexuslauncher.NexusLauncherActivity)/@0xf997f93
12-01 21:53:09.903   800   800 I e.princeproject: Using CollectorTypeCMC GC.
12-01 21:53:09.904   800   800 W e.princeproject: Unexpected CPU variant for x86: x86_64.
12-01 21:53:09.904   800   800 W e.princeproject: Known variants: atom, sandybridge, silvermont, goldmont, goldmont-plus, goldmont-without-sha-xsaves, tremont, kabylake, default
12-01 21:53:09.913  2134  2145 I adbd    : jdwp connection from 800
12-01 21:53:09.927  1355  1355 D StatsLog: LAUNCHER_ONRESUME
12-01 21:53:09.930   609  1674 W AppSearchIcing: icing-search-engine.cc:321: Error: 5, Message: Document (com.google.android.googlequicksearchbox$OneSearchZeroStateGoogleSuggestions/default, zp) not found.
12-01 21:53:09.931  1355  2135 D OneSearchSuggestProvider: AppSearch 0-state cache not available, fallback to AGA
12-01 21:53:09.931  1355  2135 D OneSearchSuggestProvider: java.util.concurrent.CompletionException: java.util.NoSuchElementException: No value present
12-01 21:53:09.931  1355  2135 D OneSearchSuggestProvider: 	at java.util.concurrent.CompletableFuture.encodeThrowable(CompletableFuture.java:308)
12-01 21:53:09.931  1355  2135 D OneSearchSuggestProvider: 	at java.util.concurrent.CompletableFuture.completeThrowable(CompletableFuture.java:323)
12-01 21:53:09.931  1355  2135 D OneSearchSuggestProvider: 	at java.util.concurrent.CompletableFuture$UniAccept.tryFire(CompletableFuture.java:684)
12-01 21:53:09.931  1355  2135 D OneSearchSuggestProvider: 	at java.util.concurrent.CompletableFuture.postComplete(CompletableFuture.java:486)
12-01 21:53:09.931  1355  2135 D OneSearchSuggestProvider: 	at java.util.concurrent.CompletableFuture.completeExceptionally(CompletableFuture.java:2138)
12-01 21:53:09.931  1355  2135 D OneSearchSuggestProvider: 	at com.google.android.apps.nexuslauncher.allapps.E0.onResult(go/retraceme 2855a437b73635ce9cad76b9289087e631bbb67fc90008a0da13d343a00e5041:67)
12-01 21:53:09.931  1355  2135 D OneSearchSuggestProvider: 	at android.app.appsearch.SearchSessionUtil$1.lambda$onResult$0(go/retraceme 64eee9e9f568ff45978879ad2ff83146f2618ee8a88278736fbdf5fae931976e:144)
12-01 21:53:09.931  1355  2135 D OneSearchSuggestProvider: 	at android.app.appsearch.SearchSessionUtil$1.$r8$lambda$CEk3q8sDAQVhU3rQwVueB8FAj_M(go/retraceme 64eee9e9f568ff45978879ad2ff83146f2618ee8a88278736fbdf5fae931976e:1)
12-01 21:53:09.931  1355  2135 D OneSearchSuggestProvider: 	at android.app.appsearch.SearchSessionUtil$1$$ExternalSyntheticLambda0.run(go/retraceme 64eee9e9f568ff45978879ad2ff83146f2618ee8a88278736fbdf5fae931976e:22)
12-01 21:53:09.931  1355  2135 D OneSearchSuggestProvider: 	at android.os.Handler.handleCallback(Handler.java:959)
12-01 21:53:09.931  1355  2135 D OneSearchSuggestProvider: 	at android.os.Handler.dispatchMessage(Handler.java:100)
12-01 21:53:09.931  1355  2135 D OneSearchSuggestProvider: 	at android.os.Looper.loopOnce(Looper.java:232)
12-01 21:53:09.931  1355  2135 D OneSearchSuggestProvider: 	at android.os.Looper.loop(Looper.java:317)
12-01 21:53:09.931  1355  2135 D OneSearchSuggestProvider: 	at android.os.HandlerThread.run(HandlerThread.java:85)
12-01 21:53:09.931  1355  2135 D OneSearchSuggestProvider: Caused by: java.util.NoSuchElementException: No value present
12-01 21:53:09.931  1355  2135 D OneSearchSuggestProvider: 	at java.util.Optional.get(Optional.java:143)
12-01 21:53:09.931  1355  2135 D OneSearchSuggestProvider: 	at com.google.android.apps.nexuslauncher.allapps.E0.onResult(go/retraceme 2855a437b73635ce9cad76b9289087e631bbb67fc90008a0da13d343a00e5041:28)
12-01 21:53:09.931  1355  2135 D OneSearchSuggestProvider: 	... 8 more
12-01 21:53:09.933  1355  2135 D OneSearchSuggestProvider: Created the binder channel successfully for end point service =com.google.android.apps.search.googleapp.search.suggest.plugins.onesearch.server.OneSearchSuggestService , mChannel=i1{delegate=f{logId=757, target=directaddress:///AndroidComponentAddress%5BIntent%20%7B%20act=grpc.io.action.BIND%20cmp=com.google.android.googlequicksearchbox/com.google.android.apps.search.googleapp.search.suggest.plugins.onesearch.server.OneSearchSuggestService%20%7D%5D}} , mOneSearchConnection=l2.Z@27d4314
12-01 21:53:09.949  6964  6964 I A       : (REDACTED) Created gRPC endpoint for service %s
12-01 21:53:09.954  1355  1378 D QuickstepModelDelegate: notifyAppTargetEvent action=1 launchLocation=workspace/0/[-1,-1]/[1,1]
12-01 21:53:09.962   800   800 D nativeloader: Load libframework-connectivity-tiramisu-jni.so using APEX ns com_android_tethering for caller /apex/com.android.tethering/javalib/framework-connectivity-t.jar: ok
12-01 21:53:09.971  1614  1800 I AiAiEcho: Predicting[0]:  [CONTEXT sampling_count=5 ]
12-01 21:53:09.972  1614  1800 I AiAiEcho: EchoTargets:
12-01 21:53:09.972  1614  1800 I AiAiEcho: Filtered by AiAi flag check:
12-01 21:53:09.972  1614  1800 I AiAiEcho: [CONTEXT ratelimit_period="10 SECONDS" ]
12-01 21:53:09.972  1614  1800 I AiAiEcho: Ranked targets strategy: SORT, count: 0, ranking metadata:  [CONTEXT ratelimit_period="10 SECONDS" ]
12-01 21:53:09.972  1614  1800 I AiAiEcho: #remoteViewsTwiddler: feature disabled.
12-01 21:53:09.977  1614  1800 I AiAiEcho: #postPredictionTargets: Sending updates to UISurface home with targets# 0 (types=[])
12-01 21:53:09.982   609   750 I ImeTracker: com.google.android.apps.nexuslauncher:6f342bb2: onRequestHide at ORIGIN_SERVER reason HIDE_UNSPECIFIED_WINDOW fromUser false
12-01 21:53:09.983   609   750 I ImeTracker: com.google.android.apps.nexuslauncher:6f342bb2: onCancelled at PHASE_SERVER_SHOULD_HIDE
12-01 21:53:09.987  1096  1170 W WindowOnBackDispatcher: sendCancelIfRunning: isInProgress=false callback=android.view.ViewRootImpl$$ExternalSyntheticLambda11@1033457
12-01 21:53:09.987  7324  7324 I GoogleInputMethodService: GoogleInputMethodService.onFinishInput():3157
12-01 21:53:09.988   609  1452 W InputManager-JNI: Input channel object 'e12ff97 Splash Screen com.example.princeproject (client)' was disposed without first being removed with the input manager!
12-01 21:53:09.994   800   800 D CompatChangeReporter: Compat change id reported: 242716250; UID 10302; state: ENABLED
12-01 21:53:09.999  7324  7324 I GoogleInputMethodService: GoogleInputMethodService.updateDeviceLockedStatus():2248 repeatCheckTimes = 0, locked = false
12-01 21:53:10.000  7324  7324 I GoogleInputMethodService: GoogleInputMethodService.onStartInput():1986 onStartInput(EditorInfo{EditorInfo{packageName=com.google.android.apps.nexuslauncher, inputType=0, inputTypeString=NULL, enableLearning=false, autoCorrection=false, autoComplete=false, imeOptions=0, privateImeOptions=null, actionName=UNSPECIFIED, actionLabel=null, initialSelStart=-1, initialSelEnd=-1, initialCapsMode=0, label=null, fieldId=0, fieldName=null, extras=null, hintText=null, hintLocales=[]}}, false)
12-01 21:53:10.002  7324  7324 I GoogleInputMethodService: GoogleInputMethodService.updateDeviceLockedStatus():2248 repeatCheckTimes = 1, locked = false
12-01 21:53:10.002  7324  7324 I AndroidIME: InputBundleManager.loadActiveInputBundleId():450 loadActiveInputBundleId: und-Latn-x-password, password
12-01 21:53:10.003  1355  1355 D SsBaseTemplateCard: No text view can be set up
12-01 21:53:10.003  1355  1355 D SsBaseTemplateCard: Passed-in item info is null
12-01 21:53:10.003  1355  1355 D SsBaseTemplateCard: Passed-in item info is null
12-01 21:53:10.004  1355  1355 D SsBaseTemplateCard: Passed-in item info is null
12-01 21:53:10.004  1355  1355 I SsBaseTemplateCard: Secondary card pane is null
12-01 21:53:10.013   800   800 W ziparchive: Unable to open '/data/app/~~jaTc62fbA55jBFAHe0UaMA==/com.example.princeproject-wpvo6ZLrA0-ygDeuoHLuKg==/base.dm': No such file or directory
12-01 21:53:10.013   800   800 W ziparchive: Unable to open '/data/app/~~jaTc62fbA55jBFAHe0UaMA==/com.example.princeproject-wpvo6ZLrA0-ygDeuoHLuKg==/base.dm': No such file or directory
12-01 21:53:10.058  1355  1355 D SearchTargetUtil: queryLength=0 size=15
12-01 21:53:10.058  1355  1355 D SearchTargetUtil: layoutType=short_icon_row resultType=131072 packageName=com.google.android.googlequicksearchbox extras=Bundle{suggestion_type=33,suggest_truncate_start=false,is_answer=false,is_entity=false,is_personal=false,suggest_raw_text=chelsea fc aston villa,input_query=android.app.search.Query@3d271e5,group_id=web24540592,response_id=14321435-3611-496d-85b8-4c4890a115a2,support_query_builder=false,} searchAction=chelsea fc aston villa searchActionExtras=Bundle{learn_more_url=https://support.google.com/websearch/answer/106230?hl=106230,suggestion_action_text=Report this,should_start_for_result=true,allow_pinning=true,skip_logging_in_target_handler=true,suggestion_action_rpc=2,}ParentID: null targetID: aaf74520-f503-4dc3-842b-0e374fe7db98
12-01 21:53:10.058  1355  1355 D SearchTargetUtil: layoutType=short_icon_row resultType=131072 packageName=com.google.android.googlequicksearchbox extras=Bundle{suggestion_type=33,suggest_truncate_start=false,is_answer=false,is_entity=false,is_personal=false,suggest_raw_text=sikandar ka muqaddar ending explained,input_query=android.app.search.Query@3d271e5,group_id=web24540592,response_id=14321435-3611-496d-85b8-4c4890a115a2,support_query_builder=false,} searchAction=sikandar ka muqaddar ending explained searchActionExtras=Bundle{learn_more_url=https://support.google.com/websearch/answer/106230?hl=106230,suggestion_action_text=Report this,should_start_for_result=true,allow_pinning=true,skip_logging_in_target_handler=true,suggestion_action_rpc=2,}ParentID: null targetID: ad0d3ed6-011b-4f7d-a875-219ca087ce94
12-01 21:53:10.058  1355  1355 D SearchTargetUtil: layoutType=short_icon_row resultType=131072 packageName=com.google.android.googlequicksearchbox extras=Bundle{suggestion_type=33,suggest_truncate_start=false,is_answer=false,is_entity=false,is_personal=false,suggest_raw_text=wwe survivor series 2024 wargames,input_query=android.app.search.Query@3d271e5,group_id=web24540592,response_id=14321435-3611-496d-85b8-4c4890a115a2,support_query_builder=false,} searchAction=wwe survivor series 2024 wargames searchActionExtras=Bundle{learn_more_url=https://support.google.com/websearch/answer/106230?hl=106230,suggestion_action_text=Report this,should_start_for_result=true,allow_pinning=true,skip_logging_in_target_handler=true,suggestion_action_rpc=2,}ParentID: null targetID: 620bbb87-db8f-455b-bbcc-49d6cd07a9be
12-01 21:53:10.058  1355  1355 D SearchTargetUtil: layoutType=short_icon_row resultType=131072 packageName=com.google.android.googlequicksearchbox extras=Bundle{suggestion_type=33,suggest_truncate_start=false,is_answer=false,is_entity=false,is_personal=false,suggest_raw_text=las vegas festival cancellation 2025,input_query=android.app.search.Query@3d271e5,group_id=web24540592,response_id=14321435-3611-496d-85b8-4c4890a115a2,support_query_builder=false,} searchAction=las vegas festival cancellation 2025 searchActionExtras=Bundle{learn_more_url=https://support.google.com/websearch/answer/106230?hl=106230,suggestion_action_text=Report this,should_start_for_result=true,allow_pinning=true,skip_logging_in_target_handler=true,suggestion_action_rpc=2,}ParentID: null targetID: b5477de1-6916-48da-bedf-ee0bf378d2d3
12-01 21:53:10.058  1355  1355 D SearchTargetUtil: layoutType=short_icon_row resultType=131072 packageName=com.google.android.googlequicksearchbox extras=Bundle{suggestion_type=33,suggest_truncate_start=false,is_answer=false,is_entity=false,is_personal=false,suggest_raw_text=hyundai backup camera recall,input_query=android.app.search.Query@3d271e5,group_id=web24540592,response_id=14321435-3611-496d-85b8-4c4890a115a2,support_query_builder=false,} searchAction=hyundai backup camera recall searchActionExtras=Bundle{learn_more_url=https://support.google.com/websearch/answer/106230?hl=106230,suggestion_action_text=Report this,should_start_for_result=true,allow_pinning=true,skip_logging_in_target_handler=true,suggestion_action_rpc=2,}ParentID: null targetID: a0890e6e-8735-45ce-8ee4-17f719c1636a
12-01 21:53:10.058  1355  1355 D SearchTargetUtil: layoutType=short_icon_row resultType=131072 packageName=com.google.android.googlequicksearchbox extras=Bundle{suggestion_type=33,suggest_truncate_start=false,is_answer=false,is_entity=false,is_personal=false,suggest_raw_text=colorado football championship,input_query=android.app.search.Query@3d271e5,group_id=web24540592,response_id=14321435-3611-496d-85b8-4c4890a115a2,support_query_builder=false,} searchAction=colorado football championship searchActionExtras=Bundle{learn_more_url=https://support.google.com/websearch/answer/106230?hl=106230,suggestion_action_text=Report this,should_start_for_result=true,allow_pinning=true,skip_logging_in_target_handler=true,suggestion_action_rpc=2,}ParentID: null targetID: 159460c7-d34b-461a-a777-cbe55dd23295
12-01 21:53:10.058  1355  1355 D SearchTargetUtil: layoutType=extra_tall_icon_row resultType=131072 packageName=com.google.android.googlequicksearchbox extras=Bundle{bitmap_url=data:image/jpeg;base64,/9j/4AAQSkZJRgABAQAAAQABAAD/2wCEAAkGBwgHBgkIBwgKCgkLDRYPDQwMDRsUFRAWIB0iIiAdHx8kKDQsJCYxJx8fLT0tMTU3Ojo6Iys/RD84QzQ5OjcBCgoKDQwNGg8PGjclHyU3Nzc3Nzc3Nzc3Nzc3Nzc3Nzc3Nzc3Nzc3Nzc3Nzc3Nzc3Nzc3Nzc3Nzc3Nzc3Nzc3N//AABEIAHwAfAMBIgACEQEDEQH/xAAcAAACAwEBAQEAAAAAAAAAAAAEBQIDBgcBAAj/xAA+EAABAwIEAwUFBAcJAAAAAAABAAIDBBEFEiExBkFhEyIyUXEUgZGhwSNSYtEVMzRCcrHwBxYkJSY1guHx/8QAGQEAAwEBAQAAAAAAAAAAAAAAAAIDAQQF/8QAIBEAAwEAAwADAAMAAAAAAAAAAAECEQMhMQQSIkFRYf/aAAwDAQACEQMRAD8AzoHRSDR5ImnpHzUzqhgJjbzVDZoAdSsMPA3opZeis9qgHhbdfe0CTQNsg08aOitYB5KDQSdF4+oZGDkLZHC92h2wQGBbGjyVzWDySykxNjyCG929rO0IS6txaohrpBSZnRM71rd30+Kw3DUNbrsphg8gkeD8QRzsIrnNikbuRtvp8k7pJ2VFMJWEO01ty/JAYSygcl4QPJWOGignQjIkDyVM1gDoFeUPPsVopXS2sdFf7h8EPTbFXoAacPU4/urJpr9osnh2CVte/LSwF5HPktxw63/Tjh1ennAtOxkMhyi90rHMG7g7Foo88kTGgdULLhc9IwyTANaOa7bVNYYyCPkubf2ohtLgkTstmPqA1xt+Fx/mAswEzGSV8DIXZHXkOyRVleJppA+7C1thKW3N+dv65JdUYjUtkcQ4Hlc+QFghxUmWxcxoN/EBbVGD6H1FWWxO9nmc2O9zqATr03QgrKlrSxxL2dTsqWBjniJxIN9eoRGRrml7hmN9G20QYWifNA0tYGAk3JN/ejMNxeYSiK0k0bhldZ+Qka8x8d0lmD3gkizb6AfkohoaA517IDTouDYsal0lPK7tC0Zo5bWztvbXqmwN1zzAq80dVo1pD7AE6WC6BF+rGt7jdbItIkUPPzRBQ1RzTCFcGxV11TBsVYgDScOf7A4fietHwe0Ngd6rH4HK4Ye9gOmcrTYDUOgiFhcElKOa45TvZYj+2Gk9o4HqRGD2jJY5G2BOzrnbpda6KUyNvsl3FDRNgdVFJqx8bmuHmCEGI/Lhk71iSeim2NoiBbzabet1LEKM0uITUzgbMdp1buPkpRxF1mt2ssGK4GxuqYy8lrcwzHomsMENPiMkNTJ2sLSMhjIOcHY/VU0eGT1k4ipgC8i/e2WpoeGTFTZ6ssa5uvcaLD8/ep3aRfj46feCniCnpm0zDA0h9rjz+CDo8Fnno88jHd67g4keGyaewSw1BkFK6oaDcCSQNBWlpi2rpMtRTiA7Oa11xtyU3bldF1xq61nNeykpJsjrj7p5FdEwPP8Aoync918zARpbSyQY3JHW1UdKynLII3hjZ2i4BOn1+S09FEIKaOJt8sYyi55DQfJXh72cnLKl4i9C1J1KJKEnOpVCBGDYqxVQnRTugBrgptSPH41o8NNoG2Nt1nMG/Zn/AMa0OH/qG3HMpWOaCkcWMBc64UceLX4POR90q2kGanBy20QWOyPbhUwA/dKAOJ8U4a6okpaiBo7UuER63Pdv79Peps4Rnp2m1SyU5c2UsLHW9Lm6ekDuEtzZHtflPPKQfomtT/iDTl0xZDdvhGhB/wDfmoctucw6/j8c2non4Xw4RF0rgQfCLrQ1FDJLGeyc0HkTyQ0I7FxDToTdMYJyGi+y5m9Z2zOLEZaswWtFWXTzySxmOzGMblyvuNeo0On4t9k9pMJa3DpYyDmewi55eiPmmZlzeSXVmLSU7G9nSyS3PeOYNDW23ud/QLW2zFKkzEOFyivzFxZEyW4YCbBoB0tfU3trpsnQFtlX7cyqme+NhY0uA15nmrF18LbT08/5MqWsPkHPuUWSg6g6lWOUjFspXKhFspXQA3wj9nf/ABrRYeT2AsbalZ7Bhmjc0c32W4w/AHGmbmkIvrsp00ikrQ3D9YAC66WcTC2HyXfbQp7S4aadgaHk+qrxDBGVzMkzjbos+6NUM5AB3rIrDKuWn7eCRnaRFxMYO4BGo9L3W/dwVRci5ZninBf0PVU5iDjDIzxfiB1Hwspcj+yOjg/NimCYvHeYWOFwWk7JhE6zQTsktS90J7RoJ+8PqiKXE4pGhoeL+RXPh37gyne0Rue46AJLNXipjkbFBK8DQkgtHuuNUe+QSi2hHkhMQhkdHcTFjeYabXQjK7FuHSmaaxidEQS4tdy/q6aITCoMrZ5L3sQ0E/E/RFru4l+TzPkPbPDog6jcowoGfxFUOc8j2UlXHsrLoA0mA0czZmNe215QV1KlZliaOi53g13YlTjtL97ZdKiHdChfpafCQavS1SXyMM0qLUBitDBiVJJSVAu12zhuw8iOqPe6+nJCzEssmmQ1nKsVw59JNJS1Is9h3GxHIjosdiFOWSOLDYg7hdo4swz9I4f7RA29TALgD99vMfUf9rlFcwOBBXLcuKPS47XJH+iOPFKumNi7OB5p5g8VbjNO6ftRBGH5e825PokNTCQ43W9wCD2fBaOO1vs8x/5d76p1jI8jckPY46KiEUZJ1u5zt3HzQhTSv/UFKiV0x4cV+nztkDP4ijSgag98pyZGPZSVcZ0U7oA6dhdNE2tic1oBBWxjOgWUw/SpatPG/QKFvs6M6Cbqpzs3ooufpZeZgnn+xGenRDy95p+aueeSoebFMYDh/YyZXHuO2XPeMsAbBWump+6yYlzRyvzHRb+r2tlJB1FgllYyHFcOdCJA4fuPGuVwQlLeV4arqe5OOVFK/t8jxY67roeRs9G2ohsQxoDrDdvI/mkVdhv2rmT3ZNEbXHn9Qr+HsSOG1UdJUnNFJ3BfY35e/wDn6pa4Hx1n8Pxlq5Vyzq9RZiB+wPqlac49B7M4tac0Txmjd5tSS6aFiOe/T4oCp8ZRx2QNV4imEIMOi9UGHuqSAOlVFU6khdMzdouiaLGqqeGExsBdIQAD1SzFz/l8vomHDUbXexkjwtJHrZSpeF0/TVg2AvqV71KgDoV8dwnEJFwJ1Q8rrEhWlDy6l3xQBS92Yj5IIU0TKmWZgDXPacwHqP696JJ7wQtTpJDbS5IPogBZxLQtlhZWNGujZCPkfp8FhsfpS+glaHFr2jMx7Tq0jUEfzXUhE2emkhkF2PBaVz6pHaQd/VdXE/vDliP81pLhvEDxRwu5jgPbqe5DR98eNo6HQj1CW3RHCVOzCamf2MuAdVh9nG9rtZcDpqiOIIWU+MVUcQswOuB5XAP1UaTT7AXFAVXjKOOyAq/EUphWzZTuq2HRSQaf/9k=,suggestion_type=33,suggest_truncate_start=false,is_answer=false,is_entity=true,is_personal=false,suggest_raw_text=lucas adams,input_query=android.app.search.Query@3d271e5,group_id=web24540592,response_id=14321435-3611-496d-85b8-4c4890a115a2,support_query_builder=false,} searchAction=Lucas Adams searchActionExtras=Bundle{learn_more_url=https://support.google.com/websearch/answer/106230?hl=106230,suggestion_action_text=Report this,should_start_for_result=true,allow_pinning=true,sk
12-01 21:53:10.058  1355  1355 D SearchTargetUtil: layoutType=short_icon_row resultType=131072 packageName=com.google.android.googlequicksearchbox extras=Bundle{suggestion_type=33,suggest_truncate_start=false,is_answer=false,is_entity=false,is_personal=false,suggest_raw_text=breece hall injury,input_query=android.app.search.Query@3d271e5,group_id=web24540592,response_id=14321435-3611-496d-85b8-4c4890a115a2,support_query_builder=false,} searchAction=breece hall injury searchActionExtras=Bundle{learn_more_url=https://support.google.com/websearch/answer/106230?hl=106230,suggestion_action_text=Report this,should_start_for_result=true,allow_pinning=true,skip_logging_in_target_handler=true,suggestion_action_rpc=2,}ParentID: null targetID: 543c3e72-c310-404e-80a2-885ecfda13ff
12-01 21:53:10.058  1355  1355 D SearchTargetUtil: layoutType=extra_tall_icon_row resultType=131072 packageName=com.google.android.googlequicksearchbox extras=Bundle{bitmap_url=data:image/jpeg;base64,/9j/4AAQSkZJRgABAQAAAQABAAD/2wCEAAkGBwgHBgkIBwgKCgkLDRYPDQwMDRsUFRAWIB0iIiAdHx8kKDQsJCYxJx8fLT0tMTU3Ojo6Iys/RD84QzQ5OjcBCgoKDQwNGg8PGjclHyU3Nzc3Nzc3Nzc3Nzc3Nzc3Nzc3Nzc3Nzc3Nzc3Nzc3Nzc3Nzc3Nzc3Nzc3Nzc3Nzc3N//AABEIAHwAfAMBIgACEQEDEQH/xAAcAAABBQEBAQAAAAAAAAAAAAAAAQIEBgcFAwj/xAA8EAACAQMCBAQDBgMGBwAAAAABAgMABBEFIQYSEzEiQVFhB3GhFDJigZGxI0JSFXKSwdHSM0Njg6Ky8P/EABkBAAMBAQEAAAAAAAAAAAAAAAABAgMEBf/EACARAAMAAgICAwEAAAAAAAAAAAABAgMRITESQQQiIxP/2gAMAwEAAhEDEQA/ANrpKWkoAKcBikUZNemKQDMVxeJeJ9J4Zgjk1Scq8uelDGvM7474Hp7nAqfrV8NM024uuVXeNGZEZuXnIBOM/lWFXWm6txRLd8R8RTtb2qAgeHxNg4WONewGSRk+5OfPTHPk+RU9F/Hxc4d2zBqA/wC0n+6pNp8VuFp5RG89zb5/mlgOP/HNY3dxQW4IhhQf3hzn65+mK9f7RDwJDcIR4F5uTzwxOeU7ZKkjt6dsb9T+KjJZT6Us7q3vLdLi0mjmhkGUkjYFWHzFe1YHY8QTcL61PJpsvRt1Iaa3IJjzgAqyjY/3lAI/F2Oz8Na5b8Qaat3bq0bBuSWJjkxt6e43yDXLkxODWaTOoaSlNNNZFoUU6mCnA0AxaKKKYjzooo86Yh6jAp1NFOpDKrx9q1no1il3fElVVliiX70shK8qj9Dv5DJrI+IOPbnV9NSzfRLW1ijkDxus52IBGNwAdiR7eVXjijTLzjHjWXT5bjo6XpQRSIx43kdAxwSMDYjf07dzWecZ8Hx6LdtyamJQzeBZgefHzHf9K2mlCT9k+DrZwZtTWUnnVRnyUk/5V7TapZCK3S1tUYqP45uVyZN1OBjt2Iz6GuQ0ZVyhIJHpTmt5AAShwexI71o8112QoSLNrkVvdCSTSLg3n2pQxjXxyRkHfmAHpvWx/D4dKS8RYziREkZ87DBKgY9cA185AsjcykgjzBrW/grxSGv5dG1C4k6syZteYgqxXJIyfFnHYZ5cL2B7xlp2kVC8do2akwKWiucsTFFLRQAUUUUDPOiiimSOU71z+I5poNCvntm5ZukVjb+ljsD+RNTl70Twx3ELwzKGjccrA+YpMqXpplE4GmtTBdTW8U0UcOIQ1wfHIAo8Z3J8z33Fc7iTTRqXLdxxJLIu4UqrYz7nIrtx2raZd6qyzdVZXURgrg58847nt6VyJtQXozSCZQq7Mxx3HcnH7f61jXEpHpY0qp16KXa8GXV9qKxyyRrljKyvjmOe5JG5Jrlca6bcWd8iMBFCE6ahVwNqtGopqJYz6PqkkCzcrPIIgGbGcDmPYb9qgW0muXTynXoRfaaORy3UzyeLHz7Fv38qiapNVT6HeOGnErsp2jaPJqmr2un256j3BwpGQCcdt/Q+dbRwt8KNO0PUNP1Oa/up7y1AZkXlWJpMHcDHNjftn/SvHheHS01qwh0iyVZYpGcu38iFTnPqew+ZFaVXTOTzW0edkxfzrTFopBS0EBRRRQAUlLSUAeYpcUoFLimAgFKzckbMeygmg4UZJwKonEfxE0221pNAtC8k7TdG5mxhItiOUE9yThdthk75FNLYLvRweKNWmsJ43bJjl+97N5f51xLoSXVpHbuWxM55zH3+X/3rUvi0Ld27gYPKcAVSrTW7nTQQpLFexbfFcs/o+PR6eSlh4fTJutW2m2kozBfsP5ZRMxKH2zXrZ3V7ZmJ0vJZ7OfmBM33wCpyreo3z8xXi/GdxIR1UVgdmBHceldXhPQxxVrUUMZe2scc0hB3wO4X59s+WfyqvG9aZlWTH3LNH+F+nSR6Y2pzgZudovXlBwfqKu9Mt4YrW3jggQRxRKERF7KBsBTs1tK0tHJduqbY6iiimQFFFIaAFoxSUtADcYpGcA486R222qBeO4iZYuYE+nc1czshsdczdVXjGdwRkVi/xR4dnhuRr9qr8/hF2B3VhssvyOAD74Pma2Oyt8W3Qk28zg7moktrBe2j27xqNyv3e/lg+ox61ukuURz2ZFZavHqunxyOyiRdpl9G9R86r2qois42IJzXd4m4G1TQ7qS80SCWa23LwICzIPYd2X6j61V1uUvBz82HXYxk71wVgeK9ro9JfJWbH4vsjafZi8vREWwmdyB5VtHwstorXULgMyqxgxChO7KCOYj5eH/FWVaVmOZ26YAPYirXod7PJx5oFvZserGsvVI3Ch1y2fkFB388UlTvKp9E+CjA69s3CZwi7mvGOdWbFI/8AHRdirOucHtRDbBGz51v12c600S1O1LTRtS1IhaKBRQIKKKKYER5Dk471ES8SS4mRnIaHHMv4T5/rmm3N30XfADBcFl88VyNUuobXUoJQxKMwhn9kk2B+QbH1rpmDFsscmIYWlLbKObNPVU5QyKAGGdhVbl1yJrS70yUTfao7dzzch5dtsE+vauVpvHd3cXM+lxcOajcahBO8YEaqsXTBwjs7Hw5XB7fKpctIpNF2ngSZCsigkfdPmKo/F3Amla0zSTR/ZbxvuX0K7sf+ovZ/39xVz006g8HPqqWscr7iK3LME9ixxzH3wKkSRq6FGUFW7g1KY9Hz9Y8DcStrc+ki4+zJAoeS7Mp6XIxIBXG5zg7bdjnFarwfwXpvDyu9v1JrmVeWa8n++47lVH8qn67bmn2KraapK0ayOkk/T3P/AAwqjYf4j8vKrMBkYBwM+VNpS+A232euzDNB5gcg/ka83VApd3IAHctgVyeGr+/vLLm1RbZJcnHQZse4IbcEZHmQanQHdjbmG4wfSnVFkmEcbM+QF3yBnFSgcjIqKWi09iiloFFSAUUUUAU25v0S+gMuOnPEOY+QwBvXJ1lnF5aWtywRL2GSyZ/xd0b65/I+lRNejkudJhktSRPbuDHjfmGDt7jYbVWL7ULvWbi2W0GbmaNWt4ub7ssLdhnz5GbvXotaOYuen3M/EF3cSJlY44I4WHb+I+HkJ+QCfqatumah9tYmBMWsZ6aOf+YRtke371luiXurxW9vpttITNfoGun5RzFmGSRjseXGfyrS9MgltYIIkiIijQLucdh6VFrjkqWdpTmnGoQvIVkaLqKZkTnMQYF+X1x3rivxvpbaL/adkJLlGtJ7qKMDkaRYSBIN+xGRtXM0a7JlhKllq+qwS+GNjHdKT+IcrfkOVT+ddrAO9Ve+uIrjVND1CIF4NQiaEhWxzK6dRdx7oo/OpOkcWaXqFtpJhM0T6l1Vt4ZUPMrRZ51fGcEYPc06XsSO645gVKhgdiD51VLbUpLAjT59PulvEcLFK1uzow2x4xscjvv3zVqWZGBxggHGQcjNMuXnCZtVR39HOBikMJWCYPbaveBxJCrjsRXM1F5Y7F2mI6u2OUbbkCp9ivLZwj8AotfUJ7JANLmm0orIsWiiigRm1xA0rXtkkhikMfUiZe6Op5sj61nmrSSNqUHUToXcN4Ot0zhcspzIvseQGtL1YmDWtPliPK7qQfz2rPviG32fUY7iFVR5LdGIA2Bz5fqa9Gnxs5kTU4pg0tLmfR7RjfhD1ry48SQLn+RB3PavXUrq/uOHJNQsdWu578x9ZZlOAU7sFXG23puCMetUue4k0vV4ntT4Z1XqRP4kOdiMGuxw9K9jrt5p0LE2sR6iI2/LnGR8t6hPb0Vrguvw7sNGtIINWtppZtSvbfnklnn5pSMjnGPQMACceQ3qlcQXsmi8RXFhArtFa6hPcxp5GCeJeony
12-01 21:53:10.058  1355  1355 D SearchTargetUtil: layoutType=short_icon_row resultType=131072 packageName=com.google.android.googlequicksearchbox extras=Bundle{suggestion_type=33,suggest_truncate_start=false,is_answer=false,is_entity=false,is_personal=false,suggest_raw_text=penn state football big ten championship,input_query=android.app.search.Query@3d271e5,group_id=web24540592,response_id=14321435-3611-496d-85b8-4c4890a115a2,support_query_builder=false,} searchAction=penn state football big ten championship searchActionExtras=Bundle{learn_more_url=https://support.google.com/websearch/answer/106230?hl=106230,suggestion_action_text=Report this,should_start_for_result=true,allow_pinning=true,skip_logging_in_target_handler=true,suggestion_action_rpc=2,}ParentID: null targetID: 7fea72a4-7dc3-4b7a-a488-d59e2e3ac71b
12-01 21:53:10.058  1355  1355 D SearchTargetUtil: layoutType=short_icon_row resultType=131072 packageName=com.google.android.googlequicksearchbox extras=Bundle{suggestion_type=33,suggest_truncate_start=false,is_answer=false,is_entity=false,is_personal=false,suggest_raw_text=wicked musical movie,input_query=android.app.search.Query@3d271e5,group_id=web24540592,response_id=14321435-3611-496d-85b8-4c4890a115a2,support_query_builder=false,} searchAction=wicked musical movie searchActionExtras=Bundle{learn_more_url=https://support.google.com/websearch/answer/106230?hl=106230,suggestion_action_text=Report this,should_start_for_result=true,allow_pinning=true,skip_logging_in_target_handler=true,suggestion_action_rpc=2,}ParentID: null targetID: f0492449-daa5-435b-b53e-3a7bde1680fa
12-01 21:53:10.058  1355  1355 D SearchTargetUtil: layoutType=short_icon_row resultType=131072 packageName=com.google.android.googlequicksearchbox extras=Bundle{suggestion_type=33,suggest_truncate_start=false,is_answer=false,is_entity=false,is_personal=false,suggest_raw_text=galal yafai sunny edwards,input_query=android.app.search.Query@3d271e5,group_id=web24540592,response_id=14321435-3611-496d-85b8-4c4890a115a2,support_query_builder=false,} searchAction=galal yafai sunny edwards searchActionExtras=Bundle{learn_more_url=https://support.google.com/websearch/answer/106230?hl=106230,suggestion_action_text=Report this,should_start_for_result=true,allow_pinning=true,skip_logging_in_target_handler=true,suggestion_action_rpc=2,}ParentID: null targetID: 36fb7a6e-3fee-4000-8dde-dcc977b11486
12-01 21:53:10.058  1355  1355 D SearchTargetUtil: layoutType=short_icon_row resultType=131072 packageName=com.google.android.googlequicksearchbox extras=Bundle{suggestion_type=33,suggest_truncate_start=false,is_answer=false,is_entity=false,is_personal=false,suggest_raw_text=thermostat energy savings winter,input_query=android.app.search.Query@3d271e5,group_id=web24540592,response_id=14321435-3611-496d-85b8-4c4890a115a2,support_query_builder=false,} searchAction=thermostat energy savings winter searchActionExtras=Bundle{learn_more_url=https://support.google.com/websearch/answer/106230?hl=106230,suggestion_action_text=Report this,should_start_for_result=true,allow_pinning=true,skip_logging_in_target_handler=true,suggestion_action_rpc=2,}ParentID: null targetID: 4f486251-eaab-4cbc-94f4-2a1281137f1e
12-01 21:53:10.058  1355  1355 D SearchTargetUtil: layoutType=short_icon_row resultType=131072 packageName=com.google.android.googlequicksearchbox extras=Bundle{suggestion_type=33,suggest_truncate_start=false,is_answer=false,is_entity=false,is_personal=false,suggest_raw_text=lake effect snow forecast,input_query=android.app.search.Query@3d271e5,group_id=web24540592,response_id=14321435-3611-496d-85b8-4c4890a115a2,support_query_builder=false,} searchAction=lake effect snow forecast searchActionExtras=Bundle{learn_more_url=https://support.google.com/websearch/answer/106230?hl=106230,suggestion_action_text=Report this,should_start_for_result=true,allow_pinning=true,skip_logging_in_target_handler=true,suggestion_action_rpc=2,}ParentID: null targetID: 50c52dda-5da6-4765-b07c-d897b63412e7
12-01 21:53:10.059  1355  1355 D SearchTargetUtil: layoutType=short_icon_row resultType=131072 packageName=com.google.android.googlequicksearchbox extras=Bundle{suggestion_type=33,suggest_truncate_start=false,is_answer=false,is_entity=false,is_personal=false,suggest_raw_text=irish elections,input_query=android.app.search.Query@3d271e5,group_id=web24540592,response_id=14321435-3611-496d-85b8-4c4890a115a2,support_query_builder=false,} searchAction=irish elections searchActionExtras=Bundle{learn_more_url=https://support.google.com/websearch/answer/106230?hl=106230,suggestion_action_text=Report this,should_start_for_result=true,allow_pinning=true,skip_logging_in_target_handler=true,suggestion_action_rpc=2,}ParentID: null targetID: 982a6c0e-4040-4626-bc72-c0d6b502eebd
12-01 21:53:10.176   800   800 D nativeloader: Configuring clns-7 for other apk /data/app/~~jaTc62fbA55jBFAHe0UaMA==/com.example.princeproject-wpvo6ZLrA0-ygDeuoHLuKg==/base.apk. target_sdk_version=34, uses_libraries=, library_path=/data/app/~~jaTc62fbA55jBFAHe0UaMA==/com.example.princeproject-wpvo6ZLrA0-ygDeuoHLuKg==/lib/x86_64, permitted_path=/data:/mnt/expand:/data/user/0/com.example.princeproject
12-01 21:53:10.195  1355  1761 D EGL_emulation: app_time_stats: avg=34.20ms min=1.09ms max=574.39ms count=25
12-01 21:53:10.197   800   800 V GraphicsEnvironment: Currently set values for:
12-01 21:53:10.197   800   800 V GraphicsEnvironment:   angle_gl_driver_selection_pkgs=[]
12-01 21:53:10.197   800   800 V GraphicsEnvironment:   angle_gl_driver_selection_values=[]
12-01 21:53:10.197   800   800 V GraphicsEnvironment: Global.Settings values are invalid: number of packages: 0, number of values: 0
12-01 21:53:10.197   800   800 V GraphicsEnvironment: Neither updatable production driver nor prerelease driver is supported.
12-01 21:53:10.212  1355  1355 I TopTaskTracker: onTaskRemoved: taskId=174
12-01 21:53:10.212  1355  1355 I TopTaskTracker: onTaskRemoved: taskId=174
12-01 21:53:10.285   800   800 I FirebaseApp: Device unlocked: initializing all Firebase APIs for app [DEFAULT]
12-01 21:53:10.292   800   800 D CompatChangeReporter: Compat change id reported: 3400644; UID 10302; state: ENABLED
12-01 21:53:10.307   800   800 I FirebaseInitProvider: FirebaseApp initialization successful
12-01 21:53:12.620  4575  4625 I BugleRcsEngine: Connected state: [1], networkType: [WIFI] [CONTEXT thread_id=62 ]
12-01 21:53:12.620  4575  4641 I BugleRcsEngine: handleMessage processing message:[NOTIFY_UPTIME_IGNORE_STATE_CHANGED] with [non-null]:RcsEngineImpl reference [CONTEXT log_prefix="RcsEngineImpl[DUAL_REG]:[bb5fc204-b309]>Handler" thread_id=66 ]
12-01 21:53:12.621  6901  7516 I ChimeraSrvcProxy: NullBinder for android.net.action.RECOMMEND_NETWORKS triggering remote TransactionTooLargeException due to Service without Chimera impl
12-01 21:53:12.623  6901  7516 W .gms.persistent: Large reply transaction of 1056768 bytes, interface descriptor , code 1
12-01 21:53:12.629  4575  4641 I BugleRcsEngine: No RCS Configuration was found in Bugle for simID: redacted-pii:sim_id[chars:20,last3:897] [CONTEXT log_prefix="ProvisioningEngineDataRetriever" thread_id=66 ]
12-01 21:53:14.325  1096  1228 D EGL_emulation: app_time_stats: avg=512.15ms min=3.64ms max=5014.48ms count=10
12-01 21:53:15.341   609  1014 D InetDiagMessage: Destroyed 0 sockets, proto=IPPROTO_TCP, family=AF_INET, states=14
12-01 21:53:15.341   609  1014 D InetDiagMessage: Destroyed 0 sockets, proto=IPPROTO_TCP, family=AF_INET6, states=14
12-01 21:53:15.341   609  1014 D InetDiagMessage: Destroyed live tcp sockets for uids={10302} in 0ms
12-01 21:53:15.342   609  1014 D InetDiagMessage: Destroyed 0 sockets, proto=IPPROTO_TCP, family=AF_INET, states=14
12-01 21:53:15.342   609  1014 D InetDiagMessage: Destroyed 0 sockets, proto=IPPROTO_TCP, family=AF_INET6, states=14
12-01 21:53:15.342   609  1014 D InetDiagMessage: Destroyed live tcp sockets for uids={20302} in 0ms
12-01 21:53:16.124   609  1014 D InetDiagMessage: Destroyed 0 sockets, proto=IPPROTO_TCP, family=AF_INET, states=14
12-01 21:53:16.124   609  1014 D InetDiagMessage: Destroyed 0 sockets, proto=IPPROTO_TCP, family=AF_INET6, states=14
12-01 21:53:16.124   609  1014 D InetDiagMessage: Destroyed live tcp sockets for uids={10102} in 2ms
12-01 21:53:16.243   800   839 D ProfileInstaller: Installing profile for com.example.princeproject
12-01 21:53:16.782   609  1014 D InetDiagMessage: Destroyed 0 sockets, proto=IPPROTO_TCP, family=AF_INET, states=14
12-01 21:53:16.789   609  1014 D InetDiagMessage: Destroyed 2 sockets, proto=IPPROTO_TCP, family=AF_INET6, states=14
12-01 21:53:16.789   609  1014 D InetDiagMessage: Destroyed live tcp sockets for uids={10142} in 7ms
12-01 21:53:18.452   609  1014 D InetDiagMessage: Destroyed 0 sockets, proto=IPPROTO_TCP, family=AF_INET, states=14
12-01 21:53:18.453   609  1014 D InetDiagMessage: Destroyed 0 sockets, proto=IPPROTO_TCP, family=AF_INET6, states=14
12-01 21:53:18.453   609  1014 D InetDiagMessage: Destroyed live tcp sockets for uids={10143} in 1ms
12-01 21:53:18.453   609  1014 D InetDiagMessage: Destroyed 0 sockets, proto=IPPROTO_TCP, family=AF_INET, states=14
12-01 21:53:18.453   609  1014 D InetDiagMessage: Destroyed 0 sockets, proto=IPPROTO_TCP, family=AF_INET6, states=14
12-01 21:53:18.453   609  1014 D InetDiagMessage: Destroyed live tcp sockets for uids={20143} in 0ms
