12-01 18:59:00.448 24390 24407 I TestRunner: started: testRemovalButtonsProfile(com.example.princeproject.AdminPageTest)
12-01 18:59:00.449   609  1451 W InputManager-JNI: Input channel object 'c724129 com.example.princeproject/androidx.fragment.app.testing.EmptyFragmentActivity (client)' was disposed without first being removed with the input manager!
12-01 18:59:00.451 24390 24407 W Settings: Setting always_finish_activities has moved from android.provider.Settings.System to android.provider.Settings.Global, returning read-only value.
12-01 18:59:00.458  1355  1355 I TopTaskTracker: onTaskRemoved: taskId=118
12-01 18:59:00.458  1355  1355 I TopTaskTracker: onTaskRemoved: taskId=118
12-01 18:59:00.463   609  1451 V GrammaticalInflectionUtils: AttributionSource: android.content.AttributionSource@c1cd9a86 does not have READ_SYSTEM_GRAMMATICAL_GENDER permission.
12-01 18:59:00.474  1355  1355 W SplitSelectStateCtor: Missing session instanceIds
12-01 18:59:00.474  1355  1355 D StatsLog: LAUNCHER_SPLIT_SELECTION_EXIT_INTERRUPTED
12-01 18:59:00.486  1355  1355 I TopTaskTracker: onTaskMovedToFront: (moved taskInfo to front) taskId=119, baseIntent=Intent { act=android.intent.action.MAIN cat=[android.intent.category.LAUNCHER] flg=0x10008000 cmp=com.example.princeproject/.AdminPage.AdminActivity }
12-01 18:59:00.489   466   466 I BpBinder: onLastStrongRef automatically unlinking death recipients:
12-01 18:59:00.491 24390 24390 D LifecycleMonitor: Lifecycle status change: com.example.princeproject.AdminPage.AdminActivity@2b54a3 in: PRE_ON_CREATE
12-01 18:59:00.491 24390 24390 V ActivityScenario: Activity lifecycle changed event received but ignored because the intent does not match. startActivityIntent=Intent { act=android.intent.action.MAIN cat=[android.intent.category.LAUNCHER] flg=0x10008000 cmp=com.example.princeproject/androidx.fragment.app.testing.EmptyFragmentActivity (has extras) }, activity.getIntent()=Intent { act=android.intent.action.MAIN cat=[android.intent.category.LAUNCHER] flg=0x10008000 cmp=com.example.princeproject/.AdminPage.AdminActivity }, activity=com.example.princeproject.AdminPage.AdminActivity@2b54a3
12-01 18:59:00.491 24390 24390 V ActivityScenario: Activity lifecycle changed event received but ignored because the reported transition was not ON_CREATE while the last known transition was PRE_ON_CREATE
12-01 18:59:00.508 24390 24390 D LifecycleMonitor: Lifecycle status change: com.example.princeproject.AdminPage.AdminActivity@2b54a3 in: CREATED
12-01 18:59:00.509 24390 24390 V ActivityScenario: Activity lifecycle changed event received but ignored because the intent does not match. startActivityIntent=Intent { act=android.intent.action.MAIN cat=[android.intent.category.LAUNCHER] flg=0x10008000 cmp=com.example.princeproject/androidx.fragment.app.testing.EmptyFragmentActivity (has extras) }, activity.getIntent()=Intent { act=android.intent.action.MAIN cat=[android.intent.category.LAUNCHER] flg=0x10008000 cmp=com.example.princeproject/.AdminPage.AdminActivity }, activity=com.example.princeproject.AdminPage.AdminActivity@2b54a3
12-01 18:59:00.510 24390 24390 V ActivityScenario: Update currentActivityStage to CREATED, currentActivity=com.example.princeproject.AdminPage.AdminActivity@2b54a3
12-01 18:59:00.512 24390 24390 D LifecycleMonitor: Lifecycle status change: com.example.princeproject.AdminPage.AdminActivity@2b54a3 in: STARTED
12-01 18:59:00.513 24390 24390 V ActivityScenario: Activity lifecycle changed event received but ignored because the intent does not match. startActivityIntent=Intent { act=android.intent.action.MAIN cat=[android.intent.category.LAUNCHER] flg=0x10008000 cmp=com.example.princeproject/androidx.fragment.app.testing.EmptyFragmentActivity (has extras) }, activity.getIntent()=Intent { act=android.intent.action.MAIN cat=[android.intent.category.LAUNCHER] flg=0x10008000 cmp=com.example.princeproject/.AdminPage.AdminActivity }, activity=com.example.princeproject.AdminPage.AdminActivity@2b54a3
12-01 18:59:00.513 24390 24390 V ActivityScenario: Update currentActivityStage to STARTED, currentActivity=com.example.princeproject.AdminPage.AdminActivity@2b54a3
12-01 18:59:00.515 24390 24390 D LifecycleMonitor: Lifecycle status change: com.example.princeproject.AdminPage.AdminActivity@2b54a3 in: RESUMED
12-01 18:59:00.515 24390 24390 V ActivityScenario: Activity lifecycle changed event received but ignored because the intent does not match. startActivityIntent=Intent { act=android.intent.action.MAIN cat=[android.intent.category.LAUNCHER] flg=0x10008000 cmp=com.example.princeproject/androidx.fragment.app.testing.EmptyFragmentActivity (has extras) }, activity.getIntent()=Intent { act=android.intent.action.MAIN cat=[android.intent.category.LAUNCHER] flg=0x10008000 cmp=com.example.princeproject/.AdminPage.AdminActivity }, activity=com.example.princeproject.AdminPage.AdminActivity@2b54a3
12-01 18:59:00.515 24390 24390 V ActivityScenario: Update currentActivityStage to RESUMED, currentActivity=com.example.princeproject.AdminPage.AdminActivity@2b54a3
12-01 18:59:00.580   609   635 W ziparchive: Unable to open '/data/app/~~W6UVKpxwvgPFY2_Txi99VA==/com.example.princeproject-HDLZ7rwzKw7RyTdT7HIT-Q==/base.dm': No such file or directory
12-01 18:59:00.581   609   635 I ActivityTaskManager: Displayed com.example.princeproject/.AdminPage.AdminActivity for user 0: +121ms
12-01 18:59:00.630  1096  1228 D EGL_emulation: app_time_stats: avg=56.70ms min=4.41ms max=514.81ms count=17
12-01 18:59:00.643   609   750 I ImeTracker: com.example.princeproject:3bbf73b7: onRequestHide at ORIGIN_SERVER reason HIDE_UNSPECIFIED_WINDOW fromUser false
12-01 18:59:00.643   609   750 I ImeTracker: com.example.princeproject:3bbf73b7: onCancelled at PHASE_SERVER_SHOULD_HIDE
12-01 18:59:00.649  7324  7324 I GoogleInputMethodService: GoogleInputMethodService.onFinishInput():3157
12-01 18:59:00.653  7324  7324 I GoogleInputMethodService: GoogleInputMethodService.updateDeviceLockedStatus():2248 repeatCheckTimes = 0, locked = false
12-01 18:59:00.653  7324  7324 I GoogleInputMethodService: GoogleInputMethodService.onStartInput():1986 onStartInput(EditorInfo{EditorInfo{packageName=com.example.princeproject, inputType=0, inputTypeString=NULL, enableLearning=false, autoCorrection=false, autoComplete=false, imeOptions=0, privateImeOptions=null, actionName=UNSPECIFIED, actionLabel=null, initialSelStart=-1, initialSelEnd=-1, initialCapsMode=0, label=null, fieldId=0, fieldName=null, extras=null, hintText=null, hintLocales=[]}}, false)
12-01 18:59:00.654  7324  7324 I GoogleInputMethodService: GoogleInputMethodService.updateDeviceLockedStatus():2248 repeatCheckTimes = 1, locked = false
12-01 18:59:00.654  7324  7324 I AndroidIME: InputBundleManager.loadActiveInputBundleId():450 loadActiveInputBundleId: und-Latn-x-password, password
12-01 18:59:00.775  1355  1761 D EGL_emulation: app_time_stats: avg=26.41ms min=1.27ms max=383.72ms count=33
12-01 18:59:00.842  1355  1355 D VRI[NexusLauncherActivity]: visibilityChanged oldVisibility=true newVisibility=false
12-01 18:59:00.855  1355  1355 D NexusLauncherModelDelegate: notifySmartspaceEvent: SmartspaceTargetEvent{mSmartspaceTarget=null, mSmartspaceActionId='null', mEventType=7}
12-01 18:59:00.861  1096  1170 W WindowOnBackDispatcher: sendCancelIfRunning: isInProgress=false callback=android.view.ViewRootImpl$$ExternalSyntheticLambda11@53a1e49
12-01 18:59:00.862   609  2594 W InputManager-JNI: Input channel object '555b2c Splash Screen com.example.princeproject (client)' was disposed without first being removed with the input manager!
12-01 18:59:00.873  1355  1355 D BaseDepthController: setSurface:
12-01 18:59:00.873  1355  1355 D BaseDepthController: 	mWaitingOnSurfaceValidity: false
12-01 18:59:00.873  1355  1355 D BaseDepthController: 	mSurface: null
12-01 18:59:00.874  1355  1355 D BaseDepthController: mSurface is null and mCurrentBlur is: 0
12-01 18:59:00.874  1355  1355 D StateManager: goToState - fromState: Normal, toState: Normal, partial trace:
12-01 18:59:00.874  1355  1355 D StateManager: 	at com.android.launcher3.statemanager.StateManager.moveToRestState(go/retraceme 2855a437b73635ce9cad76b9289087e631bbb67fc90008a0da13d343a00e5041:4)
12-01 18:59:00.874  1355  1355 D StateManager: 	at com.android.launcher3.statemanager.StateManager.moveToRestState(go/retraceme 2855a437b73635ce9cad76b9289087e631bbb67fc90008a0da13d343a00e5041:1)
12-01 18:59:00.874  1355  1355 D StateManager: 	at com.android.launcher3.statemanager.StatefulActivity.onStop(go/retraceme 2855a437b73635ce9cad76b9289087e631bbb67fc90008a0da13d343a00e5041:34)
12-01 18:59:00.874  1355  1355 D StatsLog: LAUNCHER_ONSTOP
12-01 18:59:00.875  1355  2135 D OneSearchSuggestProvider: Shut down the binder channel
12-01 18:59:00.875  1355  1355 D StatsLog: LAUNCHER_GOOGLE_SEARCH_RESTORE_LIST_SIZE_AFTER_ACTIVITY_RESTART
12-01 18:59:00.876  1355  1438 I IPCThreadState: oneway function results for code 2 on binder at 0x7260b8fb3530 will be dropped but finished with status UNKNOWN_TRANSACTION
12-01 18:59:00.905 24390 24407 W SurfaceComposerClient: Sync transaction timed out waiting for commit callback.
12-01 18:59:00.976 24390 24407 W Settings: Setting always_finish_activities has moved from android.provider.Settings.System to android.provider.Settings.Global, returning read-only value.
12-01 18:59:00.981   609  1451 V GrammaticalInflectionUtils: AttributionSource: android.content.AttributionSource@c1cd9a86 does not have READ_SYSTEM_GRAMMATICAL_GENDER permission.
12-01 18:59:00.992 24390 24390 D LifecycleMonitor: Lifecycle status change: com.example.princeproject.AdminPage.AdminActivity@2b54a3 in: PAUSED
12-01 18:59:00.992 24390 24390 V ActivityScenario: Activity lifecycle changed event received but ignored because the intent does not match. startActivityIntent=Intent { act=android.intent.action.MAIN cat=[android.intent.category.LAUNCHER] flg=0x10008000 cmp=com.example.princeproject/androidx.fragment.app.testing.EmptyFragmentActivity (has extras) }, activity.getIntent()=Intent { act=android.intent.action.MAIN cat=[android.intent.category.LAUNCHER] flg=0x10008000 cmp=com.example.princeproject/.AdminPage.AdminActivity }, activity=com.example.princeproject.AdminPage.AdminActivity@2b54a3
12-01 18:59:00.992 24390 24390 V ActivityScenario: Update currentActivityStage to PAUSED, currentActivity=com.example.princeproject.AdminPage.AdminActivity@2b54a3
12-01 18:59:00.993 24390 24390 V ActivityScenario: Activity lifecycle changed event received but ignored because the intent does not match. startActivityIntent=Intent { act=android.intent.action.MAIN cat=[android.intent.category.LAUNCHER] flg=0x10008000 cmp=com.example.princeproject/androidx.fragment.app.testing.EmptyFragmentActivity (has extras) }, activity.getIntent()=Intent { act=android.intent.action.MAIN cat=[android.intent.category.LAUNCHER] flg=0x10008000 cmp=com.example.princeproject/.AdminPage.AdminActivity }, activity=com.example.princeproject.AdminPage.AdminActivity@2b54a3
12-01 18:59:00.993  1355  1355 I TopTaskTracker: onTaskMovedToFront: (moved taskInfo to front) taskId=120, baseIntent=Intent { act=android.intent.action.MAIN cat=[android.intent.category.LAUNCHER] flg=0x10008000 cmp=com.example.princeproject/androidx.fragment.app.testing.EmptyFragmentActivity }
12-01 18:59:01.001 24390 24390 D LifecycleMonitor: Lifecycle status change: androidx.fragment.app.testing.EmptyFragmentActivity@8b5b93a in: PRE_ON_CREATE
12-01 18:59:01.001 24390 24390 V ActivityScenario: Activity lifecycle changed event received but ignored because the reported transition was not ON_CREATE while the last known transition was DESTROYED
12-01 18:59:01.001 24390 24390 V ActivityScenario: Activity lifecycle changed event received but ignored because the intent does not match. startActivityIntent=Intent { act=android.intent.action.MAIN cat=[android.intent.category.LAUNCHER] flg=0x10008000 cmp=com.example.princeproject/.AdminPage.AdminActivity }, activity.getIntent()=Intent { act=android.intent.action.MAIN cat=[android.intent.category.LAUNCHER] flg=0x10008000 cmp=com.example.princeproject/androidx.fragment.app.testing.EmptyFragmentActivity (has extras) }, activity=androidx.fragment.app.testing.EmptyFragmentActivity@8b5b93a
12-01 18:59:01.001 24390 24390 V ActivityScenario: Activity lifecycle changed event received but ignored because the reported transition was not ON_CREATE while the last known transition was PRE_ON_CREATE
12-01 18:59:01.004   466   466 I BpBinder: onLastStrongRef automatically unlinking death recipients:
12-01 18:59:01.008 24390 24390 D LifecycleMonitor: Lifecycle status change: androidx.fragment.app.testing.EmptyFragmentActivity@8b5b93a in: CREATED
12-01 18:59:01.008 24390 24390 V ActivityScenario: Update currentActivityStage to CREATED, currentActivity=androidx.fragment.app.testing.EmptyFragmentActivity@8b5b93a
12-01 18:59:01.009 24390 24390 V ActivityScenario: Activity lifecycle changed event received but ignored because the intent does not match. startActivityIntent=Intent { act=android.intent.action.MAIN cat=[android.intent.category.LAUNCHER] flg=0x10008000 cmp=com.example.princeproject/.AdminPage.AdminActivity }, activity.getIntent()=Intent { act=android.intent.action.MAIN cat=[android.intent.category.LAUNCHER] flg=0x10008000 cmp=com.example.princeproject/androidx.fragment.app.testing.EmptyFragmentActivity (has extras) }, activity=androidx.fragment.app.testing.EmptyFragmentActivity@8b5b93a
12-01 18:59:01.010 24390 24390 V ActivityScenario: Update currentActivityStage to CREATED, currentActivity=androidx.fragment.app.testing.EmptyFragmentActivity@8b5b93a
12-01 18:59:01.010 24390 24390 D LifecycleMonitor: Lifecycle status change: androidx.fragment.app.testing.EmptyFragmentActivity@8b5b93a in: STARTED
12-01 18:59:01.011 24390 24390 V ActivityScenario: Update currentActivityStage to STARTED, currentActivity=androidx.fragment.app.testing.EmptyFragmentActivity@8b5b93a
12-01 18:59:01.011 24390 24390 V ActivityScenario: Activity lifecycle changed event received but ignored because the intent does not match. startActivityIntent=Intent { act=android.intent.action.MAIN cat=[android.intent.category.LAUNCHER] flg=0x10008000 cmp=com.example.princeproject/.AdminPage.AdminActivity }, activity.getIntent()=Intent { act=android.intent.action.MAIN cat=[android.intent.category.LAUNCHER] flg=0x10008000 cmp=com.example.princeproject/androidx.fragment.app.testing.EmptyFragmentActivity (has extras) }, activity=androidx.fragment.app.testing.EmptyFragmentActivity@8b5b93a
12-01 18:59:01.011 24390 24390 V ActivityScenario: Update currentActivityStage to STARTED, currentActivity=androidx.fragment.app.testing.EmptyFragmentActivity@8b5b93a
12-01 18:59:01.014 24390 24390 D LifecycleMonitor: Lifecycle status change: androidx.fragment.app.testing.EmptyFragmentActivity@8b5b93a in: RESUMED
12-01 18:59:01.015 24390 24390 V ActivityScenario: Update currentActivityStage to RESUMED, currentActivity=androidx.fragment.app.testing.EmptyFragmentActivity@8b5b93a
12-01 18:59:01.015 24390 24390 V ActivityScenario: Activity lifecycle changed event received but ignored because the intent does not match. startActivityIntent=Intent { act=android.intent.action.MAIN cat=[android.intent.category.LAUNCHER] flg=0x10008000 cmp=com.example.princeproject/.AdminPage.AdminActivity }, activity.getIntent()=Intent { act=android.intent.action.MAIN cat=[android.intent.category.LAUNCHER] flg=0x10008000 cmp=com.example.princeproject/androidx.fragment.app.testing.EmptyFragmentActivity (has extras) }, activity=androidx.fragment.app.testing.EmptyFragmentActivity@8b5b93a
12-01 18:59:01.015 24390 24390 V ActivityScenario: Update currentActivityStage to RESUMED, currentActivity=androidx.fragment.app.testing.EmptyFragmentActivity@8b5b93a
12-01 18:59:01.080   609   635 I ActivityTaskManager: Displayed com.example.princeproject/androidx.fragment.app.testing.EmptyFragmentActivity for user 0: +98ms
12-01 18:59:01.110   609   750 I ImeTracker: com.example.princeproject:bcac6d9: onRequestHide at ORIGIN_SERVER reason HIDE_UNSPECIFIED_WINDOW fromUser false
12-01 18:59:01.110   609   750 I ImeTracker: com.example.princeproject:bcac6d9: onCancelled at PHASE_SERVER_SHOULD_HIDE
12-01 18:59:01.111  7324  7324 I GoogleInputMethodService: GoogleInputMethodService.onFinishInput():3157
12-01 18:59:01.114  7324  7324 I GoogleInputMethodService: GoogleInputMethodService.updateDeviceLockedStatus():2248 repeatCheckTimes = 0, locked = false
12-01 18:59:01.114  7324  7324 I GoogleInputMethodService: GoogleInputMethodService.onStartInput():1986 onStartInput(EditorInfo{EditorInfo{packageName=com.example.princeproject, inputType=0, inputTypeString=NULL, enableLearning=false, autoCorrection=false, autoComplete=false, imeOptions=0, privateImeOptions=null, actionName=UNSPECIFIED, actionLabel=null, initialSelStart=-1, initialSelEnd=-1, initialCapsMode=0, label=null, fieldId=0, fieldName=null, extras=null, hintText=null, hintLocales=[]}}, false)
12-01 18:59:01.115  7324  7324 I GoogleInputMethodService: GoogleInputMethodService.updateDeviceLockedStatus():2248 repeatCheckTimes = 1, locked = false
12-01 18:59:01.115  7324  7324 I AndroidIME: InputBundleManager.loadActiveInputBundleId():450 loadActiveInputBundleId: und-Latn-x-password, password
12-01 18:59:01.377  1096  1170 W WindowOnBackDispatcher: sendCancelIfRunning: isInProgress=false callback=android.view.ViewRootImpl$$ExternalSyntheticLambda11@6e8ce4f
12-01 18:59:01.378   609  2275 W InputManager-JNI: Input channel object '69f3af Splash Screen com.example.princeproject (client)' was disposed without first being removed with the input manager!
12-01 18:59:01.593 24390 24390 D VRI[AdminActivity]: visibilityChanged oldVisibility=true newVisibility=false
12-01 18:59:01.610 24390 24390 D LifecycleMonitor: Lifecycle status change: com.example.princeproject.AdminPage.AdminActivity@2b54a3 in: STOPPED
12-01 18:59:01.611 24390 24390 V ActivityScenario: Activity lifecycle changed event received but ignored because the intent does not match. startActivityIntent=Intent { act=android.intent.action.MAIN cat=[android.intent.category.LAUNCHER] flg=0x10008000 cmp=com.example.princeproject/androidx.fragment.app.testing.EmptyFragmentActivity (has extras) }, activity.getIntent()=Intent { act=android.intent.action.MAIN cat=[android.intent.category.LAUNCHER] flg=0x10008000 cmp=com.example.princeproject/.AdminPage.AdminActivity }, activity=com.example.princeproject.AdminPage.AdminActivity@2b54a3
12-01 18:59:01.611 24390 24390 V ActivityScenario: Update currentActivityStage to STOPPED, currentActivity=com.example.princeproject.AdminPage.AdminActivity@2b54a3
12-01 18:59:01.611 24390 24390 V ActivityScenario: Activity lifecycle changed event received but ignored because the intent does not match. startActivityIntent=Intent { act=android.intent.action.MAIN cat=[android.intent.category.LAUNCHER] flg=0x10008000 cmp=com.example.princeproject/androidx.fragment.app.testing.EmptyFragmentActivity (has extras) }, activity.getIntent()=Intent { act=android.intent.action.MAIN cat=[android.intent.category.LAUNCHER] flg=0x10008000 cmp=com.example.princeproject/.AdminPage.AdminActivity }, activity=com.example.princeproject.AdminPage.AdminActivity@2b54a3
12-01 18:59:01.621 24390 24407 W SurfaceComposerClient: Sync transaction timed out waiting for commit callback.
12-01 18:59:01.914   609   625 I system_server: NativeAlloc concurrent mark compact GC freed 8031KB AllocSpace bytes, 1(20KB) LOS objects, 45% free, 29MB/53MB, paused 738us,1.717ms total 102.140ms
12-01 18:59:01.914   609   626 I BpBinder: onLastStrongRef automatically unlinking death recipients:
12-01 18:59:01.918   609   627 W System  : A resource failed to call HardwareBuffer.close.
12-01 18:59:01.919   609   627 W System  : A resource failed to call HardwareBuffer.close.
12-01 18:59:01.919   609   627 W System  : A resource failed to call release.
12-01 18:59:01.919   609   627 W System  : A resource failed to call HardwareBuffer.close.
12-01 18:59:01.919   609   627 W System  : A resource failed to call HardwareBuffer.close.
12-01 18:59:01.919   609   627 W System  : A resource failed to call release.
12-01 18:59:01.919   609   627 W System  : A resource failed to call HardwareBuffer.close.
12-01 18:59:01.919   609   627 W System  : A resource failed to call HardwareBuffer.close.
12-01 18:59:01.919   609   627 W System  : A resource failed to call HardwareBuffer.close.
12-01 18:59:01.920   609   627 W System  : A resource failed to call release.
12-01 18:59:01.920   609   627 W System  : A resource failed to call release.
12-01 18:59:03.106 24390 24409 D EGL_emulation: app_time_stats: avg=291.08ms min=12.87ms max=1132.84ms count=7
12-01 18:59:05.064 24264 24266 I AidlLazyServiceRegistrar: Process has 0 (of 1 available) client(s) in use after notification artd has clients: 0
12-01 18:59:05.064 24264 24266 I AidlLazyServiceRegistrar: Trying to shut down the service. No clients in use for any service in process.
12-01 18:59:05.067 24264 24266 I AidlLazyServiceRegistrar: Unregistered all clients and exiting
12-01 18:59:05.632 24390 24390 I ViewInteraction: Performing 'load adapter data' action on view view.getId() is <2131296852/com.example.princeproject:id/user_list_view>
12-01 18:59:05.707 24390 24409 D EGL_emulation: app_time_stats: avg=162.47ms min=14.56ms max=2350.25ms count=16
12-01 18:59:05.713 24390 24390 I ViewInteraction: Checking 'MatchesViewAssertion{viewMatcher=(view has effective visibility <VISIBLE> and view.getGlobalVisibleRect() to return non-empty rectangle)}' assertion on view (view.getId() is <2131296412/com.example.princeproject:id/delete_button> and is descendant of a view matching  displaying data matching: ANYTHING within adapter view matching: view.getId() is <2131296852/com.example.princeproject:id/user_list_view>)
12-01 18:59:05.718 24390 24390 I ViewInteraction: Performing 'load adapter data' action on view view.getId() is <2131296852/com.example.princeproject:id/user_list_view>
12-01 18:59:05.794 24390 24390 I ViewInteraction: Checking 'MatchesViewAssertion{viewMatcher=(view has effective visibility <VISIBLE> and view.getGlobalVisibleRect() to return non-empty rectangle)}' assertion on view (view.getId() is <2131296708/com.example.princeproject:id/remove_picture_text> and is descendant of a view matching  displaying data matching: ANYTHING within adapter view matching: view.getId() is <2131296852/com.example.princeproject:id/user_list_view>)
12-01 18:59:05.797 24390 24390 I ViewInteraction: Performing 'load adapter data' action on view view.getId() is <2131296852/com.example.princeproject:id/user_list_view>
12-01 18:59:05.875 24390 24390 I ViewInteraction: Checking 'MatchesViewAssertion{viewMatcher=(view has effective visibility <VISIBLE> and view.getGlobalVisibleRect() to return non-empty rectangle)}' assertion on view (view.getId() is <2131296851/com.example.princeproject:id/user_image> and is descendant of a view matching  displaying data matching: ANYTHING within adapter view matching: view.getId() is <2131296852/com.example.princeproject:id/user_list_view>)
12-01 18:59:05.882   609  2275 V GrammaticalInflectionUtils: AttributionSource: android.content.AttributionSource@c1cd9a86 does not have READ_SYSTEM_GRAMMATICAL_GENDER permission.
12-01 18:59:05.889  1355  1355 I TopTaskTracker: onTaskMovedToFront: (moved taskInfo to front) taskId=119, baseIntent=Intent { act=android.intent.action.MAIN cat=[android.intent.category.LAUNCHER] flg=0x10008000 cmp=com.example.princeproject/.AdminPage.AdminActivity }
12-01 18:59:05.892 24390 24390 D LifecycleMonitor: Lifecycle status change: androidx.fragment.app.testing.EmptyFragmentActivity@8b5b93a in: PAUSED
12-01 18:59:05.892 24390 24390 V ActivityScenario: Activity lifecycle changed event received but ignored because the intent does not match. startActivityIntent=Intent { act=android.intent.action.MAIN cat=[android.intent.category.LAUNCHER] flg=0x10008000 cmp=com.example.princeproject/.AdminPage.AdminActivity }, activity.getIntent()=Intent { act=android.intent.action.MAIN cat=[android.intent.category.LAUNCHER] flg=0x10008000 cmp=com.example.princeproject/androidx.fragment.app.testing.EmptyFragmentActivity (has extras) }, activity=androidx.fragment.app.testing.EmptyFragmentActivity@8b5b93a
12-01 18:59:05.892 24390 24390 V ActivityScenario: Update currentActivityStage to PAUSED, currentActivity=androidx.fragment.app.testing.EmptyFragmentActivity@8b5b93a
12-01 18:59:05.900 24390 24390 D LifecycleMonitor: Lifecycle status change: androidx.test.core.app.InstrumentationActivityInvoker$EmptyActivity@c5861b7 in: PRE_ON_CREATE
12-01 18:59:05.900 24390 24390 V ActivityScenario: Activity lifecycle changed event received but ignored because the intent does not match. startActivityIntent=Intent { act=android.intent.action.MAIN cat=[android.intent.category.LAUNCHER] flg=0x10008000 cmp=com.example.princeproject/.AdminPage.AdminActivity }, activity.getIntent()=Intent { act=android.intent.action.MAIN cat=[android.intent.category.LAUNCHER] flg=0x10400000 cmp=com.example.princeproject/androidx.test.core.app.InstrumentationActivityInvoker$EmptyActivity }, activity=androidx.test.core.app.InstrumentationActivityInvoker$EmptyActivity@c5861b7
12-01 18:59:05.900 24390 24390 V ActivityScenario: Activity lifecycle changed event received but ignored because the intent does not match. startActivityIntent=Intent { act=android.intent.action.MAIN cat=[android.intent.category.LAUNCHER] flg=0x10008000 cmp=com.example.princeproject/androidx.fragment.app.testing.EmptyFragmentActivity (has extras) }, activity.getIntent()=Intent { act=android.intent.action.MAIN cat=[android.intent.category.LAUNCHER] flg=0x10400000 cmp=com.example.princeproject/androidx.test.core.app.InstrumentationActivityInvoker$EmptyActivity }, activity=androidx.test.core.app.InstrumentationActivityInvoker$EmptyActivity@c5861b7
12-01 18:59:05.903 24390 24390 D LifecycleMonitor: Lifecycle status change: androidx.test.core.app.InstrumentationActivityInvoker$EmptyActivity@c5861b7 in: CREATED
12-01 18:59:05.903 24390 24390 V ActivityScenario: Activity lifecycle changed event received but ignored because the intent does not match. startActivityIntent=Intent { act=android.intent.action.MAIN cat=[android.intent.category.LAUNCHER] flg=0x10008000 cmp=com.example.princeproject/.AdminPage.AdminActivity }, activity.getIntent()=Intent { act=android.intent.action.MAIN cat=[android.intent.category.LAUNCHER] flg=0x10400000 cmp=com.example.princeproject/androidx.test.core.app.InstrumentationActivityInvoker$EmptyActivity }, activity=androidx.test.core.app.InstrumentationActivityInvoker$EmptyActivity@c5861b7
12-01 18:59:05.903 24390 24390 V ActivityScenario: Activity lifecycle changed event received but ignored because the intent does not match. startActivityIntent=Intent { act=android.intent.action.MAIN cat=[android.intent.category.LAUNCHER] flg=0x10008000 cmp=com.example.princeproject/androidx.fragment.app.testing.EmptyFragmentActivity (has extras) }, activity.getIntent()=Intent { act=android.intent.action.MAIN cat=[android.intent.category.LAUNCHER] flg=0x10400000 cmp=com.example.princeproject/androidx.test.core.app.InstrumentationActivityInvoker$EmptyActivity }, activity=androidx.test.core.app.InstrumentationActivityInvoker$EmptyActivity@c5861b7
12-01 18:59:05.905 24390 24390 D LifecycleMonitor: Lifecycle status change: androidx.test.core.app.InstrumentationActivityInvoker$EmptyActivity@c5861b7 in: STARTED
12-01 18:59:05.906   466   466 I BpBinder: onLastStrongRef automatically unlinking death recipients:
12-01 18:59:05.908 24390 24390 V ActivityScenario: Activity lifecycle changed event received but ignored because the intent does not match. startActivityIntent=Intent { act=android.intent.action.MAIN cat=[android.intent.category.LAUNCHER] flg=0x10008000 cmp=com.example.princeproject/.AdminPage.AdminActivity }, activity.getIntent()=Intent { act=android.intent.action.MAIN cat=[android.intent.category.LAUNCHER] flg=0x10400000 cmp=com.example.princeproject/androidx.test.core.app.InstrumentationActivityInvoker$EmptyActivity }, activity=androidx.test.core.app.InstrumentationActivityInvoker$EmptyActivity@c5861b7
12-01 18:59:05.908 24390 24390 V ActivityScenario: Activity lifecycle changed event received but ignored because the intent does not match. startActivityIntent=Intent { act=android.intent.action.MAIN cat=[android.intent.category.LAUNCHER] flg=0x10008000 cmp=com.example.princeproject/androidx.fragment.app.testing.EmptyFragmentActivity (has extras) }, activity.getIntent()=Intent { act=android.intent.action.MAIN cat=[android.intent.category.LAUNCHER] flg=0x10400000 cmp=com.example.princeproject/androidx.test.core.app.InstrumentationActivityInvoker$EmptyActivity }, activity=androidx.test.core.app.InstrumentationActivityInvoker$EmptyActivity@c5861b7
12-01 18:59:05.911 24390 24390 D LifecycleMonitor: Lifecycle status change: androidx.test.core.app.InstrumentationActivityInvoker$EmptyActivity@c5861b7 in: RESUMED
12-01 18:59:05.911 24390 24390 V ActivityScenario: Activity lifecycle changed event received but ignored because the intent does not match. startActivityIntent=Intent { act=android.intent.action.MAIN cat=[android.intent.category.LAUNCHER] flg=0x10008000 cmp=com.example.princeproject/.AdminPage.AdminActivity }, activity.getIntent()=Intent { act=android.intent.action.MAIN cat=[android.intent.category.LAUNCHER] flg=0x10400000 cmp=com.example.princeproject/androidx.test.core.app.InstrumentationActivityInvoker$EmptyActivity }, activity=androidx.test.core.app.InstrumentationActivityInvoker$EmptyActivity@c5861b7
12-01 18:59:05.911 24390 24390 V ActivityScenario: Activity lifecycle changed event received but ignored because the intent does not match. startActivityIntent=Intent { act=android.intent.action.MAIN cat=[android.intent.category.LAUNCHER] flg=0x10008000 cmp=com.example.princeproject/androidx.fragment.app.testing.EmptyFragmentActivity (has extras) }, activity.getIntent()=Intent { act=android.intent.action.MAIN cat=[android.intent.category.LAUNCHER] flg=0x10400000 cmp=com.example.princeproject/androidx.test.core.app.InstrumentationActivityInvoker$EmptyActivity }, activity=androidx.test.core.app.InstrumentationActivityInvoker$EmptyActivity@c5861b7
12-01 18:59:05.993   609   635 I ActivityTaskManager: Displayed com.example.princeproject/androidx.test.core.app.InstrumentationActivityInvoker$EmptyActivity for user 0: +111ms
12-01 18:59:05.999  1355  1355 I TopTaskTracker: onTaskMovedToFront: (moved taskInfo to front) taskId=120, baseIntent=Intent { act=android.intent.action.MAIN cat=[android.intent.category.LAUNCHER] flg=0x10008000 cmp=com.example.princeproject/androidx.fragment.app.testing.EmptyFragmentActivity }
12-01 18:59:06.010 24390 24390 D LifecycleMonitor: Lifecycle status change: com.example.princeproject.AdminPage.AdminActivity@2b54a3 in: DESTROYED
12-01 18:59:06.010 24390 24390 V ActivityScenario: Update currentActivityStage to DESTROYED, currentActivity=null
12-01 18:59:06.010  1096  1228 D EGL_emulation: app_time_stats: avg=336.13ms min=14.07ms max=4769.11ms count=16
12-01 18:59:06.014 24390 24390 V ActivityScenario: Activity lifecycle changed event received but ignored because the intent does not match. startActivityIntent=Intent { act=android.intent.action.MAIN cat=[android.intent.category.LAUNCHER] flg=0x10008000 cmp=com.example.princeproject/androidx.fragment.app.testing.EmptyFragmentActivity (has extras) }, activity.getIntent()=Intent { act=android.intent.action.MAIN cat=[android.intent.category.LAUNCHER] flg=0x10008000 cmp=com.example.princeproject/.AdminPage.AdminActivity }, activity=com.example.princeproject.AdminPage.AdminActivity@2b54a3
12-01 18:59:06.014 24390 24390 W WindowOnBackDispatcher: sendCancelIfRunning: isInProgress=false callback=android.view.ViewRootImpl$$ExternalSyntheticLambda11@d3e01df
12-01 18:59:06.017   609  1199 W InputManager-JNI: Input channel object '4f0be56 com.example.princeproject/com.example.princeproject.AdminPage.AdminActivity (client)' was disposed without first being removed with the input manager!
12-01 18:59:06.025 24390 24390 D LifecycleMonitor: Lifecycle status change: androidx.test.core.app.InstrumentationActivityInvoker$EmptyActivity@c5861b7 in: PAUSED
12-01 18:59:06.025 24390 24390 V ActivityScenario: Activity lifecycle changed event received but ignored because the intent does not match. startActivityIntent=Intent { act=android.intent.action.MAIN cat=[android.intent.category.LAUNCHER] flg=0x10008000 cmp=com.example.princeproject/.AdminPage.AdminActivity }, activity.getIntent()=Intent { act=android.intent.action.MAIN cat=[android.intent.category.LAUNCHER] flg=0x10400000 cmp=com.example.princeproject/androidx.test.core.app.InstrumentationActivityInvoker$EmptyActivity }, activity=androidx.test.core.app.InstrumentationActivityInvoker$EmptyActivity@c5861b7
12-01 18:59:06.025 24390 24390 V ActivityScenario: Activity lifecycle changed event received but ignored because the intent does not match. startActivityIntent=Intent { act=android.intent.action.MAIN cat=[android.intent.category.LAUNCHER] flg=0x10008000 cmp=com.example.princeproject/androidx.fragment.app.testing.EmptyFragmentActivity (has extras) }, activity.getIntent()=Intent { act=android.intent.action.MAIN cat=[android.intent.category.LAUNCHER] flg=0x10400000 cmp=com.example.princeproject/androidx.test.core.app.InstrumentationActivityInvoker$EmptyActivity }, activity=androidx.test.core.app.InstrumentationActivityInvoker$EmptyActivity@c5861b7
12-01 18:59:06.045 24390 24390 D LifecycleMonitor: Lifecycle status change: androidx.fragment.app.testing.EmptyFragmentActivity@8b5b93a in: RESUMED
12-01 18:59:06.045 24390 24390 V ActivityScenario: Activity lifecycle changed event received but ignored because the intent does not match. startActivityIntent=Intent { act=android.intent.action.MAIN cat=[android.intent.category.LAUNCHER] flg=0x10008000 cmp=com.example.princeproject/.AdminPage.AdminActivity }, activity.getIntent()=Intent { act=android.intent.action.MAIN cat=[android.intent.category.LAUNCHER] flg=0x10008000 cmp=com.example.princeproject/androidx.fragment.app.testing.EmptyFragmentActivity (has extras) }, activity=androidx.fragment.app.testing.EmptyFragmentActivity@8b5b93a
12-01 18:59:06.045 24390 24390 V ActivityScenario: Update currentActivityStage to RESUMED, currentActivity=androidx.fragment.app.testing.EmptyFragmentActivity@8b5b93a
12-01 18:59:06.046 24390 24407 I TestRunner: finished: testRemovalButtonsProfile(com.example.princeproject.AdminPageTest)
