11-29 21:13:04.654 12371 12388 I TestRunner: started: testUserInformationSubmission(com.example.princeproject.NewUserActivityTest)
11-29 21:13:04.697 12371 12388 W ActivityTestRule: getActivityIntent() returned null using default: Intent(Intent.ACTION_MAIN)
11-29 21:13:04.775  1653  2295 D EGL_emulation: app_time_stats: avg=4577.80ms min=4577.80ms max=4577.80ms count=1
11-29 21:13:04.784   642   898 V GrammaticalInflectionUtils: AttributionSource: android.content.AttributionSource@418b63d9 does not have READ_SYSTEM_GRAMMATICAL_GENDER permission.
11-29 21:13:04.995   451   451 I BpBinder: onLastStrongRef automatically unlinking death recipients:
11-29 21:13:05.061  8695  8695 I GoogleInputMethodService: GoogleInputMethodService.onFinishInput():3157
11-29 21:13:05.080  1653  1653 W SplitSelectStateCtor: Missing session instanceIds
11-29 21:13:05.081  1653  1653 D StatsLog: LAUNCHER_SPLIT_SELECTION_EXIT_INTERRUPTED
11-29 21:13:05.174  1653  1653 I TopTaskTracker: onTaskMovedToFront: (moved taskInfo to front) taskId=20, baseIntent=Intent { act=android.intent.action.MAIN flg=0x14000000 cmp=com.example.princeproject/.NewUserActivity }
11-29 21:13:05.230  8695  8695 I GoogleInputMethodService: GoogleInputMethodService.updateDeviceLockedStatus():2248 repeatCheckTimes = 0, locked = false
11-29 21:13:05.248  8695  8695 I GoogleInputMethodService: GoogleInputMethodService.onStartInput():1986 onStartInput(EditorInfo{EditorInfo{packageName=com.google.android.apps.nexuslauncher, inputType=0, inputTypeString=NULL, enableLearning=false, autoCorrection=false, autoComplete=false, imeOptions=0, privateImeOptions=null, actionName=UNSPECIFIED, actionLabel=null, initialSelStart=-1, initialSelEnd=-1, initialCapsMode=0, label=null, fieldId=0, fieldName=null, extras=null, hintText=null, hintLocales=[]}}, false)
11-29 21:13:05.255  8695  8695 I GoogleInputMethodService: GoogleInputMethodService.updateDeviceLockedStatus():2248 repeatCheckTimes = 1, locked = false
11-29 21:13:05.318  8695  8695 I AndroidIME: InputBundleManager.loadActiveInputBundleId():450 loadActiveInputBundleId: und-Latn-x-password, password
11-29 21:13:05.390  8695  8695 W NotificationCenter: NotificationCenter$ListenerData.notifyOnExecutor():672 Heavy notify work detected on UI thread: |kga->jjc| takes 25ms
11-29 21:13:05.498   642   903 V GrammaticalInflectionUtils: AttributionSource: android.content.AttributionSource@bfdb14a5 does not have READ_SYSTEM_GRAMMATICAL_GENDER permission.
11-29 21:13:05.574   382   382 D Zygote  : Forked child process 12395
11-29 21:13:05.675 12395 12395 I id.partnersetup: Using CollectorTypeCMC GC.
11-29 21:13:05.678 12395 12395 W id.partnersetup: Unexpected CPU variant for x86: x86_64.
11-29 21:13:05.678 12395 12395 W id.partnersetup: Known variants: atom, sandybridge, silvermont, goldmont, goldmont-plus, goldmont-without-sha-xsaves, tremont, kabylake, default
11-29 21:13:05.696 12395 12395 E id.partnersetup: Not starting debugger since process cannot load the jdwp agent.
11-29 21:13:05.766 12395 12395 D nativeloader: Load libframework-connectivity-tiramisu-jni.so using APEX ns com_android_tethering for caller /apex/com.android.tethering/javalib/framework-connectivity-t.jar: ok
11-29 21:13:05.766 12371 12371 D AppCompatDelegate: Checking for metadata for AppLocalesMetadataHolderService : Service not found
11-29 21:13:05.904 12395 12395 D CompatChangeReporter: Compat change id reported: 242716250; UID 10136; state: ENABLED
11-29 21:13:05.939 12395 12395 D ApplicationLoaders: Returning zygote-cached class loader: /system/framework/org.apache.http.legacy.jar
11-29 21:13:05.995 12371 12371 D LifecycleMonitor: Lifecycle status change: com.example.princeproject.NewUserActivity@9fe55ae in: PRE_ON_CREATE
11-29 21:13:06.060 12395 12395 D nativeloader: InitLlndkLibrariesProduct: libEGL.so:libGLESv1_CM.so:libGLESv2.so:libGLESv3.so:libRS.so:libandroid_net.so:libapexsupport.so:libbinder_ndk.so:libc.so:libcgrouprc.so:libclang_rt.asan-x86_64-android.so:libcom.android.tethering.connectivity_native.so:libdl.so:libft2.so:liblog.so:libm.so:libmediandk.so:libnativewindow.so:libneuralnetworks.so:libselinux.so:libsync.so:libvendorsupport.so:libvndksupport.so:libvulkan.so
11-29 21:13:06.062 12395 12395 D nativeloader: Configuring product-clns-7 for unbundled product apk /product/priv-app/PartnerSetupPrebuilt/PartnerSetupPrebuilt.apk. target_sdk_version=34, uses_libraries=, library_path=/product/priv-app/PartnerSetupPrebuilt/lib/x86_64:/product/lib64:/system/product/lib64, permitted_path=/data:/mnt/expand:/data/user/0/com.google.android.partnersetup:/product/lib64:/system/product/lib64
11-29 21:13:06.064 12395 12395 D nativeloader: InitVndkspLibrariesProduct: VNDK is deprecated with product
11-29 21:13:06.093  1360  1452 I Choreographer: Skipped 42 frames!  The application may be doing too much work on its main thread.
11-29 21:13:06.399  1360  1501 I HWUI    : Davey! duration=768ms; Flags=1, FrameTimelineVsyncId=91682, IntendedVsync=7564074291116, Vsync=7564190957778, InputEventId=0, HandleInputStart=7564194953500, AnimationStart=7564195090900, PerformTraversalsStart=7564202098400, DrawStart=7564565615800, FrameDeadline=7564090957782, FrameInterval=7564194341400, FrameStartTime=16666666, SyncQueued=7564570615500, SyncStart=7564721311700, IssueDrawCommandsStart=7564722056300, SwapBuffers=7564728944200, FrameCompleted=7564993464400, DequeueBufferDuration=6879100, QueueBufferDuration=5382400, GpuCompleted=7564993464400, SwapBuffersCompleted=7564920926000, DisplayPresentTime=72904454231359566, CommandSubmissionCompleted=7564728944200,
11-29 21:13:06.644 12395 12395 V GraphicsEnvironment: Currently set values for:
11-29 21:13:06.644 12395 12395 V GraphicsEnvironment:   angle_gl_driver_selection_pkgs=[]
11-29 21:13:06.644 12395 12395 V GraphicsEnvironment:   angle_gl_driver_selection_values=[]
11-29 21:13:06.644 12395 12395 V GraphicsEnvironment: Global.Settings values are invalid: number of packages: 0, number of values: 0
11-29 21:13:06.644 12395 12395 V GraphicsEnvironment: Neither updatable production driver nor prerelease driver is supported.
11-29 21:13:06.791  1360  1499 D EGL_emulation: app_time_stats: avg=6313.92ms min=6313.92ms max=6313.92ms count=1
11-29 21:13:06.792  1653  2295 D EGL_emulation: app_time_stats: avg=366217.03ms min=639.20ms max=731794.88ms count=2
11-29 21:13:06.850  1653  2295 D EGL_emulation: app_time_stats: avg=200.46ms min=8.83ms max=1392.57ms count=10
11-29 21:13:07.034  1653  1653 D VRI[NexusLauncherActivity]: visibilityChanged oldVisibility=true newVisibility=false
11-29 21:13:07.048  1653  1653 D NexusLauncherModelDelegate: notifySmartspaceEvent: SmartspaceTargetEvent{mSmartspaceTarget=null, mSmartspaceActionId='null', mEventType=7}
11-29 21:13:07.181 12371 12371 W e.princeproject: Accessing hidden method Landroid/view/ViewGroup;->makeOptionalFitsSystemWindows()V (unsupported, reflection, allowed)
11-29 21:13:07.206 12395 12395 D CompatChangeReporter: Compat change id reported: 253665015; UID 10136; state: ENABLED
11-29 21:13:07.206 12395 12395 W JobInfo : Job 'com.google.android.partnersetup/.PhenotypeJobService#1' has a deadline with no functional constraints. The deadline won't improve job execution latency. Consider removing the deadline.
11-29 21:13:07.214   642   898 W JobInfo : Job 'com.google.android.partnersetup/.PhenotypeJobService#1' has a deadline with no functional constraints. The deadline won't improve job execution latency. Consider removing the deadline.
11-29 21:13:07.406 12395 12410 W JobInfo : Job 'com.google.android.partnersetup/.InstalledAppJobService#4096' has a deadline with no functional constraints. The deadline won't improve job execution latency. Consider removing the deadline.
11-29 21:13:07.408   642  2384 W JobInfo : Job 'com.google.android.partnersetup/.InstalledAppJobService#4096' has a deadline with no functional constraints. The deadline won't improve job execution latency. Consider removing the deadline.
11-29 21:13:07.420 12395 12395 W JobInfo : Job 'com.google.android.partnersetup/.InstalledAppJobService#4096' has a deadline with no functional constraints. The deadline won't improve job execution latency. Consider removing the deadline.
11-29 21:13:07.420   642  2520 W JobInfo : Job 'com.google.android.partnersetup/.InstalledAppJobService#4096' has a deadline with no functional constraints. The deadline won't improve job execution latency. Consider removing the deadline.
11-29 21:13:07.599 11262 11262 I Finsky  : [2] afjk.onStartJob(127): SCH: job service start with id 9315.
11-29 21:13:07.745 11262 12297 I Finsky  : [161] mie.a(325): SCH: Satisfied jobs for 9315 are: 12-1
11-29 21:13:07.814 11262 12413 I Finsky  : [169] acco.accept(98): SCH: Job 12-1 starting
11-29 21:13:07.832 11262 11262 I Finsky  : [2] ContentSyncJob.h(9): [ContentSync] job started
11-29 21:13:08.001 12395 12410 I GooglePartnerSetup: Registered with Phenotype
11-29 21:13:08.013 12395 12410 W JobInfo : Job 'com.google.android.partnersetup/.PhenotypeJobService#2' has a deadline with no functional constraints. The deadline won't improve job execution latency. Consider removing the deadline.
11-29 21:13:08.018   642   898 W JobInfo : Job 'com.google.android.partnersetup/.PhenotypeJobService#2' has a deadline with no functional constraints. The deadline won't improve job execution latency. Consider removing the deadline.
11-29 21:13:08.084 12371 12375 I e.princeproject: Compiler allocated 4219KB to compile void android.widget.TextView.<init>(android.content.Context, android.util.AttributeSet, int, int)
11-29 21:13:08.112 12371 12371 D LifecycleMonitor: Lifecycle status change: com.example.princeproject.NewUserActivity@9fe55ae in: CREATED
11-29 21:13:08.158 12371 12371 D LifecycleMonitor: Lifecycle status change: com.example.princeproject.NewUserActivity@9fe55ae in: STARTED
11-29 21:13:08.185 12371 12371 D LifecycleMonitor: Lifecycle status change: com.example.princeproject.NewUserActivity@9fe55ae in: RESUMED
11-29 21:13:08.250 12371 12371 W HWUI    : Unknown dataspace 0
11-29 21:13:08.278  8558  8558 D BoundBrokerSvc: onUnbind: Intent { act=com.google.android.gms.feedback.internal.IFeedbackService dat=chimera-action:/... cmp=com.google.android.gms/.chimera.GmsBoundBrokerService }
11-29 21:13:08.636   451   464 W ServiceManagerCppClient: Permission failure: android.permission.ACCESS_SURFACE_FLINGER from uid=10212 pid=0
11-29 21:13:08.636   451   464 D PermissionCache: checking android.permission.ACCESS_SURFACE_FLINGER for uid=10212 => denied (10570 us)
11-29 21:13:08.639   451   464 W ServiceManagerCppClient: Permission failure: android.permission.ROTATE_SURFACE_FLINGER from uid=10212 pid=0
11-29 21:13:08.640   451   464 D PermissionCache: checking android.permission.ROTATE_SURFACE_FLINGER for uid=10212 => denied (3162 us)
11-29 21:13:08.640   451   465 W ServiceManagerCppClient: Permission failure: android.permission.ROTATE_SURFACE_FLINGER from uid=10212 pid=12371
11-29 21:13:08.640   451   465 D PermissionCache: checking android.permission.ROTATE_SURFACE_FLINGER for uid=10212 => denied (3023 us)
11-29 21:13:08.640   451   465 W ServiceManagerCppClient: Permission failure: android.permission.INTERNAL_SYSTEM_WINDOW from uid=10212 pid=12371
11-29 21:13:08.640   451   465 D PermissionCache: checking android.permission.INTERNAL_SYSTEM_WINDOW for uid=10212 => denied (372 us)
11-29 21:13:08.641   451   464 W ServiceManagerCppClient: Permission failure: android.permission.INTERNAL_SYSTEM_WINDOW from uid=10212 pid=0
11-29 21:13:08.641   451   464 D PermissionCache: checking android.permission.INTERNAL_SYSTEM_WINDOW for uid=10212 => denied (1223 us)
11-29 21:13:08.642 12371 12391 I EGL_emulation: Opening libGLESv1_CM_emulation.so
11-29 21:13:08.643 12371 12391 I EGL_emulation: Opening libGLESv2_emulation.so
11-29 21:13:08.964 11262 12414 I Finsky  : [170] wio.r(36): Completed 0 account content syncs with 0 successful.
11-29 21:13:08.966 11262 11262 I Finsky  : [2] ContentSyncJob.a(12): [ContentSync] Installation state replication succeeded.
11-29 21:13:08.967 11262 11262 I Finsky  : [2] afhr.q(56): SCH: jobFinished: 12-1. TimeElapsed: 1152ms.
11-29 21:13:09.202  8510 12131 I NetworkScheduler.Stats: (REDACTED) Task %s/%s started execution. cause:%s exec_start_elapsed_seconds: %s
11-29 21:13:09.207   642  1261 D InetDiagMessage: Destroyed 0 sockets, proto=IPPROTO_TCP, family=AF_INET, states=14
11-29 21:13:09.222   642  1261 D InetDiagMessage: Destroyed 0 sockets, proto=IPPROTO_TCP, family=AF_INET6, states=14
11-29 21:13:09.222   642  1261 D InetDiagMessage: Destroyed live tcp sockets for uids={10143} in 17ms
11-29 21:13:09.225   642  1261 D InetDiagMessage: Destroyed 0 sockets, proto=IPPROTO_TCP, family=AF_INET, states=14
11-29 21:13:09.228   642  1261 D InetDiagMessage: Destroyed 0 sockets, proto=IPPROTO_TCP, family=AF_INET6, states=14
11-29 21:13:09.233   642  1261 D InetDiagMessage: Destroyed live tcp sockets for uids={20143} in 6ms
11-29 21:13:09.234 12371 12391 W HWUI    : Failed to choose config with EGL_SWAP_BEHAVIOR_PRESERVED, retrying without...
11-29 21:13:09.235 12371 12391 W HWUI    : Failed to initialize 101010-2 format, error = EGL_SUCCESS
11-29 21:13:09.341 11262 11392 I Finsky  : [63] qvl.accept(58): SCH: Scheduling phonesky job Id: 1-1337, CT: 1732931439621, Constraints: [{ L: 34621398, D: 77821398, C: CHARGING_NONE, I: IDLE_NONE, N: NET_ANY }]
11-29 21:13:09.378 11262 11408 I Finsky  : [70] mif.apply(105): SCH: Scheduling 1 system job(s)
11-29 21:13:09.398 11262 11408 I Finsky  : [70] afho.b(244): SCH: Scheduling system job Id: 9317, L: 26071640, D: 69271640, C: false, I: false, N: 1
11-29 21:13:09.444 11262 12413 I Finsky  : [169] afjk.a(24): SCH: job service finished with id 9315.
11-29 21:13:09.510   158   158 I hwservicemanager: getTransport: Cannot find entry android.hardware.graphics.mapper@4.0::IMapper/default in either framework or device VINTF manifest.
11-29 21:13:09.511 12371 12391 I Gralloc4: mapper 4.x is not supported
11-29 21:13:09.556 11262 11262 I Finsky  : [2] xvv.onTrimMemory(11): Memory trim requested to level 40
11-29 21:13:09.558 11262 11262 I Finsky  : [2] aceq.accept(139): Flushing in-memory image cache
11-29 21:13:10.226 12371 12420 E SurfaceSyncGroup: Failed to receive transaction ready in 1000ms. Marking SurfaceSyncGroup(wmsSync-VRI[NewUserActivity]#0) as ready
11-29 21:13:10.247 12371 12420 E SurfaceSyncGroup: Failed to receive transaction ready in 1000ms. Marking SurfaceSyncGroup(VRI[NewUserActivity]#1) as ready
11-29 21:13:10.253   642  2436 W ServiceManagerCppClient: Permission failure: android.permission.ACCESS_SURFACE_FLINGER from uid=10212 pid=0
11-29 21:13:10.253   642  2436 D PermissionCache: checking android.permission.ACCESS_SURFACE_FLINGER for uid=10212 => denied (276 us)
11-29 21:13:10.254   642  2436 W ServiceManagerCppClient: Permission failure: android.permission.ROTATE_SURFACE_FLINGER from uid=10212 pid=0
11-29 21:13:10.254   642  2436 D PermissionCache: checking android.permission.ROTATE_SURFACE_FLINGER for uid=10212 => denied (113 us)
11-29 21:13:10.254   642  2436 W ServiceManagerCppClient: Permission failure: android.permission.INTERNAL_SYSTEM_WINDOW from uid=10212 pid=0
11-29 21:13:10.254   642  2436 D PermissionCache: checking android.permission.INTERNAL_SYSTEM_WINDOW for uid=10212 => denied (90 us)
11-29 21:13:10.293 12371 12371 I Choreographer: Skipped 115 frames!  The application may be doing too much work on its main thread.
11-29 21:13:10.326   642   674 W ziparchive: Unable to open '/data/app/~~ZhpehhJw02gTLP9ZuoKjUg==/com.example.princeproject-uEqbcjnBcZLs-H_YUUIppQ==/base.dm': No such file or directory
11-29 21:13:10.331   642   674 I ActivityTaskManager: Displayed com.example.princeproject/.NewUserActivity for user 0: +5s581ms
11-29 21:13:10.372 12371 12381 I HWUI    : Davey! duration=2007ms; Flags=1, FrameTimelineVsyncId=92179, IntendedVsync=7567124290994, Vsync=7567157624326, InputEventId=0, HandleInputStart=7567157861400, AnimationStart=7567158047100, PerformTraversalsStart=7567158137500, DrawStart=7568425330300, FrameDeadline=7567140957660, FrameInterval=7567157804200, FrameStartTime=16666666, SyncQueued=7568551200100, SyncStart=7568555716100, IssueDrawCommandsStart=7568566228100, SwapBuffers=7569051909300, FrameCompleted=7569136756200, DequeueBufferDuration=52600, QueueBufferDuration=1300700, GpuCompleted=7569136756200, SwapBuffersCompleted=7569070962700, DisplayPresentTime=0, CommandSubmissionCompleted=7569051909300,
11-29 21:13:10.398 12371 12424 I HWUI    : Davey! duration=2004ms; Flags=0, FrameTimelineVsyncId=92202, IntendedVsync=7567207624324, Vsync=7569124290914, InputEventId=0, HandleInputStart=7569136909600, AnimationStart=7569136962800, PerformTraversalsStart=7569138606100, DrawStart=7569139134300, FrameDeadline=7569157624246, FrameInterval=7569133024800, FrameStartTime=16666666, SyncQueued=7569155037000, SyncStart=7569156952200, IssueDrawCommandsStart=7569157096000, SwapBuffers=7569186940300, FrameCompleted=7569213857000, DequeueBufferDuration=72300, QueueBufferDuration=22630500, GpuCompleted=7569213508600, SwapBuffersCompleted=7569213857000, DisplayPresentTime=0, CommandSubmissionCompleted=7569186940300,
11-29 21:13:10.459 12371 12371 I AssistStructure: Flattened final assist data: 2280 bytes, containing 1 windows, 10 views
11-29 21:13:10.531   642  1261 D InetDiagMessage: Destroyed 0 sockets, proto=IPPROTO_TCP, family=AF_INET, states=14
11-29 21:13:10.563   642  1261 D InetDiagMessage: Destroyed 0 sockets, proto=IPPROTO_TCP, family=AF_INET6, states=14
11-29 21:13:10.563   642  1261 D InetDiagMessage: Destroyed live tcp sockets for uids={10187} in 35ms
11-29 21:13:10.659  8510  8644 I FontLog : (REDACTED) Received query %s, URI %s
11-29 21:13:10.679  8510  8644 I FontLog : (REDACTED) Query [%s] resolved to %s
11-29 21:13:10.757  8510  8644 I FontLog : (REDACTED) Fetch %s end status %s
11-29 21:13:10.785  8510  8644 I FontLog : (REDACTED) Pulling font file for id = %d, cache size = %d
11-29 21:13:10.829  1360  1452 W WindowOnBackDispatcher: sendCancelIfRunning: isInProgress=false callback=android.view.ViewRootImpl$$ExternalSyntheticLambda11@10f1b77
11-29 21:13:10.855   642  2510 W InputManager-JNI: Input channel object 'b05f228 Splash Screen com.example.princeproject (client)' was disposed without first being removed with the input manager!
11-29 21:13:10.884   642   936 I ImeTracker: com.example.princeproject:7c4148fc: onRequestHide at ORIGIN_SERVER reason HIDE_UNSPECIFIED_WINDOW fromUser false
11-29 21:13:10.910   642   936 I ImeTracker: com.example.princeproject:7c4148fc: onCancelled at PHASE_SERVER_SHOULD_HIDE
11-29 21:13:11.033 12371 12427 D ProfileInstaller: Installing profile for com.example.princeproject
11-29 21:13:11.035  1653  2295 D EGL_emulation: app_time_stats: avg=419.64ms min=3.87ms max=3877.45ms count=10
11-29 21:13:11.047  8510 12176 I NetworkScheduler.Stats: (REDACTED) Task %s/%s finished executing. cause:%s result: %s elapsed_millis: %s uptime_millis: %s exec_start_elapsed_seconds: %s
11-29 21:13:11.070  8510  8644 I FontLog : (REDACTED) Pulling font file for id = %d, cache size = %d
11-29 21:13:11.114  1653  1653 D BaseDepthController: setSurface:
11-29 21:13:11.114  1653  1653 D BaseDepthController: 	mWaitingOnSurfaceValidity: false
11-29 21:13:11.114  1653  1653 D BaseDepthController: 	mSurface: null
11-29 21:13:11.131  8695  8695 I GoogleInputMethodService: GoogleInputMethodService.onFinishInput():3157
11-29 21:13:11.145  1653  1653 D BaseDepthController: mSurface is null and mCurrentBlur is: 0
11-29 21:13:11.189  8695  8695 I GoogleInputMethodService: GoogleInputMethodService.updateDeviceLockedStatus():2248 repeatCheckTimes = 0, locked = false
11-29 21:13:11.192  1360  1499 D EGL_emulation: app_time_stats: avg=1094.78ms min=7.35ms max=4262.88ms count=4
11-29 21:13:11.209  1653  1653 D StateManager: goToState - fromState: Normal, toState: Normal, partial trace:
11-29 21:13:11.209  1653  1653 D StateManager: 	at com.android.launcher3.statemanager.StateManager.moveToRestState(go/retraceme 2855a437b73635ce9cad76b9289087e631bbb67fc90008a0da13d343a00e5041:4)
11-29 21:13:11.209  1653  1653 D StateManager: 	at com.android.launcher3.statemanager.StateManager.moveToRestState(go/retraceme 2855a437b73635ce9cad76b9289087e631bbb67fc90008a0da13d343a00e5041:1)
11-29 21:13:11.209  1653  1653 D StateManager: 	at com.android.launcher3.statemanager.StatefulActivity.onStop(go/retraceme 2855a437b73635ce9cad76b9289087e631bbb67fc90008a0da13d343a00e5041:34)
11-29 21:13:11.220  1653  1653 D StatsLog: LAUNCHER_ONSTOP
11-29 21:13:11.239  1653  1653 D StatsLog: LAUNCHER_GOOGLE_SEARCH_RESTORE_LIST_SIZE_AFTER_ACTIVITY_RESTART
11-29 21:13:11.247  1653  2334 D OneSearchSuggestProvider: Shut down the binder channel
11-29 21:13:11.395 12371 12388 W FileTestStorage: Output properties is not supported.
11-29 21:13:11.431  8695  8695 I DeviceIntelligenceExtension: DeviceIntelligenceExtension.getInlineSuggestionsRequest():304 Inline suggestions disabled in stylus mode or vertical PK/Voice toolbar
11-29 21:13:11.440  8695  8695 I GoogleInputMethodService: GoogleInputMethodService.onStartInput():1986 onStartInput(EditorInfo{EditorInfo{packageName=com.example.princeproject, inputType=20001, inputTypeString=Normal, enableLearning=true, autoCorrection=true, autoComplete=true, imeOptions=48000005, privateImeOptions=null, actionName=NEXT, actionLabel=null, initialSelStart=0, initialSelEnd=0, initialCapsMode=0, label=null, fieldId=2131296447, fieldName=null, extras=Bundle[mParcelledData.dataSize=168], hintText=non-empty, hintLocales=[]}}, false)
11-29 21:13:11.442  8695  8695 I GoogleInputMethodService: GoogleInputMethodService.updateDeviceLockedStatus():2248 repeatCheckTimes = 1, locked = false
11-29 21:13:11.465 12371 12388 E AndroidXTracer: enableTracing failed. You may need to upgrade your androidx.tracing:tracing version
11-29 21:13:11.465 12371 12388 E AndroidXTracer: java.lang.NoSuchMethodError: No static method forceEnableAppTracing()V in class Landroidx/tracing/Trace; or its super classes (declaration of 'androidx.tracing.Trace' appears in /data/app/~~ZhpehhJw02gTLP9ZuoKjUg==/com.example.princeproject-uEqbcjnBcZLs-H_YUUIppQ==/base.apk)
11-29 21:13:11.465 12371 12388 E AndroidXTracer: 	at androidx.test.platform.tracing.AndroidXTracer.enableTracing(AndroidXTracer.java:57)
11-29 21:13:11.465 12371 12388 E AndroidXTracer: 	at androidx.test.platform.tracing.Tracing.<init>(Tracing.java:53)
11-29 21:13:11.465 12371 12388 E AndroidXTracer: 	at androidx.test.platform.tracing.Tracing.<clinit>(Tracing.java:49)
11-29 21:13:11.465 12371 12388 E AndroidXTracer: 	at androidx.test.espresso.base.BaseLayerModule.providesTracing(BaseLayerModule.java:190)
11-29 21:13:11.465 12371 12388 E AndroidXTracer: 	at androidx.test.espresso.base.BaseLayerModule_ProvidesTracingFactory.providesTracing(BaseLayerModule_ProvidesTracingFactory.java:37)
11-29 21:13:11.465 12371 12388 E AndroidXTracer: 	at androidx.test.espresso.base.BaseLayerModule_ProvidesTracingFactory.get(BaseLayerModule_ProvidesTracingFactory.java:29)
11-29 21:13:11.465 12371 12388 E AndroidXTracer: 	at androidx.test.espresso.base.BaseLayerModule_ProvidesTracingFactory.get(BaseLayerModule_ProvidesTracingFactory.java:11)
11-29 21:13:11.465 12371 12388 E AndroidXTracer: 	at androidx.test.espresso.core.internal.deps.dagger.internal.DoubleCheck.get(DoubleCheck.java:47)
11-29 21:13:11.465 12371 12388 E AndroidXTracer: 	at androidx.test.espresso.base.IdlingResourceRegistry_Factory.get(IdlingResourceRegistry_Factory.java:34)
11-29 21:13:11.465 12371 12388 E AndroidXTracer: 	at androidx.test.espresso.base.IdlingResourceRegistry_Factory.get(IdlingResourceRegistry_Factory.java:12)
11-29 21:13:11.465 12371 12388 E AndroidXTracer: 	at androidx.test.espresso.core.internal.deps.dagger.internal.DoubleCheck.get(DoubleCheck.java:47)
11-29 21:13:11.465 12371 12388 E AndroidXTracer: 	at androidx.test.espresso.DaggerBaseLayerComponent$BaseLayerComponentImpl.idlingResourceRegistry(DaggerBaseLayerComponent.java:275)
11-29 21:13:11.465 12371 12388 E AndroidXTracer: 	at androidx.test.espresso.Espresso.<clinit>(Espresso.java:64)
11-29 21:13:11.465 12371 12388 E AndroidXTracer: 	at com.example.princeproject.NewUserActivityTest.testUserInformationSubmission(NewUserActivityTest.java:29)
11-29 21:13:11.465 12371 12388 E AndroidXTracer: 	at java.lang.reflect.Method.invoke(Native Method)
11-29 21:13:11.465 12371 12388 E AndroidXTracer: 	at org.junit.runners.model.FrameworkMethod$1.runReflectiveCall(FrameworkMethod.java:59)
11-29 21:13:11.465 12371 12388 E AndroidXTracer: 	at org.junit.internal.runners.model.ReflectiveCallable.run(ReflectiveCallable.java:12)
11-29 21:13:11.465 12371 12388 E AndroidXTracer: 	at org.junit.runners.model.FrameworkMethod.invokeExplosively(FrameworkMethod.java:56)
11-29 21:13:11.465 12371 12388 E AndroidXTracer: 	at org.junit.internal.runners.statements.InvokeMethod.evaluate(InvokeMethod.java:17)
11-29 21:13:11.465 12371 12388 E AndroidXTracer: 	at androidx.test.rule.ActivityTestRule$ActivityStatement.evaluate(ActivityTestRule.java:549)
11-29 21:13:11.465 12371 12388 E AndroidXTracer: 	at org.junit.runners.ParentRunner$3.evaluate(ParentRunner.java:306)
11-29 21:13:11.465 12371 12388 E AndroidXTracer: 	at org.junit.runners.BlockJUnit4ClassRunner$1.evaluate(BlockJUnit4ClassRunner.java:100)
11-29 21:13:11.465 12371 12388 E AndroidXTracer: 	at org.junit.runners.ParentRunner.runLeaf(ParentRunner.java:366)
11-29 21:13:11.465 12371 12388 E AndroidXTracer: 	at org.junit.runners.BlockJUnit4ClassRunner.runChild(BlockJUnit4ClassRunner.java:103)
11-29 21:13:11.465 12371 12388 E AndroidXTracer: 	at org.junit.runners.BlockJUnit4ClassRunner.runChild(BlockJUnit4ClassRunner.java:63)
11-29 21:13:11.465 12371 12388 E AndroidXTracer: 	at org.junit.runners.ParentRunner$4.run(ParentRunner.java:331)
11-29 21:13:11.465 12371 12388 E AndroidXTracer: 	at org.junit.runners.ParentRunner$1.schedule(ParentRunner.java:79)
11-29 21:13:11.465 12371 12388 E AndroidXTracer: 	at org.junit.runners.ParentRunner.runChildren(ParentRunner.java:329)
11-29 21:13:11.465 12371 12388 E AndroidXTracer: 	at org.junit.runners.ParentRunner.access$100(ParentRunner.java:66)
11-29 21:13:11.465 12371 12388 E AndroidXTracer: 	at org.junit.runners.ParentRunner$2.evaluate(ParentRunner.java:293)
11-29 21:13:11.465 12371 12388 E AndroidXTracer: 	at org.junit.runners.ParentRunner$3.evaluate(ParentRunner.java:306)
11-29 21:13:11.465 12371 12388 E AndroidXTracer: 	at org.junit.runners.ParentRunner.run(ParentRunner.java:413)
11-29 21:13:11.465 12371 12388 E AndroidXTracer: 	at androidx.test.ext.junit.runners.AndroidJUnit4.run(AndroidJUnit4.java:162)
11-29 21:13:11.465 12371 12388 E AndroidXTracer: 	at org.junit.runners.Suite.runChild(Suite.java:128)
11-29 21:13:11.465 12371 12388 E AndroidXTracer: 	at org.junit.runners.Suite.runChild(Suite.java:27)
11-29 21:13:11.465 12371 12388 E AndroidXTracer: 	at org.junit.runners.ParentRunner$4.run(ParentRunner.java:331)
11-29 21:13:11.465 12371 12388 E AndroidXTracer: 	at org.junit.runners.ParentRunner$1.schedule(ParentRunner.java:79)
11-29 21:13:11.465 12371 12388 E AndroidXTracer: 	at org.junit.runners.ParentRunner.runChildren(ParentRunner.java:329)
11-29 21:13:11.465 12371 12388 E AndroidXTracer: 	at org.junit.runners.ParentRunner.access$100(ParentRunner.java:66)
11-29 21:13:11.465 12371 12388 E AndroidXTracer: 	at org.junit.runners.ParentRunner$2.evaluate(ParentRunner.java:293)
11-29 21:13:11.465 12371 12388 E AndroidXTracer: 	at org.junit.runners.ParentRunner$3.evaluate(ParentRunner.java:306)
11-29 21:13:11.465 12371 12388 E AndroidXTracer: 	at org.junit.runners.ParentRunner.run(ParentRunner.java:413)
11-29 21:13:11.465 12371 12388 E AndroidXTracer: 	at org.junit.runner.JUnitCore.run(JUnitCore.java:137)
11-29 21:13:11.465 12371 12388 E AndroidXTracer: 	at org.junit.runner.JUnitCore.run(JUnitCore.java:115)
11-29 21:13:11.465 12371 12388 E AndroidXTracer: 	at androidx.test.internal.runner.TestExecutor.execute(TestExecutor.java:68)
11-29 21:13:11.466 12371 12388 E AndroidXTracer: 	at androidx.test.internal.runner.TestExecutor.execute(TestExecutor.java:59)
11-29 21:13:11.466 12371 12388 E AndroidXTracer: 	at androidx.test.runner.AndroidJUnitRunner.onStart(AndroidJUnitRunner.java:463)
11-29 21:13:11.466 12371 12388 E AndroidXTracer: 	at android.app.Instrumentation$InstrumentationThread.run(Instrumentation.java:2594)
11-29 21:13:11.466 12371 12388 I Tracing : Tracer added: class androidx.test.platform.tracing.AndroidXTracer
11-29 21:13:11.499  8695  8695 I AndroidIME: InputBundleManager.loadActiveInputBundleId():450 loadActiveInputBundleId: en-US, ime_english_united_states
11-29 21:13:11.560 12371 12388 D CompatChangeReporter: Compat change id reported: 247079863; UID 10212; state: ENABLED
11-29 21:13:11.740 12371 12391 D EGL_emulation: app_time_stats: avg=164.77ms min=17.06ms max=497.15ms count=9
11-29 21:13:11.783 12371 12388 D EventInjectionStrategy: Creating injection strategy with input manager.
11-29 21:13:11.787 12371 12388 W e.princeproject: Accessing hidden method Landroid/hardware/input/InputManager;->getInstance()Landroid/hardware/input/InputManager; (unsupported, reflection, allowed)
11-29 21:13:11.789 12371 12388 W e.princeproject: Accessing hidden method Landroid/hardware/input/InputManager;->injectInputEvent(Landroid/view/InputEvent;I)Z (unsupported, reflection, allowed)
11-29 21:13:11.789 12371 12388 W e.princeproject: Accessing hidden field Landroid/hardware/input/InputManager;->INJECT_INPUT_EVENT_MODE_WAIT_FOR_FINISH:I (unsupported, reflection, allowed)
11-29 21:13:11.859  8558  8570 W gle.android.gms: ApkAssets: Deleting an ApkAssets object '<empty> and /data/app/~~ZhpehhJw02gTLP9ZuoKjUg==/com.example.princeproject-uEqbcjnBcZLs-H_YUUIppQ==/base.apk' with 1 weak references
11-29 21:13:11.906 12371 12388 W e.princeproject: Accessing hidden method Landroid/view/ViewConfiguration;->getDoubleTapMinTime()I (unsupported, reflection, allowed)
11-29 21:13:11.915  5068 12432 W BugleRcsEngine: Unable to send diagnostic log [CONTEXT thread_id=83 ]
11-29 21:13:11.955  5068 12433 W BugleRcsEngine: Unable to send diagnostic log [CONTEXT thread_id=82 ]
11-29 21:13:11.975 12371 12371 W e.princeproject: Accessing hidden method Landroid/os/MessageQueue;->next()Landroid/os/Message; (unsupported, reflection, allowed)
11-29 21:13:11.975 12371 12371 W e.princeproject: Accessing hidden field Landroid/os/MessageQueue;->mMessages:Landroid/os/Message; (unsupported, reflection, allowed)
11-29 21:13:11.976 12371 12371 W e.princeproject: Accessing hidden method Landroid/os/Message;->recycleUnchecked()V (unsupported, reflection, allowed)
11-29 21:13:12.034  8558  8558 D BoundBrokerSvc: onBind: Intent { act=com.google.android.mdd.service.START dat=chimera-action:/... cmp=com.google.android.gms/.chimera.GmsBoundBrokerService }
11-29 21:13:12.034  8558  8558 D BoundBrokerSvc: Loading bound service for intent: Intent { act=com.google.android.mdd.service.START dat=chimera-action:/... cmp=com.google.android.gms/.chimera.GmsBoundBrokerService }
11-29 21:13:12.055 12371 12371 I ViewInteraction: Performing 'type text(John Doe)' action on view view.getId() is <2131296447/com.example.princeproject:id/editTextName>
11-29 21:13:12.365  5593  5593 V InlineSuggestionRenderService: handleDestroySuggestionViews called for 0:135276622
11-29 21:13:12.541 12371 12371 I ImeTracker: com.example.princeproject:2c9ed352: onRequestShow at ORIGIN_CLIENT reason SHOW_SOFT_INPUT fromUser true
11-29 21:13:12.546 12371 12371 D InputMethodManager: showSoftInput() view=androidx.appcompat.widget.AppCompatEditText{72ec8f1 VFED..CL. .F.P.... 42,515-1038,633 #7f0900bf app:id/editTextName aid=1073741824} flags=0 reason=SHOW_SOFT_INPUT
11-29 21:13:12.590  8695  8695 I StylusModule: StylusModule.onUpdateToolType():770 Update tool type = 2
11-29 21:13:12.596 12371 12376 I e.princeproject: Background concurrent mark compact GC freed 3221KB AllocSpace bytes, 32(704KB) LOS objects, 49% free, 4171KB/8343KB, paused 5.893ms,7.363ms total 580.013ms
11-29 21:13:12.667  8695  8695 I GoogleInputMethodService: GoogleInputMethodService.onStartInputView():2098 onStartInputView(EditorInfo{EditorInfo{packageName=com.example.princeproject, inputType=20001, inputTypeString=Normal, enableLearning=true, autoCorrection=true, autoComplete=true, imeOptions=48000005, privateImeOptions=null, actionName=NEXT, actionLabel=null, initialSelStart=0, initialSelEnd=0, initialCapsMode=0, label=null, fieldId=2131296447, fieldName=null, extras=Bundle[{androidx.core.view.inputmethod.EditorInfoCompat.STYLUS_HANDWRITING_ENABLED=true}], hintText=non-empty, hintLocales=[]}}, false)
11-29 21:13:12.698  8695  8695 I GoogleInputMethodService: GoogleInputMethodService.updateDeviceLockedStatus():2248 repeatCheckTimes = 1, locked = false
11-29 21:13:12.746 12371 12375 I e.princeproject: Compiler allocated 5174KB to compile void android.view.ViewRootImpl.performTraversals()
11-29 21:13:12.779 12371 12391 D EGL_emulation: app_time_stats: avg=258.74ms min=73.78ms max=540.69ms count=4
11-29 21:13:12.799  8695  8695 I KeyboardHeightUtil: KeyboardHeightUtil.getOemKeyboardHeightRatio():206 systemKeyboardHeightRatio:1.000000.
11-29 21:13:12.810  8695  8695 I AndroidIME: AbstractIme.onActivate():89 LatinIme.onActivate() : EditorInfo = EditorInfo{packageName=com.example.princeproject, inputType=20001, inputTypeString=Normal, enableLearning=true, autoCorrection=true, autoComplete=true, imeOptions=48000005, privateImeOptions=null, actionName=NEXT, actionLabel=null, initialSelStart=0, initialSelEnd=0, initialCapsMode=0, label=null, fieldId=2131296447, fieldName=null, extras=Bundle[{androidx.core.view.inputmethod.EditorInfoCompat.STYLUS_HANDWRITING_ENABLED=true}], hintText=non-empty, hintLocales=[]}, IncognitoMode = false, DeviceLocked = false
11-29 21:13:12.875 12371 12371 D UiControllerImpl: Injecting string: "John Doe"
11-29 21:13:12.938  8695  8695 I Delight5Facilitator: Delight5Facilitator.initializeForIme():747 initializeForIme() : Locale = [en_US], layout = qwerty
11-29 21:13:13.066  8695  8695 I VoiceInputHandler: VoiceInputHandler.onActivateIme():99 registering TalkbackStateListener
11-29 21:13:13.105  8695  8695 I VoiceInputManagerWrapper: VoiceInputManagerWrapper.cancelShutdown():102 cancelShutdown()
11-29 21:13:13.108  8695  8695 I VoiceInputManagerWrapper: VoiceInputManagerWrapper.syncLanguagePacks():114 syncLanguagePacks()
11-29 21:13:13.155  8695  9322 I SpeechFactory: SpeechRecognitionFactory.maybeScheduleAutoPackDownloadForFallback():200 maybeScheduleAutoPackDownloadForFallback()
11-29 21:13:13.164  8695  8695 I LatinIme: LatinIme.updateEnableInlineSuggestionsOnDecoderSideFlags():1174 inline flag updated to:false
11-29 21:13:13.205  8695  9322 I FallbackOnDeviceRecognitionProvider: FallbackOnDeviceRecognitionProvider.maybeScheduleAutoPackDownload():197 maybeScheduleAutoPackDownload() for language tag en-US
11-29 21:13:13.576  8695  8695 I InputBundle: InputBundle.consumeEvent():884 Skip consuming an event as keyboard status is 0
11-29 21:13:13.590  8695  8695 I KeyboardWrapper: KeyboardWrapper.activateKeyboard():575 activateKeyboard(): type=accessory, status=0, imeDef=ktt{stringId=ime_english_united_states, language=en-US, languageTag=en-US, processedConditions={enable_number_row=false, device=phone}, className=com.google.android.apps.inputmethod.libs.latin5.LatinIme, label=0, keyEventInterpreter=null, inlineComposing=true, autoCapital=true, announceAutoSelectedCandidate=true, statusIcon=0, primeKeyboardType=SOFT, indicatorIcon=0, indicatorLabel=US, displayAppCompletions=true, extraValues=ktl{}, processors=kvl@f41ed9f, unacceptableMetaKeys=4098, languageSpecificSettings=0, asciiCapable=true, alwaysShowSuggestions=false, useAsciiPasswordKeyboard=false, secondaryIme=null, keyboardGroupDef=kut@e13b9ff, phenotypeFlagId=0, localizationLanguageTag=null, supportsInlineSuggestion=true, supportsAccessPoints=true}
11-29 21:13:13.596  8695  8695 I KeyboardManager: KeyboardManager.requestKeyboard():234 Creating keyboard accessory, imeId=ime_english_united_states, cacheKey=theme_border_stylesheet_noshadow_gsans_pillkey_silkpopup_hover_light_phone_bottom4dp_navredesign
11-29 21:13:13.612  8695  8695 I KeyboardWrapper: KeyboardWrapper.onKeyboardReady():239 onKeyboardReady(): type=accessory(accessory), kb=com.google.android.libraries.inputmethod.keyboard.impl.Keyboard@9a895c9
11-29 21:13:13.615  8695  8695 I KeyboardWrapper: KeyboardWrapper.doActivateKeyboard():606 doActivateKeyboard(): accessory
11-29 21:13:13.618  8695  8695 W Keyboard: Keyboard.getKeyboardViewHelper():574 null helper is returned: keyboardDef=kuo{processedConditions={}, globalConditions={}, className=com.google.android.libraries.inputmethod.keyboard.impl.Keyboard, resourceIds=[#0x7f170047], initialStates=0, keyboardViewDefs=[], persistentStates=0, persistentStatesPrefKey=null, popupBubbleLayoutId=0, recentKeyLayoutId=0, recentKeyPopupLayoutId=0, recentKeyType=null, rememberRecentKey=NONE, sessionStates=0}, type=HEADER, helpersCreated=[null, null, null, null], context.getResources().getConfiguration(): {1.0 310mcc260mnc [en_US] ldltr sw411dp w411dp h914dp 420dpi nrml long port finger qwerty/v/v dpad/v winConfig={ mBounds=Rect(0, 0 - 1080, 2400) mAppBounds=Rect(0, 0 - 1080, 2400) mMaxBounds=Rect(0, 0 - 1080, 2400) mDisplayRotation=ROTATION_0 mWindowingMode=fullscreen mActivityType=undefined mAlwaysOnTop=undefined mRotation=ROTATION_0} as.2 s.21 fontWeightAdjustment=0}
11-29 21:13:13.625  8695  8695 W Keyboard: Keyboard.getKeyboardViewHelper():574 null helper is returned: keyboardDef=kuo{processedConditions={}, globalConditions={}, className=com.google.android.libraries.inputmethod.keyboard.impl.Keyboard, resourceIds=[#0x7f170047], initialStates=0, keyboardViewDefs=[], persistentStates=0, persistentStatesPrefKey=null, popupBubbleLayoutId=0, recentKeyLayoutId=0, recentKeyPopupLayoutId=0, recentKeyType=null, rememberRecentKey=NONE, sessionStates=0}, type=BODY, helpersCreated=[null, null, null, null], context.getResources().getConfiguration(): {1.0 310mcc260mnc [en_US] ldltr sw411dp w411dp h914dp 420dpi nrml long port finger qwerty/v/v dpad/v winConfig={ mBounds=Rect(0, 0 - 1080, 2400) mAppBounds=Rect(0, 0 - 1080, 2400) mMaxBounds=Rect(0, 0 - 1080, 2400) mDisplayRotation=ROTATION_0 mWindowingMode=fullscreen mActivityType=undefined mAlwaysOnTop=undefined mRotation=ROTATION_0} as.2 s.21 fontWeightAdjustment=0}
11-29 21:13:13.638  8695  8695 W Keyboard: Keyboard.getKeyboardViewHelper():574 null helper is returned: keyboardDef=kuo{processedConditions={}, globalConditions={}, className=com.google.android.libraries.inputmethod.keyboard.impl.Keyboard, resourceIds=[#0x7f170047], initialStates=0, keyboardViewDefs=[], persistentStates=0, persistentStatesPrefKey=null, popupBubbleLayoutId=0, recentKeyLayoutId=0, recentKeyPopupLayoutId=0, recentKeyType=null, rememberRecentKey=NONE, sessionStates=0}, type=HEADER, helpersCreated=[null, null, null, null], context.getResources().getConfiguration(): {1.0 310mcc260mnc [en_US] ldltr sw411dp w411dp h914dp 420dpi nrml long port finger qwerty/v/v dpad/v winConfig={ mBounds=Rect(0, 0 - 1080, 2400) mAppBounds=Rect(0, 0 - 1080, 2400) mMaxBounds=Rect(0, 0 - 1080, 2400) mDisplayRotation=ROTATION_0 mWindowingMode=fullscreen mActivityType=undefined mAlwaysOnTop=undefined mRotation=ROTATION_0} as.2 s.21 fontWeightAdjustment=0}
11-29 21:13:13.639  8695  8695 W Keyboard: Keyboard.getKeyboardViewHelper():574 null helper is returned: keyboardDef=kuo{processedConditions={}, globalConditions={}, className=com.google.android.libraries.inputmethod.keyboard.impl.Keyboard, resourceIds=[#0x7f170047], initialStates=0, keyboardViewDefs=[], persistentStates=0, persistentStatesPrefKey=null, popupBubbleLayoutId=0, recentKeyLayoutId=0, recentKeyPopupLayoutId=0, recentKeyType=null, rememberRecentKey=NONE, sessionStates=0}, type=BODY, helpersCreated=[null, null, null, null], context.getResources().getConfiguration(): {1.0 310mcc260mnc [en_US] ldltr sw411dp w411dp h914dp 420dpi nrml long port finger qwerty/v/v dpad/v winConfig={ mBounds=Rect(0, 0 - 1080, 2400) mAppBounds=Rect(0, 0 - 1080, 2400) mMaxBounds=Rect(0, 0 - 1080, 2400) mDisplayRotation=ROTATION_0 mWindowingMode=fullscreen mActivityType=undefined mAlwaysOnTop=undefined mRotation=ROTATION_0} as.2 s.21 fontWeightAdjustment=0}
11-29 21:13:13.641  8695  8695 W Keyboard: Keyboard.getKeyboardViewHelper():574 null helper is returned: keyboardDef=kuo{processedConditions={}, globalConditions={}, className=com.google.android.libraries.inputmethod.keyboard.impl.Keyboard, resourceIds=[#0x7f170047], initialStates=0, keyboardViewDefs=[], persistentStates=0, persistentStatesPrefKey=null, popupBubbleLayoutId=0, recentKeyLayoutId=0, recentKeyPopupLayoutId=0, recentKeyType=null, rememberRecentKey=NONE, sessionStates=0}, type=FLOATING_CANDIDATES, helpersCreated=[null, null, null, null], context.getResources().getConfiguration(): {1.0 310mcc260mnc [en_US] ldltr sw411dp w411dp h914dp 420dpi nrml long port finger qwerty/v/v dpad/v winConfig={ mBounds=Rect(0, 0 - 1080, 2400) mAppBounds=Rect(0, 0 - 1080, 2400) mMaxBounds=Rect(0, 0 - 1080, 2400) mDisplayRotation=ROTATION_0 mWindowingMode=fullscreen mActivityType=undefined mAlwaysOnTop=undefined mRotation=ROTATION_0} as.2 s.21 fontWeightAdjustment=0}
11-29 21:13:13.645  8695  8695 W Keyboard: Keyboard.getKeyboardViewHelper():574 null helper is returned: keyboardDef=kuo{processedConditions={}, globalConditions={}, className=com.google.android.libraries.inputmethod.keyboard.impl.Keyboard, resourceIds=[#0x7f170047], initialStates=0, keyboardViewDefs=[], persistentStates=0, persistentStatesPrefKey=null, popupBubbleLayoutId=0, recentKeyLayoutId=0, recentKeyPopupLayoutId=0, recentKeyType=null, rememberRecentKey=NONE, sessionStates=0}, type=WIDGET, helpersCreated=[null, null, null, null], context.getResources().getConfiguration(): {1.0 310mcc260mnc [en_US] ldltr sw411dp w411dp h914dp 420dpi nrml long port finger qwerty/v/v dpad/v winConfig={ mBounds=Rect(0, 0 - 1080, 2400) mAppBounds=Rect(0, 0 - 1080, 2400) mMaxBounds=Rect(0, 0 - 1080, 2400) mDisplayRotation=ROTATION_0 mWindowingMode=fullscreen mActivityType=undefined mAlwaysOnTop=undefined mRotation=ROTATION_0} as.2 s.21 fontWeightAdjustment=0}
11-29 21:13:13.656  8695  8695 I KeyboardManager: KeyboardManager.requestKeyboard():234 Creating keyboard accessory_candidates_consumer, imeId=ime_english_united_states, cacheKey=theme_border_stylesheet_noshadow_gsans_pillkey_silkpopup_hover_light_phone_bottom4dp_navredesign
11-29 21:13:13.675  8695  8695 W Keyboard: Keyboard.getKeyboardViewHelper():574 null helper is returned: keyboardDef=kuo{processedConditions={}, globalConditions={global_theme_key=theme_border_stylesheet_noshadow_gsans_pillkey_silkpopup_hover_light_phone_bottom4dp_navredesign, global_locale=en_US, global_density_dpi=420, global_orientation=1}, className=.latin.keyboard.AccessoryKeyboard, resourceIds=[#0x7f170046], initialStates=0, keyboardViewDefs=[kvb{direction=null, id=#0x7f0b014d, isScalable=false, layoutId=#0x7f0e0027, type=FLOATING_CANDIDATES, touchable=true, defaultShow=false}], persistentStates=0, persistentStatesPrefKey=null, popupBubbleLayoutId=#0x7f0e068d, recentKeyLayoutId=0, recentKeyPopupLayoutId=0, recentKeyType=null, rememberRecentKey=NONE, sessionStates=0}, type=HEADER, helpersCreated=[null, null, kib@ab2609, null], context.getResources().getConfiguration(): {1.0 310mcc260mnc [en_US] ldltr sw411dp w411dp h914dp 420dpi nrml long port finger qwerty/v/v dpad/v winConfig={ mBounds=Rect(0, 0 - 1080, 2400) mAppBounds=Rect(0, 0 - 1080, 2400) mMaxBounds=Rect(0, 0 - 1080, 2400) mDisplayRotation=ROTATION_0 mWindowingMode=fullscreen mActivityType=undefined mAlwaysOnTop=undefined mRotation=ROTATION_0} as.2 s.21 fontWeightAdjustment=0}
11-29 21:13:13.679  8695  8695 W Keyboard: Keyboard.getKeyboardViewHelper():574 null helper is returned: keyboardDef=kuo{processedConditions={}, globalConditions={global_theme_key=theme_border_stylesheet_noshadow_gsans_pillkey_silkpopup_hover_light_phone_bottom4dp_navredesign, global_locale=en_US, global_density_dpi=420, global_orientation=1}, className=.latin.keyboard.AccessoryKeyboard, resourceIds=[#0x7f170046], initialStates=0, keyboardViewDefs=[kvb{direction=null, id=#0x7f0b014d, isScalable=false, layoutId=#0x7f0e0027, type=FLOATING_CANDIDATES, touchable=true, defaultShow=false}], persistentStates=0, persistentStatesPrefKey=null, popupBubbleLayoutId=#0x7f0e068d, recentKeyLayoutId=0, recentKeyPopupLayoutId=0, recentKeyType=null, rememberRecentKey=NONE, sessionStates=0}, type=BODY, helpersCreated=[null, null, kib@ab2609, null], context.getResources().getConfiguration(): {1.0 310mcc260mnc [en_US] ldltr sw411dp w411dp h914dp 420dpi nrml long port finger qwerty/v/v dpad/v winConfig={ mBounds=Rect(0, 0 - 1080, 2400) mAppBounds=Rect(0, 0 - 1080, 2400) mMaxBounds=Rect(0, 0 - 1080, 2400) mDisplayRotation=ROTATION_0 mWindowingMode=fullscreen mActivityType=undefined mAlwaysOnTop=undefined mRotation=ROTATION_0} as.2 s.21 fontWeightAdjustment=0}
11-29 21:13:13.761  8695  8695 I GoogleInputMethodService: GoogleInputMethodService.startInputIfInputViewStarted():3724 startInputIfInputViewStarted(): ACCESSORY
11-29 21:13:13.768  8695  8695 I KeyboardModeManager: KeyboardModeManager.setInputViewKeyboardViewHolderProvider():625 setInputView() : supportsOneHandedMode=true supportsSplitMode=true
11-29 21:13:13.774  8695  8695 I NormalModeController: NormalModeController.getKeyboardBodyViewHolderPaddingBottom():104 currentPrimeKeyboardType:SOFT systemPaddingBottom:-1
11-29 21:13:13.787  8695  8695 I KeyboardHeightUtil: KeyboardHeightUtil.calculateMaxKeyboardBodyHeight():45 leave 281 height for app when ime window height:2274, header height:116 and isFullscreenMode:false, so the max keyboard body height is:1877
11-29 21:13:13.791  8695  8695 I KeyboardHeightUtil: KeyboardHeightUtil.calculateMaxKeyboardBodyHeight():45 leave 281 height for app when ime window height:2274, header height:116 and isFullscreenMode:false, so the max keyboard body height is:1877
11-29 21:13:13.797 12371 12391 D EGL_emulation: app_time_stats: avg=507.34ms min=500.05ms max=514.63ms count=2
11-29 21:13:13.803  8695  8695 I KeyboardHeightUtil: KeyboardHeightUtil.calculateMaxKeyboardBodyHeight():45 leave 281 height for app when ime window height:2274, header height:116 and isFullscreenMode:false, so the max keyboard body height is:1877
11-29 21:13:13.806  8695  8695 I KeyboardHeightUtil: KeyboardHeightUtil.calculateMaxKeyboardBodyHeight():45 leave 281 height for app when ime window height:2274, header height:116 and isFullscreenMode:false, so the max keyboard body height is:1877
11-29 21:13:13.809  8695  8695 I NormalModeController: NormalModeController.getKeyboardBodyViewHolderPaddingBottom():104 currentPrimeKeyboardType:SOFT systemPaddingBottom:-1
11-29 21:13:13.825  8695  8695 I KeyboardHeightUtil: KeyboardHeightUtil.calculateMaxKeyboardBodyHeight():45 leave 281 height for app when ime window height:2274, header height:116 and isFullscreenMode:false, so the max keyboard body height is:1877
11-29 21:13:13.826  8695  8695 I KeyboardHeightUtil: KeyboardHeightUtil.calculateMaxKeyboardBodyHeight():45 leave 281 height for app when ime window height:2274, header height:116 and isFullscreenMode:false, so the max keyboard body height is:1877
11-29 21:13:13.828  8695  8695 I KeyboardModeManager: KeyboardModeManager.setInputViewKeyboardViewHolderProvider():613 setInputView() : supportsOneHandedMode=true, supportSplitMode=true
11-29 21:13:13.900  8695  8695 I AccessoryInputModeManager: AccessoryInputModeManager.onModeStarted():308 Accessory input mode started: STYLUS
11-29 21:13:13.939  8695  8695 I WidgetViewShowingController: WidgetViewShowingController.showWidgetKeyboardInternal():466 Show companion widget
11-29 21:13:14.153  8695  8695 W NotificationCenter: NotificationCenter$ListenerData.notifyOnExecutor():672 Heavy notify work detected on UI thread: |iom->ing| takes 254ms
11-29 21:13:14.215  8695  8695 I CrowdsourceExtension: CrowdsourceExtension.checkIfDefaultBrowserIsAllowed():110 Failed to get default browser. The default browser may be deactived.
11-29 21:13:14.347  8695  8695 W AndroidIME: KeyboardViewUtil.getKeyboardView():35 Null keyboardView is found for keyboardViewType: HEADER
11-29 21:13:14.350  8695  8695 W AutoPasteSuggestionHelper: AutoPasteSuggestionHelper.setMaxWidthOfChipTextView():1056 Failed to get the width of the proactive suggestion view holder in HEADER.
11-29 21:13:14.373  8695  8695 W AndroidIME: KeyboardViewUtil.getKeyboardView():35 Null keyboardView is found for keyboardViewType: HEADER
11-29 21:13:14.374  8695  8695 W AutoPasteSuggestionHelper: AutoPasteSuggestionHelper.setMaxWidthOfChipTextView():1056 Failed to get the width of the proactive suggestion view holder in HEADER.
11-29 21:13:14.403  8695  8695 W AutoPasteSuggestionHelper: AutoPasteSuggestionHelper.setMaxWidthOfChipTextView():1056 Failed to get the width of the proactive suggestion view holder in WIDGET.
11-29 21:13:14.426  8695  8695 I VoiceImeExtension: VoiceImeExtension.shouldStartVoiceInputAutomaticallyInCurrentInputBox():415 No private IME option set to start voice input.
11-29 21:13:14.436  8558  8558 D BoundBrokerSvc: onBind: Intent { act=com.google.firebase.dynamiclinks.service.START pkg=com.google.android.gms }
11-29 21:13:14.437  8558  8558 D BoundBrokerSvc: Loading bound service for intent: Intent { act=com.google.firebase.dynamiclinks.service.START pkg=com.google.android.gms }
11-29 21:13:14.536  8695  8695 I StylusModule: StylusModule.onUpdateToolType():770 Update tool type = 0
11-29 21:13:14.537  8695  8695 I Choreographer: Skipped 112 frames!  The application may be doing too much work on its main thread.
11-29 21:13:14.614  8695  8695 I WindowMetricsNotification: WindowMetricsNotification.notifyWithWindow():113
