11-29 21:13:14.615  8695  8695 I WindowMetricsNotification: WindowMetricsNotification.notify():106 WindowMetricsNotification{bounds=Rect(0, 63 - 1080, 2400), insets=Rect(0, 0 - 0, 63), densityDpi=420, smallestScreenWidthDp=411, displayWidth=1080, displayHeight=2400, xdpi=420.0, ydpi=420.0}; DisplayMetrics{density=2.625, width=1080, height=2400, scaledDensity=2.625, xdpi=420.0, ydpi=420.0}
11-29 21:13:14.770 12395 12405 V ClearcutMetricXmitter: Transmission is done.
11-29 21:13:14.781 12395 12405 V ClearcutMetricXmitter: Transmission is done.
11-29 21:13:14.852 12371 12391 D EGL_emulation: app_time_stats: avg=350.05ms min=157.69ms max=542.81ms count=3
11-29 21:13:14.926  8695 10487 I HWUI    : Davey! duration=2219ms; Flags=1, FrameTimelineVsyncId=92760, IntendedVsync=7571507624152, Vsync=7573374290744, InputEventId=0, HandleInputStart=7573379789200, AnimationStart=7573379838100, PerformTraversalsStart=7573383392600, DrawStart=7573552756700, FrameDeadline=7571524290818, FrameInterval=7573377556800, FrameStartTime=16666666, SyncQueued=7573620023600, SyncStart=7573644984700, IssueDrawCommandsStart=7573657000300, SwapBuffers=7573726433500, FrameCompleted=7573752062800, DequeueBufferDuration=41400, QueueBufferDuration=1107100, GpuCompleted=7573751797900, SwapBuffersCompleted=7573752062800, DisplayPresentTime=0, CommandSubmissionCompleted=7573726433500,
11-29 21:13:14.936  8695  8695 I StylusModule: StylusModule.onUpdateToolType():770 Update tool type = 0
11-29 21:13:14.943  8695  8695 I GoogleInputMethodService: GoogleInputMethodService$1.onKeyboardViewShown():494 onKeyboardViewShown: keyboardType=accessory, keyboardViewType=HEADER keyboardView=null
11-29 21:13:14.945  8695  8695 I GoogleInputMethodService: GoogleInputMethodService$1.onKeyboardViewShown():494 onKeyboardViewShown: keyboardType=accessory, keyboardViewType=BODY keyboardView=null
11-29 21:13:14.947  8695  8695 I WindowMetricsNotification: WindowMetricsNotification.notifyWithWindow():113
11-29 21:13:14.947 12371 12371 D InsetsController: show(ime(), fromIme=true)
11-29 21:13:14.948  8695  8695 I WindowMetricsNotification: WindowMetricsNotification.notify():106 WindowMetricsNotification{bounds=Rect(0, 63 - 1080, 2400), insets=Rect(0, 0 - 0, 63), densityDpi=420, smallestScreenWidthDp=411, displayWidth=1080, displayHeight=2400, xdpi=420.0, ydpi=420.0}; DisplayMetrics{density=2.625, width=1080, height=2400, scaledDensity=2.625, xdpi=420.0, ydpi=420.0}
11-29 21:13:14.951  8695  8695 W InputContextProxy: InputContextProxy.applyClientDiffInternal():940 Ignore [FetchSuggestions] diff due to stale request: 144<145, inputStateId=116, lastInputStateId=115
11-29 21:13:15.015 12371 12443 W InteractionJankMonitor: Initializing without READ_DEVICE_CONFIG permission. enabled=false, interval=1, missedFrameThreshold=3, frameTimeThreshold=64, package=com.example.princeproject
11-29 21:13:15.225  8695  8695 W AndroidSpellCheckerService: AndroidSpellCheckerService.initialize():73 initialize...
11-29 21:13:15.232  8695  8695 I ShortcutsDataManager: ShortcutsDataManager.onContentChanged():72 onContentChanged()
11-29 21:13:15.243  8695  8695 I ContactsDataManager: ContactsDataManager.onContentChanged():159 onContentChanged()
11-29 21:13:15.244  8695  8695 W AndroidSpellCheckerService: AndroidSpellCheckerService.initialize():83 initialize...done
11-29 21:13:15.259  8695 10389 I AndroidSpellCheckerService: AndroidSpellCheckerService.createSession():139 com.google.android.keyboard.client.delight5.LanguageIdentifier@a7c6dba is created
11-29 21:13:15.459  8695  8695 I StylusModule: StylusModule.onUpdateToolType():770 Update tool type = 0
11-29 21:13:15.532  8695  8795 W native  : W0000 00:00:1732939995.467169    8795 user_feature_cache_jni.cc:138] Timeout happens, usually it indicates a task run too long, consider to run it asynchronously: GetSerializedDataTask
11-29 21:13:15.550 12371 12371 I ImeTracker: com.example.princeproject:2c9ed352: onShown
11-29 21:13:16.016 12371 12391 D EGL_emulation: app_time_stats: avg=290.60ms min=55.19ms max=521.33ms count=4
11-29 21:13:16.638   642  1261 D InetDiagMessage: Destroyed 0 sockets, proto=IPPROTO_TCP, family=AF_INET, states=14
11-29 21:13:16.651   642  1261 D InetDiagMessage: Destroyed 0 sockets, proto=IPPROTO_TCP, family=AF_INET6, states=14
11-29 21:13:16.651   642  1261 D InetDiagMessage: Destroyed live tcp sockets for uids={10136} in 18ms
11-29 21:13:16.654   642  1261 D InetDiagMessage: Destroyed 0 sockets, proto=IPPROTO_TCP, family=AF_INET, states=14
11-29 21:13:16.660   642  1261 D InetDiagMessage: Destroyed 0 sockets, proto=IPPROTO_TCP, family=AF_INET6, states=14
11-29 21:13:16.660   642  1261 D InetDiagMessage: Destroyed live tcp sockets for uids={20136} in 9ms
11-29 21:13:17.045   642  1261 D InetDiagMessage: Destroyed 0 sockets, proto=IPPROTO_TCP, family=AF_INET, states=14
11-29 21:13:17.048   642  1261 D InetDiagMessage: Destroyed 0 sockets, proto=IPPROTO_TCP, family=AF_INET6, states=14
11-29 21:13:17.049   642  1261 D InetDiagMessage: Destroyed live tcp sockets for uids={10146} in 7ms
11-29 21:13:17.050   642  1261 D InetDiagMessage: Destroyed 0 sockets, proto=IPPROTO_TCP, family=AF_INET, states=14
11-29 21:13:17.054   642  1261 D InetDiagMessage: Destroyed 0 sockets, proto=IPPROTO_TCP, family=AF_INET6, states=14
11-29 21:13:17.054   642  1261 D InetDiagMessage: Destroyed live tcp sockets for uids={20146} in 5ms
11-29 21:13:17.506  8695  8695 I StylusModule: StylusModule.onUpdateToolType():770 Update tool type = 0
11-29 21:13:17.519 12371 12391 D EGL_emulation: app_time_stats: avg=501.02ms min=495.64ms max=506.17ms count=3
11-29 21:13:17.526   642   928 I InputDispatcher: 9136597 com.example.princeproject/com.example.princeproject.NewUserActivity (server) spent 2003ms processing KeyEvent
11-29 21:13:17.578  8695  8695 I StylusModule: StylusModule.onUpdateToolType():770 Update tool type = 0
11-29 21:13:17.595  8695  8906 D EGL_emulation: app_time_stats: avg=332.07ms min=6.11ms max=2080.90ms count=8
11-29 21:13:17.666  8695  8795 I native  : I0000 00:00:1732939997.666044    8795 input-context-store.cc:262] Ignoring stale client request for FetchSuggestions
11-29 21:13:17.667  8695  8695 I StylusModule: StylusModule.onUpdateToolType():770 Update tool type = 0
11-29 21:13:17.670  8695  8695 W InputContextProxy: InputContextProxy.applyClientDiffInternal():940 Ignore [FetchSuggestions] diff due to stale request: 147<153, inputStateId=121, lastInputStateId=121
11-29 21:13:17.716  8695  8695 I StylusModule: StylusModule.onUpdateToolType():770 Update tool type = 0
11-29 21:13:17.735  8695  8695 I StylusModule: StylusModule.onUpdateToolType():770 Update tool type = 0
11-29 21:13:17.814  8695  8695 I StylusModule: StylusModule.onUpdateToolType():770 Update tool type = 0
11-29 21:13:17.975  8695  8795 I native  : I0000 00:00:1732939997.974453    8795 input-context-store.cc:262] Ignoring stale client request for FetchSuggestions
11-29 21:13:17.980  8695  8695 I StylusModule: StylusModule.onUpdateToolType():770 Update tool type = 0
11-29 21:13:17.991  8695  8695 W InputContextProxy: InputContextProxy.applyClientDiffInternal():940 Ignore [FetchSuggestions] diff due to stale request: 153<160, inputStateId=123, lastInputStateId=124
11-29 21:13:18.040 12371 12371 I ViewInteraction: Performing 'close keyboard' action on view view.getId() is <2131296447/com.example.princeproject:id/editTextName>
11-29 21:13:18.057 12371 12371 D IdlingRegistry: Registering idling resources: [androidx.test.espresso.action.CloseKeyboardAction$CloseKeyboardIdlingResult@b9e80d4]
11-29 21:13:18.061 12371 12371 I ImeTracker: com.example.princeproject:f99e8dc0: onRequestHide at ORIGIN_CLIENT reason HIDE_SOFT_INPUT fromUser false
11-29 21:13:18.131  8695  8695 I GoogleInputMethodService: GoogleInputMethodService.onFinishInputView():2393
11-29 21:13:18.139  8695  8695 W TooltipLifecycleManager: TooltipLifecycleManager.dismissTooltips():152 Tooltip with id spell_check_add_to_dictionary not found in tooltipManager.
11-29 21:13:18.162 12371 12371 D InsetsController: hide(ime(), fromIme=true)
11-29 21:13:18.186  8695  8695 I InputBundle: InputBundle.consumeEvent():884 Skip consuming an event as keyboard status is 0
11-29 21:13:18.201  8695  8695 I VoiceInputHandler: VoiceInputHandler.onDeactivateIme():115 unregistering TalkbackStateListener
11-29 21:13:18.202  8695  8695 I VoiceInputManagerWrapper: VoiceInputManagerWrapper.shutdown():124 shutdown()
11-29 21:13:18.213  8695  8695 I AndroidIME: AbstractIme.onDeactivate():202 LatinIme.onDeactivate()
11-29 21:13:18.447 12371 12371 I ImeTracker: com.example.princeproject:e6fcc0c3: onRequestHide at ORIGIN_CLIENT reason HIDE_SOFT_INPUT_ON_ANIMATION_STATE_CHANGED fromUser false
11-29 21:13:18.450   642   936 I ImeTracker: com.example.princeproject:e6fcc0c3: onCancelled at PHASE_SERVER_SHOULD_HIDE
11-29 21:13:18.455 12371 12371 I ImeTracker: com.example.princeproject:f99e8dc0: onHidden
11-29 21:13:18.521 12371 12391 D EGL_emulation: app_time_stats: avg=111.13ms min=23.53ms max=502.78ms count=9
11-29 21:13:18.530 12371 12371 D IdlingRegistry: Unregistering idling resources: [androidx.test.espresso.action.CloseKeyboardAction$CloseKeyboardIdlingResult@b9e80d4]
11-29 21:13:18.559 12371 12371 I ViewInteraction: Performing 'type text(johndoe@example.com)' action on view view.getId() is <2131296446/com.example.princeproject:id/editTextEmail>
11-29 21:13:18.647  8695  8695 I GoogleInputMethodService: GoogleInputMethodService.onFinishInput():3157
11-29 21:13:18.654 12371 12371 I ImeTracker: com.example.princeproject:52f0cb72: onRequestShow at ORIGIN_CLIENT reason SHOW_SOFT_INPUT fromUser true
11-29 21:13:18.657 12371 12371 D InputMethodManager: showSoftInput() view=androidx.appcompat.widget.AppCompatEditText{b8b2cd6 VFED..CL. .F.P..ID 42,659-1038,777 #7f0900be app:id/editTextEmail aid=1073741825} flags=0 reason=SHOW_SOFT_INPUT
11-29 21:13:18.669  8695  8795 I native  : I0000 00:00:1732939998.659707    8795 input-context-store.cc:262] Ignoring stale client request for FetchSuggestions
11-29 21:13:18.721  8695  8695 I GoogleInputMethodService: GoogleInputMethodService.updateDeviceLockedStatus():2248 repeatCheckTimes = 0, locked = false
11-29 21:13:18.722  8695  8695 I GoogleInputMethodService: GoogleInputMethodService.onStartInput():1986 onStartInput(EditorInfo{EditorInfo{packageName=com.example.princeproject, inputType=20001, inputTypeString=Normal, enableLearning=true, autoCorrection=true, autoComplete=true, imeOptions=4c000005, privateImeOptions=null, actionName=NEXT, actionLabel=null, initialSelStart=0, initialSelEnd=0, initialCapsMode=0, label=null, fieldId=2131296446, fieldName=null, extras=Bundle[mParcelledData.dataSize=404], hintText=non-empty, hintLocales=[]}}, false)
11-29 21:13:18.732  8695  8695 I GoogleInputMethodService: GoogleInputMethodService.updateDeviceLockedStatus():2248 repeatCheckTimes = 1, locked = false
11-29 21:13:18.734  8695  8695 I AndroidIME: InputBundleManager.loadActiveInputBundleId():450 loadActiveInputBundleId: en-US, ime_english_united_states
11-29 21:13:18.756  8695  8695 I StylusModule: StylusModule.onUpdateToolType():770 Update tool type = 2
11-29 21:13:18.759  8695  8695 I GoogleInputMethodService: GoogleInputMethodService.onStartInputView():2098 onStartInputView(EditorInfo{EditorInfo{packageName=com.example.princeproject, inputType=20001, inputTypeString=Normal, enableLearning=true, autoCorrection=true, autoComplete=true, imeOptions=4c000005, privateImeOptions=null, actionName=NEXT, actionLabel=null, initialSelStart=0, initialSelEnd=0, initialCapsMode=0, label=null, fieldId=2131296446, fieldName=null, extras=Bundle[{android.support.text.emoji.emojiCompat_metadataVersion=9, androidx.core.view.inputmethod.EditorInfoCompat.STYLUS_HANDWRITING_ENABLED=true, android.support.text.emoji.emojiCompat_replaceAll=false}], hintText=non-empty, hintLocales=[]}}, false)
11-29 21:13:18.764  8695  8695 I GoogleInputMethodService: GoogleInputMethodService.updateDeviceLockedStatus():2248 repeatCheckTimes = 1, locked = false
11-29 21:13:18.767  8695  8695 I KeyboardHeightUtil: KeyboardHeightUtil.getOemKeyboardHeightRatio():206 systemKeyboardHeightRatio:1.000000.
11-29 21:13:18.774  8695  8695 I AndroidIME: AbstractIme.onActivate():89 LatinIme.onActivate() : EditorInfo = EditorInfo{packageName=com.example.princeproject, inputType=20001, inputTypeString=Normal, enableLearning=true, autoCorrection=true, autoComplete=true, imeOptions=4c000005, privateImeOptions=null, actionName=NEXT, actionLabel=null, initialSelStart=0, initialSelEnd=0, initialCapsMode=0, label=null, fieldId=2131296446, fieldName=null, extras=Bundle[{android.support.text.emoji.emojiCompat_metadataVersion=9, androidx.core.view.inputmethod.EditorInfoCompat.STYLUS_HANDWRITING_ENABLED=true, android.support.text.emoji.emojiCompat_replaceAll=false}], hintText=non-empty, hintLocales=[]}, IncognitoMode = false, DeviceLocked = false
11-29 21:13:18.779  8695  8695 I Delight5Facilitator: Delight5Facilitator.initializeForIme():747 initializeForIme() : Locale = [en_US], layout = qwerty
11-29 21:13:18.782  8695  8695 I VoiceInputHandler: VoiceInputHandler.onActivateIme():99 registering TalkbackStateListener
11-29 21:13:18.784  8695  8695 I VoiceInputManagerWrapper: VoiceInputManagerWrapper.cancelShutdown():102 cancelShutdown()
11-29 21:13:18.784  8695  8695 I VoiceInputManagerWrapper: VoiceInputManagerWrapper.syncLanguagePacks():114 syncLanguagePacks()
11-29 21:13:18.788  8695  8695 I LatinIme: LatinIme.updateEnableInlineSuggestionsOnDecoderSideFlags():1174 inline flag updated to:false
11-29 21:13:18.811  8695  9322 I SpeechFactory: SpeechRecognitionFactory.maybeScheduleAutoPackDownloadForFallback():200 maybeScheduleAutoPackDownloadForFallback()
11-29 21:13:18.812  8695  9322 I FallbackOnDeviceRecognitionProvider: FallbackOnDeviceRecognitionProvider.maybeScheduleAutoPackDownload():197 maybeScheduleAutoPackDownload() for language tag en-US
11-29 21:13:18.949 12371 12371 D UiControllerImpl: Injecting string: "johndoe@example.com"
11-29 21:13:19.203  8695  8695 I InputBundle: InputBundle.consumeEvent():884 Skip consuming an event as keyboard status is 0
11-29 21:13:19.206  8695  8695 I KeyboardWrapper: KeyboardWrapper.activateKeyboard():575 activateKeyboard(): type=accessory, status=0, imeDef=ktt{stringId=ime_english_united_states, language=en-US, languageTag=en-US, processedConditions={enable_number_row=false, device=phone}, className=com.google.android.apps.inputmethod.libs.latin5.LatinIme, label=0, keyEventInterpreter=null, inlineComposing=true, autoCapital=true, announceAutoSelectedCandidate=true, statusIcon=0, primeKeyboardType=SOFT, indicatorIcon=0, indicatorLabel=US, displayAppCompletions=true, extraValues=ktl{}, processors=kvl@f41ed9f, unacceptableMetaKeys=4098, languageSpecificSettings=0, asciiCapable=true, alwaysShowSuggestions=false, useAsciiPasswordKeyboard=false, secondaryIme=null, keyboardGroupDef=kut@e13b9ff, phenotypeFlagId=0, localizationLanguageTag=null, supportsInlineSuggestion=true, supportsAccessPoints=true}
11-29 21:13:19.206  8695  8695 I KeyboardManager: KeyboardManager.requestKeyboard():234 Creating keyboard accessory, imeId=ime_english_united_states, cacheKey=theme_border_stylesheet_noshadow_gsans_pillkey_silkpopup_hover_light_phone_bottom4dp_navredesign
11-29 21:13:19.208  8695  8695 I KeyboardWrapper: KeyboardWrapper.onKeyboardReady():239 onKeyboardReady(): type=accessory(accessory), kb=com.google.android.libraries.inputmethod.keyboard.impl.Keyboard@9a895c9
11-29 21:13:19.208  8695  8695 I KeyboardWrapper: KeyboardWrapper.doActivateKeyboard():606 doActivateKeyboard(): accessory
11-29 21:13:19.210  8695  8695 W Keyboard: Keyboard.getKeyboardViewHelper():574 null helper is returned: keyboardDef=kuo{processedConditions={}, globalConditions={}, className=com.google.android.libraries.inputmethod.keyboard.impl.Keyboard, resourceIds=[#0x7f170047], initialStates=0, keyboardViewDefs=[], persistentStates=0, persistentStatesPrefKey=null, popupBubbleLayoutId=0, recentKeyLayoutId=0, recentKeyPopupLayoutId=0, recentKeyType=null, rememberRecentKey=NONE, sessionStates=0}, type=HEADER, helpersCreated=[null, null, null, null], context.getResources().getConfiguration(): {1.0 310mcc260mnc [en_US] ldltr sw411dp w411dp h914dp 420dpi nrml long port finger qwerty/v/v dpad/v winConfig={ mBounds=Rect(0, 0 - 1080, 2400) mAppBounds=Rect(0, 0 - 1080, 2400) mMaxBounds=Rect(0, 0 - 1080, 2400) mDisplayRotation=ROTATION_0 mWindowingMode=fullscreen mActivityType=undefined mAlwaysOnTop=undefined mRotation=ROTATION_0} as.2 s.21 fontWeightAdjustment=0}
11-29 21:13:19.213  8695  8695 W Keyboard: Keyboard.getKeyboardViewHelper():574 null helper is returned: keyboardDef=kuo{processedConditions={}, globalConditions={}, className=com.google.android.libraries.inputmethod.keyboard.impl.Keyboard, resourceIds=[#0x7f170047], initialStates=0, keyboardViewDefs=[], persistentStates=0, persistentStatesPrefKey=null, popupBubbleLayoutId=0, recentKeyLayoutId=0, recentKeyPopupLayoutId=0, recentKeyType=null, rememberRecentKey=NONE, sessionStates=0}, type=BODY, helpersCreated=[null, null, null, null], context.getResources().getConfiguration(): {1.0 310mcc260mnc [en_US] ldltr sw411dp w411dp h914dp 420dpi nrml long port finger qwerty/v/v dpad/v winConfig={ mBounds=Rect(0, 0 - 1080, 2400) mAppBounds=Rect(0, 0 - 1080, 2400) mMaxBounds=Rect(0, 0 - 1080, 2400) mDisplayRotation=ROTATION_0 mWindowingMode=fullscreen mActivityType=undefined mAlwaysOnTop=undefined mRotation=ROTATION_0} as.2 s.21 fontWeightAdjustment=0}
11-29 21:13:19.216  8695  8695 W Keyboard: Keyboard.getKeyboardViewHelper():574 null helper is returned: keyboardDef=kuo{processedConditions={}, globalConditions={}, className=com.google.android.libraries.inputmethod.keyboard.impl.Keyboard, resourceIds=[#0x7f170047], initialStates=0, keyboardViewDefs=[], persistentStates=0, persistentStatesPrefKey=null, popupBubbleLayoutId=0, recentKeyLayoutId=0, recentKeyPopupLayoutId=0, recentKeyType=null, rememberRecentKey=NONE, sessionStates=0}, type=HEADER, helpersCreated=[null, null, null, null], context.getResources().getConfiguration(): {1.0 310mcc260mnc [en_US] ldltr sw411dp w411dp h914dp 420dpi nrml long port finger qwerty/v/v dpad/v winConfig={ mBounds=Rect(0, 0 - 1080, 2400) mAppBounds=Rect(0, 0 - 1080, 2400) mMaxBounds=Rect(0, 0 - 1080, 2400) mDisplayRotation=ROTATION_0 mWindowingMode=fullscreen mActivityType=undefined mAlwaysOnTop=undefined mRotation=ROTATION_0} as.2 s.21 fontWeightAdjustment=0}
11-29 21:13:19.219  8695  8695 W Keyboard: Keyboard.getKeyboardViewHelper():574 null helper is returned: keyboardDef=kuo{processedConditions={}, globalConditions={}, className=com.google.android.libraries.inputmethod.keyboard.impl.Keyboard, resourceIds=[#0x7f170047], initialStates=0, keyboardViewDefs=[], persistentStates=0, persistentStatesPrefKey=null, popupBubbleLayoutId=0, recentKeyLayoutId=0, recentKeyPopupLayoutId=0, recentKeyType=null, rememberRecentKey=NONE, sessionStates=0}, type=BODY, helpersCreated=[null, null, null, null], context.getResources().getConfiguration(): {1.0 310mcc260mnc [en_US] ldltr sw411dp w411dp h914dp 420dpi nrml long port finger qwerty/v/v dpad/v winConfig={ mBounds=Rect(0, 0 - 1080, 2400) mAppBounds=Rect(0, 0 - 1080, 2400) mMaxBounds=Rect(0, 0 - 1080, 2400) mDisplayRotation=ROTATION_0 mWindowingMode=fullscreen mActivityType=undefined mAlwaysOnTop=undefined mRotation=ROTATION_0} as.2 s.21 fontWeightAdjustment=0}
11-29 21:13:19.222  8695  8695 W Keyboard: Keyboard.getKeyboardViewHelper():574 null helper is returned: keyboardDef=kuo{processedConditions={}, globalConditions={}, className=com.google.android.libraries.inputmethod.keyboard.impl.Keyboard, resourceIds=[#0x7f170047], initialStates=0, keyboardViewDefs=[], persistentStates=0, persistentStatesPrefKey=null, popupBubbleLayoutId=0, recentKeyLayoutId=0, recentKeyPopupLayoutId=0, recentKeyType=null, rememberRecentKey=NONE, sessionStates=0}, type=FLOATING_CANDIDATES, helpersCreated=[null, null, null, null], context.getResources().getConfiguration(): {1.0 310mcc260mnc [en_US] ldltr sw411dp w411dp h914dp 420dpi nrml long port finger qwerty/v/v dpad/v winConfig={ mBounds=Rect(0, 0 - 1080, 2400) mAppBounds=Rect(0, 0 - 1080, 2400) mMaxBounds=Rect(0, 0 - 1080, 2400) mDisplayRotation=ROTATION_0 mWindowingMode=fullscreen mActivityType=undefined mAlwaysOnTop=undefined mRotation=ROTATION_0} as.2 s.21 fontWeightAdjustment=0}
11-29 21:13:19.225  8695  8695 W Keyboard: Keyboard.getKeyboardViewHelper():574 null helper is returned: keyboardDef=kuo{processedConditions={}, globalConditions={}, className=com.google.android.libraries.inputmethod.keyboard.impl.Keyboard, resourceIds=[#0x7f170047], initialStates=0, keyboardViewDefs=[], persistentStates=0, persistentStatesPrefKey=null, popupBubbleLayoutId=0, recentKeyLayoutId=0, recentKeyPopupLayoutId=0, recentKeyType=null, rememberRecentKey=NONE, sessionStates=0}, type=WIDGET, helpersCreated=[null, null, null, null], context.getResources().getConfiguration(): {1.0 310mcc260mnc [en_US] ldltr sw411dp w411dp h914dp 420dpi nrml long port finger qwerty/v/v dpad/v winConfig={ mBounds=Rect(0, 0 - 1080, 2400) mAppBounds=Rect(0, 0 - 1080, 2400) mMaxBounds=Rect(0, 0 - 1080, 2400) mDisplayRotation=ROTATION_0 mWindowingMode=fullscreen mActivityType=undefined mAlwaysOnTop=undefined mRotation=ROTATION_0} as.2 s.21 fontWeightAdjustment=0}
11-29 21:13:19.227  8695  8695 I KeyboardManager: KeyboardManager.requestKeyboard():234 Creating keyboard accessory_candidates_consumer, imeId=ime_english_united_states, cacheKey=theme_border_stylesheet_noshadow_gsans_pillkey_silkpopup_hover_light_phone_bottom4dp_navredesign
11-29 21:13:19.233  8695  8695 W Keyboard: Keyboard.getKeyboardViewHelper():574 null helper is returned: keyboardDef=kuo{processedConditions={}, globalConditions={global_theme_key=theme_border_stylesheet_noshadow_gsans_pillkey_silkpopup_hover_light_phone_bottom4dp_navredesign, global_locale=en_US, global_density_dpi=420, global_orientation=1}, className=.latin.keyboard.AccessoryKeyboard, resourceIds=[#0x7f170046], initialStates=0, keyboardViewDefs=[kvb{direction=null, id=#0x7f0b014d, isScalable=false, layoutId=#0x7f0e0027, type=FLOATING_CANDIDATES, touchable=true, defaultShow=false}], persistentStates=0, persistentStatesPrefKey=null, popupBubbleLayoutId=#0x7f0e068d, recentKeyLayoutId=0, recentKeyPopupLayoutId=0, recentKeyType=null, rememberRecentKey=NONE, sessionStates=0}, type=HEADER, helpersCreated=[null, null, kib@ab2609, null], context.getResources().getConfiguration(): {1.0 310mcc260mnc [en_US] ldltr sw411dp w411dp h914dp 420dpi nrml long port finger qwerty/v/v dpad/v winConfig={ mBounds=Rect(0, 0 - 1080, 2400) mAppBounds=Rect(0, 0 - 1080, 2400) mMaxBounds=Rect(0, 0 - 1080, 2400) mDisplayRotation=ROTATION_0 mWindowingMode=fullscreen mActivityType=undefined mAlwaysOnTop=undefined mRotation=ROTATION_0} as.2 s.21 fontWeightAdjustment=0}
11-29 21:13:19.236  8695  8695 W Keyboard: Keyboard.getKeyboardViewHelper():574 null helper is returned: keyboardDef=kuo{processedConditions={}, globalConditions={global_theme_key=theme_border_stylesheet_noshadow_gsans_pillkey_silkpopup_hover_light_phone_bottom4dp_navredesign, global_locale=en_US, global_density_dpi=420, global_orientation=1}, className=.latin.keyboard.AccessoryKeyboard, resourceIds=[#0x7f170046], initialStates=0, keyboardViewDefs=[kvb{direction=null, id=#0x7f0b014d, isScalable=false, layoutId=#0x7f0e0027, type=FLOATING_CANDIDATES, touchable=true, defaultShow=false}], persistentStates=0, persistentStatesPrefKey=null, popupBubbleLayoutId=#0x7f0e068d, recentKeyLayoutId=0, recentKeyPopupLayoutId=0, recentKeyType=null, rememberRecentKey=NONE, sessionStates=0}, type=BODY, helpersCreated=[null, null, kib@ab2609, null], context.getResources().getConfiguration(): {1.0 310mcc260mnc [en_US] ldltr sw411dp w411dp h914dp 420dpi nrml long port finger qwerty/v/v dpad/v winConfig={ mBounds=Rect(0, 0 - 1080, 2400) mAppBounds=Rect(0, 0 - 1080, 2400) mMaxBounds=Rect(0, 0 - 1080, 2400) mDisplayRotation=ROTATION_0 mWindowingMode=fullscreen mActivityType=undefined mAlwaysOnTop=undefined mRotation=ROTATION_0} as.2 s.21 fontWeightAdjustment=0}
11-29 21:13:19.244  8695  8695 I GoogleInputMethodService: GoogleInputMethodService.startInputIfInputViewStarted():3724 startInputIfInputViewStarted(): ACCESSORY
11-29 21:13:19.245  8695  8695 I KeyboardModeManager: KeyboardModeManager.setInputViewKeyboardViewHolderProvider():625 setInputView() : supportsOneHandedMode=true supportsSplitMode=true
11-29 21:13:19.245  8695  8695 I NormalModeController: NormalModeController.getKeyboardBodyViewHolderPaddingBottom():104 currentPrimeKeyboardType:SOFT systemPaddingBottom:-1
11-29 21:13:19.245  8695  8695 I KeyboardHeightUtil: KeyboardHeightUtil.calculateMaxKeyboardBodyHeight():45 leave 281 height for app when ime window height:2274, header height:116 and isFullscreenMode:false, so the max keyboard body height is:1877
11-29 21:13:19.246  8695  8695 I KeyboardHeightUtil: KeyboardHeightUtil.calculateMaxKeyboardBodyHeight():45 leave 281 height for app when ime window height:2274, header height:116 and isFullscreenMode:false, so the max keyboard body height is:1877
11-29 21:13:19.246  8695  8695 I KeyboardHeightUtil: KeyboardHeightUtil.calculateMaxKeyboardBodyHeight():45 leave 281 height for app when ime window height:2274, header height:116 and isFullscreenMode:false, so the max keyboard body height is:1877
11-29 21:13:19.247  8695  8695 I KeyboardHeightUtil: KeyboardHeightUtil.calculateMaxKeyboardBodyHeight():45 leave 281 height for app when ime window height:2274, header height:116 and isFullscreenMode:false, so the max keyboard body height is:1877
11-29 21:13:19.249  8695  8695 I NormalModeController: NormalModeController.getKeyboardBodyViewHolderPaddingBottom():104 currentPrimeKeyboardType:SOFT systemPaddingBottom:-1
11-29 21:13:19.250  8695  8695 I KeyboardHeightUtil: KeyboardHeightUtil.calculateMaxKeyboardBodyHeight():45 leave 281 height for app when ime window height:2274, header height:116 and isFullscreenMode:false, so the max keyboard body height is:1877
11-29 21:13:19.250  8695  8695 I KeyboardHeightUtil: KeyboardHeightUtil.calculateMaxKeyboardBodyHeight():45 leave 281 height for app when ime window height:2274, header height:116 and isFullscreenMode:false, so the max keyboard body height is:1877
11-29 21:13:19.250  8695  8695 I KeyboardModeManager: KeyboardModeManager.setInputViewKeyboardViewHolderProvider():613 setInputView() : supportsOneHandedMode=true, supportSplitMode=true
11-29 21:13:19.253  8695  8695 I AccessoryInputModeManager: AccessoryInputModeManager.onModeStarted():308 Accessory input mode started: STYLUS
11-29 21:13:19.263  8695  8695 I WidgetViewShowingController: WidgetViewShowingController.showWidgetKeyboardInternal():466 Show companion widget
11-29 21:13:19.274  8695  8695 W NotificationCenter: NotificationCenter$ListenerData.notifyOnExecutor():672 Heavy notify work detected on UI thread: |iom->ing| takes 22ms
11-29 21:13:19.287  8695  8695 I CrowdsourceExtension: CrowdsourceExtension.checkIfDefaultBrowserIsAllowed():110 Failed to get default browser. The default browser may be deactived.
11-29 21:13:19.296  8695  8695 W AndroidIME: KeyboardViewUtil.getKeyboardView():35 Null keyboardView is found for keyboardViewType: HEADER
11-29 21:13:19.296  8695  8695 W AutoPasteSuggestionHelper: AutoPasteSuggestionHelper.setMaxWidthOfChipTextView():1056 Failed to get the width of the proactive suggestion view holder in HEADER.
11-29 21:13:19.303  8695  8695 W AndroidIME: KeyboardViewUtil.getKeyboardView():35 Null keyboardView is found for keyboardViewType: HEADER
11-29 21:13:19.304  8695  8695 W AutoPasteSuggestionHelper: AutoPasteSuggestionHelper.setMaxWidthOfChipTextView():1056 Failed to get the width of the proactive suggestion view holder in HEADER.
11-29 21:13:19.316  8695  8695 W AutoPasteSuggestionHelper: AutoPasteSuggestionHelper.setMaxWidthOfChipTextView():1056 Failed to get the width of the proactive suggestion view holder in WIDGET.
11-29 21:13:19.330  8695  8695 I VoiceImeExtension: VoiceImeExtension.shouldStartVoiceInputAutomaticallyInCurrentInputBox():415 No private IME option set to start voice input.
11-29 21:13:19.337  8695  8695 I StylusModule: StylusModule.onUpdateToolType():770 Update tool type = 0
11-29 21:13:19.346  8695  8695 I ShortcutsDataManager: AbstractContentDataManager.startImportContentTask():240 startImportContentTask()
11-29 21:13:19.349  8695  8695 I Choreographer: Skipped 34 frames!  The application may be doing too much work on its main thread.
11-29 21:13:19.360  8695 10389 I AndroidSpellCheckerService: AndroidSpellCheckerService.createSession():139 com.google.android.keyboard.client.delight5.LanguageIdentifier@c4e4a82 is created
11-29 21:13:19.392  8695  8695 I WindowMetricsNotification: WindowMetricsNotification.notifyWithWindow():113
11-29 21:13:19.394  8695  8695 I WindowMetricsNotification: WindowMetricsNotification.notify():106 WindowMetricsNotification{bounds=Rect(0, 63 - 1080, 2400), insets=Rect(0, 0 - 0, 63), densityDpi=420, smallestScreenWidthDp=411, displayWidth=1080, displayHeight=2400, xdpi=420.0, ydpi=420.0}; DisplayMetrics{density=2.625, width=1080, height=2400, scaledDensity=2.625, xdpi=420.0, ydpi=420.0}
11-29 21:13:19.530  8695  8695 W InputContextProxy: InputContextProxy.applyClientDiffInternal():940 Ignore [FetchSuggestions] diff due to stale request: 160<163, inputStateId=125, lastInputStateId=126
11-29 21:13:19.534  8695  8695 I GoogleInputMethodService: GoogleInputMethodService$1.onKeyboardViewShown():494 onKeyboardViewShown: keyboardType=accessory, keyboardViewType=HEADER keyboardView=null
11-29 21:13:19.535  8695  8695 I GoogleInputMethodService: GoogleInputMethodService$1.onKeyboardViewShown():494 onKeyboardViewShown: keyboardType=accessory, keyboardViewType=BODY keyboardView=null
11-29 21:13:19.541  8695  8695 I WindowMetricsNotification: WindowMetricsNotification.notifyWithWindow():113
11-29 21:13:19.543  8695  8695 I WindowMetricsNotification: WindowMetricsNotification.notify():106 WindowMetricsNotification{bounds=Rect(0, 63 - 1080, 2400), insets=Rect(0, 0 - 0, 63), densityDpi=420, smallestScreenWidthDp=411, displayWidth=1080, displayHeight=2400, xdpi=420.0, ydpi=420.0}; DisplayMetrics{density=2.625, width=1080, height=2400, scaledDensity=2.625, xdpi=420.0, ydpi=420.0}
11-29 21:13:19.560  8695  8706 I HWUI    : Davey! duration=737ms; Flags=1, FrameTimelineVsyncId=93825, IntendedVsync=7577607623908, Vsync=7578174290552, InputEventId=0, HandleInputStart=7578195191700, AnimationStart=7578195231500, PerformTraversalsStart=7578195738900, DrawStart=7578274530200, FrameDeadline=7577624290574, FrameInterval=7578189304900, FrameStartTime=16666666, SyncQueued=7578279457400, SyncStart=7578284195300, IssueDrawCommandsStart=7578285111600, SwapBuffers=7578297734100, FrameCompleted=7578350324400, DequeueBufferDuration=76600, QueueBufferDuration=3306700, GpuCompleted=7578349911000, SwapBuffersCompleted=7578350324400, DisplayPresentTime=0, CommandSubmissionCompleted=7578297734100,
11-29 21:13:19.567 12371 12371 D InsetsController: show(ime(), fromIme=true)
11-29 21:13:19.572  8695  8807 I ShortcutsDataManager: AbstractContentDataManager$ImportContentTask.doInBackground():255 doInBackground()
11-29 21:13:19.573  8695  8807 I PersonalDictionaryDataHandler: PersonalDictionaryDataHandler.beginProcess():114 LanguageTags = [en-US]
11-29 21:13:19.594  8695  8695 I StylusModule: StylusModule.onUpdateToolType():770 Update tool type = 0
11-29 21:13:19.636   642  2384 V GrammaticalInflectionUtils: AttributionSource: android.content.AttributionSource@731100b2 does not have READ_SYSTEM_GRAMMATICAL_GENDER permission.
11-29 21:13:19.647 12371 12391 D EGL_emulation: app_time_stats: avg=187.26ms min=36.48ms max=415.97ms count=6
11-29 21:13:19.687   642  1261 D InetDiagMessage: Destroyed 0 sockets, proto=IPPROTO_TCP, family=AF_INET, states=14
11-29 21:13:19.698   642  1261 D InetDiagMessage: Destroyed 0 sockets, proto=IPPROTO_TCP, family=AF_INET6, states=14
11-29 21:13:19.698   642  1261 D InetDiagMessage: Destroyed live tcp sockets for uids={10141} in 12ms
11-29 21:13:19.761  8695  8695 I StylusModule: StylusModule.onUpdateToolType():770 Update tool type = 0
11-29 21:13:19.768   382   382 D Zygote  : Forked child process 12449
11-29 21:13:19.801  8695  8795 I native  : I0000 00:00:1732939999.774582    8795 input-context-store.cc:262] Ignoring stale client request for FetchSuggestions
11-29 21:13:19.846 12371 12371 I ImeTracker: com.example.princeproject:52f0cb72: onShown
11-29 21:13:19.869  8695  8695 W InputContextProxy: InputContextProxy.applyClientDiffInternal():940 Ignore [FetchSuggestions] diff due to stale request: 165<167, inputStateId=129, lastInputStateId=129
11-29 21:13:19.907  8695  8695 I StylusModule: StylusModule.onUpdateToolType():770 Update tool type = 0
11-29 21:13:19.987 12449 12449 I d.process.acore: Using CollectorTypeCMC GC.
11-29 21:13:20.007 12449 12449 W d.process.acore: Unexpected CPU variant for x86: x86_64.
11-29 21:13:20.007 12449 12449 W d.process.acore: Known variants: atom, sandybridge, silvermont, goldmont, goldmont-plus, goldmont-without-sha-xsaves, tremont, kabylake, default
11-29 21:13:20.047 12449 12449 E d.process.acore: Not starting debugger since process cannot load the jdwp agent.
11-29 21:13:20.059  8695  8695 I StylusModule: StylusModule.onUpdateToolType():770 Update tool type = 0
11-29 21:13:20.081 12449 12449 D nativeloader: Load libframework-connectivity-tiramisu-jni.so using APEX ns com_android_tethering for caller /apex/com.android.tethering/javalib/framework-connectivity-t.jar: ok
11-29 21:13:20.144  8695  8695 I StylusModule: StylusModule.onUpdateToolType():770 Update tool type = 0
11-29 21:13:20.213 12449 12449 D nativeloader: Configuring clns-shared-7 for other apk /system/priv-app/UserDictionaryProvider/UserDictionaryProvider.apk. target_sdk_version=35, uses_libraries=, library_path=/system/priv-app/UserDictionaryProvider/lib/x86_64:/system/lib64:/system_ext/lib64, permitted_path=/data:/mnt/expand:/data/user/0/com.android.providers.userdictionary:/system/priv-app/UserDictionaryProvider:/system/lib64:/system_ext/lib64
11-29 21:13:20.224 12449 12449 D CompatChangeReporter: Compat change id reported: 202956589; UID 10091; state: ENABLED
11-29 21:13:20.246 12449 12449 V GraphicsEnvironment: Currently set values for:
11-29 21:13:20.246 12449 12449 V GraphicsEnvironment:   angle_gl_driver_selection_pkgs=[]
11-29 21:13:20.246 12449 12449 V GraphicsEnvironment:   angle_gl_driver_selection_values=[]
11-29 21:13:20.246 12449 12449 V GraphicsEnvironment: Global.Settings values are invalid: number of packages: 0, number of values: 0
11-29 21:13:20.247 12449 12449 V GraphicsEnvironment: Neither updatable production driver nor prerelease driver is supported.
11-29 21:13:20.249  8695  8795 I native  : I0000 00:00:1732940000.220918    8795 input-context-store.cc:262] Ignoring stale client request for FetchSuggestions
11-29 21:13:20.254  8695  8695 I StylusModule: StylusModule.onUpdateToolType():770 Update tool type = 0
11-29 21:13:20.257  8695  8695 W InputContextProxy: InputContextProxy.applyClientDiffInternal():940 Ignore [FetchSuggestions] diff due to stale request: 173<174, inputStateId=136, lastInputStateId=136
11-29 21:13:20.319  8695  8695 I StylusModule: StylusModule.onUpdateToolType():770 Update tool type = 0
11-29 21:13:20.322  8695  8695 W InputContextProxy: InputContextProxy.applyClientDiffInternal():940 Ignore [FetchSuggestions] diff due to stale request: 175<177, inputStateId=137, lastInputStateId=138
11-29 21:13:20.330 12449 12449 D nativeloader: Configuring clns-shared-8 for other apk /system/priv-app/BlockedNumberProvider/BlockedNumberProvider.apk. target_sdk_version=35, uses_libraries=, library_path=/system/priv-app/BlockedNumberProvider/lib/x86_64:/system/lib64:/system_ext/lib64, permitted_path=/data:/mnt/expand:/data/user_de/0/com.android.providers.blockednumber:/system/priv-app/BlockedNumberProvider:/system/lib64:/system_ext/lib64
11-29 21:13:20.371  8695  8695 I StylusModule: StylusModule.onUpdateToolType():770 Update tool type = 0
11-29 21:13:20.406  8695  8695 W InputContextProxy: InputContextProxy.applyClientDiffInternal():940 Ignore [FetchSuggestions] diff due to stale request: 177<178, inputStateId=139, lastInputStateId=138
11-29 21:13:20.426 12449 12449 D nativeloader: Configuring clns-shared-9 for other apk /system/priv-app/ContactsProvider/ContactsProvider.apk. target_sdk_version=35, uses_libraries=, library_path=/system/priv-app/ContactsProvider/lib/x86_64:/system/lib64:/system_ext/lib64, permitted_path=/data:/mnt/expand:/data/user/0/com.android.providers.contacts:/system/priv-app/ContactsProvider:/system/lib64:/system_ext/lib64
11-29 21:13:20.466 12449 12449 I ContactsPerf: VoicemailContentProvider.onCreate start
11-29 21:13:20.499  8695  8695 I StylusModule: StylusModule.onUpdateToolType():770 Update tool type = 0
11-29 21:13:20.522 12449 12449 I ContactsPerf: VoicemailContentProvider.onCreate finish
11-29 21:13:20.570  8695  8695 I StylusModule: StylusModule.onUpdateToolType():770 Update tool type = 0
11-29 21:13:20.591 12449 12449 D nativeloader: Configuring clns-shared-10 for other apk /system/priv-app/E2eeContactKeysProvider/E2eeContactKeysProvider.apk. target_sdk_version=35, uses_libraries=, library_path=/system/priv-app/E2eeContactKeysProvider/lib/x86_64:/system/lib64:/system_ext/lib64, permitted_path=/data:/mnt/expand:/data/user/0/com.android.providers.contactkeys:/system/priv-app/E2eeContactKeysProvider:/system/lib64:/system_ext/lib64
11-29 21:13:20.642 12449 12464 I PhoneAccountHandleMigrationUtils_CallLogDatabaseHelper: updatePhoneAccountHandleMigrationPendingStatus false
11-29 21:13:20.676  8695  8906 D EGL_emulation: app_time_stats: avg=69.45ms min=11.83ms max=164.12ms count=16
11-29 21:13:20.685  8695  8695 I StylusModule: StylusModule.onUpdateToolType():770 Update tool type = 0
11-29 21:13:20.695 12371 12391 D EGL_emulation: app_time_stats: avg=95.15ms min=41.76ms max=221.67ms count=11
11-29 21:13:20.736 12449 12465 I PhoneAccountHandleMigrationUtils_CallLogDatabaseHelper: updatePhoneAccountHandleMigrationPendingStatus false
11-29 21:13:20.737 12449 12467 I PhoneAccountHandleMigrationUtils_CallLogDatabaseHelper: updatePhoneAccountHandleMigrationPendingStatus false
11-29 21:13:20.778  8695  8695 I StylusModule: StylusModule.onUpdateToolType():770 Update tool type = 0
11-29 21:13:20.791 12449 12464 I CallLogProvider: syncEntriesFrom: fromUserId=0, srcIsShadow=true, forAllUsers=false; previousTimeStamp=0, newTimeStamp=0, entries=0
11-29 21:13:20.818 12449 12449 I ContactsDatabaseHelper: updateUseStrictPhoneNumberComparison: US
11-29 21:13:20.837 12449 12464 I CallLogProvider: delete uid/pid=10091/12449, uri=content://call_log_shadow/calls, numChanged=0
11-29 21:13:20.838  8695  8695 I StylusModule: StylusModule.onUpdateToolType():770 Update tool type = 0
11-29 21:13:20.910 12449 12464 I CallLogProvider: Syncing call composer pics -- source user=0, isShadow=true, forAllUser=false
11-29 21:13:20.916 12449 12464 I CallLogProvider: Fetching list of Uris to sync
11-29 21:13:20.929 12449 12464 I CallLogProvider: Will sync following Uris:[]
11-29 21:13:20.929 12449 12464 I CallLogProvider: Syncing call composer pics -- got []
11-29 21:13:20.938  8695  8695 I StylusModule: StylusModule.onUpdateToolType():770 Update tool type = 0
11-29 21:13:20.969 12449 12449 I ContactsDatabaseHelper: updateUseStrictPhoneNumberComparison: US
11-29 21:13:20.977 12449 12468 D ContactsDatabaseHelper: WAL enabled for contacts2.db: true
11-29 21:13:21.007  8695  8807 I ShortcutsDataManager: AbstractContentDataManager.importRecords():345 importRecords() : Success : Count = 0
11-29 21:13:21.039  8695  8807 I ShortcutsDataManager: AbstractContentDataManager.importContentData():295 importContentData() : Ending import process
11-29 21:13:21.040  8695  8795 I Delight5Decoder: Delight5DecoderWrapper.unloadLanguageModel():943 unloadLanguageModel() : 4, version [n/a]
11-29 21:13:21.052  8695  8695 I StylusModule: StylusModule.onUpdateToolType():770 Update tool type = 0
11-29 21:13:21.087 12449 12468 I PhoneAccountHandleMigrationUtils_ContactsDatabaseHelper: updatePhoneAccountHandleMigrationPendingStatus false
11-29 21:13:21.125 12449 12468 D CompatChangeReporter: Compat change id reported: 291868760; UID 10091; state: ENABLED
11-29 21:13:21.139  8695  8695 I StylusModule: StylusModule.onUpdateToolType():770 Update tool type = 0
11-29 21:13:21.210  8695  8695 I StylusModule: StylusModule.onUpdateToolType():770 Update tool type = 0
11-29 21:13:21.295  8695  8695 I StylusModule: StylusModule.onUpdateToolType():770 Update tool type = 0
11-29 21:13:21.365  8695  8807 I PersonalLanguageModelUpdater: PersonalLanguageModelUpdater$UpdateOperation.performInternal():165 run() : Added 0 words and 0 shortcuts
11-29 21:13:21.365  8695  8807 I DynamicLanguageModelOperation: DynamicLanguageModelOperation.perform():43 perform() : 4 : dxm : Completed
11-29 21:13:21.366  8695  8695 I ShortcutsDataManager: AbstractContentDataManager$ImportContentTask.onPostExecute():266 onPostExecute() : Result = [2,0]
11-29 21:13:21.367  8695  8695 I ShortcutsDataManager: ShortcutsDataManager.onImportFinished():82 onImportFinished() : Result = 2 : Count = 0
11-29 21:13:21.380  8695  8695 I StylusModule: StylusModule.onUpdateToolType():770 Update tool type = 0
11-29 21:13:21.448 12371 12371 I ViewInteraction: Performing 'close keyboard' action on view view.getId() is <2131296446/com.example.princeproject:id/editTextEmail>
11-29 21:13:21.466 12371 12371 D IdlingRegistry: Registering idling resources: [androidx.test.espresso.action.CloseKeyboardAction$CloseKeyboardIdlingResult@85924ed]
11-29 21:13:21.471 12371 12371 I ImeTracker: com.example.princeproject:4f3ddc22: onRequestHide at ORIGIN_CLIENT reason HIDE_SOFT_INPUT fromUser false
11-29 21:13:21.485  8695  8695 I GoogleInputMethodService: GoogleInputMethodService.onFinishInputView():2393
11-29 21:13:21.486  8695  8695 W TooltipLifecycleManager: TooltipLifecycleManager.dismissTooltips():152 Tooltip with id spell_check_add_to_dictionary not found in tooltipManager.
11-29 21:13:21.507 12371 12371 D InsetsController: hide(ime(), fromIme=true)
11-29 21:13:21.508  8695  8695 I InputBundle: InputBundle.consumeEvent():884 Skip consuming an event as keyboard status is 0
11-29 21:13:21.510  8695  8695 I VoiceInputHandler: VoiceInputHandler.onDeactivateIme():115 unregistering TalkbackStateListener
11-29 21:13:21.510  8695  8695 I VoiceInputManagerWrapper: VoiceInputManagerWrapper.shutdown():124 shutdown()
11-29 21:13:21.515  8695  8695 I AndroidIME: AbstractIme.onDeactivate():202 LatinIme.onDeactivate()
11-29 21:13:21.518 12449 12468 I ContactLocale: AddressBook Labels [[en_US]]: [, A, B, C, D, E, F, G, H, I, J, K, L, M, N, O, P, Q, R, S, T, U, V, W, X, Y, Z, , , , , , , , , , , , , , , , , , , , , , , , , , , , , , , , , , , , , , , , , , , , , , , , , , , , , , , , , , , , , , , , , , , , , , , , , , , , , , , , , , , , , , , , , , , , , , , , , , , , , , , , , , , , , , , , , , , , , , , , , , , , , , , , , , , , , , , , , , , , , , , , , , , , , , , , , , , , , , , , , , , , , , , , , , , , , , , , , , , , , , , , , , , #, ]
11-29 21:13:21.641   642  1261 D InetDiagMessage: Destroyed 0 sockets, proto=IPPROTO_TCP, family=AF_INET, states=14
11-29 21:13:21.644   642  1261 D InetDiagMessage: Destroyed 0 sockets, proto=IPPROTO_TCP, family=AF_INET6, states=14
11-29 21:13:21.644   642  1261 D InetDiagMessage: Destroyed live tcp sockets for uids={10136} in 6ms
11-29 21:13:21.661 12449 12468 D ContactsDatabaseHelper: WAL enabled for profile.db: false
11-29 21:13:21.736 12371 12371 I ImeTracker: com.example.princeproject:a5194e88: onRequestHide at ORIGIN_CLIENT reason HIDE_SOFT_INPUT_ON_ANIMATION_STATE_CHANGED fromUser false
11-29 21:13:21.740 12371 12371 I ImeTracker: com.example.princeproject:4f3ddc22: onHidden
11-29 21:13:21.749   642   936 I ImeTracker: com.example.princeproject:a5194e88: onCancelled at PHASE_SERVER_SHOULD_HIDE
11-29 21:13:21.796 12449 12468 D CompatChangeReporter: Compat change id reported: 279646685; UID 10091; state: ENABLED
11-29 21:13:21.831 12371 12371 D IdlingRegistry: Unregistering idling resources: [androidx.test.espresso.action.CloseKeyboardAction$CloseKeyboardIdlingResult@85924ed]
11-29 21:13:21.859 12371 12371 I ViewInteraction: Performing 'type text(1234567890)' action on view view.getId() is <2131296448/com.example.princeproject:id/editTextPhone>
11-29 21:13:21.920 12371 12391 D EGL_emulation: app_time_stats: avg=122.17ms min=51.22ms max=503.24ms count=10
11-29 21:13:22.007 12449 12468 V ContactsProvider: 0 Dangling Contacts have been cleaned up.
11-29 21:13:22.022 12371 12371 I ImeTracker: com.example.princeproject:90b0e6b0: onRequestShow at ORIGIN_CLIENT reason SHOW_SOFT_INPUT fromUser true
11-29 21:13:22.023 12371 12371 D InputMethodManager: showSoftInput() view=androidx.appcompat.widget.AppCompatEditText{56f7b57 VFED..CL. .F.P..ID 42,803-1038,921 #7f0900c0 app:id/editTextPhone aid=1073741826} flags=0 reason=SHOW_SOFT_INPUT
11-29 21:13:22.046   642  1261 D InetDiagMessage: Destroyed 0 sockets, proto=IPPROTO_TCP, family=AF_INET, states=14
11-29 21:13:22.060  8695  8695 I GoogleInputMethodService: GoogleInputMethodService.onFinishInput():3157
11-29 21:13:22.081  8695  8695 I GoogleInputMethodService: GoogleInputMethodService.updateDeviceLockedStatus():2248 repeatCheckTimes = 0, locked = false
11-29 21:13:22.083  8695  8695 I GoogleInputMethodService: GoogleInputMethodService.onStartInput():1986 onStartInput(EditorInfo{EditorInfo{packageName=com.example.princeproject, inputType=2, inputTypeString=Number, enableLearning=false, autoCorrection=false, autoComplete=false, imeOptions=4000006, privateImeOptions=null, actionName=DONE, actionLabel=null, initialSelStart=0, initialSelEnd=0, initialCapsMode=0, label=null, fieldId=2131296448, fieldName=null, extras=Bundle[mParcelledData.dataSize=404], hintText=non-empty, hintLocales=[]}}, false)
11-29 21:13:22.086  8695  8695 I GoogleInputMethodService: GoogleInputMethodService.updateDeviceLockedStatus():2248 repeatCheckTimes = 1, locked = false
11-29 21:13:22.087  8695  8695 I AndroidIME: InputBundleManager.loadActiveInputBundleId():450 loadActiveInputBundleId: und-Latn-x-number, number
11-29 21:13:22.093   642  1261 D InetDiagMessage: Destroyed 0 sockets, proto=IPPROTO_TCP, family=AF_INET6, states=14
11-29 21:13:22.093   642  1261 D InetDiagMessage: Destroyed live tcp sockets for uids={10146} in 48ms
11-29 21:13:22.097  8695  8695 I HardKeyTracker: HardKeyTracker.unregisterKeySequence():183 Unregister key sequence lnk{labelResId=2132019800, callback=gnd@3d9c2f2, lastModifier=0, keyCodes=[57, 57], actions=[1, 0]}
11-29 21:13:22.098  8695  8695 I HardKeyTracker: HardKeyTracker.unregisterKeySequence():183 Unregister key sequence lnk{labelResId=0, callback=gnd@b4eb4f9, lastModifier=0, keyCodes=[58, 58], actions=[1, 0]}
11-29 21:13:22.099  8695  8695 I StylusModule: StylusModule.onUpdateToolType():770 Update tool type = 2
11-29 21:13:22.102  8695  8695 I GoogleInputMethodService: GoogleInputMethodService.onStartInputView():2098 onStartInputView(EditorInfo{EditorInfo{packageName=com.example.princeproject, inputType=2, inputTypeString=Number, enableLearning=false, autoCorrection=false, autoComplete=false, imeOptions=4000006, privateImeOptions=null, actionName=DONE, actionLabel=null, initialSelStart=0, initialSelEnd=0, initialCapsMode=0, label=null, fieldId=2131296448, fieldName=null, extras=Bundle[{android.support.text.emoji.emojiCompat_metadataVersion=9, androidx.core.view.inputmethod.EditorInfoCompat.STYLUS_HANDWRITING_ENABLED=true, android.support.text.emoji.emojiCompat_replaceAll=false}], hintText=non-empty, hintLocales=[]}}, false)
11-29 21:13:22.109  8695  8695 I GoogleInputMethodService: GoogleInputMethodService.updateDeviceLockedStatus():2248 repeatCheckTimes = 1, locked = false
11-29 21:13:22.115  8695  8695 I KeyboardHeightUtil: KeyboardHeightUtil.getOemKeyboardHeightRatio():206 systemKeyboardHeightRatio:1.000000.
11-29 21:13:22.123  8695  8695 I KeyboardWrapper: KeyboardWrapper.activateKeyboard():575 activateKeyboard(): type=accessory, status=0, imeDef=ktt{stringId=number, language=und-Latn-x-number, languageTag=und-Latn-x-number, processedConditions={}, className=com.google.android.libraries.inputmethod.ime.DummyIme, label=2132018692, keyEventInterpreter=null, inlineComposing=true, autoCapital=false, announceAutoSelectedCandidate=false, statusIcon=0, primeKeyboardType=SOFT, indicatorIcon=0, indicatorLabel=null, displayAppCompletions=false, extraValues=ktl{}, processors=kvl@f41ed9f, unacceptableMetaKeys=4098, languageSpecificSettings=0, asciiCapable=false, alwaysShowSuggestions=false, useAsciiPasswordKeyboard=false, secondaryIme=null, keyboardGroupDef=kut@b7632b5, phenotypeFlagId=0, localizationLanguageTag=null, supportsInlineSuggestion=false, supportsAccessPoints=false}
11-29 21:13:22.124  8695  8695 I KeyboardManager: KeyboardManager.requestKeyboard():234 Creating keyboard prime, imeId=number, cacheKey=theme_border_stylesheet_noshadow_gsans_pillkey_silkpopup_hover_light_phone_bottom4dp_navredesign
11-29 21:13:22.127  8695  8695 I GoogleInputMethodService: GoogleInputMethodService.startInputIfInputViewStarted():3724 startInputIfInputViewStarted(): ACCESSORY
11-29 21:13:22.127  8695  8695 I KeyboardModeManager: KeyboardModeManager.setInputViewKeyboardViewHolderProvider():625 setInputView() : supportsOneHandedMode=true supportsSplitMode=true
11-29 21:13:22.127  8695  8695 I NormalModeController: NormalModeController.getKeyboardBodyViewHolderPaddingBottom():104 currentPrimeKeyboardType:SOFT systemPaddingBottom:-1
